== watchdog2 armado sobre /home/maxi/Disco_de_Guardado/Carpetas_Usuario/Documentos/Nuevo Transformer/delta-archivo/micro_lm/corridas_20260912/rotador_nd3_s2.log (rotador 692309)
== rotador2 · familia 'nd' · p_nose 0.4 · mezcla fija · piso 0.10 · p_vieja 0.35 · sello abs · pert 0 · topk 0/0 · relleno 0 (real,solapado) · fotos 100 · unidades 3:2 · cuentas: D I
-- vuelta 1 · cuenta D · faltan: 3:2 · 08:45:23
   503 en D (ni T4 ni TPU) — SIGUIENTE CUENTA ya (sin esperar)
-- vuelta 1 · cuenta I · faltan: 3:2 · 08:45:30
   >> OTORGADA en I (T4): [tr2_i_0845] gpu-t4-s-kkb-usw4a2-17t2eeoqxm47k | Hardware: T4 | Variant: GPU | Status: IDLE
   -> tramo 3:2 en I (desde el paso 0)
== tramo · cuenta I · sesion tr2_i_0845 · nd3_s2 · +2000 de 8000 pasos · p_nose 0.4 · abst cabeza · donde lat2 · mezcla fija · piso 0.10 · p_vieja 0.35 · blanco ausencia · kq 5 · ses-extra 0 · sello abs · pert 0 · micro 0 · b_eval 0 · formas directa · perdida bce · sembrar 0 · rec L=0.5 M=0.5 F=0.2 CE=1.0 RANK=0.0 · topk 0 desde 0 · relleno 0 (real, solapado, cada 1000) · fotos 100 · ses-extra-sin-grad 0 · compuesta 0.5 · bloques 0,2 · rel2-sesion 1 · rel2-barajar 1
[colab] Uploaded '/tmp/tmp.Zow9wKbQJq/micro.tgz' to '/content/micro.tgz'
== subiendo checkpoint previo (4,1M)
[colab] Uploaded '/home/maxi/Disco_de_Guardado/Carpetas_Usuario/Documentos/Nuevo Transformer/delta-archivo/micro_lm/ckpts/nd3_s2.pkl' to '/content/ck.pkl'
jax 0.11.1 | [CudaDevice(id=0)]
compuerta de padding OK
lanzado pid 556
== polling cada 2 min (presupuesto ~40 min, tope 120)
VIVO= True ULTIMO= fotos: cada 100 pasos -> /content/ck_fotos.json · pregunta: BOS cual es la altura de bosque ? · slots correctos [5] 
VIVO= True ULTIMO= fotos: cada 100 pasos -> /content/ck_fotos.json · pregunta: BOS cual es la altura de bosque ? · slots correctos [5] 
VIVO= True ULTIMO= ── eval: vigente 0.9100 · anterior 1.0000 · abstencion 0.5000 · truncados 0.0000 · compuesta 0.0556 · nose_comp 0.9363 · nose 0.9036 (ent 0.8895/rel 0.9449) · falsa_abst 0.1888 
   [checkpoint parcial guardado: paso 500]
   [pelicula parcial: 900 pasos]
VIVO= True ULTIMO= ── eval: vigente 0.9100 · anterior 1.0000 · abstencion 0.5000 · truncados 0.0000 · compuesta 0.0556 · nose_comp 0.9363 · nose 0.9036 (ent 0.8895/rel 0.9449) · falsa_abst 0.1888 
VIVO= True ULTIMO= ── eval: vigente 0.9763 · anterior 0.9750 · abstencion 0.3438 · truncados 0.0000 · compuesta 0.2991 · nose_comp 0.0417 · nose 0.7515 (ent 0.8375/rel 0.9243) · falsa_abst 0.0244 
VIVO= True ULTIMO= ── eval: vigente 0.9763 · anterior 0.9750 · abstencion 0.3438 · truncados 0.0000 · compuesta 0.2991 · nose_comp 0.0417 · nose 0.7515 (ent 0.8375/rel 0.9243) · falsa_abst 0.0244 
VIVO= True ULTIMO= ── eval: vigente 0.9424 · anterior 0.7760 · abstencion 0.3594 · truncados 0.0000 · compuesta 0.3209 · nose_comp 0.0979 · nose 0.7645 (ent 0.8352/rel 0.9671) · falsa_abst 0.0429 
   [checkpoint parcial guardado: paso 1500]
   [pelicula parcial: 1900 pasos]
VIVO= True ULTIMO= ── eval: vigente 0.9424 · anterior 0.7760 · abstencion 0.3594 · truncados 0.0000 · compuesta 0.3209 · nose_comp 0.0979 · nose 0.7645 (ent 0.8352/rel 0.9671) · falsa_abst 0.0429 
VIVO= False ULTIMO= listo: {'paso': 2000, 'truncados': 0.0, 'p_nose': 0.4, 'mezcla_usada': {'vigente': 0.39, 'anterior': 0.21, 'nose': 0.4}, 'mezcla_promedio': {'vigente': 0.39, 'anterior': 0.21, 'nose': 0.4}, 'p_vieja_tr': 0.35, 'p_nose_tr': 0.4, 'vigente': 0.9361075498575497, 'anterior': 0.9583333333333333, 'nose': 0.7878624709434985, 'nose_ent': 0.8673115079365079, 'nose_rel': 0.9290088383838384, 'falsa_abst': 0.05335561706740112, 'abstencion': 0.375, 'compuesta': 0.2197420634920635, 'nose_comp': 0.24791666666666667, 'topk': 0, 'cruzada_largo': {'vigente': 0.28226741711561804, 'anterior': 0.4041666666666667, 'nose': 0.5755259586116033, 'nose_ent': 0.5816964285714286, 'nose_rel': 0.6940295815295816, 'falsa_abst': 0.31943785082683934, 'abstencion': 0.41796875, 'compuesta': 0.2607142857142857, 'nose_comp': 0.17708333333333331}} 
== tramo terminado
== bajando checkpoint
   checkpoint en /home/maxi/Disco_de_Guardado/Carpetas_Usuario/Documentos/Nuevo Transformer/delta-archivo/micro_lm/ckpts/nd3_s2.pkl (13M)
   pelicula en /home/maxi/Disco_de_Guardado/Carpetas_Usuario/Documentos/Nuevo Transformer/delta-archivo/micro_lm/ckpts/nd3_s2_fotos.json (20 cuadros)
   ultimo paso registrado: "paso": 2000
== fin del tramo (la sesion queda VIVA para el tramo siguiente; pararla con: colab stop -s tr2_i_0845)
   tramo de 3:2 cerrado en el paso 2000 de 8000
   tr2_i_0845 parada; pendientes ahora: 3:2
-- vuelta 1 recorrida entera sin T4 en ninguna; descanso 10 min
-- vuelta 2 · cuenta D · faltan: 3:2 · 09:14:43
   503 en D (ni T4 ni TPU) — SIGUIENTE CUENTA ya (sin esperar)
-- vuelta 2 · cuenta I · faltan: 3:2 · 09:14:49
   >> OTORGADA en I (T4): [tr2_i_0914] gpu-t4-s-kkb-usw1b0-2tsveb77s8nl4 | Hardware: T4 | Variant: GPU | Status: IDLE
   -> tramo 3:2 en I (desde el paso 2000)
== tramo · cuenta I · sesion tr2_i_0914 · nd3_s2 · +2000 de 8000 pasos · p_nose 0.4 · abst cabeza · donde lat2 · mezcla fija · piso 0.10 · p_vieja 0.35 · blanco ausencia · kq 5 · ses-extra 0 · sello abs · pert 0 · micro 0 · b_eval 0 · formas directa · perdida bce · sembrar 0 · rec L=0.5 M=0.5 F=0.2 CE=1.0 RANK=0.0 · topk 0 desde 0 · relleno 0 (real, solapado, cada 1000) · fotos 100 · ses-extra-sin-grad 0 · compuesta 0.5 · bloques 0,2 · rel2-sesion 1 · rel2-barajar 1
[colab] Uploaded '/tmp/tmp.8ppH1TLtEC/micro.tgz' to '/content/micro.tgz'
== subiendo checkpoint previo (13M)
[colab] Uploaded '/home/maxi/Disco_de_Guardado/Carpetas_Usuario/Documentos/Nuevo Transformer/delta-archivo/micro_lm/ckpts/nd3_s2.pkl' to '/content/ck.pkl'
[colab] Uploaded '/home/maxi/Disco_de_Guardado/Carpetas_Usuario/Documentos/Nuevo Transformer/delta-archivo/micro_lm/ckpts/nd3_s2_fotos.json' to '/content/ck_fotos.json'
jax 0.11.1 | [CudaDevice(id=0)]
compuerta de padding OK
lanzado pid 2817
== polling cada 2 min (presupuesto ~40 min, tope 120)
VIVO= True ULTIMO= W0912 12:15:41.592834    2840 cuda_timer.cc:88] Delay kernel timed out: measured time has sub-optimal accuracy. There may be a missing warmup execution, please investigate in Nsight Systems. 
VIVO= True ULTIMO= W0912 12:15:41.592834    2840 cuda_timer.cc:88] Delay kernel timed out: measured time has sub-optimal accuracy. There may be a missing warmup execution, please investigate in Nsight Systems. 
VIVO= True ULTIMO= ── eval: vigente 0.9902 · anterior 0.9583 · abstencion 0.3984 · truncados 0.0000 · compuesta 0.0938 · nose_comp 0.4714 · nose 0.8153 (ent 0.8256/rel 0.9391) · falsa_abst 0.0720 
   [checkpoint parcial guardado: paso 2500]
   [pelicula parcial: 2900 pasos]
VIVO= True ULTIMO= ── eval: vigente 0.9902 · anterior 0.9583 · abstencion 0.3984 · truncados 0.0000 · compuesta 0.0938 · nose_comp 0.4714 · nose 0.8153 (ent 0.8256/rel 0.9391) · falsa_abst 0.0720 
VIVO= True ULTIMO= ── eval: vigente 0.9767 · anterior 0.9844 · abstencion 0.4453 · truncados 0.0000 · compuesta 0.1389 · nose_comp 0.5560 · nose 0.8633 (ent 0.8791/rel 0.9569) · falsa_abst 0.1231 
VIVO= True ULTIMO= ── eval: vigente 0.9767 · anterior 0.9844 · abstencion 0.4453 · truncados 0.0000 · compuesta 0.1389 · nose_comp 0.5560 · nose 0.8633 (ent 0.8791/rel 0.9569) · falsa_abst 0.1231 
VIVO= True ULTIMO= ── eval: vigente 0.9818 · anterior 1.0000 · abstencion 0.3496 · truncados 0.0000 · compuesta 0.1910 · nose_comp 0.0000 · nose 0.7819 (ent 0.8693/rel 0.9747) · falsa_abst 0.0095 
   [checkpoint parcial guardado: paso 3500]
   [pelicula parcial: 4000 pasos]
VIVO= True ULTIMO= paso   4000  loss 0.2694  acc 0.8906  (984s) 
VIVO= False ULTIMO= listo: {'paso': 4000, 'truncados': 0.0, 'p_nose': 0.4, 'mezcla_usada': {'vigente': 0.39, 'anterior': 0.21, 'nose': 0.4}, 'mezcla_promedio': {'vigente': 0.39, 'anterior': 0.21, 'nose': 0.4}, 'p_vieja_tr': 0.35, 'p_nose_tr': 0.4, 'vigente': 1.0, 'anterior': 1.0, 'nose': 0.8698473476838327, 'nose_ent': 0.9079861111111112, 'nose_rel': 0.9797077922077922, 'falsa_abst': 0.07832847458973574, 'abstencion': 0.423828125, 'compuesta': 0.1284722222222222, 'nose_comp': 0.5211309523809524, 'topk': 0, 'cruzada_largo': {'vigente': 0.2342983384681286, 'anterior': 0.46458333333333335, 'nose': 0.7668450149925037, 'nose_ent': 0.7684409340659341, 'nose_rel': 0.8856601731601732, 'falsa_abst': 0.44903389293633195, 'abstencion': 0.5703125, 'compuesta': 0.15342261904761906, 'nose_comp': 0.2895833333333333}} 
== tramo terminado
== bajando checkpoint
   checkpoint en /home/maxi/Disco_de_Guardado/Carpetas_Usuario/Documentos/Nuevo Transformer/delta-archivo/micro_lm/ckpts/nd3_s2.pkl (13M)
   pelicula en /home/maxi/Disco_de_Guardado/Carpetas_Usuario/Documentos/Nuevo Transformer/delta-archivo/micro_lm/ckpts/nd3_s2_fotos.json (40 cuadros)
   ultimo paso registrado: "paso": 4000
== fin del tramo (la sesion queda VIVA para el tramo siguiente; pararla con: colab stop -s tr2_i_0914)
   tramo de 3:2 cerrado en el paso 4000 de 8000
   tr2_i_0914 parada; pendientes ahora: 3:2
-- vuelta 2 recorrida entera sin T4 en ninguna; descanso 10 min
-- vuelta 3 · cuenta D · faltan: 3:2 · 09:44:15
   503 en D (ni T4 ni TPU) — SIGUIENTE CUENTA ya (sin esperar)
-- vuelta 3 · cuenta I · faltan: 3:2 · 09:44:21
   >> OTORGADA en I (T4): [tr2_i_0944] gpu-t4-s-kkb-usw4a1-zvjaz4jmvxti | Hardware: T4 | Variant: GPU | Status: IDLE
   -> tramo 3:2 en I (desde el paso 4000)
== tramo · cuenta I · sesion tr2_i_0944 · nd3_s2 · +2000 de 8000 pasos · p_nose 0.4 · abst cabeza · donde lat2 · mezcla fija · piso 0.10 · p_vieja 0.35 · blanco ausencia · kq 5 · ses-extra 0 · sello abs · pert 0 · micro 0 · b_eval 0 · formas directa · perdida bce · sembrar 0 · rec L=0.5 M=0.5 F=0.2 CE=1.0 RANK=0.0 · topk 0 desde 0 · relleno 0 (real, solapado, cada 1000) · fotos 100 · ses-extra-sin-grad 0 · compuesta 0.5 · bloques 0,2 · rel2-sesion 1 · rel2-barajar 1
[colab] Uploaded '/tmp/tmp.vAzIInZIKZ/micro.tgz' to '/content/micro.tgz'
== subiendo checkpoint previo (13M)
[colab] Uploaded '/home/maxi/Disco_de_Guardado/Carpetas_Usuario/Documentos/Nuevo Transformer/delta-archivo/micro_lm/ckpts/nd3_s2.pkl' to '/content/ck.pkl'
[colab] Uploaded '/home/maxi/Disco_de_Guardado/Carpetas_Usuario/Documentos/Nuevo Transformer/delta-archivo/micro_lm/ckpts/nd3_s2_fotos.json' to '/content/ck_fotos.json'
jax 0.11.1 | [CudaDevice(id=0)]
compuerta de padding OK
lanzado pid 2874
== polling cada 2 min (presupuesto ~40 min, tope 120)
VIVO= True ULTIMO= fotos: cada 100 pasos -> /content/ck_fotos.json · pregunta: BOS cual es la altura de bosque ? · slots correctos [5] 
VIVO= True ULTIMO= fotos: cada 100 pasos -> /content/ck_fotos.json · pregunta: BOS cual es la altura de bosque ? · slots correctos [5] 
VIVO= True ULTIMO= ── eval: vigente 0.9905 · anterior 1.0000 · abstencion 0.3613 · truncados 0.0000 · compuesta 0.3388 · nose_comp 0.0521 · nose 0.8173 (ent 0.9227/rel 0.9886) · falsa_abst 0.0036 
   [checkpoint parcial guardado: paso 4500]
   [pelicula parcial: 4900 pasos]
VIVO= True ULTIMO= ── eval: vigente 0.9905 · anterior 1.0000 · abstencion 0.3613 · truncados 0.0000 · compuesta 0.3388 · nose_comp 0.0521 · nose 0.8173 (ent 0.9227/rel 0.9886) · falsa_abst 0.0036 
VIVO= True ULTIMO= ── eval: vigente 1.0000 · anterior 1.0000 · abstencion 0.3496 · truncados 0.0000 · compuesta 0.3026 · nose_comp 0.0179 · nose 0.7929 (ent 0.8852/rel 0.9730) · falsa_abst 0.0000 
VIVO= True ULTIMO= ── eval: vigente 1.0000 · anterior 1.0000 · abstencion 0.3496 · truncados 0.0000 · compuesta 0.3026 · nose_comp 0.0179 · nose 0.7929 (ent 0.8852/rel 0.9730) · falsa_abst 0.0000 
VIVO= True ULTIMO= ── eval: vigente 0.9952 · anterior 1.0000 · abstencion 0.3672 · truncados 0.0000 · compuesta 0.2927 · nose_comp 0.0000 · nose 0.8297 (ent 0.9446/rel 1.0000) · falsa_abst 0.0033 
   [checkpoint parcial guardado: paso 5500]
   [pelicula parcial: 6000 pasos]
VIVO= True ULTIMO= ── eval: vigente 0.9952 · anterior 1.0000 · abstencion 0.3672 · truncados 0.0000 · compuesta 0.2927 · nose_comp 0.0000 · nose 0.8297 (ent 0.9446/rel 1.0000) · falsa_abst 0.0033 
VIVO= False ULTIMO= listo: {'paso': 6000, 'truncados': 0.0, 'p_nose': 0.4, 'mezcla_usada': {'vigente': 0.39, 'anterior': 0.21, 'nose': 0.4}, 'mezcla_promedio': {'vigente': 0.39, 'anterior': 0.21, 'nose': 0.4}, 'p_vieja_tr': 0.35, 'p_nose_tr': 0.4, 'vigente': 0.9951923076923077, 'anterior': 1.0, 'nose': 0.8297158339088608, 'nose_ent': 0.9445684523809523, 'nose_rel': 1.0, 'falsa_abst': 0.003289473684210526, 'abstencion': 0.3671875, 'compuesta': 0.3655753968253968, 'nose_comp': 0.0, 'topk': 0, 'cruzada_largo': {'vigente': 0.09350290514083617, 'anterior': 0.3677083333333333, 'nose': 0.8185565739857343, 'nose_ent': 0.9278846153846154, 'nose_rel': 0.9353625541125542, 'falsa_abst': 0.6276485186860008, 'abstencion': 0.701171875, 'compuesta': 0.27931547619047614, 'nose_comp': 0.0}} 
== tramo terminado
== bajando checkpoint
   checkpoint en /home/maxi/Disco_de_Guardado/Carpetas_Usuario/Documentos/Nuevo Transformer/delta-archivo/micro_lm/ckpts/nd3_s2.pkl (13M)
   pelicula en /home/maxi/Disco_de_Guardado/Carpetas_Usuario/Documentos/Nuevo Transformer/delta-archivo/micro_lm/ckpts/nd3_s2_fotos.json (60 cuadros)
   ultimo paso registrado: "paso": 6000
== fin del tramo (la sesion queda VIVA para el tramo siguiente; pararla con: colab stop -s tr2_i_0944)
   tramo de 3:2 cerrado en el paso 6000 de 8000
   tr2_i_0944 parada; pendientes ahora: 3:2
-- vuelta 3 recorrida entera sin T4 en ninguna; descanso 10 min
-- vuelta 4 · cuenta D · faltan: 3:2 · 10:13:34
   503 en D (ni T4 ni TPU) — SIGUIENTE CUENTA ya (sin esperar)
-- vuelta 4 · cuenta I · faltan: 3:2 · 10:13:40
   >> OTORGADA en I (T4): [tr2_i_1013] gpu-t4-s-kkb-ass1c1-2zziaimqo4jkm | Hardware: T4 | Variant: GPU | Status: IDLE
   -> tramo 3:2 en I (desde el paso 6000)
== tramo · cuenta I · sesion tr2_i_1013 · nd3_s2 · +2000 de 8000 pasos · p_nose 0.4 · abst cabeza · donde lat2 · mezcla fija · piso 0.10 · p_vieja 0.35 · blanco ausencia · kq 5 · ses-extra 0 · sello abs · pert 0 · micro 0 · b_eval 0 · formas directa · perdida bce · sembrar 0 · rec L=0.5 M=0.5 F=0.2 CE=1.0 RANK=0.0 · topk 0 desde 0 · relleno 0 (real, solapado, cada 1000) · fotos 100 · ses-extra-sin-grad 0 · compuesta 0.5 · bloques 0,2 · rel2-sesion 1 · rel2-barajar 1
[colab] Uploaded '/tmp/tmp.mqrxR0qwXU/micro.tgz' to '/content/micro.tgz'
== subiendo checkpoint previo (13M)
[colab] Uploaded '/home/maxi/Disco_de_Guardado/Carpetas_Usuario/Documentos/Nuevo Transformer/delta-archivo/micro_lm/ckpts/nd3_s2.pkl' to '/content/ck.pkl'
[colab] Uploaded '/home/maxi/Disco_de_Guardado/Carpetas_Usuario/Documentos/Nuevo Transformer/delta-archivo/micro_lm/ckpts/nd3_s2_fotos.json' to '/content/ck_fotos.json'
jax 0.11.1 | [CudaDevice(id=0)]
compuerta de padding OK
lanzado pid 3303
== polling cada 2 min (presupuesto ~40 min, tope 120)
VIVO= True ULTIMO= W0912 13:14:38.915028    3323 cuda_timer.cc:88] Delay kernel timed out: measured time has sub-optimal accuracy. There may be a missing warmup execution, please investigate in Nsight Systems. 
VIVO= True ULTIMO= W0912 13:14:38.915028    3323 cuda_timer.cc:88] Delay kernel timed out: measured time has sub-optimal accuracy. There may be a missing warmup execution, please investigate in Nsight Systems. 
VIVO= True ULTIMO= ── eval: vigente 1.0000 · anterior 1.0000 · abstencion 0.3613 · truncados 0.0000 · compuesta 0.3482 · nose_comp 0.0000 · nose 0.8197 (ent 0.9287/rel 1.0000) · falsa_abst 0.0000 
   [checkpoint parcial guardado: paso 6500]
   [pelicula parcial: 6900 pasos]
VIVO= True ULTIMO= ── eval: vigente 1.0000 · anterior 1.0000 · abstencion 0.3613 · truncados 0.0000 · compuesta 0.3482 · nose_comp 0.0000 · nose 0.8197 (ent 0.9287/rel 1.0000) · falsa_abst 0.0000 
VIVO= True ULTIMO= ── eval: vigente 0.9955 · anterior 1.0000 · abstencion 0.3730 · truncados 0.0000 · compuesta 0.2857 · nose_comp 0.0000 · nose 0.8249 (ent 0.9376/rel 1.0000) · falsa_abst 0.0171 
VIVO= True ULTIMO= paso   7500  loss 0.2353  acc 0.9062  (748s) 
VIVO= True ULTIMO= ── eval: vigente 1.0000 · anterior 1.0000 · abstencion 0.3594 · truncados 0.0000 · compuesta 0.2336 · nose_comp 0.0000 · nose 0.8163 (ent 0.9198/rel 1.0000) · falsa_abst 0.0000 
   [checkpoint parcial guardado: paso 7500]
   [pelicula parcial: 8000 pasos]
VIVO= False ULTIMO= listo: {'paso': 8000, 'truncados': 0.0, 'p_nose': 0.4, 'mezcla_usada': {'vigente': 0.39, 'anterior': 0.21, 'nose': 0.4}, 'mezcla_promedio': {'vigente': 0.39, 'anterior': 0.21, 'nose': 0.4}, 'p_vieja_tr': 0.35, 'p_nose_tr': 0.4, 'vigente': 1.0, 'anterior': 1.0, 'nose': 0.8333886068973666, 'nose_ent': 0.9465525793650793, 'nose_rel': 1.0, 'falsa_abst': 0.017068644700842392, 'abstencion': 0.376953125, 'compuesta': 0.30704365079365076, 'nose_comp': 0.020833333333333332, 'topk': 0, 'cruzada_largo': {'vigente': 0.061184792219274975, 'anterior': 0.26875, 'nose': 0.8545241015855709, 'nose_ent': 0.9307692307692308, 'nose_rel': 0.9797077922077922, 'falsa_abst': 0.6869227347258193, 'abstencion': 0.751953125, 'compuesta': 0.2263392857142857, 'nose_comp': 0.08125}} 
== tramo terminado
== bajando checkpoint
   checkpoint en /home/maxi/Disco_de_Guardado/Carpetas_Usuario/Documentos/Nuevo Transformer/delta-archivo/micro_lm/ckpts/nd3_s2.pkl (13M)
   pelicula en /home/maxi/Disco_de_Guardado/Carpetas_Usuario/Documentos/Nuevo Transformer/delta-archivo/micro_lm/ckpts/nd3_s2_fotos.json (80 cuadros)
   ultimo paso registrado: "paso": 8000
== fin del tramo (la sesion queda VIVA para el tramo siguiente; pararla con: colab stop -s tr2_i_1013)
   tramo de 3:2 cerrado en el paso 8000 de 8000
   tr2_i_1013 parada; pendientes ahora: 
-- vuelta 4 recorrida entera sin T4 en ninguna; descanso 10 min
== todo completo
