== watchdog2 armado sobre /home/maxi/Disco_de_Guardado/Carpetas_Usuario/Documentos/Nuevo Transformer/delta-archivo/micro_lm/corridas_20260912/rotador_md3_s2.log (rotador 262758)
== rotador2 · familia 'md' · p_nose 0.4 · mezcla fija · piso 0.10 · p_vieja 0.35 · sello abs · pert 0 · topk 0/0 · relleno 0 (real,solapado) · fotos 100 · unidades 3:2 · cuentas: J G
-- vuelta 1 · cuenta J · faltan: 3:2 · 08:03:27
   >> OTORGADA en J (T4): [tr2_j_0803] gpu-t4-s-kkb-usw4a0-1o7x3ieekpngz | Hardware: T4 | Variant: GPU | Status: IDLE
   -> tramo 3:2 en J (desde el paso 0)
== tramo · cuenta J · sesion tr2_j_0803 · md3_s2 · +2000 de 8000 pasos · p_nose 0.4 · abst cabeza · donde lat2 · mezcla fija · piso 0.10 · p_vieja 0.35 · blanco ausencia · kq 5 · ses-extra 0 · sello abs · pert 0 · micro 0 · b_eval 0 · formas directa · perdida bce · sembrar 0 · rec L=0.5 M=0.5 F=0.2 CE=1.0 RANK=0.0 · topk 0 desde 0 · relleno 0 (real, solapado, cada 1000) · fotos 100 · ses-extra-sin-grad 0 · compuesta 0.5 · bloques 0,2 · rel2-sesion 1
[colab] Uploaded '/tmp/tmp.0EXNenoL7c/micro.tgz' to '/content/micro.tgz'
== subiendo checkpoint previo (4,1M)
[colab] Uploaded '/home/maxi/Disco_de_Guardado/Carpetas_Usuario/Documentos/Nuevo Transformer/delta-archivo/micro_lm/ckpts/md3_s2.pkl' to '/content/ck.pkl'
jax 0.11.1 | [CudaDevice(id=0)]
compuerta de padding OK
lanzado pid 757
== polling cada 2 min (presupuesto ~40 min, tope 120)
VIVO= True ULTIMO= W0912 11:04:18.645433     781 cuda_timer.cc:88] Delay kernel timed out: measured time has sub-optimal accuracy. There may be a missing warmup execution, please investigate in Nsight Systems. 
VIVO= True ULTIMO= W0912 11:04:18.645433     781 cuda_timer.cc:88] Delay kernel timed out: measured time has sub-optimal accuracy. There may be a missing warmup execution, please investigate in Nsight Systems. 
VIVO= True ULTIMO= ── eval: vigente 0.9813 · anterior 0.9861 · abstencion 0.3711 · truncados 0.0000 · compuesta 0.6281 · nose_comp 0.9375 · nose 0.8905 (ent 0.8587/rel 0.9088) · falsa_abst 0.0132 
   [checkpoint parcial guardado: paso 500]
   [pelicula parcial: 900 pasos]
VIVO= True ULTIMO= ── eval: vigente 0.9813 · anterior 0.9861 · abstencion 0.3711 · truncados 0.0000 · compuesta 0.6281 · nose_comp 0.9375 · nose 0.8905 (ent 0.8587/rel 0.9088) · falsa_abst 0.0132 
VIVO= True ULTIMO= ── eval: vigente 0.9585 · anterior 0.9544 · abstencion 0.3555 · truncados 0.0000 · compuesta 0.4917 · nose_comp 0.9375 · nose 0.8351 (ent 0.7889/rel 0.8523) · falsa_abst 0.0228 
VIVO= True ULTIMO= ── eval: vigente 0.9585 · anterior 0.9544 · abstencion 0.3555 · truncados 0.0000 · compuesta 0.4917 · nose_comp 0.9375 · nose 0.8351 (ent 0.7889/rel 0.8523) · falsa_abst 0.0228 
VIVO= True ULTIMO= ── eval: vigente 0.9709 · anterior 0.9750 · abstencion 0.3691 · truncados 0.0000 · compuesta 0.5437 · nose_comp 0.9125 · nose 0.8802 (ent 0.8520/rel 0.9148) · falsa_abst 0.0167 
   [checkpoint parcial guardado: paso 1500]
   [pelicula parcial: 2000 pasos]
VIVO= True ULTIMO= paso   2000  loss 0.4841  acc 0.8594  (973s) 
VIVO= False ULTIMO= listo: {'paso': 2000, 'truncados': 0.0, 'p_nose': 0.4, 'mezcla_usada': {'vigente': 0.39, 'anterior': 0.21, 'nose': 0.4}, 'mezcla_promedio': {'vigente': 0.39, 'anterior': 0.21, 'nose': 0.4}, 'p_vieja_tr': 0.35, 'p_nose_tr': 0.4, 'vigente': 0.9867610837438424, 'anterior': 1.0, 'nose': 0.8459648811206096, 'nose_ent': 0.807037753912754, 'nose_rel': 0.8757891414141414, 'falsa_abst': 0.006583506583506584, 'abstencion': 0.34765625, 'compuesta': 0.3885416666666667, 'nose_comp': 0.8946428571428571, 'topk': 0, 'cruzada_largo': {'vigente': 0.24878103218620462, 'anterior': 0.40595238095238095, 'nose': 0.7786460364140274, 'nose_ent': 0.6789252414252415, 'nose_rel': 0.8065372127872128, 'falsa_abst': 0.3496347446523955, 'abstencion': 0.5234375, 'compuesta': 0.51875, 'nose_comp': 0.8888888888888888}} 
== tramo terminado
== bajando checkpoint
   checkpoint en /home/maxi/Disco_de_Guardado/Carpetas_Usuario/Documentos/Nuevo Transformer/delta-archivo/micro_lm/ckpts/md3_s2.pkl (13M)
   pelicula en /home/maxi/Disco_de_Guardado/Carpetas_Usuario/Documentos/Nuevo Transformer/delta-archivo/micro_lm/ckpts/md3_s2_fotos.json (20 cuadros)
   ultimo paso registrado: "paso": 2000
== fin del tramo (la sesion queda VIVA para el tramo siguiente; pararla con: colab stop -s tr2_j_0803)
   tramo de 3:2 cerrado en el paso 2000 de 8000
   tr2_j_0803 parada; pendientes ahora: 3:2
-- vuelta 1 · cuenta G · faltan: 3:2 · 08:22:54
   503 en G (ni T4 ni TPU) — SIGUIENTE CUENTA ya (sin esperar)
-- vuelta 1 recorrida entera sin T4 en ninguna; descanso 10 min
-- vuelta 2 · cuenta J · faltan: 3:2 · 08:33:01
   >> OTORGADA en J (T4): [tr2_j_0833] gpu-t4-s-kkb-euw4c1-7v0ig6bmnmtw | Hardware: T4 | Variant: GPU | Status: IDLE
   -> tramo 3:2 en J (desde el paso 2000)
== tramo · cuenta J · sesion tr2_j_0833 · md3_s2 · +2000 de 8000 pasos · p_nose 0.4 · abst cabeza · donde lat2 · mezcla fija · piso 0.10 · p_vieja 0.35 · blanco ausencia · kq 5 · ses-extra 0 · sello abs · pert 0 · micro 0 · b_eval 0 · formas directa · perdida bce · sembrar 0 · rec L=0.5 M=0.5 F=0.2 CE=1.0 RANK=0.0 · topk 0 desde 0 · relleno 0 (real, solapado, cada 1000) · fotos 100 · ses-extra-sin-grad 0 · compuesta 0.5 · bloques 0,2 · rel2-sesion 1
[colab] Uploaded '/tmp/tmp.HleTU8XlyF/micro.tgz' to '/content/micro.tgz'
== subiendo checkpoint previo (13M)
[colab] Uploaded '/home/maxi/Disco_de_Guardado/Carpetas_Usuario/Documentos/Nuevo Transformer/delta-archivo/micro_lm/ckpts/md3_s2.pkl' to '/content/ck.pkl'
[colab] Uploaded '/home/maxi/Disco_de_Guardado/Carpetas_Usuario/Documentos/Nuevo Transformer/delta-archivo/micro_lm/ckpts/md3_s2_fotos.json' to '/content/ck_fotos.json'
jax 0.11.1 | [CudaDevice(id=0)]
compuerta de padding OK
lanzado pid 1665
== polling cada 2 min (presupuesto ~40 min, tope 120)
VIVO= True ULTIMO= fotos: cada 100 pasos -> /content/ck_fotos.json · pregunta: BOS cual es la altura de bosque ? · slots correctos [5] 
VIVO= True ULTIMO= fotos: cada 100 pasos -> /content/ck_fotos.json · pregunta: BOS cual es la altura de bosque ? · slots correctos [5] 
VIVO= True ULTIMO= ── eval: vigente 0.9955 · anterior 1.0000 · abstencion 0.3711 · truncados 0.0000 · compuesta 0.4979 · nose_comp 0.9375 · nose 0.9132 (ent 0.8796/rel 0.9373) · falsa_abst 0.0000 
   [checkpoint parcial guardado: paso 2500]
   [pelicula parcial: 3000 pasos]
VIVO= True ULTIMO= ── eval: vigente 0.9665 · anterior 1.0000 · abstencion 0.3906 · truncados 0.0000 · compuesta 0.4562 · nose_comp 0.9375 · nose 0.9276 (ent 0.8929/rel 0.9643) · falsa_abst 0.0213 
Terminado
Terminado
   tramo de 3:2 cerrado en el paso 3000 de 8000
   tr2_j_0833 parada; pendientes ahora: 3:2
-- vuelta 2 · cuenta G · faltan: 3:2 · 08:43:23
   >> OTORGADA en G (T4): [tr2_g_0843] gpu-t4-s-kkb-ass1c0-zs2g82mgqdir | Hardware: T4 | Variant: GPU | Status: IDLE
   -> tramo 3:2 en G (desde el paso 3000)
== tramo · cuenta G · sesion tr2_g_0843 · md3_s2 · +2000 de 8000 pasos · p_nose 0.4 · abst cabeza · donde lat2 · mezcla fija · piso 0.10 · p_vieja 0.35 · blanco ausencia · kq 5 · ses-extra 0 · sello abs · pert 0 · micro 0 · b_eval 0 · formas directa · perdida bce · sembrar 0 · rec L=0.5 M=0.5 F=0.2 CE=1.0 RANK=0.0 · topk 0 desde 0 · relleno 0 (real, solapado, cada 1000) · fotos 100 · ses-extra-sin-grad 0 · compuesta 0.5 · bloques 0,2 · rel2-sesion 1 · rel2-barajar 0
[colab] Uploaded '/tmp/tmp.IesVfMBfmF/micro.tgz' to '/content/micro.tgz'
== subiendo checkpoint previo (13M)
[colab] Uploaded '/home/maxi/Disco_de_Guardado/Carpetas_Usuario/Documentos/Nuevo Transformer/delta-archivo/micro_lm/ckpts/md3_s2.pkl' to '/content/ck.pkl'
[colab] Uploaded '/home/maxi/Disco_de_Guardado/Carpetas_Usuario/Documentos/Nuevo Transformer/delta-archivo/micro_lm/ckpts/md3_s2_fotos.json' to '/content/ck_fotos.json'
