== watchdog2 armado sobre /home/maxi/Disco_de_Guardado/Carpetas_Usuario/Documentos/Nuevo Transformer/delta-archivo/micro_lm/corridas_20260912/rotador_ne3_s2.log (rotador 1948850)
== rotador2 · familia 'ne' · p_nose 0.4 · mezcla fija · piso 0.10 · p_vieja 0.35 · sello abs · pert 0 · topk 0/0 · relleno 0 (real,solapado) · fotos 100 · unidades 3:2 · cuentas: A N
-- vuelta 1 · cuenta A · faltan: 3:2 · 10:46:33
   >> OTORGADA en A (T4): [tr2_a_1046] gpu-t4-s-kkb-usw1b0-1ucdcwdkl1h36 | Hardware: T4 | Variant: GPU | Status: IDLE
   -> tramo 3:2 en A (desde el paso 0)
== tramo · cuenta A · sesion tr2_a_1046 · ne3_s2 · +2000 de 8000 pasos · p_nose 0.4 · abst cabeza · donde attn · mezcla fija · piso 0.10 · p_vieja 0.35 · blanco ausencia · kq 5 · ses-extra 0 · sello abs · pert 0 · micro 0 · b_eval 0 · formas directa · perdida bce · sembrar 0 · rec L=0.5 M=0.5 F=0.2 CE=1.0 RANK=0.0 · topk 0 desde 0 · relleno 0 (real, solapado, cada 1000) · fotos 100 · ses-extra-sin-grad 0 · compuesta 0.5 · bloques 0,2 · rel2-sesion 1 · rel2-barajar 1
[colab] Uploaded '/tmp/tmp.JgBaldFPIe/micro.tgz' to '/content/micro.tgz'
== subiendo checkpoint previo (4,1M)
[colab] Uploaded '/home/maxi/Disco_de_Guardado/Carpetas_Usuario/Documentos/Nuevo Transformer/delta-archivo/micro_lm/ckpts/ne3_s2.pkl' to '/content/ck.pkl'
jax 0.11.1 | [CudaDevice(id=0)]
compuerta de padding OK
lanzado pid 6004
== polling cada 2 min (presupuesto ~40 min, tope 120)
VIVO= False ULTIMO= ABORTA: el checkpoint se entreno con donde=pre y se pidio donde=attn. Es otra arquitectura, no la misma corrida. 
== tramo terminado
== bajando checkpoint
   checkpoint en /home/maxi/Disco_de_Guardado/Carpetas_Usuario/Documentos/Nuevo Transformer/delta-archivo/micro_lm/ckpts/ne3_s2.pkl (4,1M)
== fin del tramo (la sesion queda VIVA para el tramo siguiente; pararla con: colab stop -s tr2_a_1046)
   tramo de 3:2 cerrado en el paso 0 de 8000
   tr2_a_1046 parada; pendientes ahora: 3:2
-- N la esta usando otro proceso, se saltea
-- vuelta 1 recorrida entera sin T4 en ninguna; descanso 10 min
-- vuelta 2 · cuenta A · faltan: 3:2 · 10:59:21
   >> OTORGADA en A (T4): [tr2_a_1059] gpu-t4-s-kkb-use1c0-1d6aaiywlsxdc | Hardware: T4 | Variant: GPU | Status: IDLE
   -> tramo 3:2 en A (desde el paso 0)
== tramo · cuenta A · sesion tr2_a_1059 · ne3_s2 · +2000 de 8000 pasos · p_nose 0.4 · abst cabeza · donde attn · mezcla fija · piso 0.10 · p_vieja 0.35 · blanco ausencia · kq 5 · ses-extra 0 · sello abs · pert 0 · micro 0 · b_eval 0 · formas directa · perdida bce · sembrar 0 · rec L=0.5 M=0.5 F=0.2 CE=1.0 RANK=0.0 · topk 0 desde 0 · relleno 0 (real, solapado, cada 1000) · fotos 100 · ses-extra-sin-grad 0 · compuesta 0.5 · bloques 0,2 · rel2-sesion 1 · rel2-barajar 1
[colab] Uploaded '/tmp/tmp.RYLBCHhai1/micro.tgz' to '/content/micro.tgz'
== subiendo checkpoint previo (4,1M)
[colab] Uploaded '/home/maxi/Disco_de_Guardado/Carpetas_Usuario/Documentos/Nuevo Transformer/delta-archivo/micro_lm/ckpts/ne3_s2.pkl' to '/content/ck.pkl'
jax 0.11.1 | [CudaDevice(id=0)]
compuerta de padding OK
lanzado pid 2560
== polling cada 2 min (presupuesto ~40 min, tope 120)
VIVO= False ULTIMO= ABORTA: el checkpoint se entreno con donde=pre y se pidio donde=attn. Es otra arquitectura, no la misma corrida. 
== tramo terminado
== bajando checkpoint
   checkpoint en /home/maxi/Disco_de_Guardado/Carpetas_Usuario/Documentos/Nuevo Transformer/delta-archivo/micro_lm/ckpts/ne3_s2.pkl (4,1M)
== fin del tramo (la sesion queda VIVA para el tramo siguiente; pararla con: colab stop -s tr2_a_1059)
   tramo de 3:2 cerrado en el paso 0 de 8000
   tr2_a_1059 parada; pendientes ahora: 3:2
-- N la esta usando otro proceso, se saltea
-- vuelta 2 recorrida entera sin T4 en ninguna; descanso 10 min
-- vuelta 3 · cuenta A · faltan: 3:2 · 11:12:04
   >> OTORGADA en A (T4): [tr2_a_1112] gpu-t4-s-kkb-use1c0-1t93j9clsunhh | Hardware: T4 | Variant: GPU | Status: IDLE
   -> tramo 3:2 en A (desde el paso 0)
== tramo · cuenta A · sesion tr2_a_1112 · ne3_s2 · +2000 de 8000 pasos · p_nose 0.4 · abst cabeza · donde attn · mezcla fija · piso 0.10 · p_vieja 0.35 · blanco ausencia · kq 5 · ses-extra 0 · sello abs · pert 0 · micro 0 · b_eval 0 · formas directa · perdida bce · sembrar 0 · rec L=0.5 M=0.5 F=0.2 CE=1.0 RANK=0.0 · topk 0 desde 0 · relleno 0 (real, solapado, cada 1000) · fotos 100 · ses-extra-sin-grad 0 · compuesta 0.5 · bloques 0,2 · rel2-sesion 1 · rel2-barajar 1
[colab] Uploaded '/tmp/tmp.2f8BTMbj7e/micro.tgz' to '/content/micro.tgz'
== subiendo checkpoint previo (4,1M)
[colab] Uploaded '/home/maxi/Disco_de_Guardado/Carpetas_Usuario/Documentos/Nuevo Transformer/delta-archivo/micro_lm/ckpts/ne3_s2.pkl' to '/content/ck.pkl'
jax 0.11.1 | [CudaDevice(id=0)]
compuerta de padding OK
lanzado pid 2181
== polling cada 2 min (presupuesto ~40 min, tope 120)
VIVO= False ULTIMO= ABORTA: el checkpoint se entreno con donde=pre y se pidio donde=attn. Es otra arquitectura, no la misma corrida. 
== tramo terminado
== bajando checkpoint
   checkpoint en /home/maxi/Disco_de_Guardado/Carpetas_Usuario/Documentos/Nuevo Transformer/delta-archivo/micro_lm/ckpts/ne3_s2.pkl (4,1M)
== fin del tramo (la sesion queda VIVA para el tramo siguiente; pararla con: colab stop -s tr2_a_1112)
   tramo de 3:2 cerrado en el paso 0 de 8000
   tr2_a_1112 parada; pendientes ahora: 3:2
-- vuelta 3 · cuenta N · faltan: 3:2 · 11:14:49
   >> OTORGADA en N (T4): [tr2_n_1114] gpu-t4-s-kkb-euw4c2-1b62kowzg239v | Hardware: T4 | Variant: GPU | Status: IDLE
   -> tramo 3:2 en N (desde el paso 0)
== tramo · cuenta N · sesion tr2_n_1114 · ne3_s2 · +2000 de 8000 pasos · p_nose 0.4 · abst cabeza · donde attn · mezcla fija · piso 0.10 · p_vieja 0.35 · blanco ausencia · kq 5 · ses-extra 0 · sello abs · pert 0 · micro 0 · b_eval 0 · formas directa · perdida bce · sembrar 0 · rec L=0.5 M=0.5 F=0.2 CE=1.0 RANK=0.0 · topk 0 desde 0 · relleno 0 (real, solapado, cada 1000) · fotos 100 · ses-extra-sin-grad 0 · compuesta 0.5 · bloques 0,2 · rel2-sesion 1 · rel2-barajar 1
[colab] Uploaded '/tmp/tmp.WBVrSkFz8P/micro.tgz' to '/content/micro.tgz'
== subiendo checkpoint previo (4,1M)
[colab] Uploaded '/home/maxi/Disco_de_Guardado/Carpetas_Usuario/Documentos/Nuevo Transformer/delta-archivo/micro_lm/ckpts/ne3_s2.pkl' to '/content/ck.pkl'
jax 0.11.1 | [CudaDevice(id=0)]
compuerta de padding OK
lanzado pid 621
== polling cada 2 min (presupuesto ~40 min, tope 120)
VIVO= False ULTIMO= ABORTA: el checkpoint se entreno con donde=pre y se pidio donde=attn. Es otra arquitectura, no la misma corrida. 
== tramo terminado
== bajando checkpoint
   checkpoint en /home/maxi/Disco_de_Guardado/Carpetas_Usuario/Documentos/Nuevo Transformer/delta-archivo/micro_lm/ckpts/ne3_s2.pkl (4,1M)
== fin del tramo (la sesion queda VIVA para el tramo siguiente; pararla con: colab stop -s tr2_n_1114)
   tramo de 3:2 cerrado en el paso 0 de 8000
   tr2_n_1114 parada; pendientes ahora: 3:2
-- vuelta 3 recorrida entera sin T4 en ninguna; descanso 10 min
-- vuelta 4 · cuenta A · faltan: 3:2 · 11:27:40
   >> OTORGADA en A (T4): [tr2_a_1127] gpu-t4-s-kkb-usw1b1-1rohbkt1256nc | Hardware: T4 | Variant: GPU | Status: IDLE
   -> tramo 3:2 en A (desde el paso 0)
== tramo · cuenta A · sesion tr2_a_1127 · ne3_s2 · +2000 de 8000 pasos · p_nose 0.4 · abst cabeza · donde attn · mezcla fija · piso 0.10 · p_vieja 0.35 · blanco ausencia · kq 5 · ses-extra 0 · sello abs · pert 0 · micro 0 · b_eval 0 · formas directa · perdida bce · sembrar 0 · rec L=0.5 M=0.5 F=0.2 CE=1.0 RANK=0.0 · topk 0 desde 0 · relleno 0 (real, solapado, cada 1000) · fotos 100 · ses-extra-sin-grad 0 · compuesta 0.5 · bloques 0,2 · rel2-sesion 1 · rel2-barajar 1
[colab] Uploaded '/tmp/tmp.SxDCOCauIC/micro.tgz' to '/content/micro.tgz'
== subiendo checkpoint previo (4,1M)
[colab] Uploaded '/home/maxi/Disco_de_Guardado/Carpetas_Usuario/Documentos/Nuevo Transformer/delta-archivo/micro_lm/ckpts/ne3_s2.pkl' to '/content/ck.pkl'
jax 0.11.1 | [CudaDevice(id=0)]
compuerta de padding OK
lanzado pid 1715
== polling cada 2 min (presupuesto ~40 min, tope 120)
VIVO= False ULTIMO= ABORTA: el checkpoint se entreno con donde=pre y se pidio donde=attn. Es otra arquitectura, no la misma corrida. 
== tramo terminado
== bajando checkpoint
   checkpoint en /home/maxi/Disco_de_Guardado/Carpetas_Usuario/Documentos/Nuevo Transformer/delta-archivo/micro_lm/ckpts/ne3_s2.pkl (4,1M)
== fin del tramo (la sesion queda VIVA para el tramo siguiente; pararla con: colab stop -s tr2_a_1127)
   tramo de 3:2 cerrado en el paso 0 de 8000
   tr2_a_1127 parada; pendientes ahora: 3:2
-- vuelta 4 · cuenta N · faltan: 3:2 · 11:30:29
   503 en N (ni T4 ni TPU) — SIGUIENTE CUENTA ya (sin esperar)
-- vuelta 4 recorrida entera sin T4 en ninguna; descanso 10 min
-- vuelta 5 · cuenta A · faltan: 3:2 · 11:40:35
   >> OTORGADA en A (T4): [tr2_a_1140] gpu-t4-s-kkb-ass1c0-pt5r4cc7lwkg | Hardware: T4 | Variant: GPU | Status: IDLE
   -> tramo 3:2 en A (desde el paso 0)
== tramo · cuenta A · sesion tr2_a_1140 · ne3_s2 · +2000 de 8000 pasos · p_nose 0.4 · abst cabeza · donde attn · mezcla fija · piso 0.10 · p_vieja 0.35 · blanco ausencia · kq 5 · ses-extra 0 · sello abs · pert 0 · micro 0 · b_eval 0 · formas directa · perdida bce · sembrar 0 · rec L=0.5 M=0.5 F=0.2 CE=1.0 RANK=0.0 · topk 0 desde 0 · relleno 0 (real, solapado, cada 1000) · fotos 100 · ses-extra-sin-grad 0 · compuesta 0.5 · bloques 0,2 · rel2-sesion 1 · rel2-barajar 1
[colab] Uploaded '/tmp/tmp.pZRWIvQ3xs/micro.tgz' to '/content/micro.tgz'
== subiendo checkpoint previo (4,1M)
[colab] Uploaded '/home/maxi/Disco_de_Guardado/Carpetas_Usuario/Documentos/Nuevo Transformer/delta-archivo/micro_lm/ckpts/ne3_s2.pkl' to '/content/ck.pkl'
jax 0.11.1 | [CudaDevice(id=0)]
compuerta de padding OK
lanzado pid 1788
== polling cada 2 min (presupuesto ~40 min, tope 120)
VIVO= False ULTIMO= ABORTA: el checkpoint se entreno con donde=pre y se pidio donde=attn. Es otra arquitectura, no la misma corrida. 
== tramo terminado
== bajando checkpoint
   checkpoint en /home/maxi/Disco_de_Guardado/Carpetas_Usuario/Documentos/Nuevo Transformer/delta-archivo/micro_lm/ckpts/ne3_s2.pkl (4,1M)
== fin del tramo (la sesion queda VIVA para el tramo siguiente; pararla con: colab stop -s tr2_a_1140)
   tramo de 3:2 cerrado en el paso 0 de 8000
   tr2_a_1140 parada; pendientes ahora: 3:2
-- vuelta 5 · cuenta N · faltan: 3:2 · 11:44:25
   503 en N (ni T4 ni TPU) — SIGUIENTE CUENTA ya (sin esperar)
-- vuelta 5 recorrida entera sin T4 en ninguna; descanso 10 min
-- vuelta 6 · cuenta A · faltan: 3:2 · 11:54:31
   >> OTORGADA en A (T4): [tr2_a_1154] gpu-t4-s-kkb-usw4a2-37ef25kitv61z | Hardware: T4 | Variant: GPU | Status: IDLE
   -> tramo 3:2 en A (desde el paso 0)
== tramo · cuenta A · sesion tr2_a_1154 · ne3_s2 · +2000 de 8000 pasos · p_nose 0.4 · abst cabeza · donde attn · mezcla fija · piso 0.10 · p_vieja 0.35 · blanco ausencia · kq 5 · ses-extra 0 · sello abs · pert 0 · micro 0 · b_eval 0 · formas directa · perdida bce · sembrar 0 · rec L=0.5 M=0.5 F=0.2 CE=1.0 RANK=0.0 · topk 0 desde 0 · relleno 0 (real, solapado, cada 1000) · fotos 100 · ses-extra-sin-grad 0 · compuesta 0.5 · bloques 0,2 · rel2-sesion 1 · rel2-barajar 1
[colab] Uploaded '/tmp/tmp.woKaGjD3j9/micro.tgz' to '/content/micro.tgz'
== subiendo checkpoint previo (4,1M)
[colab] Uploaded '/home/maxi/Disco_de_Guardado/Carpetas_Usuario/Documentos/Nuevo Transformer/delta-archivo/micro_lm/ckpts/ne3_s2.pkl' to '/content/ck.pkl'
jax 0.11.1 | [CudaDevice(id=0)]
compuerta de padding OK
lanzado pid 1365
== polling cada 2 min (presupuesto ~40 min, tope 120)
VIVO= False ULTIMO= ABORTA: el checkpoint se entreno con donde=pre y se pidio donde=attn. Es otra arquitectura, no la misma corrida. 
== tramo terminado
== bajando checkpoint
   checkpoint en /home/maxi/Disco_de_Guardado/Carpetas_Usuario/Documentos/Nuevo Transformer/delta-archivo/micro_lm/ckpts/ne3_s2.pkl (4,1M)
== fin del tramo (la sesion queda VIVA para el tramo siguiente; pararla con: colab stop -s tr2_a_1154)
   tramo de 3:2 cerrado en el paso 0 de 8000
   tr2_a_1154 parada; pendientes ahora: 3:2
-- vuelta 6 · cuenta N · faltan: 3:2 · 11:57:14
   503 en N (ni T4 ni TPU) — SIGUIENTE CUENTA ya (sin esperar)
-- vuelta 6 recorrida entera sin T4 en ninguna; descanso 10 min
-- vuelta 7 · cuenta A · faltan: 3:2 · 12:07:19
   >> OTORGADA en A (T4): [tr2_a_1207] gpu-t4-s-kkb-ass1c1-1did2iuiteuve | Hardware: T4 | Variant: GPU | Status: IDLE
   -> tramo 3:2 en A (desde el paso 0)
== tramo · cuenta A · sesion tr2_a_1207 · ne3_s2 · +2000 de 8000 pasos · p_nose 0.4 · abst cabeza · donde attn · mezcla fija · piso 0.10 · p_vieja 0.35 · blanco ausencia · kq 5 · ses-extra 0 · sello abs · pert 0 · micro 0 · b_eval 0 · formas directa · perdida bce · sembrar 0 · rec L=0.5 M=0.5 F=0.2 CE=1.0 RANK=0.0 · topk 0 desde 0 · relleno 0 (real, solapado, cada 1000) · fotos 100 · ses-extra-sin-grad 0 · compuesta 0.5 · bloques 0,2 · rel2-sesion 1 · rel2-barajar 1
[colab] Uploaded '/tmp/tmp.fvT7NhPge1/micro.tgz' to '/content/micro.tgz'
== subiendo checkpoint previo (4,1M)
[colab] Uploaded '/home/maxi/Disco_de_Guardado/Carpetas_Usuario/Documentos/Nuevo Transformer/delta-archivo/micro_lm/ckpts/ne3_s2.pkl' to '/content/ck.pkl'
jax 0.11.1 | [CudaDevice(id=0)]
compuerta de padding OK
lanzado pid 1681
== polling cada 2 min (presupuesto ~40 min, tope 120)
VIVO= False ULTIMO= ABORTA: el checkpoint se entreno con donde=pre y se pidio donde=attn. Es otra arquitectura, no la misma corrida. 
== tramo terminado
== bajando checkpoint
   checkpoint en /home/maxi/Disco_de_Guardado/Carpetas_Usuario/Documentos/Nuevo Transformer/delta-archivo/micro_lm/ckpts/ne3_s2.pkl (4,1M)
== fin del tramo (la sesion queda VIVA para el tramo siguiente; pararla con: colab stop -s tr2_a_1207)
   tramo de 3:2 cerrado en el paso 0 de 8000
   tr2_a_1207 parada; pendientes ahora: 3:2
-- vuelta 7 · cuenta N · faltan: 3:2 · 12:10:43
   503 en N (ni T4 ni TPU) — SIGUIENTE CUENTA ya (sin esperar)
-- vuelta 7 recorrida entera sin T4 en ninguna; descanso 10 min
-- vuelta 8 · cuenta A · faltan: 3:2 · 12:20:48
   >> OTORGADA en A (T4): [tr2_a_1220] gpu-t4-s-kkb-euw4c0-pdjj48hn7vy6 | Hardware: T4 | Variant: GPU | Status: IDLE
   -> tramo 3:2 en A (desde el paso 0)
== tramo · cuenta A · sesion tr2_a_1220 · ne3_s2 · +2000 de 8000 pasos · p_nose 0.4 · abst cabeza · donde attn · mezcla fija · piso 0.10 · p_vieja 0.35 · blanco ausencia · kq 5 · ses-extra 0 · sello abs · pert 0 · micro 0 · b_eval 0 · formas directa · perdida bce · sembrar 0 · rec L=0.5 M=0.5 F=0.2 CE=1.0 RANK=0.0 · topk 0 desde 0 · relleno 0 (real, solapado, cada 1000) · fotos 100 · ses-extra-sin-grad 0 · compuesta 0.5 · bloques 0,2 · rel2-sesion 1 · rel2-barajar 1
[colab] Uploaded '/tmp/tmp.C5x3ZO2bSW/micro.tgz' to '/content/micro.tgz'
== subiendo checkpoint previo (4,1M)
[colab] Uploaded '/home/maxi/Disco_de_Guardado/Carpetas_Usuario/Documentos/Nuevo Transformer/delta-archivo/micro_lm/ckpts/ne3_s2.pkl' to '/content/ck.pkl'
jax 0.11.1 | [CudaDevice(id=0)]
compuerta de padding OK
lanzado pid 1248
== polling cada 2 min (presupuesto ~40 min, tope 120)
VIVO= False ULTIMO= ABORTA: el checkpoint se entreno con donde=pre y se pidio donde=attn. Es otra arquitectura, no la misma corrida. 
== tramo terminado
== bajando checkpoint
   checkpoint en /home/maxi/Disco_de_Guardado/Carpetas_Usuario/Documentos/Nuevo Transformer/delta-archivo/micro_lm/ckpts/ne3_s2.pkl (4,1M)
== fin del tramo (la sesion queda VIVA para el tramo siguiente; pararla con: colab stop -s tr2_a_1220)
   tramo de 3:2 cerrado en el paso 0 de 8000
   tr2_a_1220 parada; pendientes ahora: 3:2
-- vuelta 8 · cuenta N · faltan: 3:2 · 12:23:41
   503 en N (ni T4 ni TPU) — SIGUIENTE CUENTA ya (sin esperar)
-- vuelta 8 recorrida entera sin T4 en ninguna; descanso 10 min
-- vuelta 9 · cuenta A · faltan: 3:2 · 12:33:46
   >> OTORGADA en A (T4): [tr2_a_1233] gpu-t4-s-kkb-usw4b2-12dxvsah8xwmr | Hardware: T4 | Variant: GPU | Status: IDLE
   -> tramo 3:2 en A (desde el paso 0)
== tramo · cuenta A · sesion tr2_a_1233 · ne3_s2 · +2000 de 8000 pasos · p_nose 0.4 · abst cabeza · donde attn · mezcla fija · piso 0.10 · p_vieja 0.35 · blanco ausencia · kq 5 · ses-extra 0 · sello abs · pert 0 · micro 0 · b_eval 0 · formas directa · perdida bce · sembrar 0 · rec L=0.5 M=0.5 F=0.2 CE=1.0 RANK=0.0 · topk 0 desde 0 · relleno 0 (real, solapado, cada 1000) · fotos 100 · ses-extra-sin-grad 0 · compuesta 0.5 · bloques 0,2 · rel2-sesion 1 · rel2-barajar 1
[colab] Uploaded '/tmp/tmp.jKOwvkZxKz/micro.tgz' to '/content/micro.tgz'
== subiendo checkpoint previo (4,1M)
[colab] Uploaded '/home/maxi/Disco_de_Guardado/Carpetas_Usuario/Documentos/Nuevo Transformer/delta-archivo/micro_lm/ckpts/ne3_s2.pkl' to '/content/ck.pkl'
jax 0.11.1 | [CudaDevice(id=0)]
compuerta de padding OK
lanzado pid 646
== polling cada 2 min (presupuesto ~40 min, tope 120)
VIVO= False ULTIMO= ABORTA: el checkpoint se entreno con donde=pre y se pidio donde=attn. Es otra arquitectura, no la misma corrida. 
== tramo terminado
== bajando checkpoint
   checkpoint en /home/maxi/Disco_de_Guardado/Carpetas_Usuario/Documentos/Nuevo Transformer/delta-archivo/micro_lm/ckpts/ne3_s2.pkl (4,1M)
== fin del tramo (la sesion queda VIVA para el tramo siguiente; pararla con: colab stop -s tr2_a_1233)
   tramo de 3:2 cerrado en el paso 0 de 8000
   tr2_a_1233 parada; pendientes ahora: 3:2
-- vuelta 9 · cuenta N · faltan: 3:2 · 12:36:36
   503 en N (ni T4 ni TPU) — SIGUIENTE CUENTA ya (sin esperar)
-- vuelta 9 recorrida entera sin T4 en ninguna; descanso 10 min
-- vuelta 10 · cuenta A · faltan: 3:2 · 12:46:41
   >> OTORGADA en A (T4): [tr2_a_1246] gpu-t4-s-kkb-usw4a2-33ldlmgd8g8re | Hardware: T4 | Variant: GPU | Status: IDLE
   -> tramo 3:2 en A (desde el paso 0)
== tramo · cuenta A · sesion tr2_a_1246 · ne3_s2 · +2000 de 8000 pasos · p_nose 0.4 · abst cabeza · donde attn · mezcla fija · piso 0.10 · p_vieja 0.35 · blanco ausencia · kq 5 · ses-extra 0 · sello abs · pert 0 · micro 0 · b_eval 0 · formas directa · perdida bce · sembrar 0 · rec L=0.5 M=0.5 F=0.2 CE=1.0 RANK=0.0 · topk 0 desde 0 · relleno 0 (real, solapado, cada 1000) · fotos 100 · ses-extra-sin-grad 0 · compuesta 0.5 · bloques 0,2 · rel2-sesion 1 · rel2-barajar 1
[colab] Uploaded '/tmp/tmp.0DFRrWvv9Y/micro.tgz' to '/content/micro.tgz'
== subiendo checkpoint previo (4,1M)
[colab] Uploaded '/home/maxi/Disco_de_Guardado/Carpetas_Usuario/Documentos/Nuevo Transformer/delta-archivo/micro_lm/ckpts/ne3_s2.pkl' to '/content/ck.pkl'
jax 0.11.1 | [CudaDevice(id=0)]
compuerta de padding OK
lanzado pid 1578
== polling cada 2 min (presupuesto ~40 min, tope 120)
VIVO= False ULTIMO= ABORTA: el checkpoint se entreno con donde=pre y se pidio donde=attn. Es otra arquitectura, no la misma corrida. 
== tramo terminado
== bajando checkpoint
   checkpoint en /home/maxi/Disco_de_Guardado/Carpetas_Usuario/Documentos/Nuevo Transformer/delta-archivo/micro_lm/ckpts/ne3_s2.pkl (4,1M)
== fin del tramo (la sesion queda VIVA para el tramo siguiente; pararla con: colab stop -s tr2_a_1246)
   tramo de 3:2 cerrado en el paso 0 de 8000
   tr2_a_1246 parada; pendientes ahora: 3:2
-- vuelta 10 · cuenta N · faltan: 3:2 · 12:49:24
   503 en N (ni T4 ni TPU) — SIGUIENTE CUENTA ya (sin esperar)
-- vuelta 10 recorrida entera sin T4 en ninguna; descanso 10 min
-- vuelta 11 · cuenta A · faltan: 3:2 · 12:59:29
   >> OTORGADA en A (T4): [tr2_a_1259] gpu-t4-s-kkb-usw4b0-3vu032qwjpy09 | Hardware: T4 | Variant: GPU | Status: IDLE
   -> tramo 3:2 en A (desde el paso 0)
== tramo · cuenta A · sesion tr2_a_1259 · ne3_s2 · +2000 de 8000 pasos · p_nose 0.4 · abst cabeza · donde attn · mezcla fija · piso 0.10 · p_vieja 0.35 · blanco ausencia · kq 5 · ses-extra 0 · sello abs · pert 0 · micro 0 · b_eval 0 · formas directa · perdida bce · sembrar 0 · rec L=0.5 M=0.5 F=0.2 CE=1.0 RANK=0.0 · topk 0 desde 0 · relleno 0 (real, solapado, cada 1000) · fotos 100 · ses-extra-sin-grad 0 · compuesta 0.5 · bloques 0,2 · rel2-sesion 1 · rel2-barajar 1
[colab] Uploaded '/tmp/tmp.QrMwUDFqqG/micro.tgz' to '/content/micro.tgz'
== subiendo checkpoint previo (4,1M)
[colab] Uploaded '/home/maxi/Disco_de_Guardado/Carpetas_Usuario/Documentos/Nuevo Transformer/delta-archivo/micro_lm/ckpts/ne3_s2.pkl' to '/content/ck.pkl'
jax 0.11.1 | [CudaDevice(id=0)]
compuerta de padding OK
lanzado pid 1182
== polling cada 2 min (presupuesto ~40 min, tope 120)
VIVO= False ULTIMO= ABORTA: el checkpoint se entreno con donde=pre y se pidio donde=attn. Es otra arquitectura, no la misma corrida. 
== tramo terminado
== bajando checkpoint
   checkpoint en /home/maxi/Disco_de_Guardado/Carpetas_Usuario/Documentos/Nuevo Transformer/delta-archivo/micro_lm/ckpts/ne3_s2.pkl (4,1M)
== fin del tramo (la sesion queda VIVA para el tramo siguiente; pararla con: colab stop -s tr2_a_1259)
   tramo de 3:2 cerrado en el paso 0 de 8000
   tr2_a_1259 parada; pendientes ahora: 3:2
-- vuelta 11 · cuenta N · faltan: 3:2 · 13:02:13
   503 en N (ni T4 ni TPU) — SIGUIENTE CUENTA ya (sin esperar)
-- vuelta 11 recorrida entera sin T4 en ninguna; descanso 10 min
