== watchdog2 armado sobre /home/maxi/Disco_de_Guardado/Carpetas_Usuario/Documentos/Nuevo Transformer/delta-archivo/micro_lm/corridas_20260912/rotador_nf3_s3.log (rotador 1927841)
== rotador2 · familia 'nf' · p_nose 0.4 · mezcla fija · piso 0.10 · p_vieja 0.35 · sello abs · pert 0 · topk 0/0 · relleno 0 (real,solapado) · fotos 100 · unidades 3:3 · cuentas: F N
-- vuelta 1 · cuenta F · faltan: 3:3 · 17:25:41
   >> OTORGADA en F (T4): [tr2_f_1725] gpu-t4-s-kkb-euw4c2-3830eyf2fmybm | Hardware: T4 | Variant: GPU | Status: IDLE
   -> tramo 3:3 en F (desde el paso 0)
== tramo · cuenta F · sesion tr2_f_1725 · nf3_s3 · +2000 de 8000 pasos · p_nose 0.4 · abst cabeza · donde lat2 · mezcla fija · piso 0.10 · p_vieja 0.35 · blanco ausencia · kq 5 · ses-extra 0 · sello abs · pert 0 · micro 0 · b_eval 0 · formas directa · perdida bce · sembrar 0 · rec L=0.5 M=0.5 F=0.2 CE=1.0 RANK=0.0 · topk 0 desde 0 · relleno 0 (real, solapado, cada 1000) · fotos 100 · ses-extra-sin-grad 0 · compuesta 0.5 · bloques 0,2 · rel2-sesion 1 · rel2-barajar 1
[colab] Uploaded '/tmp/tmp.FlUWyPiBph/micro.tgz' to '/content/micro.tgz'
== subiendo checkpoint previo (4,1M)
[colab] Uploaded '/home/maxi/Disco_de_Guardado/Carpetas_Usuario/Documentos/Nuevo Transformer/delta-archivo/micro_lm/ckpts/nf3_s3.pkl' to '/content/ck.pkl'
jax 0.11.1 | [CudaDevice(id=0)]
compuerta de padding OK
lanzado pid 3574
== polling cada 2 min (presupuesto ~40 min, tope 120)
VIVO= True ULTIMO= W0912 20:26:45.244566    3598 cuda_timer.cc:88] Delay kernel timed out: measured time has sub-optimal accuracy. There may be a missing warmup execution, please investigate in Nsight Systems. 
VIVO= True ULTIMO= paso    500  loss 0.4901  acc 0.9062  (254s) 
VIVO= True ULTIMO= ── eval: vigente 0.9072 · anterior 0.8999 · abstencion 0.4199 · truncados 0.0000 · compuesta 0.2070 · nose_comp 0.6042 · nose 0.8409 (ent 0.8254/rel 0.9212) · falsa_abst 0.1313 
   [checkpoint parcial guardado: paso 500]
   [pelicula parcial: 1000 pasos]
VIVO= True ULTIMO= paso   1000  loss 0.8696  acc 0.7031  (508s) 
VIVO= True ULTIMO= ── eval: vigente 0.8925 · anterior 0.9821 · abstencion 0.4277 · truncados 0.0000 · compuesta 0.1992 · nose_comp 0.4813 · nose 0.8627 (ent 0.8697/rel 0.9526) · falsa_abst 0.1333 
VIVO= True ULTIMO= ── eval: vigente 0.9317 · anterior 0.9844 · abstencion 0.3672 · truncados 0.0000 · compuesta 0.2142 · nose_comp 0.2437 · nose 0.8288 (ent 0.8576/rel 0.9576) · falsa_abst 0.0544 
VIVO= True ULTIMO= ── eval: vigente 0.9317 · anterior 0.9844 · abstencion 0.3672 · truncados 0.0000 · compuesta 0.2142 · nose_comp 0.2437 · nose 0.8288 (ent 0.8576/rel 0.9576) · falsa_abst 0.0544 
   [checkpoint parcial guardado: paso 1500]
   [pelicula parcial: 2000 pasos]
VIVO= False ULTIMO= listo: {'paso': 2000, 'truncados': 0.0, 'p_nose': 0.4, 'mezcla_usada': {'vigente': 0.39, 'anterior': 0.21, 'nose': 0.4}, 'mezcla_promedio': {'vigente': 0.39, 'anterior': 0.21, 'nose': 0.4}, 'p_vieja_tr': 0.35, 'p_nose_tr': 0.4, 'vigente': 0.8966102147061668, 'anterior': 0.96875, 'nose': 0.8027337048980253, 'nose_ent': 0.8462606837606838, 'nose_rel': 0.9629120879120879, 'falsa_abst': 0.07580856675122755, 'abstencion': 0.373046875, 'compuesta': 0.292609126984127, 'nose_comp': 0.041666666666666664, 'topk': 0, 'cruzada_largo': {'vigente': 0.007638888888888889, 'anterior': 0.4013888888888889, 'nose': 0.9870131845841785, 'nose_ent': 1.0, 'nose_rel': 0.9903846153846154, 'falsa_abst': 0.8591463145238016, 'abstencion': 0.91015625, 'compuesta': 0.034722222222222224, 'nose_comp': 0.9270833333333333}} 
== tramo terminado
== bajando checkpoint
   checkpoint en /home/maxi/Disco_de_Guardado/Carpetas_Usuario/Documentos/Nuevo Transformer/delta-archivo/micro_lm/ckpts/nf3_s3.pkl (13M)
   pelicula en /home/maxi/Disco_de_Guardado/Carpetas_Usuario/Documentos/Nuevo Transformer/delta-archivo/micro_lm/ckpts/nf3_s3_fotos.json (20 cuadros)
   ultimo paso registrado: "paso": 2000
== fin del tramo (la sesion queda VIVA para el tramo siguiente; pararla con: colab stop -s tr2_f_1725)
   tramo de 3:3 cerrado en el paso 2000 de 8000
   tr2_f_1725 parada; pendientes ahora: 3:3
-- vuelta 1 · cuenta N · faltan: 3:3 · 17:44:14
   503 en N (ni T4 ni TPU) — SIGUIENTE CUENTA ya (sin esperar)
-- vuelta 1 recorrida entera sin T4 en ninguna; descanso 10 min
-- vuelta 2 · cuenta F · faltan: 3:3 · 17:54:20
   >> OTORGADA en F (T4): [tr2_f_1754] gpu-t4-s-kkb-usw4a2-379zz85wky1qe | Hardware: T4 | Variant: GPU | Status: IDLE
   -> tramo 3:3 en F (desde el paso 2000)
== tramo · cuenta F · sesion tr2_f_1754 · nf3_s3 · +2000 de 8000 pasos · p_nose 0.4 · abst cabeza · donde lat2 · mezcla fija · piso 0.10 · p_vieja 0.35 · blanco ausencia · kq 5 · ses-extra 0 · sello abs · pert 0 · micro 0 · b_eval 0 · formas directa · perdida bce · sembrar 0 · rec L=0.5 M=0.5 F=0.2 CE=1.0 RANK=0.0 · topk 0 desde 0 · relleno 0 (real, solapado, cada 1000) · fotos 100 · ses-extra-sin-grad 0 · compuesta 0.5 · bloques 0,2 · rel2-sesion 1 · rel2-barajar 1
[colab] Uploaded '/tmp/tmp.FLNb5KZbYC/micro.tgz' to '/content/micro.tgz'
== subiendo checkpoint previo (13M)
[colab] Uploaded '/home/maxi/Disco_de_Guardado/Carpetas_Usuario/Documentos/Nuevo Transformer/delta-archivo/micro_lm/ckpts/nf3_s3.pkl' to '/content/ck.pkl'
[colab] Uploaded '/home/maxi/Disco_de_Guardado/Carpetas_Usuario/Documentos/Nuevo Transformer/delta-archivo/micro_lm/ckpts/nf3_s3_fotos.json' to '/content/ck_fotos.json'
jax 0.11.1 | [CudaDevice(id=0)]
compuerta de padding OK
lanzado pid 1625
== polling cada 2 min (presupuesto ~40 min, tope 120)
VIVO= True ULTIMO= fotos: cada 100 pasos -> /content/ck_fotos.json · pregunta: BOS cual es la altura de bosque ? · slots correctos [5] 
VIVO= True ULTIMO= fotos: cada 100 pasos -> /content/ck_fotos.json · pregunta: BOS cual es la altura de bosque ? · slots correctos [5] 
VIVO= True ULTIMO= ── eval: vigente 0.9631 · anterior 0.9844 · abstencion 0.3496 · truncados 0.0000 · compuesta 0.3345 · nose_comp 0.0250 · nose 0.8042 (ent 0.8411/rel 0.9732) · falsa_abst 0.0325 
   [checkpoint parcial guardado: paso 2500]
   [pelicula parcial: 2900 pasos]
VIVO= True ULTIMO= ── eval: vigente 0.9631 · anterior 0.9844 · abstencion 0.3496 · truncados 0.0000 · compuesta 0.3345 · nose_comp 0.0250 · nose 0.8042 (ent 0.8411/rel 0.9732) · falsa_abst 0.0325 
VIVO= True ULTIMO= ── eval: vigente 0.9952 · anterior 1.0000 · abstencion 0.3320 · truncados 0.0000 · compuesta 0.5946 · nose_comp 0.0875 · nose 0.7947 (ent 0.8419/rel 0.9326) · falsa_abst 0.0163 
VIVO= True ULTIMO= ── eval: vigente 0.9952 · anterior 1.0000 · abstencion 0.3320 · truncados 0.0000 · compuesta 0.5946 · nose_comp 0.0875 · nose 0.7947 (ent 0.8419/rel 0.9326) · falsa_abst 0.0163 
VIVO= True ULTIMO= ── eval: vigente 0.9570 · anterior 1.0000 · abstencion 0.3438 · truncados 0.0000 · compuesta 0.7854 · nose_comp 0.0000 · nose 0.8025 (ent 0.9102/rel 0.9194) · falsa_abst 0.0244 
   [checkpoint parcial guardado: paso 3500]
   [pelicula parcial: 4000 pasos]
VIVO= True ULTIMO= paso   4000  loss 0.2419  acc 0.9375  (979s) 
VIVO= False ULTIMO= listo: {'paso': 4000, 'truncados': 0.0, 'p_nose': 0.4, 'mezcla_usada': {'vigente': 0.39, 'anterior': 0.21, 'nose': 0.4}, 'mezcla_promedio': {'vigente': 0.39, 'anterior': 0.21, 'nose': 0.4}, 'p_vieja_tr': 0.35, 'p_nose_tr': 0.4, 'vigente': 0.9701042616803486, 'anterior': 1.0, 'nose': 0.8369629404937, 'nose_ent': 0.8454594017094017, 'nose_rel': 0.9778846153846155, 'falsa_abst': 0.05619477534609635, 'abstencion': 0.37109375, 'compuesta': 0.641170634920635, 'nose_comp': 0.28541666666666665, 'topk': 0, 'cruzada_largo': {'vigente': 0.0, 'anterior': 0.40069444444444446, 'nose': 0.9837033371040724, 'nose_ent': 1.0, 'nose_rel': 1.0, 'falsa_abst': 0.8491925365320745, 'abstencion': 0.90234375, 'compuesta': 0.0875, 'nose_comp': 0.8958333333333333}} 
== tramo terminado
== bajando checkpoint
   checkpoint en /home/maxi/Disco_de_Guardado/Carpetas_Usuario/Documentos/Nuevo Transformer/delta-archivo/micro_lm/ckpts/nf3_s3.pkl (13M)
   pelicula en /home/maxi/Disco_de_Guardado/Carpetas_Usuario/Documentos/Nuevo Transformer/delta-archivo/micro_lm/ckpts/nf3_s3_fotos.json (40 cuadros)
   ultimo paso registrado: "paso": 4000
== fin del tramo (la sesion queda VIVA para el tramo siguiente; pararla con: colab stop -s tr2_f_1754)
   tramo de 3:3 cerrado en el paso 4000 de 8000
   tr2_f_1754 parada; pendientes ahora: 3:3
-- vuelta 2 · cuenta N · faltan: 3:3 · 18:13:45
   503 en N (ni T4 ni TPU) — SIGUIENTE CUENTA ya (sin esperar)
-- vuelta 2 recorrida entera sin T4 en ninguna; descanso 10 min
-- vuelta 3 · cuenta F · faltan: 3:3 · 18:23:51
   503 en F (ni T4 ni TPU) — SIGUIENTE CUENTA ya (sin esperar)
-- vuelta 3 · cuenta N · faltan: 3:3 · 18:23:57
   503 en N (ni T4 ni TPU) — SIGUIENTE CUENTA ya (sin esperar)
-- vuelta 3 recorrida entera sin T4 en ninguna; descanso 10 min
-- vuelta 4 · cuenta F · faltan: 3:3 · 18:34:03
   503 en F (ni T4 ni TPU) — SIGUIENTE CUENTA ya (sin esperar)
-- vuelta 4 · cuenta N · faltan: 3:3 · 18:34:09
   503 en N (ni T4 ni TPU) — SIGUIENTE CUENTA ya (sin esperar)
-- vuelta 4 recorrida entera sin T4 en ninguna; descanso 10 min
-- vuelta 5 · cuenta F · faltan: 3:3 · 18:44:15
   503 en F (ni T4 ni TPU) — SIGUIENTE CUENTA ya (sin esperar)
-- vuelta 5 · cuenta N · faltan: 3:3 · 18:44:21
   503 en N (ni T4 ni TPU) — SIGUIENTE CUENTA ya (sin esperar)
-- vuelta 5 recorrida entera sin T4 en ninguna; descanso 10 min
-- vuelta 6 · cuenta F · faltan: 3:3 · 18:54:26
   503 en F (ni T4 ni TPU) — SIGUIENTE CUENTA ya (sin esperar)
-- vuelta 6 · cuenta N · faltan: 3:3 · 18:54:33
   503 en N (ni T4 ni TPU) — SIGUIENTE CUENTA ya (sin esperar)
-- vuelta 6 recorrida entera sin T4 en ninguna; descanso 10 min
-- vuelta 7 · cuenta F · faltan: 3:3 · 19:04:38
   503 en F (ni T4 ni TPU) — SIGUIENTE CUENTA ya (sin esperar)
-- vuelta 7 · cuenta N · faltan: 3:3 · 19:04:44
   503 en N (ni T4 ni TPU) — SIGUIENTE CUENTA ya (sin esperar)
-- vuelta 7 recorrida entera sin T4 en ninguna; descanso 10 min
-- vuelta 8 · cuenta F · faltan: 3:3 · 19:14:50
   503 en F (ni T4 ni TPU) — SIGUIENTE CUENTA ya (sin esperar)
-- vuelta 8 · cuenta N · faltan: 3:3 · 19:14:56
   503 en N (ni T4 ni TPU) — SIGUIENTE CUENTA ya (sin esperar)
-- vuelta 8 recorrida entera sin T4 en ninguna; descanso 10 min
-- vuelta 9 · cuenta F · faltan: 3:3 · 19:25:02
   503 en F (ni T4 ni TPU) — SIGUIENTE CUENTA ya (sin esperar)
-- vuelta 9 · cuenta N · faltan: 3:3 · 19:25:08
   503 en N (ni T4 ni TPU) — SIGUIENTE CUENTA ya (sin esperar)
-- vuelta 9 recorrida entera sin T4 en ninguna; descanso 10 min
-- vuelta 10 · cuenta F · faltan: 3:3 · 19:35:14
   503 en F (ni T4 ni TPU) — SIGUIENTE CUENTA ya (sin esperar)
-- vuelta 10 · cuenta N · faltan: 3:3 · 19:35:20
   503 en N (ni T4 ni TPU) — SIGUIENTE CUENTA ya (sin esperar)
-- vuelta 10 recorrida entera sin T4 en ninguna; descanso 10 min
-- vuelta 11 · cuenta F · faltan: 3:3 · 19:45:27
   503 en F (ni T4 ni TPU) — SIGUIENTE CUENTA ya (sin esperar)
-- vuelta 11 · cuenta N · faltan: 3:3 · 19:45:33
   503 en N (ni T4 ni TPU) — SIGUIENTE CUENTA ya (sin esperar)
-- vuelta 11 recorrida entera sin T4 en ninguna; descanso 10 min
-- vuelta 12 · cuenta F · faltan: 3:3 · 19:55:39
   503 en F (ni T4 ni TPU) — SIGUIENTE CUENTA ya (sin esperar)
-- vuelta 12 · cuenta N · faltan: 3:3 · 19:55:45
   503 en N (ni T4 ni TPU) — SIGUIENTE CUENTA ya (sin esperar)
-- vuelta 12 recorrida entera sin T4 en ninguna; descanso 10 min
-- vuelta 13 · cuenta F · faltan: 3:3 · 20:05:52
   503 en F (ni T4 ni TPU) — SIGUIENTE CUENTA ya (sin esperar)
-- vuelta 13 · cuenta N · faltan: 3:3 · 20:05:58
   503 en N (ni T4 ni TPU) — SIGUIENTE CUENTA ya (sin esperar)
-- vuelta 13 recorrida entera sin T4 en ninguna; descanso 10 min
-- vuelta 14 · cuenta F · faltan: 3:3 · 20:16:03
   503 en F (ni T4 ni TPU) — SIGUIENTE CUENTA ya (sin esperar)
-- vuelta 14 · cuenta N · faltan: 3:3 · 20:16:16
   503 en N (ni T4 ni TPU) — SIGUIENTE CUENTA ya (sin esperar)
-- vuelta 14 recorrida entera sin T4 en ninguna; descanso 10 min
-- vuelta 15 · cuenta F · faltan: 3:3 · 20:26:22
   503 en F (ni T4 ni TPU) — SIGUIENTE CUENTA ya (sin esperar)
-- vuelta 15 · cuenta N · faltan: 3:3 · 20:26:28
   503 en N (ni T4 ni TPU) — SIGUIENTE CUENTA ya (sin esperar)
-- vuelta 15 recorrida entera sin T4 en ninguna; descanso 10 min
-- vuelta 16 · cuenta F · faltan: 3:3 · 20:36:35
   503 en F (ni T4 ni TPU) — SIGUIENTE CUENTA ya (sin esperar)
-- vuelta 16 · cuenta N · faltan: 3:3 · 20:36:43
   503 en N (ni T4 ni TPU) — SIGUIENTE CUENTA ya (sin esperar)
-- vuelta 16 recorrida entera sin T4 en ninguna; descanso 10 min
-- vuelta 17 · cuenta F · faltan: 3:3 · 20:46:51
   503 en F (ni T4 ni TPU) — SIGUIENTE CUENTA ya (sin esperar)
-- vuelta 17 · cuenta N · faltan: 3:3 · 20:46:58
   503 en N (ni T4 ni TPU) — SIGUIENTE CUENTA ya (sin esperar)
-- vuelta 17 recorrida entera sin T4 en ninguna; descanso 10 min
-- vuelta 18 · cuenta F · faltan: 3:3 · 20:57:04
   503 en F (ni T4 ni TPU) — SIGUIENTE CUENTA ya (sin esperar)
-- vuelta 18 · cuenta N · faltan: 3:3 · 20:57:10
   503 en N (ni T4 ni TPU) — SIGUIENTE CUENTA ya (sin esperar)
-- vuelta 18 recorrida entera sin T4 en ninguna; descanso 10 min
-- vuelta 19 · cuenta F · faltan: 3:3 · 21:07:17
   503 en F (ni T4 ni TPU) — SIGUIENTE CUENTA ya (sin esperar)
-- vuelta 19 · cuenta N · faltan: 3:3 · 21:07:23
   503 en N (ni T4 ni TPU) — SIGUIENTE CUENTA ya (sin esperar)
-- vuelta 19 recorrida entera sin T4 en ninguna; descanso 10 min
-- vuelta 20 · cuenta F · faltan: 3:3 · 21:17:29
   503 en F (ni T4 ni TPU) — SIGUIENTE CUENTA ya (sin esperar)
-- vuelta 20 · cuenta N · faltan: 3:3 · 21:17:35
   503 en N (ni T4 ni TPU) — SIGUIENTE CUENTA ya (sin esperar)
-- vuelta 20 recorrida entera sin T4 en ninguna; descanso 10 min
-- vuelta 21 · cuenta F · faltan: 3:3 · 21:27:41
   503 en F (ni T4 ni TPU) — SIGUIENTE CUENTA ya (sin esperar)
-- vuelta 21 · cuenta N · faltan: 3:3 · 21:27:48
   503 en N (ni T4 ni TPU) — SIGUIENTE CUENTA ya (sin esperar)
-- vuelta 21 recorrida entera sin T4 en ninguna; descanso 10 min
-- vuelta 22 · cuenta F · faltan: 3:3 · 21:37:54
   503 en F (ni T4 ni TPU) — SIGUIENTE CUENTA ya (sin esperar)
-- vuelta 22 · cuenta N · faltan: 3:3 · 21:38:00
   503 en N (ni T4 ni TPU) — SIGUIENTE CUENTA ya (sin esperar)
-- vuelta 22 recorrida entera sin T4 en ninguna; descanso 10 min
-- vuelta 23 · cuenta F · faltan: 3:3 · 21:48:05
   503 en F (ni T4 ni TPU) — SIGUIENTE CUENTA ya (sin esperar)
-- vuelta 23 · cuenta N · faltan: 3:3 · 21:48:11
   503 en N (ni T4 ni TPU) — SIGUIENTE CUENTA ya (sin esperar)
-- vuelta 23 recorrida entera sin T4 en ninguna; descanso 10 min
-- vuelta 24 · cuenta F · faltan: 3:3 · 21:58:17
   503 en F (ni T4 ni TPU) — SIGUIENTE CUENTA ya (sin esperar)
-- vuelta 24 · cuenta N · faltan: 3:3 · 21:58:24
   503 en N (ni T4 ni TPU) — SIGUIENTE CUENTA ya (sin esperar)
-- vuelta 24 recorrida entera sin T4 en ninguna; descanso 10 min
-- vuelta 25 · cuenta F · faltan: 3:3 · 22:08:30
   503 en F (ni T4 ni TPU) — SIGUIENTE CUENTA ya (sin esperar)
-- vuelta 25 · cuenta N · faltan: 3:3 · 22:08:36
   503 en N (ni T4 ni TPU) — SIGUIENTE CUENTA ya (sin esperar)
-- vuelta 25 recorrida entera sin T4 en ninguna; descanso 10 min
-- vuelta 26 · cuenta F · faltan: 3:3 · 22:18:42
   503 en F (ni T4 ni TPU) — SIGUIENTE CUENTA ya (sin esperar)
-- vuelta 26 · cuenta N · faltan: 3:3 · 22:18:49
   503 en N (ni T4 ni TPU) — SIGUIENTE CUENTA ya (sin esperar)
-- vuelta 26 recorrida entera sin T4 en ninguna; descanso 10 min
-- vuelta 27 · cuenta F · faltan: 3:3 · 22:28:55
   503 en F (ni T4 ni TPU) — SIGUIENTE CUENTA ya (sin esperar)
-- vuelta 27 · cuenta N · faltan: 3:3 · 22:29:02
   503 en N (ni T4 ni TPU) — SIGUIENTE CUENTA ya (sin esperar)
-- vuelta 27 recorrida entera sin T4 en ninguna; descanso 10 min
-- vuelta 28 · cuenta F · faltan: 3:3 · 22:39:08
   503 en F (ni T4 ni TPU) — SIGUIENTE CUENTA ya (sin esperar)
-- vuelta 28 · cuenta N · faltan: 3:3 · 22:39:15
   503 en N (ni T4 ni TPU) — SIGUIENTE CUENTA ya (sin esperar)
-- vuelta 28 recorrida entera sin T4 en ninguna; descanso 10 min
-- vuelta 29 · cuenta F · faltan: 3:3 · 22:49:21
   503 en F (ni T4 ni TPU) — SIGUIENTE CUENTA ya (sin esperar)
-- vuelta 29 · cuenta N · faltan: 3:3 · 22:49:28
   503 en N (ni T4 ni TPU) — SIGUIENTE CUENTA ya (sin esperar)
-- vuelta 29 recorrida entera sin T4 en ninguna; descanso 10 min
-- vuelta 30 · cuenta F · faltan: 3:3 · 22:59:34
   503 en F (ni T4 ni TPU) — SIGUIENTE CUENTA ya (sin esperar)
-- vuelta 30 · cuenta N · faltan: 3:3 · 22:59:50
   503 en N (ni T4 ni TPU) — SIGUIENTE CUENTA ya (sin esperar)
-- vuelta 30 recorrida entera sin T4 en ninguna; descanso 10 min
-- vuelta 31 · cuenta F · faltan: 3:3 · 23:09:57
   503 en F (ni T4 ni TPU) — SIGUIENTE CUENTA ya (sin esperar)
-- vuelta 31 · cuenta N · faltan: 3:3 · 23:10:03
   503 en N (ni T4 ni TPU) — SIGUIENTE CUENTA ya (sin esperar)
-- vuelta 31 recorrida entera sin T4 en ninguna; descanso 10 min
-- vuelta 32 · cuenta F · faltan: 3:3 · 23:20:09
   503 en F (ni T4 ni TPU) — SIGUIENTE CUENTA ya (sin esperar)
-- vuelta 32 · cuenta N · faltan: 3:3 · 23:20:15
   503 en N (ni T4 ni TPU) — SIGUIENTE CUENTA ya (sin esperar)
-- vuelta 32 recorrida entera sin T4 en ninguna; descanso 10 min
-- vuelta 33 · cuenta F · faltan: 3:3 · 23:30:22
   503 en F (ni T4 ni TPU) — SIGUIENTE CUENTA ya (sin esperar)
-- vuelta 33 · cuenta N · faltan: 3:3 · 23:30:29
   503 en N (ni T4 ni TPU) — SIGUIENTE CUENTA ya (sin esperar)
-- vuelta 33 recorrida entera sin T4 en ninguna; descanso 10 min
-- vuelta 34 · cuenta F · faltan: 3:3 · 23:40:36
   503 en F (ni T4 ni TPU) — SIGUIENTE CUENTA ya (sin esperar)
-- vuelta 34 · cuenta N · faltan: 3:3 · 23:40:42
   503 en N (ni T4 ni TPU) — SIGUIENTE CUENTA ya (sin esperar)
-- vuelta 34 recorrida entera sin T4 en ninguna; descanso 10 min
-- vuelta 35 · cuenta F · faltan: 3:3 · 23:50:48
   503 en F (ni T4 ni TPU) — SIGUIENTE CUENTA ya (sin esperar)
-- vuelta 35 · cuenta N · faltan: 3:3 · 23:50:54
   503 en N (ni T4 ni TPU) — SIGUIENTE CUENTA ya (sin esperar)
-- vuelta 35 recorrida entera sin T4 en ninguna; descanso 10 min
-- vuelta 36 · cuenta F · faltan: 3:3 · 00:01:00
   503 en F (ni T4 ni TPU) — SIGUIENTE CUENTA ya (sin esperar)
-- vuelta 36 · cuenta N · faltan: 3:3 · 00:01:07
   503 en N (ni T4 ni TPU) — SIGUIENTE CUENTA ya (sin esperar)
-- vuelta 36 recorrida entera sin T4 en ninguna; descanso 10 min
-- vuelta 37 · cuenta F · faltan: 3:3 · 00:11:13
   503 en F (ni T4 ni TPU) — SIGUIENTE CUENTA ya (sin esperar)
-- vuelta 37 · cuenta N · faltan: 3:3 · 00:11:19
   503 en N (ni T4 ni TPU) — SIGUIENTE CUENTA ya (sin esperar)
-- vuelta 37 recorrida entera sin T4 en ninguna; descanso 10 min
-- vuelta 38 · cuenta F · faltan: 3:3 · 00:21:26
   503 en F (ni T4 ni TPU) — SIGUIENTE CUENTA ya (sin esperar)
-- vuelta 38 · cuenta N · faltan: 3:3 · 00:21:32
   503 en N (ni T4 ni TPU) — SIGUIENTE CUENTA ya (sin esperar)
-- vuelta 38 recorrida entera sin T4 en ninguna; descanso 10 min
