== watchdog2 armado sobre /home/maxi/Disco_de_Guardado/Carpetas_Usuario/Documentos/Nuevo Transformer/delta-archivo/micro_lm/corridas_20260912/rotador_ng3_s3.log (rotador 4001366)
== rotador2 · familia 'ng' · p_nose 0.4 · mezcla fija · piso 0.10 · p_vieja 0.35 · sello abs · pert 0 · topk 0/0 · relleno 0 (real,solapado) · fotos 100 · unidades 3:3 · cuentas: C L D
-- vuelta 1 · cuenta C · faltan: 3:3 · 20:37:59
   503 en C (ni T4 ni TPU) — SIGUIENTE CUENTA ya (sin esperar)
-- vuelta 1 · cuenta L · faltan: 3:3 · 20:38:05
   503 en L (ni T4 ni TPU) — SIGUIENTE CUENTA ya (sin esperar)
-- vuelta 1 · cuenta D · faltan: 3:3 · 20:38:12
   >> OTORGADA en D (T4): [tr2_d_2038] gpu-t4-s-kkb-usw4a0-2njfv0el2kba2 | Hardware: T4 | Variant: GPU | Status: IDLE
   -> tramo 3:3 en D (desde el paso 0)
== tramo · cuenta D · sesion tr2_d_2038 · ng3_s3 · +2000 de 8000 pasos · p_nose 0.4 · abst cabeza · donde lat2 · mezcla fija · piso 0.10 · p_vieja 0.35 · blanco ausencia · kq 5 · ses-extra 0 · sello abs · pert 0 · micro 0 · b_eval 0 · formas directa · perdida bce · sembrar 0 · rec L=0.5 M=0.5 F=0.2 CE=1.0 RANK=0.0 · topk 0 desde 0 · relleno 0 (real, solapado, cada 1000) · fotos 100 · ses-extra-sin-grad 0 · compuesta 0.5 · bloques 0,2 · rel2-sesion 1 · rel2-barajar 1
[colab] Uploaded '/tmp/tmp.22O82lFa9V/micro.tgz' to '/content/micro.tgz'
== subiendo checkpoint previo (4,2M)
[colab] Uploaded '/home/maxi/Disco_de_Guardado/Carpetas_Usuario/Documentos/Nuevo Transformer/delta-archivo/micro_lm/ckpts/ng3_s3.pkl' to '/content/ck.pkl'
jax 0.11.1 | [CudaDevice(id=0)]
compuerta de padding OK
lanzado pid 3349
== polling cada 2 min (presupuesto ~40 min, tope 120)
VIVO= True ULTIMO= fotos: cada 100 pasos -> /content/ck_fotos.json · pregunta: BOS cual es la altura de bosque ? · slots correctos [5] 
VIVO= True ULTIMO= fotos: cada 100 pasos -> /content/ck_fotos.json · pregunta: BOS cual es la altura de bosque ? · slots correctos [5] 
VIVO= True ULTIMO= ── eval: vigente 0.9171 · anterior 0.9821 · abstencion 0.3848 · truncados 0.0000 · compuesta 0.2544 · nose_comp 0.3979 · nose 0.7994 (ent 0.8521/rel 0.8472) · falsa_abst 0.1035 
   [checkpoint parcial guardado: paso 500]
   [pelicula parcial: 900 pasos]
VIVO= True ULTIMO= ── eval: vigente 0.9171 · anterior 0.9821 · abstencion 0.3848 · truncados 0.0000 · compuesta 0.2544 · nose_comp 0.3979 · nose 0.7994 (ent 0.8521/rel 0.8472) · falsa_abst 0.1035 
VIVO= True ULTIMO= ── eval: vigente 0.9142 · anterior 1.0000 · abstencion 0.3320 · truncados 0.0000 · compuesta 0.2502 · nose_comp 0.0729 · nose 0.7680 (ent 0.8589/rel 0.8745) · falsa_abst 0.0376 
VIVO= True ULTIMO= ── eval: vigente 0.9142 · anterior 1.0000 · abstencion 0.3320 · truncados 0.0000 · compuesta 0.2502 · nose_comp 0.0729 · nose 0.7680 (ent 0.8589/rel 0.8745) · falsa_abst 0.0376 
VIVO= True ULTIMO= ── eval: vigente 0.9778 · anterior 0.9750 · abstencion 0.3379 · truncados 0.0000 · compuesta 0.2036 · nose_comp 0.1229 · nose 0.7934 (ent 0.8555/rel 0.9151) · falsa_abst 0.0250 
   [checkpoint parcial guardado: paso 1500]
   [pelicula parcial: 2000 pasos]
VIVO= True ULTIMO= ── eval: vigente 0.9778 · anterior 0.9750 · abstencion 0.3379 · truncados 0.0000 · compuesta 0.2036 · nose_comp 0.1229 · nose 0.7934 (ent 0.8555/rel 0.9151) · falsa_abst 0.0250 
VIVO= False ULTIMO= listo: {'paso': 2000, 'truncados': 0.0, 'p_nose': 0.4, 'mezcla_usada': {'vigente': 0.39, 'anterior': 0.21, 'nose': 0.4}, 'mezcla_promedio': {'vigente': 0.39, 'anterior': 0.21, 'nose': 0.4}, 'p_vieja_tr': 0.35, 'p_nose_tr': 0.4, 'vigente': 0.9342950339127251, 'anterior': 0.96875, 'nose': 0.8265394579749974, 'nose_ent': 0.8833770396270396, 'nose_rel': 0.9569024725274725, 'falsa_abst': 0.06459713774173159, 'abstencion': 0.37109375, 'compuesta': 0.1984126984126984, 'nose_comp': 0.15416666666666667, 'topk': 0, 'cruzada_largo': {'vigente': 0.16630032717896043, 'anterior': 0.5409722222222222, 'nose': 0.7544571661016956, 'nose_ent': 0.8250666000666, 'nose_rel': 0.8441342358621771, 'falsa_abst': 0.5329356360726708, 'abstencion': 0.62109375, 'compuesta': 0.25902777777777775, 'nose_comp': 0.1875}} 
== tramo terminado
== bajando checkpoint
   checkpoint en /home/maxi/Disco_de_Guardado/Carpetas_Usuario/Documentos/Nuevo Transformer/delta-archivo/micro_lm/ckpts/ng3_s3.pkl (13M)
   pelicula en /home/maxi/Disco_de_Guardado/Carpetas_Usuario/Documentos/Nuevo Transformer/delta-archivo/micro_lm/ckpts/ng3_s3_fotos.json (20 cuadros)
   ultimo paso registrado: "paso": 2000
== fin del tramo (la sesion queda VIVA para el tramo siguiente; pararla con: colab stop -s tr2_d_2038)
   tramo de 3:3 cerrado en el paso 2000 de 8000
   tr2_d_2038 parada; pendientes ahora: 3:3
-- vuelta 1 recorrida entera sin T4 en ninguna; descanso 10 min
-- vuelta 2 · cuenta C · faltan: 3:3 · 21:07:23
   503 en C (ni T4 ni TPU) — SIGUIENTE CUENTA ya (sin esperar)
-- vuelta 2 · cuenta L · faltan: 3:3 · 21:07:29
   503 en L (ni T4 ni TPU) — SIGUIENTE CUENTA ya (sin esperar)
-- vuelta 2 · cuenta D · faltan: 3:3 · 21:07:35
   >> OTORGADA en D (T4): [tr2_d_2107] gpu-t4-s-kkb-ass1c2-1euejp2uj3q0w | Hardware: T4 | Variant: GPU | Status: IDLE
   -> tramo 3:3 en D (desde el paso 2000)
== tramo · cuenta D · sesion tr2_d_2107 · ng3_s3 · +2000 de 8000 pasos · p_nose 0.4 · abst cabeza · donde lat2 · mezcla fija · piso 0.10 · p_vieja 0.35 · blanco ausencia · kq 5 · ses-extra 0 · sello abs · pert 0 · micro 0 · b_eval 0 · formas directa · perdida bce · sembrar 0 · rec L=0.5 M=0.5 F=0.2 CE=1.0 RANK=0.0 · topk 0 desde 0 · relleno 0 (real, solapado, cada 1000) · fotos 100 · ses-extra-sin-grad 0 · compuesta 0.5 · bloques 0,2 · rel2-sesion 1 · rel2-barajar 1
[colab] Uploaded '/tmp/tmp.vcWPaFfre6/micro.tgz' to '/content/micro.tgz'
== subiendo checkpoint previo (13M)
[colab] Uploaded '/home/maxi/Disco_de_Guardado/Carpetas_Usuario/Documentos/Nuevo Transformer/delta-archivo/micro_lm/ckpts/ng3_s3.pkl' to '/content/ck.pkl'
[colab] Uploaded '/home/maxi/Disco_de_Guardado/Carpetas_Usuario/Documentos/Nuevo Transformer/delta-archivo/micro_lm/ckpts/ng3_s3_fotos.json' to '/content/ck_fotos.json'
jax 0.11.1 | [CudaDevice(id=0)]
compuerta de padding OK
lanzado pid 1536
== polling cada 2 min (presupuesto ~40 min, tope 120)
VIVO= True ULTIMO= W0913 00:08:36.526746    1556 cuda_timer.cc:88] Delay kernel timed out: measured time has sub-optimal accuracy. There may be a missing warmup execution, please investigate in Nsight Systems. 
VIVO= True ULTIMO= W0913 00:08:36.526746    1556 cuda_timer.cc:88] Delay kernel timed out: measured time has sub-optimal accuracy. There may be a missing warmup execution, please investigate in Nsight Systems. 
VIVO= True ULTIMO= ── eval: vigente 0.9682 · anterior 0.9821 · abstencion 0.3398 · truncados 0.0000 · compuesta 0.1996 · nose_comp 0.0312 · nose 0.7980 (ent 0.8547/rel 0.9551) · falsa_abst 0.0274 
   [checkpoint parcial guardado: paso 2500]
   [pelicula parcial: 2900 pasos]
VIVO= True ULTIMO= ── eval: vigente 0.9682 · anterior 0.9821 · abstencion 0.3398 · truncados 0.0000 · compuesta 0.1996 · nose_comp 0.0312 · nose 0.7980 (ent 0.8547/rel 0.9551) · falsa_abst 0.0274 
VIVO= True ULTIMO= ── eval: vigente 0.9954 · anterior 1.0000 · abstencion 0.3438 · truncados 0.0000 · compuesta 0.2661 · nose_comp 0.1250 · nose 0.8221 (ent 0.8712/rel 0.9647) · falsa_abst 0.0201 
VIVO= True ULTIMO= ── eval: vigente 0.9846 · anterior 0.9821 · abstencion 0.3379 · truncados 0.0000 · compuesta 0.2690 · nose_comp 0.0000 · nose 0.8174 (ent 0.8781/rel 0.9821) · falsa_abst 0.0097 
VIVO= True ULTIMO= ── eval: vigente 0.9846 · anterior 0.9821 · abstencion 0.3379 · truncados 0.0000 · compuesta 0.2690 · nose_comp 0.0000 · nose 0.8174 (ent 0.8781/rel 0.9821) · falsa_abst 0.0097 
