== watchdog2 armado sobre /home/maxi/Disco_de_Guardado/Carpetas_Usuario/Documentos/Nuevo Transformer/delta-archivo/micro_lm/corridas_20260912/rotador_nd3_s4.log (rotador 1946739)
== rotador2 · familia 'nd' · p_nose 0.4 · mezcla fija · piso 0.10 · p_vieja 0.35 · sello abs · pert 0 · topk 0/0 · relleno 0 (real,solapado) · fotos 100 · unidades 3:4 · cuentas: G J
-- vuelta 1 · cuenta G · faltan: 3:4 · 10:46:21
   >> OTORGADA en G (T4): [tr2_g_1046] gpu-t4-s-kkb-euw4c0-25b85htudurav | Hardware: T4 | Variant: GPU | Status: IDLE
   -> tramo 3:4 en G (desde el paso 0)
== tramo · cuenta G · sesion tr2_g_1046 · nd3_s4 · +2000 de 8000 pasos · p_nose 0.4 · abst cabeza · donde lat2 · mezcla fija · piso 0.10 · p_vieja 0.35 · blanco ausencia · kq 5 · ses-extra 0 · sello abs · pert 0 · micro 0 · b_eval 0 · formas directa · perdida bce · sembrar 0 · rec L=0.5 M=0.5 F=0.2 CE=1.0 RANK=0.0 · topk 0 desde 0 · relleno 0 (real, solapado, cada 1000) · fotos 100 · ses-extra-sin-grad 0 · compuesta 0.5 · bloques 0,2 · rel2-sesion 1 · rel2-barajar 1
[colab] Uploaded '/tmp/tmp.d7GAut0qPY/micro.tgz' to '/content/micro.tgz'
== subiendo checkpoint previo (4,1M)
[colab] Uploaded '/home/maxi/Disco_de_Guardado/Carpetas_Usuario/Documentos/Nuevo Transformer/delta-archivo/micro_lm/ckpts/nd3_s4.pkl' to '/content/ck.pkl'
jax 0.11.1 | [CudaDevice(id=0)]
compuerta de padding OK
lanzado pid 1652
== polling cada 2 min (presupuesto ~40 min, tope 120)
VIVO= True ULTIMO= fotos: cada 100 pasos -> /content/ck_fotos.json · pregunta: BOS cual es la altura de bosque ? · slots correctos [5] 
VIVO= True ULTIMO= fotos: cada 100 pasos -> /content/ck_fotos.json · pregunta: BOS cual es la altura de bosque ? · slots correctos [5] 
VIVO= True ULTIMO= ── eval: vigente 0.9251 · anterior 0.9750 · abstencion 0.3535 · truncados 0.0000 · compuesta 0.3333 · nose_comp 0.1667 · nose 0.7522 (ent 0.8314/rel 0.8534) · falsa_abst 0.0591 
   [checkpoint parcial guardado: paso 500]
   [pelicula parcial: 1000 pasos]
VIVO= True ULTIMO= ── eval: vigente 0.9251 · anterior 0.9750 · abstencion 0.3535 · truncados 0.0000 · compuesta 0.3333 · nose_comp 0.1667 · nose 0.7522 (ent 0.8314/rel 0.8534) · falsa_abst 0.0591 
VIVO= True ULTIMO= ── eval: vigente 0.9475 · anterior 1.0000 · abstencion 0.3828 · truncados 0.0000 · compuesta 0.3646 · nose_comp 0.4562 · nose 0.7988 (ent 0.7536/rel 0.9145) · falsa_abst 0.0737 
VIVO= True ULTIMO= paso   1500  loss 0.6692  acc 0.8594  (744s) 
VIVO= True ULTIMO= ── eval: vigente 0.9488 · anterior 1.0000 · abstencion 0.3496 · truncados 0.0000 · compuesta 0.2448 · nose_comp 0.0000 · nose 0.7924 (ent 0.8457/rel 0.9441) · falsa_abst 0.0239 
   [checkpoint parcial guardado: paso 1500]
   [pelicula parcial: 2000 pasos]
VIVO= False ULTIMO= listo: {'paso': 2000, 'truncados': 0.0, 'p_nose': 0.4, 'mezcla_usada': {'vigente': 0.39, 'anterior': 0.21, 'nose': 0.4}, 'mezcla_promedio': {'vigente': 0.39, 'anterior': 0.21, 'nose': 0.4}, 'p_vieja_tr': 0.35, 'p_nose_tr': 0.4, 'vigente': 0.9734488984306491, 'anterior': 1.0, 'nose': 0.779342911127019, 'nose_ent': 0.7752011060834589, 'nose_rel': 0.9204594017094017, 'falsa_abst': 0.04467021967021967, 'abstencion': 0.357421875, 'compuesta': 0.265625, 'nose_comp': 0.3375, 'topk': 0, 'cruzada_largo': {'vigente': 0.23644179713894856, 'anterior': 0.4864583333333333, 'nose': 0.6118512325034065, 'nose_ent': 0.5990057226270462, 'nose_rel': 0.6947812604062604, 'falsa_abst': 0.31023169654981, 'abstencion': 0.431640625, 'compuesta': 0.0890376984126984, 'nose_comp': 0.29791666666666666}} 
== tramo terminado
== bajando checkpoint
   checkpoint en /home/maxi/Disco_de_Guardado/Carpetas_Usuario/Documentos/Nuevo Transformer/delta-archivo/micro_lm/ckpts/nd3_s4.pkl (13M)
   pelicula en /home/maxi/Disco_de_Guardado/Carpetas_Usuario/Documentos/Nuevo Transformer/delta-archivo/micro_lm/ckpts/nd3_s4_fotos.json (20 cuadros)
   ultimo paso registrado: "paso": 2000
== fin del tramo (la sesion queda VIVA para el tramo siguiente; pararla con: colab stop -s tr2_g_1046)
   tramo de 3:4 cerrado en el paso 2000 de 8000
   tr2_g_1046 parada; pendientes ahora: 3:4
-- vuelta 1 · cuenta J · faltan: 3:4 · 11:04:23
   503 en J (ni T4 ni TPU) — SIGUIENTE CUENTA ya (sin esperar)
-- vuelta 1 recorrida entera sin T4 en ninguna; descanso 10 min
-- vuelta 2 · cuenta G · faltan: 3:4 · 11:14:29
   >> OTORGADA en G (T4): [tr2_g_1114] gpu-t4-s-kkb-usw1b2-26ybcfm2m2y5x | Hardware: T4 | Variant: GPU | Status: IDLE
   -> tramo 3:4 en G (desde el paso 2000)
== tramo · cuenta G · sesion tr2_g_1114 · nd3_s4 · +2000 de 8000 pasos · p_nose 0.4 · abst cabeza · donde lat2 · mezcla fija · piso 0.10 · p_vieja 0.35 · blanco ausencia · kq 5 · ses-extra 0 · sello abs · pert 0 · micro 0 · b_eval 0 · formas directa · perdida bce · sembrar 0 · rec L=0.5 M=0.5 F=0.2 CE=1.0 RANK=0.0 · topk 0 desde 0 · relleno 0 (real, solapado, cada 1000) · fotos 100 · ses-extra-sin-grad 0 · compuesta 0.5 · bloques 0,2 · rel2-sesion 1 · rel2-barajar 1
[colab] Uploaded '/tmp/tmp.nfffEHHTtB/micro.tgz' to '/content/micro.tgz'
== subiendo checkpoint previo (13M)
[colab] Uploaded '/home/maxi/Disco_de_Guardado/Carpetas_Usuario/Documentos/Nuevo Transformer/delta-archivo/micro_lm/ckpts/nd3_s4.pkl' to '/content/ck.pkl'
[colab] Uploaded '/home/maxi/Disco_de_Guardado/Carpetas_Usuario/Documentos/Nuevo Transformer/delta-archivo/micro_lm/ckpts/nd3_s4_fotos.json' to '/content/ck_fotos.json'
jax 0.11.1 | [CudaDevice(id=0)]
compuerta de padding OK
lanzado pid 1877
== polling cada 2 min (presupuesto ~40 min, tope 120)
VIVO= True ULTIMO= W0912 14:15:24.918328    1900 cuda_timer.cc:88] Delay kernel timed out: measured time has sub-optimal accuracy. There may be a missing warmup execution, please investigate in Nsight Systems. 
VIVO= True ULTIMO= W0912 14:15:24.918328    1900 cuda_timer.cc:88] Delay kernel timed out: measured time has sub-optimal accuracy. There may be a missing warmup execution, please investigate in Nsight Systems. 
VIVO= True ULTIMO= ── eval: vigente 0.9563 · anterior 0.9613 · abstencion 0.3750 · truncados 0.0000 · compuesta 0.3854 · nose_comp 0.0938 · nose 0.7998 (ent 0.8531/rel 0.9273) · falsa_abst 0.0647 
   [checkpoint parcial guardado: paso 2500]
   [pelicula parcial: 2900 pasos]
VIVO= True ULTIMO= ── eval: vigente 0.9563 · anterior 0.9613 · abstencion 0.3750 · truncados 0.0000 · compuesta 0.3854 · nose_comp 0.0938 · nose 0.7998 (ent 0.8531/rel 0.9273) · falsa_abst 0.0647 
VIVO= True ULTIMO= ── eval: vigente 0.9582 · anterior 0.9750 · abstencion 0.4043 · truncados 0.0000 · compuesta 0.2292 · nose_comp 0.4521 · nose 0.8520 (ent 0.8657/rel 0.9493) · falsa_abst 0.0760 
VIVO= True ULTIMO= ── eval: vigente 0.9582 · anterior 0.9750 · abstencion 0.4043 · truncados 0.0000 · compuesta 0.2292 · nose_comp 0.4521 · nose 0.8520 (ent 0.8657/rel 0.9493) · falsa_abst 0.0760 
VIVO= True ULTIMO= ── eval: vigente 0.9916 · anterior 1.0000 · abstencion 0.3516 · truncados 0.0000 · compuesta 0.3646 · nose_comp 0.0625 · nose 0.8142 (ent 0.8870/rel 0.9409) · falsa_abst 0.0098 
   [checkpoint parcial guardado: paso 3500]
   [pelicula parcial: 3900 pasos]
VIVO= True ULTIMO= ── eval: vigente 0.9916 · anterior 1.0000 · abstencion 0.3516 · truncados 0.0000 · compuesta 0.3646 · nose_comp 0.0625 · nose 0.8142 (ent 0.8870/rel 0.9409) · falsa_abst 0.0098 
VIVO= False ULTIMO= listo: {'paso': 4000, 'truncados': 0.0, 'p_nose': 0.4, 'mezcla_usada': {'vigente': 0.39, 'anterior': 0.21, 'nose': 0.4}, 'mezcla_promedio': {'vigente': 0.39, 'anterior': 0.21, 'nose': 0.4}, 'p_vieja_tr': 0.35, 'p_nose_tr': 0.4, 'vigente': 0.973428230441231, 'anterior': 0.96875, 'nose': 0.8037604320962641, 'nose_ent': 0.8383609854198089, 'nose_rel': 0.9660790598290598, 'falsa_abst': 0.03098055841958281, 'abstencion': 0.357421875, 'compuesta': 0.3489583333333333, 'nose_comp': 0.04583333333333334, 'topk': 0, 'cruzada_largo': {'vigente': 0.19420953123726736, 'anterior': 0.6361111111111111, 'nose': 0.8316958202827768, 'nose_ent': 0.8531095130359836, 'nose_rel': 0.8889745670995671, 'falsa_abst': 0.5238930057054532, 'abstencion': 0.6484375, 'compuesta': 0.1201388888888889, 'nose_comp': 0.5833333333333333}} 
== tramo terminado
== bajando checkpoint
   checkpoint en /home/maxi/Disco_de_Guardado/Carpetas_Usuario/Documentos/Nuevo Transformer/delta-archivo/micro_lm/ckpts/nd3_s4.pkl (13M)
   pelicula en /home/maxi/Disco_de_Guardado/Carpetas_Usuario/Documentos/Nuevo Transformer/delta-archivo/micro_lm/ckpts/nd3_s4_fotos.json (40 cuadros)
   ultimo paso registrado: "paso": 4000
== fin del tramo (la sesion queda VIVA para el tramo siguiente; pararla con: colab stop -s tr2_g_1114)
   tramo de 3:4 cerrado en el paso 4000 de 8000
   tr2_g_1114 parada; pendientes ahora: 3:4
-- vuelta 2 · cuenta J · faltan: 3:4 · 11:33:51
   503 en J (ni T4 ni TPU) — SIGUIENTE CUENTA ya (sin esperar)
-- vuelta 2 recorrida entera sin T4 en ninguna; descanso 10 min
-- vuelta 3 · cuenta G · faltan: 3:4 · 11:43:58
   >> OTORGADA en G (T4): [tr2_g_1143] gpu-t4-s-kkb-usw1b2-1mfrfkyaj0pt5 | Hardware: T4 | Variant: GPU | Status: IDLE
   -> tramo 3:4 en G (desde el paso 4000)
== tramo · cuenta G · sesion tr2_g_1143 · nd3_s4 · +2000 de 8000 pasos · p_nose 0.4 · abst cabeza · donde lat2 · mezcla fija · piso 0.10 · p_vieja 0.35 · blanco ausencia · kq 5 · ses-extra 0 · sello abs · pert 0 · micro 0 · b_eval 0 · formas directa · perdida bce · sembrar 0 · rec L=0.5 M=0.5 F=0.2 CE=1.0 RANK=0.0 · topk 0 desde 0 · relleno 0 (real, solapado, cada 1000) · fotos 100 · ses-extra-sin-grad 0 · compuesta 0.5 · bloques 0,2 · rel2-sesion 1 · rel2-barajar 1
[colab] Uploaded '/tmp/tmp.jkzRWP6M9V/micro.tgz' to '/content/micro.tgz'
== subiendo checkpoint previo (13M)
[colab] Uploaded '/home/maxi/Disco_de_Guardado/Carpetas_Usuario/Documentos/Nuevo Transformer/delta-archivo/micro_lm/ckpts/nd3_s4.pkl' to '/content/ck.pkl'
[colab] Uploaded '/home/maxi/Disco_de_Guardado/Carpetas_Usuario/Documentos/Nuevo Transformer/delta-archivo/micro_lm/ckpts/nd3_s4_fotos.json' to '/content/ck_fotos.json'
jax 0.11.1 | [CudaDevice(id=0)]
compuerta de padding OK
lanzado pid 652
== polling cada 2 min (presupuesto ~40 min, tope 120)
VIVO= True ULTIMO= W0912 14:44:50.451355     680 cuda_timer.cc:88] Delay kernel timed out: measured time has sub-optimal accuracy. There may be a missing warmup execution, please investigate in Nsight Systems. 
VIVO= True ULTIMO= W0912 14:44:50.451355     680 cuda_timer.cc:88] Delay kernel timed out: measured time has sub-optimal accuracy. There may be a missing warmup execution, please investigate in Nsight Systems. 
VIVO= True ULTIMO= ── eval: vigente 0.9763 · anterior 1.0000 · abstencion 0.3496 · truncados 0.0000 · compuesta 0.3021 · nose_comp 0.0000 · nose 0.8078 (ent 0.8982/rel 0.9308) · falsa_abst 0.0142 
   [checkpoint parcial guardado: paso 4500]
   [pelicula parcial: 4900 pasos]
VIVO= True ULTIMO= ── eval: vigente 0.9763 · anterior 1.0000 · abstencion 0.3496 · truncados 0.0000 · compuesta 0.3021 · nose_comp 0.0000 · nose 0.8078 (ent 0.8982/rel 0.9308) · falsa_abst 0.0142 
VIVO= True ULTIMO= ── eval: vigente 0.9961 · anterior 1.0000 · abstencion 0.3613 · truncados 0.0000 · compuesta 0.3333 · nose_comp 0.1042 · nose 0.8402 (ent 0.8901/rel 0.9861) · falsa_abst 0.0102 
VIVO= True ULTIMO= ── eval: vigente 0.9961 · anterior 1.0000 · abstencion 0.3613 · truncados 0.0000 · compuesta 0.3333 · nose_comp 0.1042 · nose 0.8402 (ent 0.8901/rel 0.9861) · falsa_abst 0.0102 
VIVO= True ULTIMO= ── eval: vigente 1.0000 · anterior 1.0000 · abstencion 0.3535 · truncados 0.0000 · compuesta 0.2969 · nose_comp 0.0312 · nose 0.8291 (ent 0.9070/rel 0.9618) · falsa_abst 0.0032 
   [checkpoint parcial guardado: paso 5500]
   [pelicula parcial: 6000 pasos]
VIVO= True ULTIMO= ── eval: vigente 1.0000 · anterior 1.0000 · abstencion 0.3535 · truncados 0.0000 · compuesta 0.2969 · nose_comp 0.0312 · nose 0.8291 (ent 0.9070/rel 0.9618) · falsa_abst 0.0032 
VIVO= False ULTIMO= listo: {'paso': 6000, 'truncados': 0.0, 'p_nose': 0.4, 'mezcla_usada': {'vigente': 0.39, 'anterior': 0.21, 'nose': 0.4}, 'mezcla_promedio': {'vigente': 0.39, 'anterior': 0.21, 'nose': 0.4}, 'p_vieja_tr': 0.35, 'p_nose_tr': 0.4, 'vigente': 1.0, 'anterior': 1.0, 'nose': 0.824954347150749, 'nose_ent': 0.8951420311714429, 'nose_rel': 0.9771825396825398, 'falsa_abst': 0.0, 'abstencion': 0.349609375, 'compuesta': 0.328125, 'nose_comp': 0.0, 'topk': 0, 'cruzada_largo': {'vigente': 0.08974279635074238, 'anterior': 0.47916666666666663, 'nose': 0.8250247739378174, 'nose_ent': 0.9164298732313438, 'nose_rel': 0.98125, 'falsa_abst': 0.6083446140354865, 'abstencion': 0.6953125, 'compuesta': 0.20907738095238093, 'nose_comp': 0.0}} 
== tramo terminado
== bajando checkpoint
   checkpoint en /home/maxi/Disco_de_Guardado/Carpetas_Usuario/Documentos/Nuevo Transformer/delta-archivo/micro_lm/ckpts/nd3_s4.pkl (13M)
   pelicula en /home/maxi/Disco_de_Guardado/Carpetas_Usuario/Documentos/Nuevo Transformer/delta-archivo/micro_lm/ckpts/nd3_s4_fotos.json (60 cuadros)
   ultimo paso registrado: "paso": 6000
== fin del tramo (la sesion queda VIVA para el tramo siguiente; pararla con: colab stop -s tr2_g_1143)
   tramo de 3:4 cerrado en el paso 6000 de 8000
   tr2_g_1143 parada; pendientes ahora: 3:4
-- vuelta 3 · cuenta J · faltan: 3:4 · 12:03:17
   503 en J (ni T4 ni TPU) — SIGUIENTE CUENTA ya (sin esperar)
-- vuelta 3 recorrida entera sin T4 en ninguna; descanso 10 min
-- vuelta 4 · cuenta G · faltan: 3:4 · 12:13:23
   503 en G (ni T4 ni TPU) — SIGUIENTE CUENTA ya (sin esperar)
-- vuelta 4 · cuenta J · faltan: 3:4 · 12:13:29
   503 en J (ni T4 ni TPU) — SIGUIENTE CUENTA ya (sin esperar)
-- vuelta 4 recorrida entera sin T4 en ninguna; descanso 10 min
-- vuelta 5 · cuenta G · faltan: 3:4 · 12:23:35
   503 en G (ni T4 ni TPU) — SIGUIENTE CUENTA ya (sin esperar)
-- vuelta 5 · cuenta J · faltan: 3:4 · 12:23:41
   503 en J (ni T4 ni TPU) — SIGUIENTE CUENTA ya (sin esperar)
-- vuelta 5 recorrida entera sin T4 en ninguna; descanso 10 min
-- vuelta 6 · cuenta G · faltan: 3:4 · 12:33:47
   503 en G (ni T4 ni TPU) — SIGUIENTE CUENTA ya (sin esperar)
-- vuelta 6 · cuenta J · faltan: 3:4 · 12:33:53
   503 en J (ni T4 ni TPU) — SIGUIENTE CUENTA ya (sin esperar)
-- vuelta 6 recorrida entera sin T4 en ninguna; descanso 10 min
-- vuelta 7 · cuenta G · faltan: 3:4 · 12:43:59
   503 en G (ni T4 ni TPU) — SIGUIENTE CUENTA ya (sin esperar)
-- vuelta 7 · cuenta J · faltan: 3:4 · 12:44:05
   503 en J (ni T4 ni TPU) — SIGUIENTE CUENTA ya (sin esperar)
-- vuelta 7 recorrida entera sin T4 en ninguna; descanso 10 min
-- vuelta 8 · cuenta G · faltan: 3:4 · 12:54:11
   503 en G (ni T4 ni TPU) — SIGUIENTE CUENTA ya (sin esperar)
-- vuelta 8 · cuenta J · faltan: 3:4 · 12:54:17
   503 en J (ni T4 ni TPU) — SIGUIENTE CUENTA ya (sin esperar)
-- vuelta 8 recorrida entera sin T4 en ninguna; descanso 10 min
-- vuelta 9 · cuenta G · faltan: 3:4 · 13:04:23
   503 en G (ni T4 ni TPU) — SIGUIENTE CUENTA ya (sin esperar)
-- vuelta 9 · cuenta J · faltan: 3:4 · 13:04:29
   503 en J (ni T4 ni TPU) — SIGUIENTE CUENTA ya (sin esperar)
-- vuelta 9 recorrida entera sin T4 en ninguna; descanso 10 min
-- vuelta 10 · cuenta G · faltan: 3:4 · 13:14:35
   503 en G (ni T4 ni TPU) — SIGUIENTE CUENTA ya (sin esperar)
-- vuelta 10 · cuenta J · faltan: 3:4 · 13:14:41
   503 en J (ni T4 ni TPU) — SIGUIENTE CUENTA ya (sin esperar)
-- vuelta 10 recorrida entera sin T4 en ninguna; descanso 10 min
-- vuelta 11 · cuenta G · faltan: 3:4 · 13:24:47
   503 en G (ni T4 ni TPU) — SIGUIENTE CUENTA ya (sin esperar)
-- vuelta 11 · cuenta J · faltan: 3:4 · 13:24:53
   503 en J (ni T4 ni TPU) — SIGUIENTE CUENTA ya (sin esperar)
-- vuelta 11 recorrida entera sin T4 en ninguna; descanso 10 min
-- vuelta 12 · cuenta G · faltan: 3:4 · 13:34:59
   503 en G (ni T4 ni TPU) — SIGUIENTE CUENTA ya (sin esperar)
-- vuelta 12 · cuenta J · faltan: 3:4 · 13:35:05
   >> OTORGADA en J (T4): [tr2_j_1335] gpu-t4-s-kkb-ass1a1-jz2u3hyd7viz | Hardware: T4 | Variant: GPU | Status: IDLE
   -> tramo 3:4 en J (desde el paso 6000)
== tramo · cuenta J · sesion tr2_j_1335 · nd3_s4 · +2000 de 8000 pasos · p_nose 0.4 · abst cabeza · donde lat2 · mezcla fija · piso 0.10 · p_vieja 0.35 · blanco ausencia · kq 5 · ses-extra 0 · sello abs · pert 0 · micro 0 · b_eval 0 · formas directa · perdida bce · sembrar 0 · rec L=0.5 M=0.5 F=0.2 CE=1.0 RANK=0.0 · topk 0 desde 0 · relleno 0 (real, solapado, cada 1000) · fotos 100 · ses-extra-sin-grad 0 · compuesta 0.5 · bloques 0,2 · rel2-sesion 1 · rel2-barajar 1
[colab] Uploaded '/tmp/tmp.JwWGaSduYp/micro.tgz' to '/content/micro.tgz'
== subiendo checkpoint previo (13M)
[colab] Uploaded '/home/maxi/Disco_de_Guardado/Carpetas_Usuario/Documentos/Nuevo Transformer/delta-archivo/micro_lm/ckpts/nd3_s4.pkl' to '/content/ck.pkl'
[colab] Uploaded '/home/maxi/Disco_de_Guardado/Carpetas_Usuario/Documentos/Nuevo Transformer/delta-archivo/micro_lm/ckpts/nd3_s4_fotos.json' to '/content/ck_fotos.json'
jax 0.11.1 | [CudaDevice(id=0)]
compuerta de padding OK
lanzado pid 4273
== polling cada 2 min (presupuesto ~40 min, tope 120)
VIVO= True ULTIMO= fotos: cada 100 pasos -> /content/ck_fotos.json · pregunta: BOS cual es la altura de bosque ? · slots correctos [5] 
VIVO= True ULTIMO= paso   6500  loss 0.5747  acc 0.8438  (250s) 
VIVO= True ULTIMO= ── eval: vigente 0.9961 · anterior 1.0000 · abstencion 0.3672 · truncados 0.0000 · compuesta 0.4062 · nose_comp 0.0000 · nose 0.8628 (ent 0.9669/rel 0.9861) · falsa_abst 0.0000 
   [checkpoint parcial guardado: paso 6500]
   [pelicula parcial: 7000 pasos]
VIVO= True ULTIMO= ── eval: vigente 1.0000 · anterior 1.0000 · abstencion 0.3613 · truncados 0.0000 · compuesta 0.3542 · nose_comp 0.0000 · nose 0.8474 (ent 0.9476/rel 0.9722) · falsa_abst 0.0000 
VIVO= True ULTIMO= ── eval: vigente 1.0000 · anterior 1.0000 · abstencion 0.3613 · truncados 0.0000 · compuesta 0.3542 · nose_comp 0.0000 · nose 0.8474 (ent 0.9476/rel 0.9722) · falsa_abst 0.0000 
VIVO= True ULTIMO= ── eval: vigente 1.0000 · anterior 1.0000 · abstencion 0.3672 · truncados 0.0000 · compuesta 0.3802 · nose_comp 0.0000 · nose 0.8625 (ent 0.9712/rel 0.9861) · falsa_abst 0.0000 
VIVO= True ULTIMO= ── eval: vigente 1.0000 · anterior 1.0000 · abstencion 0.3672 · truncados 0.0000 · compuesta 0.3802 · nose_comp 0.0000 · nose 0.8625 (ent 0.9712/rel 0.9861) · falsa_abst 0.0000 
   [checkpoint parcial guardado: paso 7500]
   [pelicula parcial: 8000 pasos]
VIVO= False ULTIMO= listo: {'paso': 8000, 'truncados': 0.0, 'p_nose': 0.4, 'mezcla_usada': {'vigente': 0.39, 'anterior': 0.21, 'nose': 0.4}, 'mezcla_promedio': {'vigente': 0.39, 'anterior': 0.21, 'nose': 0.4}, 'p_vieja_tr': 0.35, 'p_nose_tr': 0.4, 'vigente': 1.0, 'anterior': 1.0, 'nose': 0.8674722473598035, 'nose_ent': 0.9807692307692308, 'nose_rel': 0.9861111111111112, 'falsa_abst': 0.0, 'abstencion': 0.369140625, 'compuesta': 0.32291666666666663, 'nose_comp': 0.0, 'topk': 0, 'cruzada_largo': {'vigente': 0.06409637353040651, 'anterior': 0.40069444444444446, 'nose': 0.8513935340022296, 'nose_ent': 0.9633413461538461, 'nose_rel': 0.9723214285714286, 'falsa_abst': 0.6491331754932304, 'abstencion': 0.728515625, 'compuesta': 0.16919642857142858, 'nose_comp': 0.041666666666666664}} 
== tramo terminado
== bajando checkpoint
   checkpoint en /home/maxi/Disco_de_Guardado/Carpetas_Usuario/Documentos/Nuevo Transformer/delta-archivo/micro_lm/ckpts/nd3_s4.pkl (13M)
   pelicula en /home/maxi/Disco_de_Guardado/Carpetas_Usuario/Documentos/Nuevo Transformer/delta-archivo/micro_lm/ckpts/nd3_s4_fotos.json (80 cuadros)
   ultimo paso registrado: "paso": 8000
== fin del tramo (la sesion queda VIVA para el tramo siguiente; pararla con: colab stop -s tr2_j_1335)
   tramo de 3:4 cerrado en el paso 8000 de 8000
   tr2_j_1335 parada; pendientes ahora: 
-- vuelta 12 recorrida entera sin T4 en ninguna; descanso 10 min
== fin · pendientes: 
