== watchdog2 armado sobre /home/maxi/Disco_de_Guardado/Carpetas_Usuario/Documentos/Nuevo Transformer/delta-archivo/micro_lm/corridas_20260912/rotador_md3_s1.log (rotador 262515)
== rotador2 · familia 'md' · p_nose 0.4 · mezcla fija · piso 0.10 · p_vieja 0.35 · sello abs · pert 0 · topk 0/0 · relleno 0 (real,solapado) · fotos 100 · unidades 3:1 · cuentas: I F
-- vuelta 1 · cuenta I · faltan: 3:1 · 08:03:24
   503 en I (ni T4 ni TPU) — SIGUIENTE CUENTA ya (sin esperar)
-- vuelta 1 · cuenta F · faltan: 3:1 · 08:03:31
   >> OTORGADA en F (T4): [tr2_f_0803] gpu-t4-s-kkb-ass1c0-u7tinn3u302d | Hardware: T4 | Variant: GPU | Status: IDLE
   -> tramo 3:1 en F (desde el paso 0)
== tramo · cuenta F · sesion tr2_f_0803 · md3_s1 · +2000 de 8000 pasos · p_nose 0.4 · abst cabeza · donde lat2 · mezcla fija · piso 0.10 · p_vieja 0.35 · blanco ausencia · kq 5 · ses-extra 0 · sello abs · pert 0 · micro 0 · b_eval 0 · formas directa · perdida bce · sembrar 0 · rec L=0.5 M=0.5 F=0.2 CE=1.0 RANK=0.0 · topk 0 desde 0 · relleno 0 (real, solapado, cada 1000) · fotos 100 · ses-extra-sin-grad 0 · compuesta 0.5 · bloques 0,2 · rel2-sesion 1
[colab] Uploaded '/tmp/tmp.hlPszQqcuX/micro.tgz' to '/content/micro.tgz'
== subiendo checkpoint previo (4,1M)
[colab] Uploaded '/home/maxi/Disco_de_Guardado/Carpetas_Usuario/Documentos/Nuevo Transformer/delta-archivo/micro_lm/ckpts/md3_s1.pkl' to '/content/ck.pkl'
jax 0.11.1 | [CudaDevice(id=0)]
compuerta de padding OK
lanzado pid 1220
== polling cada 2 min (presupuesto ~40 min, tope 120)
VIVO= True ULTIMO= W0912 11:04:35.614916    1244 cuda_timer.cc:88] Delay kernel timed out: measured time has sub-optimal accuracy. There may be a missing warmup execution, please investigate in Nsight Systems. 
VIVO= True ULTIMO= ── eval: vigente 0.9040 · anterior 0.7750 · abstencion 0.3770 · truncados 0.0000 · compuesta 0.4674 · nose_comp 0.8810 · nose 0.8577 (ent 0.7931/rel 0.9225) · falsa_abst 0.0274 
VIVO= True ULTIMO= ── eval: vigente 0.9040 · anterior 0.7750 · abstencion 0.3770 · truncados 0.0000 · compuesta 0.4674 · nose_comp 0.8810 · nose 0.8577 (ent 0.7931/rel 0.9225) · falsa_abst 0.0274 
   [checkpoint parcial guardado: paso 500]
   [pelicula parcial: 1100 pasos]
VIVO= True ULTIMO= ── eval: vigente 0.9339 · anterior 0.9375 · abstencion 0.3887 · truncados 0.0000 · compuesta 0.4076 · nose_comp 0.9167 · nose 0.8785 (ent 0.8213/rel 0.9273) · falsa_abst 0.0306 
VIVO= True ULTIMO= ── eval: vigente 0.9339 · anterior 0.9375 · abstencion 0.3887 · truncados 0.0000 · compuesta 0.4076 · nose_comp 0.9167 · nose 0.8785 (ent 0.8213/rel 0.9273) · falsa_abst 0.0306 
VIVO= True ULTIMO= ── eval: vigente 0.9107 · anterior 0.9000 · abstencion 0.4141 · truncados 0.0000 · compuesta 0.5187 · nose_comp 0.9167 · nose 0.9114 (ent 0.8966/rel 0.9362) · falsa_abst 0.0509 
VIVO= True ULTIMO= ── eval: vigente 0.9107 · anterior 0.9000 · abstencion 0.4141 · truncados 0.0000 · compuesta 0.5187 · nose_comp 0.9167 · nose 0.9114 (ent 0.8966/rel 0.9362) · falsa_abst 0.0509 
   [checkpoint parcial guardado: paso 1500]
   [pelicula parcial: 2000 pasos]
VIVO= False ULTIMO= listo: {'paso': 2000, 'truncados': 0.0, 'p_nose': 0.4, 'mezcla_usada': {'vigente': 0.39, 'anterior': 0.21, 'nose': 0.4}, 'mezcla_promedio': {'vigente': 0.39, 'anterior': 0.21, 'nose': 0.4}, 'p_vieja_tr': 0.35, 'p_nose_tr': 0.4, 'vigente': 0.9299869200553784, 'anterior': 0.9625, 'nose': 0.9184420783558714, 'nose_ent': 0.8766483516483516, 'nose_rel': 0.9633959790209791, 'falsa_abst': 0.04391270970218339, 'abstencion': 0.412109375, 'compuesta': 0.3902777777777778, 'nose_comp': 0.9166666666666666, 'topk': 0, 'cruzada_largo': {'vigente': 0.07416997354497354, 'anterior': 0.2511904761904762, 'nose': 0.9190986306990805, 'nose_ent': 0.9174575424575424, 'nose_rel': 0.9226100288600287, 'falsa_abst': 0.6778974551201145, 'abstencion': 0.779296875, 'compuesta': 0.3645833333333333, 'nose_comp': 0.8177083333333333}} 
== tramo terminado
== bajando checkpoint
   checkpoint en /home/maxi/Disco_de_Guardado/Carpetas_Usuario/Documentos/Nuevo Transformer/delta-archivo/micro_lm/ckpts/md3_s1.pkl (13M)
   pelicula en /home/maxi/Disco_de_Guardado/Carpetas_Usuario/Documentos/Nuevo Transformer/delta-archivo/micro_lm/ckpts/md3_s1_fotos.json (20 cuadros)
   ultimo paso registrado: "paso": 2000
== fin del tramo (la sesion queda VIVA para el tramo siguiente; pararla con: colab stop -s tr2_f_0803)
   tramo de 3:1 cerrado en el paso 2000 de 8000
   tr2_f_0803 parada; pendientes ahora: 3:1
-- vuelta 1 recorrida entera sin T4 en ninguna; descanso 10 min
-- vuelta 2 · cuenta I · faltan: 3:1 · 08:32:58
   >> OTORGADA en I (T4): [tr2_i_0832] gpu-t4-s-kkb-usw1b0-3pgqzpgeg7atj | Hardware: T4 | Variant: GPU | Status: IDLE
   -> tramo 3:1 en I (desde el paso 2000)
== tramo · cuenta I · sesion tr2_i_0832 · md3_s1 · +2000 de 8000 pasos · p_nose 0.4 · abst cabeza · donde lat2 · mezcla fija · piso 0.10 · p_vieja 0.35 · blanco ausencia · kq 5 · ses-extra 0 · sello abs · pert 0 · micro 0 · b_eval 0 · formas directa · perdida bce · sembrar 0 · rec L=0.5 M=0.5 F=0.2 CE=1.0 RANK=0.0 · topk 0 desde 0 · relleno 0 (real, solapado, cada 1000) · fotos 100 · ses-extra-sin-grad 0 · compuesta 0.5 · bloques 0,2 · rel2-sesion 1
[colab] Uploaded '/tmp/tmp.Ggkvu2W8ZJ/micro.tgz' to '/content/micro.tgz'
== subiendo checkpoint previo (13M)
[colab] Uploaded '/home/maxi/Disco_de_Guardado/Carpetas_Usuario/Documentos/Nuevo Transformer/delta-archivo/micro_lm/ckpts/md3_s1.pkl' to '/content/ck.pkl'
[colab] Uploaded '/home/maxi/Disco_de_Guardado/Carpetas_Usuario/Documentos/Nuevo Transformer/delta-archivo/micro_lm/ckpts/md3_s1_fotos.json' to '/content/ck_fotos.json'
jax 0.11.1 | [CudaDevice(id=0)]
compuerta de padding OK
lanzado pid 2240
== polling cada 2 min (presupuesto ~40 min, tope 120)
VIVO= True ULTIMO= W0912 11:33:57.686614    2264 cuda_timer.cc:88] Delay kernel timed out: measured time has sub-optimal accuracy. There may be a missing warmup execution, please investigate in Nsight Systems. 
VIVO= True ULTIMO= W0912 11:33:57.686614    2264 cuda_timer.cc:88] Delay kernel timed out: measured time has sub-optimal accuracy. There may be a missing warmup execution, please investigate in Nsight Systems. 
VIVO= True ULTIMO= ── eval: vigente 0.9437 · anterior 1.0000 · abstencion 0.3984 · truncados 0.0000 · compuesta 0.4510 · nose_comp 0.9167 · nose 0.9064 (ent 0.8812/rel 0.9366) · falsa_abst 0.0273 
   [checkpoint parcial guardado: paso 2500]
   [pelicula parcial: 2900 pasos]
VIVO= True ULTIMO= ── eval: vigente 0.9437 · anterior 1.0000 · abstencion 0.3984 · truncados 0.0000 · compuesta 0.4510 · nose_comp 0.9167 · nose 0.9064 (ent 0.8812/rel 0.9366) · falsa_abst 0.0273 
Terminado
Terminado
   tramo de 3:1 cerrado en el paso 2500 de 8000
   tr2_i_0832 parada; pendientes ahora: 3:1
-- vuelta 2 · cuenta F · faltan: 3:1 · 08:43:23
   >> OTORGADA en F (T4): [tr2_f_0843] gpu-t4-s-kkb-ass1c2-2uzexmjx3jq7l | Hardware: T4 | Variant: GPU | Status: IDLE
   -> tramo 3:1 en F (desde el paso 2500)
== tramo · cuenta F · sesion tr2_f_0843 · md3_s1 · +2000 de 8000 pasos · p_nose 0.4 · abst cabeza · donde lat2 · mezcla fija · piso 0.10 · p_vieja 0.35 · blanco ausencia · kq 5 · ses-extra 0 · sello abs · pert 0 · micro 0 · b_eval 0 · formas directa · perdida bce · sembrar 0 · rec L=0.5 M=0.5 F=0.2 CE=1.0 RANK=0.0 · topk 0 desde 0 · relleno 0 (real, solapado, cada 1000) · fotos 100 · ses-extra-sin-grad 0 · compuesta 0.5 · bloques 0,2 · rel2-sesion 1 · rel2-barajar 0
[colab] Uploaded '/tmp/tmp.PjkNkhSvcZ/micro.tgz' to '/content/micro.tgz'
== subiendo checkpoint previo (13M)
[colab] Uploaded '/home/maxi/Disco_de_Guardado/Carpetas_Usuario/Documentos/Nuevo Transformer/delta-archivo/micro_lm/ckpts/md3_s1.pkl' to '/content/ck.pkl'
[colab] Uploaded '/home/maxi/Disco_de_Guardado/Carpetas_Usuario/Documentos/Nuevo Transformer/delta-archivo/micro_lm/ckpts/md3_s1_fotos.json' to '/content/ck_fotos.json'
