== watchdog2 armado sobre /home/maxi/Disco_de_Guardado/Carpetas_Usuario/Documentos/Nuevo Transformer/delta-archivo/micro_lm/salidas/camp_at_s2.log (rotador 199348)
== rotador2 · familia 'at' · p_nose 0.4 · mezcla fija · piso 0.10 · p_vieja 0.35 · sello abs · pert 0 · unidades 3:2 · cuentas: D E F J A
-- vuelta 1 · cuenta D · faltan: 3:2 · 07:07:32
   >> OTORGADA en D (T4): [tr2_d_0707] gpu-t4-s-kkb-ass1c1-3pfvw23l380ba | Hardware: T4 | Variant: GPU | Status: IDLE
   -> tramo 3:2 en D (desde el paso 0)
== tramo · cuenta D · sesion tr2_d_0707 · at3_s2 · +2000 de 26000 pasos · p_nose 0.4 · abst cabeza · donde attn · mezcla fija · piso 0.10 · p_vieja 0.35 · blanco ausencia · kq 5 · ses-extra 0 · sello abs · pert 0 · micro 0 · b_eval 0 · formas directa · perdida bce · sembrar 0 · rec L=0.5 M=0.5 F=0.2 CE=1.0 RANK=0.0
[colab] Uploaded '/tmp/tmp.5DUQV4f74J/micro.tgz' to '/content/micro.tgz'
== sin checkpoint local: se limpia /content/ck.pkl por si quedo de otra unidad
no habia ck.pkl
jax 0.11.1 | [CudaDevice(id=0)]
compuerta de padding OK
lanzado pid 1340
== polling cada 2 min (presupuesto ~40 min)
VIVO= True ULTIMO= tramo: se corre hasta el paso 2000 y se guarda para continuar despues 
VIVO= True ULTIMO= paso    500  loss 5.2051  acc 0.0469  (242s) 
VIVO= True ULTIMO= ── eval: vigente 0.1276 · anterior 0.0563 · abstencion 0.0000 · truncados 0.0000 · nose 0.0000 (ent 0.0000/rel 0.0000) · falsa_abst 0.0000 
   [checkpoint parcial guardado: paso 500]
VIVO= True ULTIMO= ── eval: vigente 0.2603 · anterior 0.2246 · abstencion 0.0020 · truncados 0.0000 · nose 0.0057 (ent 0.0000/rel 0.0114) · falsa_abst 0.0000 
VIVO= True ULTIMO= ── eval: vigente 0.2603 · anterior 0.2246 · abstencion 0.0020 · truncados 0.0000 · nose 0.0057 (ent 0.0000/rel 0.0114) · falsa_abst 0.0000 
VIVO= True ULTIMO= ── eval: vigente 0.3575 · anterior 0.1897 · abstencion 0.0840 · truncados 0.0000 · nose 0.1156 (ent 0.1377/rel 0.0932) · falsa_abst 0.0634 
VIVO= True ULTIMO= ── eval: vigente 0.3575 · anterior 0.1897 · abstencion 0.0840 · truncados 0.0000 · nose 0.1156 (ent 0.1377/rel 0.0932) · falsa_abst 0.0634 
   [checkpoint parcial guardado: paso 1500]
VIVO= False ULTIMO= listo: {'paso': 2000, 'truncados': 0.0, 'p_nose': 0.4, 'mezcla_usada': {'vigente': 0.39, 'anterior': 0.21, 'nose': 0.4}, 'mezcla_promedio': {'vigente': 0.39, 'anterior': 0.21, 'nose': 0.4}, 'p_vieja_tr': 0.35, 'p_nose_tr': 0.4, 'vigente': 0.5854864603762319, 'anterior': 0.7504464285714285, 'nose': 0.22804487179487182, 'nose_ent': 0.24043300932813316, 'nose_rel': 0.23505123348873347, 'falsa_abst': 0.1062458117218179, 'abstencion': 0.150390625, 'cruzada_largo': {'vigente': 0.029922735656445626, 'anterior': 0.05208333333333333, 'nose': 0.15070494571579557, 'nose_ent': 0.13875915750915752, 'nose_rel': 0.1536300505050505, 'falsa_abst': 0.095999624941769, 'abstencion': 0.115234375}} 
== tramo terminado
== bajando checkpoint
   checkpoint en /home/maxi/Documentos/Nuevo Transformer/delta-archivo/micro_lm/ckpts/at3_s2.pkl (10M)
   ultimo paso registrado: "paso": 2000
== fin del tramo (la sesion queda VIVA para el tramo siguiente; pararla con: colab stop -s tr2_d_0707)
   tramo de 3:2 cerrado en el paso 2000 de 26000
   tr2_d_0707 parada; pendientes ahora: 3:2
-- vuelta 1 · cuenta E · faltan: 3:2 · 07:25:54
   >> OTORGADA en E (T4): [tr2_e_0725] gpu-t4-s-kkb-euw4c0-dhpc74zyr390 | Hardware: T4 | Variant: GPU | Status: IDLE
   -> tramo 3:2 en E (desde el paso 2000)
== tramo · cuenta E · sesion tr2_e_0725 · at3_s2 · +2000 de 26000 pasos · p_nose 0.4 · abst cabeza · donde attn · mezcla fija · piso 0.10 · p_vieja 0.35 · blanco ausencia · kq 5 · ses-extra 0 · sello abs · pert 0 · micro 0 · b_eval 0 · formas directa · perdida bce · sembrar 0 · rec L=0.5 M=0.5 F=0.2 CE=1.0 RANK=0.0
[colab] Uploaded '/tmp/tmp.ujXpirVtvE/micro.tgz' to '/content/micro.tgz'
== subiendo checkpoint previo (10M)
[colab] Uploaded '/home/maxi/Documentos/Nuevo Transformer/delta-archivo/micro_lm/ckpts/at3_s2.pkl' to '/content/ck.pkl'
jax 0.11.1 | [CudaDevice(id=0)]
compuerta de padding OK
lanzado pid 1125
== polling cada 2 min (presupuesto ~40 min)
VIVO= True ULTIMO= tramo: se corre hasta el paso 4000 y se guarda para continuar despues 
VIVO= True ULTIMO= tramo: se corre hasta el paso 4000 y se guarda para continuar despues 
VIVO= True ULTIMO= ── eval: vigente 0.6358 · anterior 0.8339 · abstencion 0.1621 · truncados 0.0000 · nose 0.3707 (ent 0.3380/rel 0.4075) · falsa_abst 0.0380 
   [checkpoint parcial guardado: paso 2500]
VIVO= True ULTIMO= paso   3000  loss 1.4338  acc 0.6875  (487s) 
VIVO= True ULTIMO= ── eval: vigente 0.6725 · anterior 0.7210 · abstencion 0.2031 · truncados 0.0000 · nose 0.4353 (ent 0.4423/rel 0.4310) · falsa_abst 0.0658 
VIVO= True ULTIMO= ── eval: vigente 0.6160 · anterior 0.7768 · abstencion 0.2500 · truncados 0.0000 · nose 0.4869 (ent 0.4495/rel 0.5475) · falsa_abst 0.1059 
VIVO= True ULTIMO= ── eval: vigente 0.6160 · anterior 0.7768 · abstencion 0.2500 · truncados 0.0000 · nose 0.4869 (ent 0.4495/rel 0.5475) · falsa_abst 0.1059 
   [checkpoint parcial guardado: paso 3500]
VIVO= False ULTIMO= listo: {'paso': 4000, 'truncados': 0.0, 'p_nose': 0.4, 'mezcla_usada': {'vigente': 0.39, 'anterior': 0.21, 'nose': 0.4}, 'mezcla_promedio': {'vigente': 0.39, 'anterior': 0.21, 'nose': 0.4}, 'p_vieja_tr': 0.35, 'p_nose_tr': 0.4, 'vigente': 0.6930187373051978, 'anterior': 0.8290178571428571, 'nose': 0.4769532550782551, 'nose_ent': 0.4202555603581145, 'nose_rel': 0.5458612567987569, 'falsa_abst': 0.050087576896787424, 'abstencion': 0.2109375, 'cruzada_largo': {'vigente': 0.04336618972441541, 'anterior': 0.05173611111111111, 'nose': 0.23691223168320147, 'nose_ent': 0.20861950549450547, 'nose_rel': 0.2609217171717172, 'falsa_abst': 0.1489484817193269, 'abstencion': 0.18359375}} 
== tramo terminado
== bajando checkpoint
   checkpoint en /home/maxi/Documentos/Nuevo Transformer/delta-archivo/micro_lm/ckpts/at3_s2.pkl (10M)
   ultimo paso registrado: "paso": 4000
== fin del tramo (la sesion queda VIVA para el tramo siguiente; pararla con: colab stop -s tr2_e_0725)
   tramo de 3:2 cerrado en el paso 4000 de 26000
   tr2_e_0725 parada; pendientes ahora: 3:2
-- vuelta 1 · cuenta F · faltan: 3:2 · 07:43:48
   >> OTORGADA en F (T4): [tr2_f_0743] gpu-t4-s-kkb-usw1b2-3l4z1jxyc4bds | Hardware: T4 | Variant: GPU | Status: IDLE
   -> tramo 3:2 en F (desde el paso 4000)
== tramo · cuenta F · sesion tr2_f_0743 · at3_s2 · +2000 de 26000 pasos · p_nose 0.4 · abst cabeza · donde attn · mezcla fija · piso 0.10 · p_vieja 0.35 · blanco ausencia · kq 5 · ses-extra 0 · sello abs · pert 0 · micro 0 · b_eval 0 · formas directa · perdida bce · sembrar 0 · rec L=0.5 M=0.5 F=0.2 CE=1.0 RANK=0.0
[colab] Uploaded '/tmp/tmp.MGdXA9fyvv/micro.tgz' to '/content/micro.tgz'
== subiendo checkpoint previo (10M)
[colab] Uploaded '/home/maxi/Documentos/Nuevo Transformer/delta-archivo/micro_lm/ckpts/at3_s2.pkl' to '/content/ck.pkl'
jax 0.11.1 | [CudaDevice(id=0)]
compuerta de padding OK
lanzado pid 2224
== polling cada 2 min (presupuesto ~40 min)
VIVO= True ULTIMO= tramo: se corre hasta el paso 6000 y se guarda para continuar despues 
VIVO= True ULTIMO= tramo: se corre hasta el paso 6000 y se guarda para continuar despues 
VIVO= True ULTIMO= ── eval: vigente 0.7885 · anterior 0.8165 · abstencion 0.2129 · truncados 0.0000 · nose 0.4404 (ent 0.3377/rel 0.5239) · falsa_abst 0.0752 
   [checkpoint parcial guardado: paso 4500]
VIVO= True ULTIMO= paso   5000  loss 0.6499  acc 0.7500  (486s) 
VIVO= True ULTIMO= ── eval: vigente 0.6966 · anterior 0.9250 · abstencion 0.4004 · truncados 0.0000 · nose 0.6830 (ent 0.6295/rel 0.7260) · falsa_abst 0.2290 
VIVO= True ULTIMO= ── eval: vigente 0.8841 · anterior 0.9437 · abstencion 0.2715 · truncados 0.0000 · nose 0.5956 (ent 0.5410/rel 0.6450) · falsa_abst 0.0739 
VIVO= True ULTIMO= ── eval: vigente 0.8841 · anterior 0.9437 · abstencion 0.2715 · truncados 0.0000 · nose 0.5956 (ent 0.5410/rel 0.6450) · falsa_abst 0.0739 
   [checkpoint parcial guardado: paso 5500]
VIVO= False ULTIMO= listo: {'paso': 6000, 'truncados': 0.0, 'p_nose': 0.4, 'mezcla_usada': {'vigente': 0.39, 'anterior': 0.21, 'nose': 0.4}, 'mezcla_promedio': {'vigente': 0.39, 'anterior': 0.21, 'nose': 0.4}, 'p_vieja_tr': 0.35, 'p_nose_tr': 0.4, 'vigente': 0.8685256159981367, 'anterior': 0.975, 'nose': 0.6848391192141192, 'nose_ent': 0.6520835636886333, 'nose_rel': 0.7083976787101787, 'falsa_abst': 0.07736722878944241, 'abstencion': 0.302734375, 'cruzada_largo': {'vigente': 0.13848995181844373, 'anterior': 0.2534722222222222, 'nose': 0.7407805081567214, 'nose_ent': 0.7356513278388279, 'nose_rel': 0.7370896464646465, 'falsa_abst': 0.46811244153842, 'abstencion': 0.564453125}} 
== tramo terminado
== bajando checkpoint
   checkpoint en /home/maxi/Documentos/Nuevo Transformer/delta-archivo/micro_lm/ckpts/at3_s2.pkl (10M)
   ultimo paso registrado: "paso": 6000
== fin del tramo (la sesion queda VIVA para el tramo siguiente; pararla con: colab stop -s tr2_f_0743)
   tramo de 3:2 cerrado en el paso 6000 de 26000
   tr2_f_0743 parada; pendientes ahora: 3:2
-- vuelta 1 · cuenta J · faltan: 3:2 · 08:01:22
   >> OTORGADA en J (T4): [tr2_j_0801] gpu-t4-s-kkb-usw4b0-itvhqd9si3f5 | Hardware: T4 | Variant: GPU | Status: IDLE
   -> tramo 3:2 en J (desde el paso 6000)
== tramo · cuenta J · sesion tr2_j_0801 · at3_s2 · +2000 de 26000 pasos · p_nose 0.4 · abst cabeza · donde attn · mezcla fija · piso 0.10 · p_vieja 0.35 · blanco ausencia · kq 5 · ses-extra 0 · sello abs · pert 0 · micro 0 · b_eval 0 · formas directa · perdida bce · sembrar 0 · rec L=0.5 M=0.5 F=0.2 CE=1.0 RANK=0.0
[colab] Uploaded '/tmp/tmp.6J3dqpjDFE/micro.tgz' to '/content/micro.tgz'
== subiendo checkpoint previo (10M)
[colab] Uploaded '/home/maxi/Documentos/Nuevo Transformer/delta-archivo/micro_lm/ckpts/at3_s2.pkl' to '/content/ck.pkl'
jax 0.11.1 | [CudaDevice(id=0)]
compuerta de padding OK
lanzado pid 597
== polling cada 2 min (presupuesto ~40 min)
VIVO= True ULTIMO= tramo: se corre hasta el paso 8000 y se guarda para continuar despues 
VIVO= True ULTIMO= tramo: se corre hasta el paso 8000 y se guarda para continuar despues 
VIVO= True ULTIMO= ── eval: vigente 0.8923 · anterior 0.9750 · abstencion 0.3105 · truncados 0.0000 · nose 0.7198 (ent 0.6047/rel 0.8190) · falsa_abst 0.0631 
   [checkpoint parcial guardado: paso 6500]
VIVO= True ULTIMO= ── eval: vigente 0.8923 · anterior 0.9750 · abstencion 0.3105 · truncados 0.0000 · nose 0.7198 (ent 0.6047/rel 0.8190) · falsa_abst 0.0631 
VIVO= True ULTIMO= ── eval: vigente 0.9632 · anterior 0.8987 · abstencion 0.2832 · truncados 0.0000 · nose 0.7299 (ent 0.6297/rel 0.8422) · falsa_abst 0.0162 
VIVO= True ULTIMO= paso   7500  loss 0.3972  acc 0.8750  (727s) 
VIVO= True ULTIMO= ── eval: vigente 0.9702 · anterior 1.0000 · abstencion 0.2871 · truncados 0.0000 · nose 0.7430 (ent 0.6873/rel 0.7941) · falsa_abst 0.0163 
   [checkpoint parcial guardado: paso 7500]
VIVO= True ULTIMO= paso   8000  loss 0.3034  acc 0.8750  (966s) 
VIVO= False ULTIMO= listo: {'paso': 8000, 'truncados': 0.0, 'p_nose': 0.4, 'mezcla_usada': {'vigente': 0.39, 'anterior': 0.21, 'nose': 0.4}, 'mezcla_promedio': {'vigente': 0.39, 'anterior': 0.21, 'nose': 0.4}, 'p_vieja_tr': 0.35, 'p_nose_tr': 0.4, 'vigente': 0.9516139994469809, 'anterior': 0.975, 'nose': 0.8489729020979021, 'nose_ent': 0.7768371672831812, 'nose_rel': 0.9322649572649573, 'falsa_abst': 0.03700956658580497, 'abstencion': 0.33984375, 'cruzada_largo': {'vigente': 0.16597924452902638, 'anterior': 0.42083333333333334, 'nose': 0.7724584098073998, 'nose_ent': 0.7285828754578755, 'nose_rel': 0.8155618686868686, 'falsa_abst': 0.5771412369221501, 'abstencion': 0.6484375}} 
== tramo terminado
== bajando checkpoint
   checkpoint en /home/maxi/Documentos/Nuevo Transformer/delta-archivo/micro_lm/ckpts/at3_s2.pkl (10M)
   ultimo paso registrado: "paso": 8000
== fin del tramo (la sesion queda VIVA para el tramo siguiente; pararla con: colab stop -s tr2_j_0801)
   tramo de 3:2 cerrado en el paso 8000 de 26000
   tr2_j_0801 parada; pendientes ahora: 3:2
-- vuelta 1 · cuenta A · faltan: 3:2 · 08:20:39
   >> OTORGADA en A (T4): [tr2_a_0820] gpu-t4-s-kkb-usw4a1-327seon2573gt | Hardware: T4 | Variant: GPU | Status: IDLE
   -> tramo 3:2 en A (desde el paso 8000)
== tramo · cuenta A · sesion tr2_a_0820 · at3_s2 · +2000 de 26000 pasos · p_nose 0.4 · abst cabeza · donde attn · mezcla fija · piso 0.10 · p_vieja 0.35 · blanco ausencia · kq 5 · ses-extra 0 · sello abs · pert 0 · micro 0 · b_eval 0 · formas directa · perdida bce · sembrar 0 · rec L=0.5 M=0.5 F=0.2 CE=1.0 RANK=0.0
[colab] Uploaded '/tmp/tmp.JUCktnXbra/micro.tgz' to '/content/micro.tgz'
== subiendo checkpoint previo (10M)
[colab] Uploaded '/home/maxi/Documentos/Nuevo Transformer/delta-archivo/micro_lm/ckpts/at3_s2.pkl' to '/content/ck.pkl'
jax 0.11.1 | [CudaDevice(id=0)]
compuerta de padding OK
lanzado pid 2270
== polling cada 2 min (presupuesto ~40 min)
VIVO= True ULTIMO= tramo: se corre hasta el paso 10000 y se guarda para continuar despues 
VIVO= True ULTIMO= paso   8500  loss 0.2899  acc 0.8750  (241s) 
VIVO= True ULTIMO= ── eval: vigente 0.8781 · anterior 0.9500 · abstencion 0.4004 · truncados 0.0000 · nose 0.9002 (ent 0.8097/rel 0.9747) · falsa_abst 0.1014 
   [checkpoint parcial guardado: paso 8500]
VIVO= True ULTIMO= paso   9000  loss 0.2693  acc 0.9219  (485s) 
VIVO= True ULTIMO= ── eval: vigente 0.9395 · anterior 0.9821 · abstencion 0.3613 · truncados 0.0000 · nose 0.8887 (ent 0.8429/rel 0.9431) · falsa_abst 0.0455 
VIVO= True ULTIMO= ── eval: vigente 0.9772 · anterior 1.0000 · abstencion 0.3262 · truncados 0.0000 · nose 0.8389 (ent 0.7445/rel 0.9209) · falsa_abst 0.0166 
VIVO= True ULTIMO= ── eval: vigente 0.9772 · anterior 1.0000 · abstencion 0.3262 · truncados 0.0000 · nose 0.8389 (ent 0.7445/rel 0.9209) · falsa_abst 0.0166 
   [checkpoint parcial guardado: paso 9500]
VIVO= False ULTIMO= listo: {'paso': 10000, 'truncados': 0.0, 'p_nose': 0.4, 'mezcla_usada': {'vigente': 0.39, 'anterior': 0.21, 'nose': 0.4}, 'mezcla_promedio': {'vigente': 0.39, 'anterior': 0.21, 'nose': 0.4}, 'p_vieja_tr': 0.35, 'p_nose_tr': 0.4, 'vigente': 0.9725886134546524, 'anterior': 0.975, 'nose': 0.8535235597735598, 'nose_ent': 0.7555659494659108, 'nose_rel': 0.9473448426573426, 'falsa_abst': 0.02309651133180545, 'abstencion': 0.333984375, 'cruzada_largo': {'vigente': 0.1883524758282401, 'anterior': 0.44131944444444443, 'nose': 0.8703490740104998, 'nose_ent': 0.8441277472527473, 'nose_rel': 0.8998421717171717, 'falsa_abst': 0.5467861300639236, 'abstencion': 0.66015625}} 
== tramo terminado
== bajando checkpoint
   checkpoint en /home/maxi/Documentos/Nuevo Transformer/delta-archivo/micro_lm/ckpts/at3_s2.pkl (10M)
   ultimo paso registrado: "paso": 10000
== fin del tramo (la sesion queda VIVA para el tramo siguiente; pararla con: colab stop -s tr2_a_0820)
   tramo de 3:2 cerrado en el paso 10000 de 26000
   tr2_a_0820 parada; pendientes ahora: 3:2
-- vuelta 1 recorrida entera sin T4 en ninguna; descanso 10 min
-- vuelta 2 · cuenta D · faltan: 3:2 · 08:47:52
   >> OTORGADA en D (T4): [tr2_d_0847] gpu-t4-s-kkb-ass1c1-1xapaor6zjhlz | Hardware: T4 | Variant: GPU | Status: IDLE
   -> tramo 3:2 en D (desde el paso 10000)
== tramo · cuenta D · sesion tr2_d_0847 · at3_s2 · +2000 de 26000 pasos · p_nose 0.4 · abst cabeza · donde attn · mezcla fija · piso 0.10 · p_vieja 0.35 · blanco ausencia · kq 5 · ses-extra 0 · sello abs · pert 0 · micro 0 · b_eval 0 · formas directa · perdida bce · sembrar 0 · rec L=0.5 M=0.5 F=0.2 CE=1.0 RANK=0.0
[colab] Uploaded '/tmp/tmp.EfvwCtppJH/micro.tgz' to '/content/micro.tgz'
== subiendo checkpoint previo (10M)
[colab] Uploaded '/home/maxi/Documentos/Nuevo Transformer/delta-archivo/micro_lm/ckpts/at3_s2.pkl' to '/content/ck.pkl'
jax 0.11.1 | [CudaDevice(id=0)]
compuerta de padding OK
lanzado pid 5064
== polling cada 2 min (presupuesto ~40 min)
VIVO= True ULTIMO= tramo: se corre hasta el paso 12000 y se guarda para continuar despues 
VIVO= True ULTIMO= ── eval: vigente 0.9649 · anterior 0.9250 · abstencion 0.3633 · truncados 0.0000 · nose 0.9168 (ent 0.8506/rel 0.9808) · falsa_abst 0.0309 

   [checkpoint parcial guardado: paso 10500]
VIVO= True ULTIMO= ── eval: vigente 0.9812 · anterior 1.0000 · abstencion 0.3379 · truncados 0.0000 · nose 0.8763 (ent 0.7996/rel 0.9701) · falsa_abst 0.0157 
VIVO= True ULTIMO= ── eval: vigente 0.9812 · anterior 1.0000 · abstencion 0.3379 · truncados 0.0000 · nose 0.8763 (ent 0.7996/rel 0.9701) · falsa_abst 0.0157 
VIVO= False ULTIMO= listo: {'paso': 12000, 'truncados': 0.0, 'p_nose': 0.4, 'mezcla_usada': {'vigente': 0.39, 'anterior': 0.21, 'nose': 0.4}, 'mezcla_promedio': {'vigente': 0.39, 'anterior': 0.21, 'nose': 0.4}, 'p_vieja_tr': 0.35, 'p_nose_tr': 0.4, 'vigente': 0.9698136507111483, 'anterior': 0.934375, 'nose': 0.9248272560772561, 'nose_ent': 0.8622784819669493, 'nose_rel': 0.9903846153846154, 'falsa_abst': 0.03231211942512252, 'abstencion': 0.3671875, 'cruzada_largo': {'vigente': 0.14639219241576695, 'anterior': 0.5815972222222223, 'nose': 0.9089026022702934, 'nose_ent': 0.8718807234432234, 'nose_rel': 0.9542613636363637, 'falsa_abst': 0.6041096874229319, 'abstencion': 0.712890625}} 
== tramo terminado
== bajando checkpoint
   checkpoint en /home/maxi/Documentos/Nuevo Transformer/delta-archivo/micro_lm/ckpts/at3_s2.pkl (10M)
   ultimo paso registrado: "paso": 12000
== fin del tramo (la sesion queda VIVA para el tramo siguiente; pararla con: colab stop -s tr2_d_0847)
   tramo de 3:2 cerrado en el paso 12000 de 26000
   tr2_d_0847 parada; pendientes ahora: 3:2
-- vuelta 2 · cuenta E · faltan: 3:2 · 09:06:30
   >> OTORGADA en E (T4): [tr2_e_0906] gpu-t4-s-kkb-use1c1-1jbkng0eypakq | Hardware: T4 | Variant: GPU | Status: IDLE
   -> tramo 3:2 en E (desde el paso 12000)
== tramo · cuenta E · sesion tr2_e_0906 · at3_s2 · +2000 de 26000 pasos · p_nose 0.4 · abst cabeza · donde attn · mezcla fija · piso 0.10 · p_vieja 0.35 · blanco ausencia · kq 5 · ses-extra 0 · sello abs · pert 0 · micro 0 · b_eval 0 · formas directa · perdida bce · sembrar 0 · rec L=0.5 M=0.5 F=0.2 CE=1.0 RANK=0.0
[colab] Uploaded '/tmp/tmp.tno79E8Nvs/micro.tgz' to '/content/micro.tgz'
== subiendo checkpoint previo (10M)
[colab] Uploaded '/home/maxi/Documentos/Nuevo Transformer/delta-archivo/micro_lm/ckpts/at3_s2.pkl' to '/content/ck.pkl'
jax 0.11.1 | [CudaDevice(id=0)]
compuerta de padding OK
lanzado pid 2115
== polling cada 2 min (presupuesto ~40 min)
VIVO= True ULTIMO= tramo: se corre hasta el paso 14000 y se guarda para continuar despues 
VIVO= True ULTIMO= tramo: se corre hasta el paso 14000 y se guarda para continuar despues 
VIVO= True ULTIMO= ── eval: vigente 0.9855 · anterior 0.9750 · abstencion 0.3535 · truncados 0.0000 · nose 0.9186 (ent 0.8752/rel 0.9640) · falsa_abst 0.0151 
   [checkpoint parcial guardado: paso 12500]
VIVO= True ULTIMO= ── eval: vigente 0.9855 · anterior 0.9750 · abstencion 0.3535 · truncados 0.0000 · nose 0.9186 (ent 0.8752/rel 0.9640) · falsa_abst 0.0151 
VIVO= True ULTIMO= ── eval: vigente 0.9817 · anterior 0.9821 · abstencion 0.3613 · truncados 0.0000 · nose 0.9325 (ent 0.8696/rel 0.9904) · falsa_abst 0.0185 
VIVO= True ULTIMO= paso  13500  loss 0.0436  acc 0.9844  (727s) 
VIVO= True ULTIMO= ── eval: vigente 0.9876 · anterior 1.0000 · abstencion 0.3574 · truncados 0.0000 · nose 0.9377 (ent 0.8905/rel 0.9886) · falsa_abst 0.0103 
   [checkpoint parcial guardado: paso 13500]
VIVO= True ULTIMO= paso  14000  loss 0.0214  acc 1.0000  (966s) 
VIVO= False ULTIMO= listo: {'paso': 14000, 'truncados': 0.0, 'p_nose': 0.4, 'mezcla_usada': {'vigente': 0.39, 'anterior': 0.21, 'nose': 0.4}, 'mezcla_promedio': {'vigente': 0.39, 'anterior': 0.21, 'nose': 0.4}, 'p_vieja_tr': 0.35, 'p_nose_tr': 0.4, 'vigente': 1.0, 'anterior': 1.0, 'nose': 0.9227439227439228, 'nose_ent': 0.8635145266240467, 'nose_rel': 0.9825721153846154, 'falsa_abst': 0.0, 'abstencion': 0.345703125, 'cruzada_largo': {'vigente': 0.18317866559359516, 'anterior': 0.5263888888888889, 'nose': 0.9012305292159115, 'nose_ent': 0.8863896520146519, 'nose_rel': 0.9211174242424243, 'falsa_abst': 0.5367857386043716, 'abstencion': 0.666015625}} 
== tramo terminado
== bajando checkpoint
   checkpoint en /home/maxi/Documentos/Nuevo Transformer/delta-archivo/micro_lm/ckpts/at3_s2.pkl (10M)
   ultimo paso registrado: "paso": 14000
== fin del tramo (la sesion queda VIVA para el tramo siguiente; pararla con: colab stop -s tr2_e_0906)
   tramo de 3:2 cerrado en el paso 14000 de 26000
   tr2_e_0906 parada; pendientes ahora: 3:2
-- vuelta 2 · cuenta F · faltan: 3:2 · 09:25:42
   >> OTORGADA en F (T4): [tr2_f_0925] gpu-t4-s-kkb-usw4a1-3lxobdg3c6akt | Hardware: T4 | Variant: GPU | Status: IDLE
   -> tramo 3:2 en F (desde el paso 14000)
== tramo · cuenta F · sesion tr2_f_0925 · at3_s2 · +2000 de 26000 pasos · p_nose 0.4 · abst cabeza · donde attn · mezcla fija · piso 0.10 · p_vieja 0.35 · blanco ausencia · kq 5 · ses-extra 0 · sello abs · pert 0 · micro 0 · b_eval 0 · formas directa · perdida bce · sembrar 0 · rec L=0.5 M=0.5 F=0.2 CE=1.0 RANK=0.0
[colab] Uploaded '/tmp/tmp.fZplplzMXG/micro.tgz' to '/content/micro.tgz'
== subiendo checkpoint previo (10M)
[colab] Uploaded '/home/maxi/Documentos/Nuevo Transformer/delta-archivo/micro_lm/ckpts/at3_s2.pkl' to '/content/ck.pkl'
jax 0.11.1 | [CudaDevice(id=0)]
compuerta de padding OK
lanzado pid 1232
== polling cada 2 min (presupuesto ~40 min)
VIVO= True ULTIMO= tramo: se corre hasta el paso 16000 y se guarda para continuar despues 
VIVO= True ULTIMO= tramo: se corre hasta el paso 16000 y se guarda para continuar despues 
VIVO= True ULTIMO= ── eval: vigente 0.9818 · anterior 0.9821 · abstencion 0.3672 · truncados 0.0000 · nose 0.9486 (ent 0.9092/rel 0.9904) · falsa_abst 0.0188 
   [checkpoint parcial guardado: paso 14500]
VIVO= True ULTIMO= ── eval: vigente 0.9818 · anterior 0.9821 · abstencion 0.3672 · truncados 0.0000 · nose 0.9486 (ent 0.9092/rel 0.9904) · falsa_abst 0.0188 
VIVO= True ULTIMO= ── eval: vigente 0.9887 · anterior 1.0000 · abstencion 0.3516 · truncados 0.0000 · nose 0.9279 (ent 0.8815/rel 0.9808) · falsa_abst 0.0066 
VIVO= True ULTIMO= paso  15500  loss 0.2994  acc 0.9062  (722s) 
VIVO= True ULTIMO= ── eval: vigente 0.9919 · anterior 1.0000 · abstencion 0.3633 · truncados 0.0000 · nose 0.9577 (ent 0.9162/rel 1.0000) · falsa_abst 0.0066 
   [checkpoint parcial guardado: paso 15500]
VIVO= False ULTIMO= listo: {'paso': 16000, 'truncados': 0.0, 'p_nose': 0.4, 'mezcla_usada': {'vigente': 0.39, 'anterior': 0.21, 'nose': 0.4}, 'mezcla_promedio': {'vigente': 0.39, 'anterior': 0.21, 'nose': 0.4}, 'p_vieja_tr': 0.35, 'p_nose_tr': 0.4, 'vigente': 0.9898648648648649, 'anterior': 1.0, 'nose': 0.938961038961039, 'nose_ent': 0.8858951355661882, 'nose_rel': 0.9903846153846154, 'falsa_abst': 0.008658008658008658, 'abstencion': 0.357421875, 'cruzada_largo': {'vigente': 0.21455816692930857, 'anterior': 0.5444444444444444, 'nose': 0.9009599664453487, 'nose_ent': 0.8766597985347986, 'nose_rel': 0.9238005050505051, 'falsa_abst': 0.5685069621718799, 'abstencion': 0.68359375}} 
== tramo terminado
== bajando checkpoint
   checkpoint en /home/maxi/Documentos/Nuevo Transformer/delta-archivo/micro_lm/ckpts/at3_s2.pkl (10M)
   ultimo paso registrado: "paso": 16000
== fin del tramo (la sesion queda VIVA para el tramo siguiente; pararla con: colab stop -s tr2_f_0925)
   tramo de 3:2 cerrado en el paso 16000 de 26000
   tr2_f_0925 parada; pendientes ahora: 3:2
-- vuelta 2 · cuenta J · faltan: 3:2 · 09:42:48
   >> OTORGADA en J (T4): [tr2_j_0942] gpu-t4-s-kkb-ass1b1-3frjyh6rnsdap | Hardware: T4 | Variant: GPU | Status: IDLE
   -> tramo 3:2 en J (desde el paso 16000)
== tramo · cuenta J · sesion tr2_j_0942 · at3_s2 · +2000 de 26000 pasos · p_nose 0.4 · abst cabeza · donde attn · mezcla fija · piso 0.10 · p_vieja 0.35 · blanco ausencia · kq 5 · ses-extra 0 · sello abs · pert 0 · micro 0 · b_eval 0 · formas directa · perdida bce · sembrar 0 · rec L=0.5 M=0.5 F=0.2 CE=1.0 RANK=0.0
[colab] Uploaded '/tmp/tmp.IEo263cG5D/micro.tgz' to '/content/micro.tgz'
== subiendo checkpoint previo (10M)
[colab] Uploaded '/home/maxi/Documentos/Nuevo Transformer/delta-archivo/micro_lm/ckpts/at3_s2.pkl' to '/content/ck.pkl'
jax 0.11.1 | [CudaDevice(id=0)]
compuerta de padding OK
lanzado pid 1542
== polling cada 2 min (presupuesto ~40 min)
VIVO= True ULTIMO= tramo: se corre hasta el paso 18000 y se guarda para continuar despues 
VIVO= True ULTIMO= paso  16500  loss 0.0329  acc 1.0000  (245s) 
VIVO= True ULTIMO= ── eval: vigente 0.9957 · anterior 0.9750 · abstencion 0.3633 · truncados 0.0000 · nose 0.9580 (ent 0.9063/rel 1.0000) · falsa_abst 0.0065 
   [checkpoint parcial guardado: paso 16500]

VIVO= True ULTIMO= ── eval: vigente 0.9934 · anterior 1.0000 · abstencion 0.3594 · truncados 0.0000 · nose 0.9485 (ent 0.9052/rel 1.0000) · falsa_abst 0.0058 
VIVO= False ULTIMO= listo: {'paso': 18000, 'truncados': 0.0, 'p_nose': 0.4, 'mezcla_usada': {'vigente': 0.39, 'anterior': 0.21, 'nose': 0.4}, 'mezcla_promedio': {'vigente': 0.39, 'anterior': 0.21, 'nose': 0.4}, 'p_vieja_tr': 0.35, 'p_nose_tr': 0.4, 'vigente': 0.9886831135571055, 'anterior': 1.0, 'nose': 0.9526244588744588, 'nose_ent': 0.9056326896787423, 'nose_rel': 1.0, 'falsa_abst': 0.009390664160401001, 'abstencion': 0.36328125, 'cruzada_largo': {'vigente': 0.12425642725959211, 'anterior': 0.4159722222222222, 'nose': 0.9515903493058666, 'nose_ent': 0.9381009615384616, 'nose_rel': 0.9708333333333333, 'falsa_abst': 0.6738483305627379, 'abstencion': 0.7734375}} 
== tramo terminado
== bajando checkpoint
   checkpoint en /home/maxi/Documentos/Nuevo Transformer/delta-archivo/micro_lm/ckpts/at3_s2.pkl (10M)
   ultimo paso registrado: "paso": 18000
== fin del tramo (la sesion queda VIVA para el tramo siguiente; pararla con: colab stop -s tr2_j_0942)
   tramo de 3:2 cerrado en el paso 18000 de 26000
   tr2_j_0942 parada; pendientes ahora: 3:2
-- vuelta 2 · cuenta A · faltan: 3:2 · 10:00:38
   >> OTORGADA en A (T4): [tr2_a_1000] gpu-t4-s-kkb-euw4a2-5aywd5117pi4 | Hardware: T4 | Variant: GPU | Status: IDLE
   -> tramo 3:2 en A (desde el paso 18000)
== tramo · cuenta A · sesion tr2_a_1000 · at3_s2 · +2000 de 26000 pasos · p_nose 0.4 · abst cabeza · donde attn · mezcla fija · piso 0.10 · p_vieja 0.35 · blanco ausencia · kq 5 · ses-extra 0 · sello abs · pert 0 · micro 0 · b_eval 0 · formas directa · perdida bce · sembrar 0 · rec L=0.5 M=0.5 F=0.2 CE=1.0 RANK=0.0
[colab] Uploaded '/tmp/tmp.LA1FhCRyk7/micro.tgz' to '/content/micro.tgz'
== subiendo checkpoint previo (10M)
[colab] Uploaded '/home/maxi/Documentos/Nuevo Transformer/delta-archivo/micro_lm/ckpts/at3_s2.pkl' to '/content/ck.pkl'
jax 0.11.1 | [CudaDevice(id=0)]
compuerta de padding OK
lanzado pid 2137
== polling cada 2 min (presupuesto ~40 min)
VIVO= True ULTIMO= tramo: se corre hasta el paso 20000 y se guarda para continuar despues 
VIVO= True ULTIMO= paso  18500  loss 0.0679  acc 0.9844  (239s) 
VIVO= True ULTIMO= ── eval: vigente 0.9849 · anterior 1.0000 · abstencion 0.3672 · truncados 0.0000 · nose 0.9604 (ent 0.9283/rel 1.0000) · falsa_abst 0.0128 
   [checkpoint parcial guardado: paso 18500]
VIVO= True ULTIMO= paso  19000  loss 0.0714  acc 0.9688  (483s) 
VIVO= True ULTIMO= ── eval: vigente 0.9960 · anterior 1.0000 · abstencion 0.3672 · truncados 0.0000 · nose 0.9726 (ent 0.9428/rel 1.0000) · falsa_abst 0.0033 
VIVO= True ULTIMO= ── eval: vigente 1.0000 · anterior 1.0000 · abstencion 0.3594 · truncados 0.0000 · nose 0.9593 (ent 0.9235/rel 1.0000) · falsa_abst 0.0000 
VIVO= True ULTIMO= ── eval: vigente 1.0000 · anterior 1.0000 · abstencion 0.3594 · truncados 0.0000 · nose 0.9593 (ent 0.9235/rel 1.0000) · falsa_abst 0.0000 
   [checkpoint parcial guardado: paso 19500]
VIVO= False ULTIMO= listo: {'paso': 20000, 'truncados': 0.0, 'p_nose': 0.4, 'mezcla_usada': {'vigente': 0.39, 'anterior': 0.21, 'nose': 0.4}, 'mezcla_promedio': {'vigente': 0.39, 'anterior': 0.21, 'nose': 0.4}, 'p_vieja_tr': 0.35, 'p_nose_tr': 0.4, 'vigente': 1.0, 'anterior': 1.0, 'nose': 0.9537962037962038, 'nose_ent': 0.910876937497487, 'nose_rel': 1.0, 'falsa_abst': 0.0, 'abstencion': 0.357421875, 'cruzada_largo': {'vigente': 0.1249100316310357, 'anterior': 0.5493055555555555, 'nose': 0.9552741277174126, 'nose_ent': 0.9352163461538461, 'nose_rel': 0.9791666666666666, 'falsa_abst': 0.6382989961761941, 'abstencion': 0.751953125}} 
== tramo terminado
== bajando checkpoint
   checkpoint en /home/maxi/Documentos/Nuevo Transformer/delta-archivo/micro_lm/ckpts/at3_s2.pkl (10M)
   ultimo paso registrado: "paso": 20000
== fin del tramo (la sesion queda VIVA para el tramo siguiente; pararla con: colab stop -s tr2_a_1000)
   tramo de 3:2 cerrado en el paso 20000 de 26000
   tr2_a_1000 parada; pendientes ahora: 3:2
-- vuelta 2 recorrida entera sin T4 en ninguna; descanso 10 min
-- vuelta 3 · cuenta D · faltan: 3:2 · 10:28:17
   >> OTORGADA en D (T4): [tr2_d_1028] gpu-t4-s-kkb-usw4a2-290usp0rb1d0l | Hardware: T4 | Variant: GPU | Status: IDLE
   -> tramo 3:2 en D (desde el paso 20000)
== tramo · cuenta D · sesion tr2_d_1028 · at3_s2 · +2000 de 26000 pasos · p_nose 0.4 · abst cabeza · donde attn · mezcla fija · piso 0.10 · p_vieja 0.35 · blanco ausencia · kq 5 · ses-extra 0 · sello abs · pert 0 · micro 0 · b_eval 0 · formas directa · perdida bce · sembrar 0 · rec L=0.5 M=0.5 F=0.2 CE=1.0 RANK=0.0
[colab] Uploaded '/tmp/tmp.qmTjAgVcL6/micro.tgz' to '/content/micro.tgz'
== subiendo checkpoint previo (10M)
[colab] Uploaded '/home/maxi/Documentos/Nuevo Transformer/delta-archivo/micro_lm/ckpts/at3_s2.pkl' to '/content/ck.pkl'
jax 0.11.1 | [CudaDevice(id=0)]
compuerta de padding OK
lanzado pid 1953
== polling cada 2 min (presupuesto ~40 min)
VIVO= True ULTIMO= tramo: se corre hasta el paso 22000 y se guarda para continuar despues 
VIVO= True ULTIMO= tramo: se corre hasta el paso 22000 y se guarda para continuar despues 
VIVO= True ULTIMO= ── eval: vigente 1.0000 · anterior 1.0000 · abstencion 0.3633 · truncados 0.0000 · nose 0.9669 (ent 0.9314/rel 1.0000) · falsa_abst 0.0000 
   [checkpoint parcial guardado: paso 20500]
VIVO= True ULTIMO= paso  21000  loss 0.0827  acc 0.9688  (486s) 
VIVO= True ULTIMO= ── eval: vigente 1.0000 · anterior 1.0000 · abstencion 0.3633 · truncados 0.0000 · nose 0.9682 (ent 0.9349/rel 1.0000) · falsa_abst 0.0000 
VIVO= True ULTIMO= ── eval: vigente 1.0000 · anterior 1.0000 · abstencion 0.3633 · truncados 0.0000 · nose 0.9669 (ent 0.9314/rel 1.0000) · falsa_abst 0.0000 
VIVO= True ULTIMO= ── eval: vigente 1.0000 · anterior 1.0000 · abstencion 0.3633 · truncados 0.0000 · nose 0.9669 (ent 0.9314/rel 1.0000) · falsa_abst 0.0000 
   [checkpoint parcial guardado: paso 21500]
VIVO= False ULTIMO= listo: {'paso': 22000, 'truncados': 0.0, 'p_nose': 0.4, 'mezcla_usada': {'vigente': 0.39, 'anterior': 0.21, 'nose': 0.4}, 'mezcla_promedio': {'vigente': 0.39, 'anterior': 0.21, 'nose': 0.4}, 'p_vieja_tr': 0.35, 'p_nose_tr': 0.4, 'vigente': 0.9966216216216216, 'anterior': 1.0, 'nose': 0.9684253246753247, 'nose_ent': 0.9401988636363636, 'nose_rel': 1.0, 'falsa_abst': 0.002840909090909091, 'abstencion': 0.365234375, 'cruzada_largo': {'vigente': 0.06160302166227223, 'anterior': 0.5149305555555556, 'nose': 0.9612848932676519, 'nose_ent': 0.9338942307692308, 'nose_rel': 0.9916666666666667, 'falsa_abst': 0.7632618090927791, 'abstencion': 0.833984375}} 
== tramo terminado
== bajando checkpoint
   checkpoint en /home/maxi/Documentos/Nuevo Transformer/delta-archivo/micro_lm/ckpts/at3_s2.pkl (10M)
   ultimo paso registrado: "paso": 22000
== fin del tramo (la sesion queda VIVA para el tramo siguiente; pararla con: colab stop -s tr2_d_1028)
   tramo de 3:2 cerrado en el paso 22000 de 26000
   tr2_d_1028 parada; pendientes ahora: 3:2
-- vuelta 3 · cuenta E · faltan: 3:2 · 10:45:41
   >> OTORGADA en E (T4): [tr2_e_1045] gpu-t4-s-kkb-ass1b1-l8kbvawbuw | Hardware: T4 | Variant: GPU | Status: IDLE
   -> tramo 3:2 en E (desde el paso 22000)
== tramo · cuenta E · sesion tr2_e_1045 · at3_s2 · +2000 de 26000 pasos · p_nose 0.4 · abst cabeza · donde attn · mezcla fija · piso 0.10 · p_vieja 0.35 · blanco ausencia · kq 5 · ses-extra 0 · sello abs · pert 0 · micro 0 · b_eval 0 · formas directa · perdida bce · sembrar 0 · rec L=0.5 M=0.5 F=0.2 CE=1.0 RANK=0.0
[colab] Uploaded '/tmp/tmp.QQso948mXk/micro.tgz' to '/content/micro.tgz'
== subiendo checkpoint previo (10M)
[colab] Uploaded '/home/maxi/Documentos/Nuevo Transformer/delta-archivo/micro_lm/ckpts/at3_s2.pkl' to '/content/ck.pkl'
jax 0.11.1 | [CudaDevice(id=0)]
compuerta de padding OK
lanzado pid 1631
== polling cada 2 min (presupuesto ~40 min)
VIVO= True ULTIMO= tramo: se corre hasta el paso 24000 y se guarda para continuar despues 
VIVO= True ULTIMO= ── eval: vigente 1.0000 · anterior 1.0000 · abstencion 0.3633 · truncados 0.0000 · nose 0.9687 (ent 0.9414/rel 1.0000) · falsa_abst 0.0000 
VIVO= True ULTIMO= ── eval: vigente 1.0000 · anterior 1.0000 · abstencion 0.3633 · truncados 0.0000 · nose 0.9687 (ent 0.9414/rel 1.0000) · falsa_abst 0.0000 
   [checkpoint parcial guardado: paso 22500]
VIVO= True ULTIMO= ── eval: vigente 1.0000 · anterior 1.0000 · abstencion 0.3594 · truncados 0.0000 · nose 0.9595 (ent 0.9205/rel 1.0000) · falsa_abst 0.0000 
VIVO= True ULTIMO= ── eval: vigente 1.0000 · anterior 1.0000 · abstencion 0.3594 · truncados 0.0000 · nose 0.9595 (ent 0.9205/rel 1.0000) · falsa_abst 0.0000 
VIVO= True ULTIMO= ── eval: vigente 0.9960 · anterior 1.0000 · abstencion 0.3594 · truncados 0.0000 · nose 0.9535 (ent 0.9096/rel 1.0000) · falsa_abst 0.0033 
VIVO= True ULTIMO= paso  24000  loss 0.0060  acc 1.0000  (961s) 
   [checkpoint parcial guardado: paso 23500]
VIVO= False ULTIMO= listo: {'paso': 24000, 'truncados': 0.0, 'p_nose': 0.4, 'mezcla_usada': {'vigente': 0.39, 'anterior': 0.21, 'nose': 0.4}, 'mezcla_promedio': {'vigente': 0.39, 'anterior': 0.21, 'nose': 0.4}, 'p_vieja_tr': 0.35, 'p_nose_tr': 0.4, 'vigente': 1.0, 'anterior': 1.0, 'nose': 0.9669372294372294, 'nose_ent': 0.9313877734107997, 'nose_rel': 1.0, 'falsa_abst': 0.0, 'abstencion': 0.36328125, 'cruzada_largo': {'vigente': 0.08576732307731147, 'anterior': 0.36041666666666666, 'nose': 0.9784872742200329, 'nose_ent': 0.9651442307692308, 'nose_rel': 0.9916666666666667, 'falsa_abst': 0.7366123473646162, 'abstencion': 0.822265625}} 
== tramo terminado
== bajando checkpoint
   checkpoint en /home/maxi/Documentos/Nuevo Transformer/delta-archivo/micro_lm/ckpts/at3_s2.pkl (10M)
   ultimo paso registrado: "paso": 24000
== fin del tramo (la sesion queda VIVA para el tramo siguiente; pararla con: colab stop -s tr2_e_1045)
   tramo de 3:2 cerrado en el paso 24000 de 26000
   tr2_e_1045 parada; pendientes ahora: 3:2
-- vuelta 3 · cuenta F · faltan: 3:2 · 11:04:55
   >> OTORGADA en F (T4): [tr2_f_1104] gpu-t4-s-kkb-ass1a1-11cmxz6cgrmgv | Hardware: T4 | Variant: GPU | Status: IDLE
   -> tramo 3:2 en F (desde el paso 24000)
== tramo · cuenta F · sesion tr2_f_1104 · at3_s2 · +2000 de 26000 pasos · p_nose 0.4 · abst cabeza · donde attn · mezcla fija · piso 0.10 · p_vieja 0.35 · blanco ausencia · kq 5 · ses-extra 0 · sello abs · pert 0 · micro 0 · b_eval 0 · formas directa · perdida bce · sembrar 0 · rec L=0.5 M=0.5 F=0.2 CE=1.0 RANK=0.0
[colab] Uploaded '/tmp/tmp.DblFIujGx3/micro.tgz' to '/content/micro.tgz'
== subiendo checkpoint previo (10M)
[colab] Uploaded '/home/maxi/Documentos/Nuevo Transformer/delta-archivo/micro_lm/ckpts/at3_s2.pkl' to '/content/ck.pkl'
jax 0.11.1 | [CudaDevice(id=0)]
compuerta de padding OK
lanzado pid 2876
== polling cada 2 min (presupuesto ~40 min)
VIVO= True ULTIMO= REANUDA desde /content/ck.pkl: paso 24000 de 26000 (48 evaluaciones ya hechas) 
VIVO= True ULTIMO= ── eval: vigente 1.0000 · anterior 1.0000 · abstencion 0.3594 · truncados 0.0000 · nose 0.9580 (ent 0.9158/rel 1.0000) · falsa_abst 0.0000 
VIVO= True ULTIMO= ── eval: vigente 1.0000 · anterior 1.0000 · abstencion 0.3594 · truncados 0.0000 · nose 0.9580 (ent 0.9158/rel 1.0000) · falsa_abst 0.0000 
   [checkpoint parcial guardado: paso 24500]

VIVO= True ULTIMO= ── eval: vigente 1.0000 · anterior 1.0000 · abstencion 0.3652 · truncados 0.0000 · nose 0.9711 (ent 0.9380/rel 1.0000) · falsa_abst 0.0000 
VIVO= False ULTIMO= listo: {'paso': 26000, 'truncados': 0.0, 'p_nose': 0.4, 'mezcla_usada': {'vigente': 0.39, 'anterior': 0.21, 'nose': 0.4}, 'mezcla_promedio': {'vigente': 0.39, 'anterior': 0.21, 'nose': 0.4}, 'p_vieja_tr': 0.35, 'p_nose_tr': 0.4, 'vigente': 1.0, 'anterior': 1.0, 'nose': 0.9726190476190477, 'nose_ent': 0.942751409774436, 'nose_rel': 1.0, 'falsa_abst': 0.0, 'abstencion': 0.365234375, 'cruzada_largo': {'vigente': 0.05743847315269983, 'anterior': 0.37430555555555556, 'nose': 0.9906896551724138, 'nose_ent': 0.9921875, 'nose_rel': 0.9916666666666667, 'falsa_abst': 0.7658556504628541, 'abstencion': 0.845703125}} 
== tramo terminado
== bajando checkpoint
   checkpoint en /home/maxi/Documentos/Nuevo Transformer/delta-archivo/micro_lm/ckpts/at3_s2.pkl (10M)
   ultimo paso registrado: "paso": 26000
== fin del tramo (la sesion queda VIVA para el tramo siguiente; pararla con: colab stop -s tr2_f_1104)
   tramo de 3:2 cerrado en el paso 26000 de 26000
   tr2_f_1104 parada; pendientes ahora: 
== todo completo
