== watchdog2 armado sobre /home/maxi/Disco_de_Guardado/Carpetas_Usuario/Documentos/Nuevo Transformer/delta-archivo/micro_lm/salidas/camp_ap_s0.log (rotador 3267899)
== rotador2 · familia 'ap' · p_nose 0.4 · mezcla fija · piso 0.10 · p_vieja 0.35 · sello abs · pert 0 · unidades 3:0 · cuentas: H K L M
-- vuelta 1 · cuenta H · faltan: 3:0 · 12:01:59
   >> OTORGADA en H (T4): [tr2_h_1201] gpu-t4-s-kkb-usw4b0-3viefzzwhhsdw | Hardware: T4 | Variant: GPU | Status: IDLE
   -> tramo 3:0 en H (desde el paso 0)
== tramo · cuenta H · sesion tr2_h_1201 · ap3_s0 · +2000 de 26000 pasos · p_nose 0.4 · abst cabeza · donde attnp · mezcla fija · piso 0.10 · p_vieja 0.35 · blanco ausencia · kq 5 · ses-extra 0 · sello abs · pert 0 · micro 0 · b_eval 0 · formas directa · perdida bce · sembrar 0 · rec L=0.5 M=0.5 F=0.2 CE=1.0 RANK=0.0
[colab] Uploaded '/tmp/tmp.q8br4H54fH/micro.tgz' to '/content/micro.tgz'
== sin checkpoint local: se limpia /content/ck.pkl por si quedo de otra unidad
no habia ck.pkl
jax 0.11.1 | [CudaDevice(id=0)]
compuerta de padding OK
lanzado pid 1099
== polling cada 2 min (presupuesto ~40 min)
VIVO= True ULTIMO= tramo: se corre hasta el paso 2000 y se guarda para continuar despues 
VIVO= True ULTIMO= tramo: se corre hasta el paso 2000 y se guarda para continuar despues 
VIVO= True ULTIMO= ── eval: vigente 0.2656 · anterior 0.1894 · abstencion 0.0391 · truncados 0.0000 · nose 0.0390 (ent 0.0492/rel 0.0192) · falsa_abst 0.0393 
   [checkpoint parcial guardado: paso 500]
VIVO= True ULTIMO= ── eval: vigente 0.2656 · anterior 0.1894 · abstencion 0.0391 · truncados 0.0000 · nose 0.0390 (ent 0.0492/rel 0.0192) · falsa_abst 0.0393 
VIVO= True ULTIMO= ── eval: vigente 0.1932 · anterior 0.1859 · abstencion 0.0918 · truncados 0.0000 · nose 0.1343 (ent 0.1371/rel 0.1304) · falsa_abst 0.0603 
VIVO= True ULTIMO= paso   1500  loss 4.4749  acc 0.2812  (728s) 
VIVO= True ULTIMO= ── eval: vigente 0.2033 · anterior 0.2857 · abstencion 0.1777 · truncados 0.0000 · nose 0.2431 (ent 0.2567/rel 0.2347) · falsa_abst 0.1306 
   [checkpoint parcial guardado: paso 1500]
VIVO= True ULTIMO= paso   2000  loss 4.4752  acc 0.2188  (967s) 
VIVO= False ULTIMO= listo: {'paso': 2000, 'truncados': 0.0, 'p_nose': 0.4, 'mezcla_usada': {'vigente': 0.39, 'anterior': 0.21, 'nose': 0.4}, 'mezcla_promedio': {'vigente': 0.39, 'anterior': 0.21, 'nose': 0.4}, 'p_vieja_tr': 0.35, 'p_nose_tr': 0.4, 'vigente': 0.2741957785995365, 'anterior': 0.1827876984126984, 'nose': 0.1327910417551081, 'nose_ent': 0.1559447496947497, 'nose_rel': 0.10667804417804418, 'falsa_abst': 0.03369928082791322, 'abstencion': 0.072265625, 'cruzada_largo': {'vigente': 0.012672168878339985, 'anterior': 0.06979166666666667, 'nose': 0.0, 'nose_ent': 0.0, 'nose_rel': 0.0, 'falsa_abst': 0.0, 'abstencion': 0.0}} 
== tramo terminado
== bajando checkpoint
   checkpoint en /home/maxi/Documentos/Nuevo Transformer/delta-archivo/micro_lm/ckpts/ap3_s0.pkl (13M)
   ultimo paso registrado: "paso": 2000
== fin del tramo (la sesion queda VIVA para el tramo siguiente; pararla con: colab stop -s tr2_h_1201)
   tramo de 3:0 cerrado en el paso 2000 de 26000
   tr2_h_1201 parada; pendientes ahora: 3:0
-- vuelta 1 · cuenta K · faltan: 3:0 · 12:21:20
   >> OTORGADA en K (T4): [tr2_k_1221] gpu-t4-s-kkb-usw1b1-3oy8za6763ogi | Hardware: T4 | Variant: GPU | Status: IDLE
   -> tramo 3:0 en K (desde el paso 2000)
== tramo · cuenta K · sesion tr2_k_1221 · ap3_s0 · +2000 de 26000 pasos · p_nose 0.4 · abst cabeza · donde attnp · mezcla fija · piso 0.10 · p_vieja 0.35 · blanco ausencia · kq 5 · ses-extra 0 · sello abs · pert 0 · micro 0 · b_eval 0 · formas directa · perdida bce · sembrar 0 · rec L=0.5 M=0.5 F=0.2 CE=1.0 RANK=0.0
[colab] Uploaded '/tmp/tmp.ZPJ3dq7lbC/micro.tgz' to '/content/micro.tgz'
== subiendo checkpoint previo (13M)
[colab] Uploaded '/home/maxi/Documentos/Nuevo Transformer/delta-archivo/micro_lm/ckpts/ap3_s0.pkl' to '/content/ck.pkl'
jax 0.11.1 | [CudaDevice(id=0)]
compuerta de padding OK
lanzado pid 1389
== polling cada 2 min (presupuesto ~40 min)
VIVO= True ULTIMO= W0908 15:22:09.285962    1413 cuda_timer.cc:88] Delay kernel timed out: measured time has sub-optimal accuracy. There may be a missing warmup execution, please investigate in Nsight Systems. 
VIVO= True ULTIMO= W0908 15:22:09.285962    1413 cuda_timer.cc:88] Delay kernel timed out: measured time has sub-optimal accuracy. There may be a missing warmup execution, please investigate in Nsight Systems. 
VIVO= True ULTIMO= ── eval: vigente 0.2711 · anterior 0.2949 · abstencion 0.0723 · truncados 0.0000 · nose 0.1231 (ent 0.1085/rel 0.1114) · falsa_abst 0.0350 
   [checkpoint parcial guardado: paso 2500]
VIVO= True ULTIMO= ── eval: vigente 0.2711 · anterior 0.2949 · abstencion 0.0723 · truncados 0.0000 · nose 0.1231 (ent 0.1085/rel 0.1114) · falsa_abst 0.0350 
VIVO= True ULTIMO= ── eval: vigente 0.2514 · anterior 0.2248 · abstencion 0.1172 · truncados 0.0000 · nose 0.1674 (ent 0.1098/rel 0.2114) · falsa_abst 0.0812 
VIVO= True ULTIMO= paso   3500  loss 2.8874  acc 0.4219  (725s) 
VIVO= True ULTIMO= ── eval: vigente 0.2716 · anterior 0.2120 · abstencion 0.1250 · truncados 0.0000 · nose 0.1739 (ent 0.1362/rel 0.1987) · falsa_abst 0.0924 
   [checkpoint parcial guardado: paso 3500]
VIVO= True ULTIMO= paso   4000  loss 3.9876  acc 0.2344  (963s) 
VIVO= False ULTIMO= listo: {'paso': 4000, 'truncados': 0.0, 'p_nose': 0.4, 'mezcla_usada': {'vigente': 0.39, 'anterior': 0.21, 'nose': 0.4}, 'mezcla_promedio': {'vigente': 0.39, 'anterior': 0.21, 'nose': 0.4}, 'p_vieja_tr': 0.35, 'p_nose_tr': 0.4, 'vigente': 0.36053005724391973, 'anterior': 0.17291666666666666, 'nose': 0.12582913932178816, 'nose_ent': 0.11540369352869352, 'nose_rel': 0.15977772227772227, 'falsa_abst': 0.06363709970035164, 'abstencion': 0.08984375, 'cruzada_largo': {'vigente': 0.014083427655159403, 'anterior': 0.06681547619047619, 'nose': 0.0, 'nose_ent': 0.0, 'nose_rel': 0.0, 'falsa_abst': 0.0, 'abstencion': 0.0}} 
== tramo terminado
== bajando checkpoint
   checkpoint en /home/maxi/Documentos/Nuevo Transformer/delta-archivo/micro_lm/ckpts/ap3_s0.pkl (13M)
   ultimo paso registrado: "paso": 4000
== fin del tramo (la sesion queda VIVA para el tramo siguiente; pararla con: colab stop -s tr2_k_1221)
   tramo de 3:0 cerrado en el paso 4000 de 26000
   tr2_k_1221 parada; pendientes ahora: 3:0
-- vuelta 1 · cuenta L · faltan: 3:0 · 12:40:30
   >> OTORGADA en L (T4): [tr2_l_1240] gpu-t4-s-kkb-usw1b0-2a2tqkfqlbseg | Hardware: T4 | Variant: GPU | Status: IDLE
   -> tramo 3:0 en L (desde el paso 4000)
== tramo · cuenta L · sesion tr2_l_1240 · ap3_s0 · +2000 de 26000 pasos · p_nose 0.4 · abst cabeza · donde attnp · mezcla fija · piso 0.10 · p_vieja 0.35 · blanco ausencia · kq 5 · ses-extra 0 · sello abs · pert 0 · micro 0 · b_eval 0 · formas directa · perdida bce · sembrar 0 · rec L=0.5 M=0.5 F=0.2 CE=1.0 RANK=0.0
[colab] Uploaded '/tmp/tmp.ovGH1cxl3L/micro.tgz' to '/content/micro.tgz'
== subiendo checkpoint previo (13M)
[colab] Uploaded '/home/maxi/Documentos/Nuevo Transformer/delta-archivo/micro_lm/ckpts/ap3_s0.pkl' to '/content/ck.pkl'
jax 0.11.1 | [CudaDevice(id=0)]
compuerta de padding OK
lanzado pid 810
== polling cada 2 min (presupuesto ~40 min)
VIVO= True ULTIMO= W0908 15:41:21.641432     833 cuda_timer.cc:88] Delay kernel timed out: measured time has sub-optimal accuracy. There may be a missing warmup execution, please investigate in Nsight Systems. 
VIVO= True ULTIMO= W0908 15:41:21.641432     833 cuda_timer.cc:88] Delay kernel timed out: measured time has sub-optimal accuracy. There may be a missing warmup execution, please investigate in Nsight Systems. 
VIVO= True ULTIMO= ── eval: vigente 0.2580 · anterior 0.2138 · abstencion 0.1680 · truncados 0.0000 · nose 0.2470 (ent 0.2425/rel 0.2671) · falsa_abst 0.1117 
   [checkpoint parcial guardado: paso 4500]
VIVO= True ULTIMO= ── eval: vigente 0.2580 · anterior 0.2138 · abstencion 0.1680 · truncados 0.0000 · nose 0.2470 (ent 0.2425/rel 0.2671) · falsa_abst 0.1117 
VIVO= True ULTIMO= ── eval: vigente 0.2419 · anterior 0.1017 · abstencion 0.0957 · truncados 0.0000 · nose 0.1407 (ent 0.1687/rel 0.1289) · falsa_abst 0.0691 
VIVO= True ULTIMO= ── eval: vigente 0.2419 · anterior 0.1017 · abstencion 0.0957 · truncados 0.0000 · nose 0.1407 (ent 0.1687/rel 0.1289) · falsa_abst 0.0691 
VIVO= True ULTIMO= ── eval: vigente 0.2628 · anterior 0.2416 · abstencion 0.0723 · truncados 0.0000 · nose 0.0859 (ent 0.1065/rel 0.0738) · falsa_abst 0.0652 
   [checkpoint parcial guardado: paso 5500]
VIVO= True ULTIMO= paso   6000  loss 3.6871  acc 0.2188  (970s) 
VIVO= False ULTIMO= listo: {'paso': 6000, 'truncados': 0.0, 'p_nose': 0.4, 'mezcla_usada': {'vigente': 0.39, 'anterior': 0.21, 'nose': 0.4}, 'mezcla_promedio': {'vigente': 0.39, 'anterior': 0.21, 'nose': 0.4}, 'p_vieja_tr': 0.35, 'p_nose_tr': 0.4, 'vigente': 0.35148533075230526, 'anterior': 0.1902281746031746, 'nose': 0.12396677845153203, 'nose_ent': 0.14063453907203907, 'nose_rel': 0.11178404928404928, 'falsa_abst': 0.07631730371410338, 'abstencion': 0.091796875, 'cruzada_largo': {'vigente': 0.04673062638761917, 'anterior': 0.015625, 'nose': 0.0, 'nose_ent': 0.0, 'nose_rel': 0.0, 'falsa_abst': 0.0, 'abstencion': 0.0}} 
== tramo terminado
== bajando checkpoint
   checkpoint en /home/maxi/Documentos/Nuevo Transformer/delta-archivo/micro_lm/ckpts/ap3_s0.pkl (13M)
   ultimo paso registrado: "paso": 6000
== fin del tramo (la sesion queda VIVA para el tramo siguiente; pararla con: colab stop -s tr2_l_1240)
   tramo de 3:0 cerrado en el paso 6000 de 26000
   tr2_l_1240 parada; pendientes ahora: 3:0
-- vuelta 1 · cuenta M · faltan: 3:0 · 12:59:40
   >> OTORGADA en M (T4): [tr2_m_1259] gpu-t4-s-kkb-usw1b2-265lnoafjfs8w | Hardware: T4 | Variant: GPU | Status: IDLE
   -> tramo 3:0 en M (desde el paso 6000)
== tramo · cuenta M · sesion tr2_m_1259 · ap3_s0 · +2000 de 26000 pasos · p_nose 0.4 · abst cabeza · donde attnp · mezcla fija · piso 0.10 · p_vieja 0.35 · blanco ausencia · kq 5 · ses-extra 0 · sello abs · pert 0 · micro 0 · b_eval 0 · formas directa · perdida bce · sembrar 0 · rec L=0.5 M=0.5 F=0.2 CE=1.0 RANK=0.0
[colab] Uploaded '/tmp/tmp.PZPHZzk0bp/micro.tgz' to '/content/micro.tgz'
== subiendo checkpoint previo (13M)
[colab] Uploaded '/home/maxi/Documentos/Nuevo Transformer/delta-archivo/micro_lm/ckpts/ap3_s0.pkl' to '/content/ck.pkl'
jax 0.11.1 | [CudaDevice(id=0)]
compuerta de padding OK
lanzado pid 733
== polling cada 2 min (presupuesto ~40 min)
VIVO= True ULTIMO= tramo: se corre hasta el paso 8000 y se guarda para continuar despues 
VIVO= True ULTIMO= tramo: se corre hasta el paso 8000 y se guarda para continuar despues 
VIVO= True ULTIMO= ── eval: vigente 0.2074 · anterior 0.1875 · abstencion 0.0000 · truncados 0.0000 · nose 0.0000 (ent 0.0000/rel 0.0000) · falsa_abst 0.0000 
   [checkpoint parcial guardado: paso 6500]
VIVO= True ULTIMO= ── eval: vigente 0.2074 · anterior 0.1875 · abstencion 0.0000 · truncados 0.0000 · nose 0.0000 (ent 0.0000/rel 0.0000) · falsa_abst 0.0000 
VIVO= True ULTIMO= ── eval: vigente 0.2442 · anterior 0.1819 · abstencion 0.0000 · truncados 0.0000 · nose 0.0000 (ent 0.0000/rel 0.0000) · falsa_abst 0.0000 
VIVO= True ULTIMO= paso   7500  loss 3.6062  acc 0.2344  (727s) 
VIVO= True ULTIMO= ── eval: vigente 0.3335 · anterior 0.2099 · abstencion 0.0059 · truncados 0.0000 · nose 0.0040 (ent 0.0096/rel 0.0000) · falsa_abst 0.0059 
   [checkpoint parcial guardado: paso 7500]
VIVO= True ULTIMO= paso   8000  loss 3.2902  acc 0.2188  (965s) 
VIVO= False ULTIMO= listo: {'paso': 8000, 'truncados': 0.0, 'p_nose': 0.4, 'mezcla_usada': {'vigente': 0.39, 'anterior': 0.21, 'nose': 0.4}, 'mezcla_promedio': {'vigente': 0.39, 'anterior': 0.21, 'nose': 0.4}, 'p_vieja_tr': 0.35, 'p_nose_tr': 0.4, 'vigente': 0.3142414940669451, 'anterior': 0.13070436507936506, 'nose': 0.0, 'nose_ent': 0.0, 'nose_rel': 0.0, 'falsa_abst': 0.0, 'abstencion': 0.0, 'cruzada_largo': {'vigente': 0.010793953970948877, 'anterior': 0.0, 'nose': 0.0, 'nose_ent': 0.0, 'nose_rel': 0.0, 'falsa_abst': 0.0, 'abstencion': 0.0}} 
== tramo terminado
== bajando checkpoint
   checkpoint en /home/maxi/Documentos/Nuevo Transformer/delta-archivo/micro_lm/ckpts/ap3_s0.pkl (13M)
   ultimo paso registrado: "paso": 8000
== fin del tramo (la sesion queda VIVA para el tramo siguiente; pararla con: colab stop -s tr2_m_1259)
   tramo de 3:0 cerrado en el paso 8000 de 26000
   tr2_m_1259 parada; pendientes ahora: 3:0
-- vuelta 1 recorrida entera sin T4 en ninguna; descanso 10 min
-- vuelta 2 · cuenta H · faltan: 3:0 · 13:29:04
   >> OTORGADA en H (T4): [tr2_h_1329] gpu-t4-s-kkb-usw4a1-3keoa9nvo7kpl | Hardware: T4 | Variant: GPU | Status: IDLE
   -> tramo 3:0 en H (desde el paso 8000)
== tramo · cuenta H · sesion tr2_h_1329 · ap3_s0 · +2000 de 26000 pasos · p_nose 0.4 · abst cabeza · donde attnp · mezcla fija · piso 0.10 · p_vieja 0.35 · blanco ausencia · kq 5 · ses-extra 0 · sello abs · pert 0 · micro 0 · b_eval 0 · formas directa · perdida bce · sembrar 0 · rec L=0.5 M=0.5 F=0.2 CE=1.0 RANK=0.0
[colab] Uploaded '/tmp/tmp.DRYvXg2niV/micro.tgz' to '/content/micro.tgz'
== subiendo checkpoint previo (13M)
[colab] Uploaded '/home/maxi/Documentos/Nuevo Transformer/delta-archivo/micro_lm/ckpts/ap3_s0.pkl' to '/content/ck.pkl'
jax 0.11.1 | [CudaDevice(id=0)]
compuerta de padding OK
lanzado pid 769
== polling cada 2 min (presupuesto ~40 min)
VIVO= True ULTIMO= tramo: se corre hasta el paso 10000 y se guarda para continuar despues 
VIVO= True ULTIMO= tramo: se corre hasta el paso 10000 y se guarda para continuar despues 
VIVO= True ULTIMO= ── eval: vigente 0.3752 · anterior 0.0442 · abstencion 0.0000 · truncados 0.0000 · nose 0.0000 (ent 0.0000/rel 0.0000) · falsa_abst 0.0000 
   [checkpoint parcial guardado: paso 8500]
VIVO= True ULTIMO= ── eval: vigente 0.3752 · anterior 0.0442 · abstencion 0.0000 · truncados 0.0000 · nose 0.0000 (ent 0.0000/rel 0.0000) · falsa_abst 0.0000 
VIVO= True ULTIMO= ── eval: vigente 0.3424 · anterior 0.1142 · abstencion 0.0059 · truncados 0.0000 · nose 0.0042 (ent 0.0069/rel 0.0000) · falsa_abst 0.0081 
VIVO= True ULTIMO= paso   9500  loss 2.9485  acc 0.1719  (738s) 
VIVO= True ULTIMO= ── eval: vigente 0.3893 · anterior 0.2074 · abstencion 0.0000 · truncados 0.0000 · nose 0.0000 (ent 0.0000/rel 0.0000) · falsa_abst 0.0000 
   [checkpoint parcial guardado: paso 9500]
VIVO= True ULTIMO= paso  10000  loss 3.1695  acc 0.2500  (979s) 
VIVO= False ULTIMO= listo: {'paso': 10000, 'truncados': 0.0, 'p_nose': 0.4, 'mezcla_usada': {'vigente': 0.39, 'anterior': 0.21, 'nose': 0.4}, 'mezcla_promedio': {'vigente': 0.39, 'anterior': 0.21, 'nose': 0.4}, 'p_vieja_tr': 0.35, 'p_nose_tr': 0.4, 'vigente': 0.3240305366940095, 'anterior': 0.13382936507936508, 'nose': 0.08174607172860063, 'nose_ent': 0.0660485347985348, 'nose_rel': 0.10866217116217115, 'falsa_abst': 0.07395279925372233, 'abstencion': 0.078125, 'cruzada_largo': {'vigente': 0.022163302626689356, 'anterior': 0.040625, 'nose': 0.12136364347227724, 'nose_ent': 0.11561563436563436, 'nose_rel': 0.12777303106250476, 'falsa_abst': 0.12473567860713501, 'abstencion': 0.125}} 
== tramo terminado
== bajando checkpoint
   checkpoint en /home/maxi/Documentos/Nuevo Transformer/delta-archivo/micro_lm/ckpts/ap3_s0.pkl (13M)
   ultimo paso registrado: "paso": 10000
== fin del tramo (la sesion queda VIVA para el tramo siguiente; pararla con: colab stop -s tr2_h_1329)
   tramo de 3:0 cerrado en el paso 10000 de 26000
   tr2_h_1329 parada; pendientes ahora: 3:0
-- vuelta 2 · cuenta K · faltan: 3:0 · 13:48:25
   >> OTORGADA en K (T4): [tr2_k_1348] gpu-t4-s-kkb-usw1b0-1qkq2i037ywvv | Hardware: T4 | Variant: GPU | Status: IDLE
   -> tramo 3:0 en K (desde el paso 10000)
== tramo · cuenta K · sesion tr2_k_1348 · ap3_s0 · +2000 de 26000 pasos · p_nose 0.4 · abst cabeza · donde attnp · mezcla fija · piso 0.10 · p_vieja 0.35 · blanco ausencia · kq 5 · ses-extra 0 · sello abs · pert 0 · micro 0 · b_eval 0 · formas directa · perdida bce · sembrar 0 · rec L=0.5 M=0.5 F=0.2 CE=1.0 RANK=0.0
[colab] Uploaded '/tmp/tmp.N5bnDfGm5j/micro.tgz' to '/content/micro.tgz'
== subiendo checkpoint previo (13M)
[colab] Uploaded '/home/maxi/Documentos/Nuevo Transformer/delta-archivo/micro_lm/ckpts/ap3_s0.pkl' to '/content/ck.pkl'
jax 0.11.1 | [CudaDevice(id=0)]
compuerta de padding OK
lanzado pid 1416
== polling cada 2 min (presupuesto ~40 min)
VIVO= True ULTIMO= tramo: se corre hasta el paso 12000 y se guarda para continuar despues 
VIVO= True ULTIMO= tramo: se corre hasta el paso 12000 y se guarda para continuar despues 
VIVO= True ULTIMO= ── eval: vigente 0.3419 · anterior 0.1182 · abstencion 0.0820 · truncados 0.0000 · nose 0.1076 (ent 0.0978/rel 0.1271) · falsa_abst 0.0637 
   [checkpoint parcial guardado: paso 10500]
VIVO= True ULTIMO= ── eval: vigente 0.3419 · anterior 0.1182 · abstencion 0.0820 · truncados 0.0000 · nose 0.1076 (ent 0.0978/rel 0.1271) · falsa_abst 0.0637 
VIVO= True ULTIMO= ── eval: vigente 0.3132 · anterior 0.1229 · abstencion 0.1602 · truncados 0.0000 · nose 0.2123 (ent 0.2253/rel 0.2084) · falsa_abst 0.1231 
VIVO= True ULTIMO= ── eval: vigente 0.3132 · anterior 0.1229 · abstencion 0.1602 · truncados 0.0000 · nose 0.2123 (ent 0.2253/rel 0.2084) · falsa_abst 0.1231 
VIVO= True ULTIMO= ── eval: vigente 0.2977 · anterior 0.1003 · abstencion 0.2324 · truncados 0.0000 · nose 0.2772 (ent 0.3281/rel 0.2150) · falsa_abst 0.2049 
   [checkpoint parcial guardado: paso 11500]
VIVO= True ULTIMO= paso  12000  loss 3.0817  acc 0.3906  (977s) 
VIVO= False ULTIMO= listo: {'paso': 12000, 'truncados': 0.0, 'p_nose': 0.4, 'mezcla_usada': {'vigente': 0.39, 'anterior': 0.21, 'nose': 0.4}, 'mezcla_promedio': {'vigente': 0.39, 'anterior': 0.21, 'nose': 0.4}, 'p_vieja_tr': 0.35, 'p_nose_tr': 0.4, 'vigente': 0.270404035486239, 'anterior': 0.078125, 'nose': 0.5016062133423815, 'nose_ent': 0.487828144078144, 'nose_rel': 0.528520091020091, 'falsa_abst': 0.20519942725648904, 'abstencion': 0.32421875, 'cruzada_largo': {'vigente': 0.013873074111560954, 'anterior': 0.040625, 'nose': 0.2476864112063353, 'nose_ent': 0.28471112221112216, 'nose_rel': 0.2092613161692109, 'falsa_abst': 0.2578672584556173, 'abstencion': 0.2578125}} 
== tramo terminado
== bajando checkpoint
   checkpoint en /home/maxi/Documentos/Nuevo Transformer/delta-archivo/micro_lm/ckpts/ap3_s0.pkl (13M)
   ultimo paso registrado: "paso": 12000
== fin del tramo (la sesion queda VIVA para el tramo siguiente; pararla con: colab stop -s tr2_k_1348)
   tramo de 3:0 cerrado en el paso 12000 de 26000
   tr2_k_1348 parada; pendientes ahora: 3:0
-- vuelta 2 · cuenta L · faltan: 3:0 · 14:07:36
   >> OTORGADA en L (T4): [tr2_l_1407] gpu-t4-s-kkb-ass1c2-1fg0k0vh778r2 | Hardware: T4 | Variant: GPU | Status: IDLE
   -> tramo 3:0 en L (desde el paso 12000)
== tramo · cuenta L · sesion tr2_l_1407 · ap3_s0 · +2000 de 26000 pasos · p_nose 0.4 · abst cabeza · donde attnp · mezcla fija · piso 0.10 · p_vieja 0.35 · blanco ausencia · kq 5 · ses-extra 0 · sello abs · pert 0 · micro 0 · b_eval 0 · formas directa · perdida bce · sembrar 0 · rec L=0.5 M=0.5 F=0.2 CE=1.0 RANK=0.0
[colab] Uploaded '/tmp/tmp.Iiu3pva52T/micro.tgz' to '/content/micro.tgz'
== subiendo checkpoint previo (13M)
[colab] Uploaded '/home/maxi/Documentos/Nuevo Transformer/delta-archivo/micro_lm/ckpts/ap3_s0.pkl' to '/content/ck.pkl'
jax 0.11.1 | [CudaDevice(id=0)]
compuerta de padding OK
lanzado pid 2255
== polling cada 2 min (presupuesto ~40 min)
VIVO= True ULTIMO= tramo: se corre hasta el paso 14000 y se guarda para continuar despues 
VIVO= True ULTIMO= paso  12500  loss 3.6498  acc 0.2500  (243s) 
VIVO= True ULTIMO= ── eval: vigente 0.3352 · anterior 0.1076 · abstencion 0.0859 · truncados 0.0000 · nose 0.1239 (ent 0.1060/rel 0.1392) · falsa_abst 0.0588 
   [checkpoint parcial guardado: paso 12500]
VIVO= True ULTIMO= paso  13000  loss 3.4809  acc 0.2656  (492s) 
VIVO= True ULTIMO= ── eval: vigente 0.3074 · anterior 0.0894 · abstencion 0.1523 · truncados 0.0000 · nose 0.2293 (ent 0.2121/rel 0.2375) · falsa_abst 0.0986 
VIVO= True ULTIMO= ── eval: vigente 0.2610 · anterior 0.0521 · abstencion 0.3242 · truncados 0.0000 · nose 0.4620 (ent 0.4961/rel 0.4244) · falsa_abst 0.2285 
VIVO= True ULTIMO= ── eval: vigente 0.2610 · anterior 0.0521 · abstencion 0.3242 · truncados 0.0000 · nose 0.4620 (ent 0.4961/rel 0.4244) · falsa_abst 0.2285 
   [checkpoint parcial guardado: paso 13500]
VIVO= False ULTIMO= listo: {'paso': 14000, 'truncados': 0.0, 'p_nose': 0.4, 'mezcla_usada': {'vigente': 0.39, 'anterior': 0.21, 'nose': 0.4}, 'mezcla_promedio': {'vigente': 0.39, 'anterior': 0.21, 'nose': 0.4}, 'p_vieja_tr': 0.35, 'p_nose_tr': 0.4, 'vigente': 0.19669495858577207, 'anterior': 0.06696428571428571, 'nose': 0.3721551266737343, 'nose_ent': 0.40069826007326004, 'nose_rel': 0.32320110445110445, 'falsa_abst': 0.20024408592515092, 'abstencion': 0.271484375, 'cruzada_largo': {'vigente': 0.025802177655159405, 'anterior': 0.020833333333333332, 'nose': 0.10626729269044259, 'nose_ent': 0.10774850149850149, 'nose_rel': 0.08957336523125997, 'falsa_abst': 0.10373506889065916, 'abstencion': 0.103515625}} 
== tramo terminado
== bajando checkpoint
   checkpoint en /home/maxi/Documentos/Nuevo Transformer/delta-archivo/micro_lm/ckpts/ap3_s0.pkl (13M)
   ultimo paso registrado: "paso": 14000
== fin del tramo (la sesion queda VIVA para el tramo siguiente; pararla con: colab stop -s tr2_l_1407)
   tramo de 3:0 cerrado en el paso 14000 de 26000
   tr2_l_1407 parada; pendientes ahora: 3:0
-- vuelta 2 · cuenta M · faltan: 3:0 · 14:26:30
   >> OTORGADA en M (T4): [tr2_m_1426] gpu-t4-s-kkb-ass1c2-vrhch35q1h0o | Hardware: T4 | Variant: GPU | Status: IDLE
   -> tramo 3:0 en M (desde el paso 14000)
== tramo · cuenta M · sesion tr2_m_1426 · ap3_s0 · +2000 de 26000 pasos · p_nose 0.4 · abst cabeza · donde attnp · mezcla fija · piso 0.10 · p_vieja 0.35 · blanco ausencia · kq 5 · ses-extra 0 · sello abs · pert 0 · micro 0 · b_eval 0 · formas directa · perdida bce · sembrar 0 · rec L=0.5 M=0.5 F=0.2 CE=1.0 RANK=0.0
[colab] Uploaded '/tmp/tmp.eKgVR3xlFx/micro.tgz' to '/content/micro.tgz'
== subiendo checkpoint previo (13M)
[colab] Uploaded '/home/maxi/Documentos/Nuevo Transformer/delta-archivo/micro_lm/ckpts/ap3_s0.pkl' to '/content/ck.pkl'
jax 0.11.1 | [CudaDevice(id=0)]
compuerta de padding OK
lanzado pid 1933
== polling cada 2 min (presupuesto ~40 min)
VIVO= True ULTIMO= tramo: se corre hasta el paso 16000 y se guarda para continuar despues 
VIVO= True ULTIMO= ── eval: vigente 0.3265 · anterior 0.1059 · abstencion 0.1406 · truncados 0.0000 · nose 0.2033 (ent 0.2300/rel 0.1693) · falsa_abst 0.0912 
VIVO= True ULTIMO= ── eval: vigente 0.3265 · anterior 0.1059 · abstencion 0.1406 · truncados 0.0000 · nose 0.2033 (ent 0.2300/rel 0.1693) · falsa_abst 0.0912 
   [checkpoint parcial guardado: paso 14500]
VIVO= True ULTIMO= ── eval: vigente 0.3532 · anterior 0.1017 · abstencion 0.2031 · truncados 0.0000 · nose 0.3309 (ent 0.3064/rel 0.3622) · falsa_abst 0.1143 
VIVO= True ULTIMO= ── eval: vigente 0.3532 · anterior 0.1017 · abstencion 0.2031 · truncados 0.0000 · nose 0.3309 (ent 0.3064/rel 0.3622) · falsa_abst 0.1143 
VIVO= True ULTIMO= ── eval: vigente 0.3102 · anterior 0.1540 · abstencion 0.2441 · truncados 0.0000 · nose 0.3919 (ent 0.3623/rel 0.4327) · falsa_abst 0.1426 
VIVO= True ULTIMO= ── eval: vigente 0.3102 · anterior 0.1540 · abstencion 0.2441 · truncados 0.0000 · nose 0.3919 (ent 0.3623/rel 0.4327) · falsa_abst 0.1426 
   [checkpoint parcial guardado: paso 15500]
VIVO= False ULTIMO= listo: {'paso': 16000, 'truncados': 0.0, 'p_nose': 0.4, 'mezcla_usada': {'vigente': 0.39, 'anterior': 0.21, 'nose': 0.4}, 'mezcla_promedio': {'vigente': 0.39, 'anterior': 0.21, 'nose': 0.4}, 'p_vieja_tr': 0.35, 'p_nose_tr': 0.4, 'vigente': 0.31795320884944034, 'anterior': 0.12896825396825395, 'nose': 0.4503751356528597, 'nose_ent': 0.47250839438339437, 'nose_rel': 0.4393037518037518, 'falsa_abst': 0.16540693392546735, 'abstencion': 0.28125, 'cruzada_largo': {'vigente': 0.02441574884274375, 'anterior': 0.0, 'nose': 0.32468279454047955, 'nose_ent': 0.33256743256743254, 'nose_rel': 0.3051122123490544, 'falsa_abst': 0.21678114355597888, 'abstencion': 0.259765625}} 
== tramo terminado
== bajando checkpoint
   checkpoint en /home/maxi/Documentos/Nuevo Transformer/delta-archivo/micro_lm/ckpts/ap3_s0.pkl (13M)
   ultimo paso registrado: "paso": 16000
== fin del tramo (la sesion queda VIVA para el tramo siguiente; pararla con: colab stop -s tr2_m_1426)
   tramo de 3:0 cerrado en el paso 16000 de 26000
   tr2_m_1426 parada; pendientes ahora: 3:0
-- vuelta 2 recorrida entera sin T4 en ninguna; descanso 10 min
-- vuelta 3 · cuenta H · faltan: 3:0 · 14:54:44
   >> OTORGADA en H (T4): [tr2_h_1454] gpu-t4-s-kkb-usw1b0-2z6oiwyfjenc8 | Hardware: T4 | Variant: GPU | Status: IDLE
   -> tramo 3:0 en H (desde el paso 16000)
== tramo · cuenta H · sesion tr2_h_1454 · ap3_s0 · +2000 de 26000 pasos · p_nose 0.4 · abst cabeza · donde attnp · mezcla fija · piso 0.10 · p_vieja 0.35 · blanco ausencia · kq 5 · ses-extra 0 · sello abs · pert 0 · micro 0 · b_eval 0 · formas directa · perdida bce · sembrar 0 · rec L=0.5 M=0.5 F=0.2 CE=1.0 RANK=0.0
[colab] Uploaded '/tmp/tmp.08ILvV1xXT/micro.tgz' to '/content/micro.tgz'
== subiendo checkpoint previo (13M)
[colab] Uploaded '/home/maxi/Documentos/Nuevo Transformer/delta-archivo/micro_lm/ckpts/ap3_s0.pkl' to '/content/ck.pkl'
jax 0.11.1 | [CudaDevice(id=0)]
compuerta de padding OK
lanzado pid 5040
== polling cada 2 min (presupuesto ~40 min)
VIVO= True ULTIMO= tramo: se corre hasta el paso 18000 y se guarda para continuar despues 
VIVO= True ULTIMO= paso  16500  loss 3.0549  acc 0.2969  (243s) 
VIVO= True ULTIMO= ── eval: vigente 0.3047 · anterior 0.1460 · abstencion 0.2285 · truncados 0.0000 · nose 0.3543 (ent 0.3599/rel 0.3626) · falsa_abst 0.1412 
   [checkpoint parcial guardado: paso 16500]
VIVO= True ULTIMO= ── eval: vigente 0.3047 · anterior 0.1460 · abstencion 0.2285 · truncados 0.0000 · nose 0.3543 (ent 0.3599/rel 0.3626) · falsa_abst 0.1412 
VIVO= True ULTIMO= ── eval: vigente 0.3159 · anterior 0.1304 · abstencion 0.2285 · truncados 0.0000 · nose 0.3713 (ent 0.3692/rel 0.3863) · falsa_abst 0.1273 
VIVO= True ULTIMO= ── eval: vigente 0.2776 · anterior 0.2168 · abstencion 0.2969 · truncados 0.0000 · nose 0.4538 (ent 0.4658/rel 0.4459) · falsa_abst 0.1854 
VIVO= True ULTIMO= ── eval: vigente 0.2776 · anterior 0.2168 · abstencion 0.2969 · truncados 0.0000 · nose 0.4538 (ent 0.4658/rel 0.4459) · falsa_abst 0.1854 
   [checkpoint parcial guardado: paso 17500]
VIVO= False ULTIMO= listo: {'paso': 18000, 'truncados': 0.0, 'p_nose': 0.4, 'mezcla_usada': {'vigente': 0.39, 'anterior': 0.21, 'nose': 0.4}, 'mezcla_promedio': {'vigente': 0.39, 'anterior': 0.21, 'nose': 0.4}, 'p_vieja_tr': 0.35, 'p_nose_tr': 0.4, 'vigente': 0.316649564271535, 'anterior': 0.14598214285714287, 'nose': 0.42176299842910087, 'nose_ent': 0.39797962454212454, 'nose_rel': 0.44972041847041844, 'falsa_abst': 0.15909958003456576, 'abstencion': 0.267578125, 'cruzada_largo': {'vigente': 0.010667945906432748, 'anterior': 0.0, 'nose': 0.3762485403590716, 'nose_ent': 0.40287629037629036, 'nose_rel': 0.35699191159717475, 'falsa_abst': 0.32527548407016793, 'abstencion': 0.345703125}} 
== tramo terminado
== bajando checkpoint
   checkpoint en /home/maxi/Documentos/Nuevo Transformer/delta-archivo/micro_lm/ckpts/ap3_s0.pkl (13M)
   ultimo paso registrado: "paso": 18000
== fin del tramo (la sesion queda VIVA para el tramo siguiente; pararla con: colab stop -s tr2_h_1454)
   tramo de 3:0 cerrado en el paso 18000 de 26000
   tr2_h_1454 parada; pendientes ahora: 3:0
-- vuelta 3 · cuenta K · faltan: 3:0 · 15:12:21
   >> OTORGADA en K (T4): [tr2_k_1512] gpu-t4-s-kkb-usw1b1-2myeh9uxb5y73 | Hardware: T4 | Variant: GPU | Status: IDLE
   -> tramo 3:0 en K (desde el paso 18000)
== tramo · cuenta K · sesion tr2_k_1512 · ap3_s0 · +2000 de 26000 pasos · p_nose 0.4 · abst cabeza · donde attnp · mezcla fija · piso 0.10 · p_vieja 0.35 · blanco ausencia · kq 5 · ses-extra 0 · sello abs · pert 0 · micro 0 · b_eval 0 · formas directa · perdida bce · sembrar 0 · rec L=0.5 M=0.5 F=0.2 CE=1.0 RANK=0.0
[colab] Uploaded '/tmp/tmp.Bxumzhg4gw/micro.tgz' to '/content/micro.tgz'
== subiendo checkpoint previo (13M)
[colab] Uploaded '/home/maxi/Documentos/Nuevo Transformer/delta-archivo/micro_lm/ckpts/ap3_s0.pkl' to '/content/ck.pkl'
jax 0.11.1 | [CudaDevice(id=0)]
compuerta de padding OK
lanzado pid 1157
== polling cada 2 min (presupuesto ~40 min)
VIVO= True ULTIMO= tramo: se corre hasta el paso 20000 y se guarda para continuar despues 
VIVO= True ULTIMO= tramo: se corre hasta el paso 20000 y se guarda para continuar despues 
VIVO= True ULTIMO= ── eval: vigente 0.3189 · anterior 0.1290 · abstencion 0.2734 · truncados 0.0000 · nose 0.4305 (ent 0.4440/rel 0.4346) · falsa_abst 0.1651 
   [checkpoint parcial guardado: paso 18500]
VIVO= True ULTIMO= ── eval: vigente 0.3189 · anterior 0.1290 · abstencion 0.2734 · truncados 0.0000 · nose 0.4305 (ent 0.4440/rel 0.4346) · falsa_abst 0.1651 
VIVO= True ULTIMO= ── eval: vigente 0.3234 · anterior 0.1835 · abstencion 0.2695 · truncados 0.0000 · nose 0.4271 (ent 0.4205/rel 0.4436) · falsa_abst 0.1580 
VIVO= True ULTIMO= paso  19500  loss 2.6658  acc 0.3438  (732s) 
VIVO= True ULTIMO= ── eval: vigente 0.3439 · anterior 0.1936 · abstencion 0.2812 · truncados 0.0000 · nose 0.4560 (ent 0.4508/rel 0.4596) · falsa_abst 0.1580 
   [checkpoint parcial guardado: paso 19500]
VIVO= True ULTIMO= paso  20000  loss 2.3573  acc 0.3125  (972s) 
VIVO= False ULTIMO= listo: {'paso': 20000, 'truncados': 0.0, 'p_nose': 0.4, 'mezcla_usada': {'vigente': 0.39, 'anterior': 0.21, 'nose': 0.4}, 'mezcla_promedio': {'vigente': 0.39, 'anterior': 0.21, 'nose': 0.4}, 'p_vieja_tr': 0.35, 'p_nose_tr': 0.4, 'vigente': 0.3650154032206717, 'anterior': 0.1636904761904762, 'nose': 0.38624915972633245, 'nose_ent': 0.3999637515262515, 'nose_rel': 0.37604062604062605, 'falsa_abst': 0.142395345608617, 'abstencion': 0.244140625, 'cruzada_largo': {'vigente': 0.030284559229217176, 'anterior': 0.025, 'nose': 0.18831083632791412, 'nose_ent': 0.21313686313686314, 'nose_rel': 0.17250085440874913, 'falsa_abst': 0.18021576177946588, 'abstencion': 0.181640625}} 
== tramo terminado
== bajando checkpoint
   ultimo paso registrado: "paso": 20000
== fin del tramo (la sesion queda VIVA para el tramo siguiente; pararla con: colab stop -s tr2_k_1512)
   tramo de 3:0 cerrado en el paso 20000 de 26000
   tr2_k_1512 parada; pendientes ahora: 3:0
-- vuelta 3 · cuenta L · faltan: 3:0 · 15:31:45
   >> OTORGADA en L (T4): [tr2_l_1531] gpu-t4-s-kkb-ass1a2-8xo8ol8m4ef3 | Hardware: T4 | Variant: GPU | Status: IDLE
   -> tramo 3:0 en L (desde el paso 20000)
== tramo · cuenta L · sesion tr2_l_1531 · ap3_s0 · +2000 de 26000 pasos · p_nose 0.4 · abst cabeza · donde attnp · mezcla fija · piso 0.10 · p_vieja 0.35 · blanco ausencia · kq 5 · ses-extra 0 · sello abs · pert 0 · micro 0 · b_eval 0 · formas directa · perdida bce · sembrar 0 · rec L=0.5 M=0.5 F=0.2 CE=1.0 RANK=0.0
[colab] Uploaded '/tmp/tmp.juSkThHvuA/micro.tgz' to '/content/micro.tgz'
== subiendo checkpoint previo (13M)
[colab] Uploaded '/home/maxi/Documentos/Nuevo Transformer/delta-archivo/micro_lm/ckpts/ap3_s0.pkl' to '/content/ck.pkl'
jax 0.11.1 | [CudaDevice(id=0)]
compuerta de padding OK
lanzado pid 2221
== polling cada 2 min (presupuesto ~40 min)
VIVO= True ULTIMO= tramo: se corre hasta el paso 21500 y se guarda para continuar despues 
VIVO= True ULTIMO= tramo: se corre hasta el paso 21500 y se guarda para continuar despues 
VIVO= True ULTIMO= ── eval: vigente 0.3628 · anterior 0.1668 · abstencion 0.2383 · truncados 0.0000 · nose 0.3727 (ent 0.3577/rel 0.3981) · falsa_abst 0.1432 
   [checkpoint parcial guardado: paso 20000]
VIVO= True ULTIMO= ── eval: vigente 0.3628 · anterior 0.1668 · abstencion 0.2383 · truncados 0.0000 · nose 0.3727 (ent 0.3577/rel 0.3981) · falsa_abst 0.1432 
VIVO= True ULTIMO= ── eval: vigente 0.3055 · anterior 0.1804 · abstencion 0.3027 · truncados 0.0000 · nose 0.4450 (ent 0.4483/rel 0.4538) · falsa_abst 0.1982 
VIVO= True ULTIMO= paso  21000  loss 2.1705  acc 0.2969  (733s) 
VIVO= True ULTIMO= ── eval: vigente 0.3295 · anterior 0.2043 · abstencion 0.2988 · truncados 0.0000 · nose 0.4762 (ent 0.5007/rel 0.4676) · falsa_abst 0.1729 
   [checkpoint parcial guardado: paso 21000]
VIVO= False ULTIMO= listo: {'paso': 21500, 'truncados': 0.0, 'p_nose': 0.4, 'mezcla_usada': {'vigente': 0.39, 'anterior': 0.21, 'nose': 0.4}, 'mezcla_promedio': {'vigente': 0.39, 'anterior': 0.21, 'nose': 0.4}, 'p_vieja_tr': 0.35, 'p_nose_tr': 0.4, 'vigente': 0.37154608962618463, 'anterior': 0.2310515873015873, 'nose': 0.4300094224521124, 'nose_ent': 0.4259481837606838, 'nose_rel': 0.4470494782994783, 'falsa_abst': 0.16707052999193592, 'abstencion': 0.2734375, 'cruzada_largo': {'vigente': 0.013523391812865496, 'anterior': 0.0, 'nose': 0.3413416851438673, 'nose_ent': 0.3339806027306027, 'nose_rel': 0.3621781727044885, 'falsa_abst': 0.26596093834983237, 'abstencion': 0.287109375}} 
== tramo terminado
== bajando checkpoint
   checkpoint en /home/maxi/Documentos/Nuevo Transformer/delta-archivo/micro_lm/ckpts/ap3_s0.pkl (13M)
   ultimo paso registrado: "paso": 21500
== fin del tramo (la sesion queda VIVA para el tramo siguiente; pararla con: colab stop -s tr2_l_1531)
   tramo de 3:0 cerrado en el paso 21500 de 26000
   tr2_l_1531 parada; pendientes ahora: 3:0
-- vuelta 3 · cuenta M · faltan: 3:0 · 15:49:34
   >> OTORGADA en M (T4): [tr2_m_1549] gpu-t4-s-kkb-usw4a2-3kwft18yxh4a1 | Hardware: T4 | Variant: GPU | Status: IDLE
   -> tramo 3:0 en M (desde el paso 21500)
== tramo · cuenta M · sesion tr2_m_1549 · ap3_s0 · +2000 de 26000 pasos · p_nose 0.4 · abst cabeza · donde attnp · mezcla fija · piso 0.10 · p_vieja 0.35 · blanco ausencia · kq 5 · ses-extra 0 · sello abs · pert 0 · micro 0 · b_eval 0 · formas directa · perdida bce · sembrar 0 · rec L=0.5 M=0.5 F=0.2 CE=1.0 RANK=0.0
[colab] Uploaded '/tmp/tmp.ZaWS19kc77/micro.tgz' to '/content/micro.tgz'
== subiendo checkpoint previo (13M)
[colab] Uploaded '/home/maxi/Documentos/Nuevo Transformer/delta-archivo/micro_lm/ckpts/ap3_s0.pkl' to '/content/ck.pkl'
jax 0.11.1 | [CudaDevice(id=0)]
compuerta de padding OK
lanzado pid 1220
== polling cada 2 min (presupuesto ~40 min)
VIVO= True ULTIMO= tramo: se corre hasta el paso 23500 y se guarda para continuar despues 
VIVO= True ULTIMO= tramo: se corre hasta el paso 23500 y se guarda para continuar despues 
VIVO= True ULTIMO= ── eval: vigente 0.3309 · anterior 0.1904 · abstencion 0.2676 · truncados 0.0000 · nose 0.4266 (ent 0.4204/rel 0.4401) · falsa_abst 0.1571 
   [checkpoint parcial guardado: paso 22000]
VIVO= True ULTIMO= ── eval: vigente 0.3309 · anterior 0.1904 · abstencion 0.2676 · truncados 0.0000 · nose 0.4266 (ent 0.4204/rel 0.4401) · falsa_abst 0.1571 
VIVO= True ULTIMO= ── eval: vigente 0.3489 · anterior 0.1887 · abstencion 0.2461 · truncados 0.0000 · nose 0.3982 (ent 0.3985/rel 0.4298) · falsa_abst 0.1378 
VIVO= True ULTIMO= paso  23000  loss 2.6996  acc 0.3125  (728s) 
VIVO= True ULTIMO= ── eval: vigente 0.3199 · anterior 0.2186 · abstencion 0.2676 · truncados 0.0000 · nose 0.4239 (ent 0.4318/rel 0.4401) · falsa_abst 0.1549 
   [checkpoint parcial guardado: paso 23000]
VIVO= True ULTIMO= paso  23500  loss 2.2442  acc 0.4062  (966s) 
VIVO= False ULTIMO= listo: {'paso': 23500, 'truncados': 0.0, 'p_nose': 0.4, 'mezcla_usada': {'vigente': 0.39, 'anterior': 0.21, 'nose': 0.4}, 'mezcla_promedio': {'vigente': 0.39, 'anterior': 0.21, 'nose': 0.4}, 'p_vieja_tr': 0.35, 'p_nose_tr': 0.4, 'vigente': 0.4015842623267626, 'anterior': 0.20605158730158732, 'nose': 0.3973819365918679, 'nose_ent': 0.40827228327228327, 'nose_rel': 0.41392982017982016, 'falsa_abst': 0.12400926145452465, 'abstencion': 0.236328125, 'cruzada_largo': {'vigente': 0.0206347700179937, 'anterior': 0.017857142857142856, 'nose': 0.3560141347688786, 'nose_ent': 0.363309607059607, 'nose_rel': 0.34895619731146044, 'falsa_abst': 0.26614895618804946, 'abstencion': 0.298828125}} 
== tramo terminado
== bajando checkpoint
   checkpoint en /home/maxi/Documentos/Nuevo Transformer/delta-archivo/micro_lm/ckpts/ap3_s0.pkl (13M)
   ultimo paso registrado: "paso": 23500
== fin del tramo (la sesion queda VIVA para el tramo siguiente; pararla con: colab stop -s tr2_m_1549)
   tramo de 3:0 cerrado en el paso 23500 de 26000
   tr2_m_1549 parada; pendientes ahora: 3:0
-- vuelta 3 recorrida entera sin T4 en ninguna; descanso 10 min
-- vuelta 4 · cuenta H · faltan: 3:0 · 16:18:46
   >> OTORGADA en H (T4): [tr2_h_1618] gpu-t4-s-kkb-usw1b0-2rgtv8wy8qlb7 | Hardware: T4 | Variant: GPU | Status: IDLE
   -> tramo 3:0 en H (desde el paso 23500)
== tramo · cuenta H · sesion tr2_h_1618 · ap3_s0 · +2000 de 26000 pasos · p_nose 0.4 · abst cabeza · donde attnp · mezcla fija · piso 0.10 · p_vieja 0.35 · blanco ausencia · kq 5 · ses-extra 0 · sello abs · pert 0 · micro 0 · b_eval 0 · formas directa · perdida bce · sembrar 0 · rec L=0.5 M=0.5 F=0.2 CE=1.0 RANK=0.0
[colab] Uploaded '/tmp/tmp.KmSvLNPT0W/micro.tgz' to '/content/micro.tgz'
== subiendo checkpoint previo (13M)
[colab] Uploaded '/home/maxi/Documentos/Nuevo Transformer/delta-archivo/micro_lm/ckpts/ap3_s0.pkl' to '/content/ck.pkl'
jax 0.11.1 | [CudaDevice(id=0)]
compuerta de padding OK
lanzado pid 649
== polling cada 2 min (presupuesto ~40 min)
VIVO= True ULTIMO= tramo: se corre hasta el paso 25500 y se guarda para continuar despues 
VIVO= True ULTIMO= paso  24000  loss 2.3680  acc 0.3594  (247s) 
VIVO= True ULTIMO= ── eval: vigente 0.3482 · anterior 0.1904 · abstencion 0.2617 · truncados 0.0000 · nose 0.4122 (ent 0.4241/rel 0.4325) · falsa_abst 0.1535 
   [checkpoint parcial guardado: paso 24000]
VIVO= True ULTIMO= paso  24500  loss 2.2417  acc 0.3594  (496s) 
VIVO= True ULTIMO= ── eval: vigente 0.3597 · anterior 0.2154 · abstencion 0.2500 · truncados 0.0000 · nose 0.3999 (ent 0.4073/rel 0.4235) · falsa_abst 0.1463 
VIVO= True ULTIMO= ── eval: vigente 0.3314 · anterior 0.2061 · abstencion 0.2793 · truncados 0.0000 · nose 0.4445 (ent 0.4429/rel 0.4710) · falsa_abst 0.1638 
VIVO= True ULTIMO= ── eval: vigente 0.3314 · anterior 0.2061 · abstencion 0.2793 · truncados 0.0000 · nose 0.4445 (ent 0.4429/rel 0.4710) · falsa_abst 0.1638 
   [checkpoint parcial guardado: paso 25000]
VIVO= False ULTIMO= listo: {'paso': 25500, 'truncados': 0.0, 'p_nose': 0.4, 'mezcla_usada': {'vigente': 0.39, 'anterior': 0.21, 'nose': 0.4}, 'mezcla_promedio': {'vigente': 0.39, 'anterior': 0.21, 'nose': 0.4}, 'p_vieja_tr': 0.35, 'p_nose_tr': 0.4, 'vigente': 0.34021720646173514, 'anterior': 0.19042658730158732, 'nose': 0.39365969377062615, 'nose_ent': 0.4122405372405372, 'nose_rel': 0.4089695027195027, 'falsa_abst': 0.1341771349739541, 'abstencion': 0.2421875, 'cruzada_largo': {'vigente': 0.003205128205128205, 'anterior': 0.017857142857142856, 'nose': 0.34000169132996455, 'nose_ent': 0.38364552114552114, 'nose_rel': 0.3039758487126908, 'falsa_abst': 0.285098374551883, 'abstencion': 0.302734375}} 
== tramo terminado
== bajando checkpoint
   checkpoint en /home/maxi/Documentos/Nuevo Transformer/delta-archivo/micro_lm/ckpts/ap3_s0.pkl (13M)
   ultimo paso registrado: "paso": 25500
== fin del tramo (la sesion queda VIVA para el tramo siguiente; pararla con: colab stop -s tr2_h_1618)
   tramo de 3:0 cerrado en el paso 25500 de 26000
   tr2_h_1618 parada; pendientes ahora: 3:0
-- vuelta 4 · cuenta K · faltan: 3:0 · 16:36:16
   >> OTORGADA en K (T4): [tr2_k_1636] gpu-t4-s-kkb-ass1b0-34a3q7nfw2tit | Hardware: T4 | Variant: GPU | Status: IDLE
   -> tramo 3:0 en K (desde el paso 25500)
== tramo · cuenta K · sesion tr2_k_1636 · ap3_s0 · +2000 de 26000 pasos · p_nose 0.4 · abst cabeza · donde attnp · mezcla fija · piso 0.10 · p_vieja 0.35 · blanco ausencia · kq 5 · ses-extra 0 · sello abs · pert 0 · micro 0 · b_eval 0 · formas directa · perdida bce · sembrar 0 · rec L=0.5 M=0.5 F=0.2 CE=1.0 RANK=0.0
[colab] Uploaded '/tmp/tmp.gUhsLh7NEj/micro.tgz' to '/content/micro.tgz'
== subiendo checkpoint previo (13M)
[colab] Uploaded '/home/maxi/Documentos/Nuevo Transformer/delta-archivo/micro_lm/ckpts/ap3_s0.pkl' to '/content/ck.pkl'
jax 0.11.1 | [CudaDevice(id=0)]
compuerta de padding OK
lanzado pid 5953
== polling cada 2 min (presupuesto ~40 min)
VIVO= True ULTIMO= W0908 19:37:13.009343    5977 cuda_timer.cc:88] Delay kernel timed out: measured time has sub-optimal accuracy. There may be a missing warmup execution, please investigate in Nsight Systems. 
VIVO= False ULTIMO= listo: {'paso': 26000, 'truncados': 0.0, 'p_nose': 0.4, 'mezcla_usada': {'vigente': 0.39, 'anterior': 0.21, 'nose': 0.4}, 'mezcla_promedio': {'vigente': 0.39, 'anterior': 0.21, 'nose': 0.4}, 'p_vieja_tr': 0.35, 'p_nose_tr': 0.4, 'vigente': 0.3141278546370892, 'anterior': 0.19042658730158732, 'nose': 0.44029594745637934, 'nose_ent': 0.42811355311355315, 'nose_rel': 0.47520881895881895, 'falsa_abst': 0.1774264432967918, 'abstencion': 0.283203125, 'cruzada_largo': {'vigente': 0.006677350427350427, 'anterior': 0.03869047619047619, 'nose': 0.3961247170497645, 'nose_ent': 0.40173992673992676, 'nose_rel': 0.3872360826308195, 'falsa_abst': 0.3167204384650038, 'abstencion': 0.345703125}} 
== tramo terminado
== bajando checkpoint
   checkpoint en /home/maxi/Documentos/Nuevo Transformer/delta-archivo/micro_lm/ckpts/ap3_s0.pkl (13M)
   ultimo paso registrado: "paso": 26000
== fin del tramo (la sesion queda VIVA para el tramo siguiente; pararla con: colab stop -s tr2_k_1636)
   tramo de 3:0 cerrado en el paso 26000 de 26000
   tr2_k_1636 parada; pendientes ahora: 
== todo completo
