== watchdog2 armado sobre /home/maxi/Disco_de_Guardado/Carpetas_Usuario/Documentos/Nuevo Transformer/delta-archivo/micro_lm/salidas/camp_lg_s2.log (rotador 877133)
== rotador2 · familia 'lg' · p_nose 0.2 · mezcla fija · piso 0.10 · p_vieja 0.35 · unidades 3:2 · cuentas: G C D
-- vuelta 1 · cuenta G · faltan: 3:2 · 17:33:58
   >> OTORGADA en G (T4): [tr2_g_1733] gpu-t4-s-kkb-usw1b0-d6smuhdk46we | Hardware: T4 | Variant: GPU | Status: IDLE
   -> tramo 3:2 en G (desde el paso 0)
== tramo · cuenta G · sesion tr2_g_1733 · lg3_s2 · +250 de 2000 pasos · p_nose 0.2 · abst token · donde lat2 · mezcla fija · piso 0.10 · p_vieja 0.35 · blanco ausencia · kq 5 · ses-extra 26 · micro 8 · b_eval 8 · formas directa · perdida bce · sembrar 0 · rec L=0.5 M=0.5 F=0.2 CE=1.0 RANK=0.0
[colab] Uploaded '/tmp/tmp.tXwkE4lr4K/micro.tgz' to '/content/micro.tgz'
== subiendo checkpoint previo (3,4M)
[colab] Uploaded '/home/maxi/Documentos/Nuevo Transformer/delta-archivo/micro_lm/ckpts/lg3_s2.pkl' to '/content/ck.pkl'
jax 0.11.1 | [CudaDevice(id=0)]
compuerta de padding OK
lanzado pid 2165
== polling cada 2 min (presupuesto ~20 min)
VIVO= True ULTIMO= tramo: se corre hasta el paso 250 y se guarda para continuar despues 
VIVO= True ULTIMO= tramo: se corre hasta el paso 250 y se guarda para continuar despues 
VIVO= True ULTIMO= tramo: se corre hasta el paso 250 y se guarda para continuar despues 
   [checkpoint parcial guardado: paso ]
VIVO= True ULTIMO= tramo: se corre hasta el paso 250 y se guarda para continuar despues 
VIVO= True ULTIMO= tramo: se corre hasta el paso 250 y se guarda para continuar despues 
VIVO= True ULTIMO= tramo: se corre hasta el paso 250 y se guarda para continuar despues 
VIVO= True ULTIMO= tramo: se corre hasta el paso 250 y se guarda para continuar despues 
   [checkpoint parcial guardado: paso ]
VIVO= True ULTIMO= tramo: se corre hasta el paso 250 y se guarda para continuar despues 
VIVO= False ULTIMO= listo: {'paso': 250, 'truncados': 0.0, 'p_nose': 0.2, 'mezcla_usada': {'vigente': 0.52, 'anterior': 0.27999999999999997, 'nose': 0.2}, 'mezcla_promedio': {'vigente': 0.52, 'anterior': 0.2799999999999999, 'nose': 0.2}, 'p_vieja_tr': 0.35, 'p_nose_tr': 0.2, 'vigente': 0.6920014880952381, 'anterior': 0.356060606060606, 'nose': 0.6298076923076923, 'nose_ent': 0.6614583333333333, 'nose_rel': 0.6161616161616161, 'falsa_abst': 0.08084077380952381, 'abstencion': 0.181640625, 'cruzada_corto': {'vigente': 1.0, 'anterior': 1.0, 'nose': 0.0, 'nose_ent': 0.0, 'nose_rel': 0.0, 'falsa_abst': 0.0, 'abstencion': 0.0}} 
== tramo terminado
== bajando checkpoint
   checkpoint en /home/maxi/Documentos/Nuevo Transformer/delta-archivo/micro_lm/ckpts/lg3_s2.pkl (10M)
   ultimo paso registrado: "paso": 250
== fin del tramo (la sesion queda VIVA para el tramo siguiente; pararla con: colab stop -s tr2_g_1733)
   tramo de 3:2 cerrado en el paso 250 de 2000
   tr2_g_1733 parada; pendientes ahora: 3:2
-- vuelta 1 · cuenta C · faltan: 3:2 · 17:53:13
   >> OTORGADA en C (T4): [tr2_c_1753] gpu-t4-s-kkb-usw1b2-2bubaxbq4uayi | Hardware: T4 | Variant: GPU | Status: IDLE
   -> tramo 3:2 en C (desde el paso 250)
== tramo · cuenta C · sesion tr2_c_1753 · lg3_s2 · +250 de 2000 pasos · p_nose 0.2 · abst token · donde lat2 · mezcla fija · piso 0.10 · p_vieja 0.35 · blanco ausencia · kq 5 · ses-extra 26 · micro 8 · b_eval 8 · formas directa · perdida bce · sembrar 0 · rec L=0.5 M=0.5 F=0.2 CE=1.0 RANK=0.0
[colab] Uploaded '/tmp/tmp.NmkZDnLad1/micro.tgz' to '/content/micro.tgz'
== subiendo checkpoint previo (10M)
[colab] Uploaded '/home/maxi/Documentos/Nuevo Transformer/delta-archivo/micro_lm/ckpts/lg3_s2.pkl' to '/content/ck.pkl'
jax 0.11.1 | [CudaDevice(id=0)]
compuerta de padding OK
lanzado pid 1131
== polling cada 2 min (presupuesto ~20 min)
VIVO= True ULTIMO= tramo: se corre hasta el paso 500 y se guarda para continuar despues 
VIVO= True ULTIMO= tramo: se corre hasta el paso 500 y se guarda para continuar despues 
VIVO= True ULTIMO= tramo: se corre hasta el paso 500 y se guarda para continuar despues 
   [checkpoint parcial guardado: paso 250]
VIVO= True ULTIMO= tramo: se corre hasta el paso 500 y se guarda para continuar despues 
VIVO= True ULTIMO= tramo: se corre hasta el paso 500 y se guarda para continuar despues 
VIVO= True ULTIMO= tramo: se corre hasta el paso 500 y se guarda para continuar despues 
VIVO= True ULTIMO= tramo: se corre hasta el paso 500 y se guarda para continuar despues 
   [checkpoint parcial guardado: paso 250]
VIVO= True ULTIMO= tramo: se corre hasta el paso 500 y se guarda para continuar despues 
VIVO= True ULTIMO= paso    500  loss 0.3168  acc 0.9062  (1094s) 
VIVO= False ULTIMO= listo: {'paso': 500, 'truncados': 0.0, 'p_nose': 0.2, 'mezcla_usada': {'vigente': 0.52, 'anterior': 0.27999999999999997, 'nose': 0.2}, 'mezcla_promedio': {'vigente': 0.52, 'anterior': 0.2799999999999999, 'nose': 0.2}, 'p_vieja_tr': 0.35, 'p_nose_tr': 0.2, 'vigente': 0.8577380952380953, 'anterior': 0.9715909090909091, 'nose': 0.9439102564102565, 'nose_ent': 0.9375, 'nose_rel': 0.9444444444444444, 'falsa_abst': 0.06839657738095238, 'abstencion': 0.224609375, 'cruzada_corto': {'vigente': 0.9768219189881577, 'anterior': 0.9875, 'nose': 0.02976190476190476, 'nose_ent': 0.025, 'nose_rel': 0.030357142857142857, 'falsa_abst': 0.0, 'abstencion': 0.005859375}} 
== tramo terminado
== bajando checkpoint
   checkpoint en /home/maxi/Documentos/Nuevo Transformer/delta-archivo/micro_lm/ckpts/lg3_s2.pkl (10M)
   ultimo paso registrado: "paso": 500
== fin del tramo (la sesion queda VIVA para el tramo siguiente; pararla con: colab stop -s tr2_c_1753)
   tramo de 3:2 cerrado en el paso 500 de 2000
   tr2_c_1753 parada; pendientes ahora: 3:2
-- vuelta 1 · cuenta D · faltan: 3:2 · 18:14:29
   >> OTORGADA en D (T4): [tr2_d_1814] gpu-t4-s-kkb-usw4b0-18rxu8orl5ltm | Hardware: T4 | Variant: GPU | Status: IDLE
   -> tramo 3:2 en D (desde el paso 500)
== tramo · cuenta D · sesion tr2_d_1814 · lg3_s2 · +250 de 2000 pasos · p_nose 0.2 · abst token · donde lat2 · mezcla fija · piso 0.10 · p_vieja 0.35 · blanco ausencia · kq 5 · ses-extra 26 · micro 8 · b_eval 8 · formas directa · perdida bce · sembrar 0 · rec L=0.5 M=0.5 F=0.2 CE=1.0 RANK=0.0
[colab] Uploaded '/tmp/tmp.dgUEi4vp3S/micro.tgz' to '/content/micro.tgz'
== subiendo checkpoint previo (10M)
[colab] Uploaded '/home/maxi/Documentos/Nuevo Transformer/delta-archivo/micro_lm/ckpts/lg3_s2.pkl' to '/content/ck.pkl'
jax 0.11.1 | [CudaDevice(id=0)]
compuerta de padding OK
lanzado pid 924
== polling cada 2 min (presupuesto ~20 min)
VIVO= True ULTIMO= W0905 21:15:19.953098     944 cuda_timer.cc:88] Delay kernel timed out: measured time has sub-optimal accuracy. There may be a missing warmup execution, please investigate in Nsight Systems. 
VIVO= True ULTIMO= W0905 21:15:19.953098     944 cuda_timer.cc:88] Delay kernel timed out: measured time has sub-optimal accuracy. There may be a missing warmup execution, please investigate in Nsight Systems. 
VIVO= True ULTIMO= W0905 21:15:19.953098     944 cuda_timer.cc:88] Delay kernel timed out: measured time has sub-optimal accuracy. There may be a missing warmup execution, please investigate in Nsight Systems. 
   [checkpoint parcial guardado: paso 500]
VIVO= True ULTIMO= W0905 21:15:19.953098     944 cuda_timer.cc:88] Delay kernel timed out: measured time has sub-optimal accuracy. There may be a missing warmup execution, please investigate in Nsight Systems. 
VIVO= True ULTIMO= W0905 21:15:19.953098     944 cuda_timer.cc:88] Delay kernel timed out: measured time has sub-optimal accuracy. There may be a missing warmup execution, please investigate in Nsight Systems. 
VIVO= True ULTIMO= W0905 21:15:19.953098     944 cuda_timer.cc:88] Delay kernel timed out: measured time has sub-optimal accuracy. There may be a missing warmup execution, please investigate in Nsight Systems. 
VIVO= True ULTIMO= W0905 21:15:19.953098     944 cuda_timer.cc:88] Delay kernel timed out: measured time has sub-optimal accuracy. There may be a missing warmup execution, please investigate in Nsight Systems. 
   [checkpoint parcial guardado: paso 500]
VIVO= True ULTIMO= W0905 21:15:19.953098     944 cuda_timer.cc:88] Delay kernel timed out: measured time has sub-optimal accuracy. There may be a missing warmup execution, please investigate in Nsight Systems. 
VIVO= True ULTIMO= W0905 21:15:19.953098     944 cuda_timer.cc:88] Delay kernel timed out: measured time has sub-optimal accuracy. There may be a missing warmup execution, please investigate in Nsight Systems. 
VIVO= False ULTIMO= listo: {'paso': 750, 'truncados': 0.0, 'p_nose': 0.2, 'mezcla_usada': {'vigente': 0.52, 'anterior': 0.27999999999999997, 'nose': 0.2}, 'mezcla_promedio': {'vigente': 0.52, 'anterior': 0.2799999999999999, 'nose': 0.2}, 'p_vieja_tr': 0.35, 'p_nose_tr': 0.2, 'vigente': 0.9610119047619048, 'anterior': 1.0, 'nose': 0.9439102564102563, 'nose_ent': 0.8958333333333333, 'nose_rel': 0.9898989898989898, 'falsa_abst': 0.027957589285714284, 'abstencion': 0.1953125, 'cruzada_corto': {'vigente': 0.9890476190476191, 'anterior': 0.984375, 'nose': 0.18120941558441556, 'nose_ent': 0.184375, 'nose_rel': 0.14444444444444443, 'falsa_abst': 0.002232142857142857, 'abstencion': 0.037109375}} 
== tramo terminado
== bajando checkpoint
   checkpoint en /home/maxi/Documentos/Nuevo Transformer/delta-archivo/micro_lm/ckpts/lg3_s2.pkl (10M)
   ultimo paso registrado: "paso": 750
== fin del tramo (la sesion queda VIVA para el tramo siguiente; pararla con: colab stop -s tr2_d_1814)
   tramo de 3:2 cerrado en el paso 750 de 2000
   tr2_d_1814 parada; pendientes ahora: 3:2
-- vuelta 1 recorrida entera sin T4 en ninguna; descanso 10 min
-- vuelta 2 · cuenta G · faltan: 3:2 · 18:45:45
   >> OTORGADA en G (T4): [tr2_g_1845] gpu-t4-s-kkb-usw4a1-1bq3vbxmjvq3c | Hardware: T4 | Variant: GPU | Status: IDLE
   -> tramo 3:2 en G (desde el paso 750)
== tramo · cuenta G · sesion tr2_g_1845 · lg3_s2 · +250 de 2000 pasos · p_nose 0.2 · abst token · donde lat2 · mezcla fija · piso 0.10 · p_vieja 0.35 · blanco ausencia · kq 5 · ses-extra 26 · micro 8 · b_eval 8 · formas directa · perdida bce · sembrar 0 · rec L=0.5 M=0.5 F=0.2 CE=1.0 RANK=0.0
[colab] Uploaded '/tmp/tmp.HWpHPhgCgn/micro.tgz' to '/content/micro.tgz'
== subiendo checkpoint previo (10M)
[colab] Uploaded '/home/maxi/Documentos/Nuevo Transformer/delta-archivo/micro_lm/ckpts/lg3_s2.pkl' to '/content/ck.pkl'
jax 0.11.1 | [CudaDevice(id=0)]
compuerta de padding OK
lanzado pid 2131
== polling cada 2 min (presupuesto ~20 min)
VIVO= True ULTIMO= tramo: se corre hasta el paso 1000 y se guarda para continuar despues 
VIVO= True ULTIMO= tramo: se corre hasta el paso 1000 y se guarda para continuar despues 
VIVO= True ULTIMO= tramo: se corre hasta el paso 1000 y se guarda para continuar despues 
   [checkpoint parcial guardado: paso 750]
VIVO= True ULTIMO= tramo: se corre hasta el paso 1000 y se guarda para continuar despues 
VIVO= True ULTIMO= tramo: se corre hasta el paso 1000 y se guarda para continuar despues 
VIVO= True ULTIMO= tramo: se corre hasta el paso 1000 y se guarda para continuar despues 
VIVO= True ULTIMO= tramo: se corre hasta el paso 1000 y se guarda para continuar despues 
   [checkpoint parcial guardado: paso 750]
VIVO= True ULTIMO= tramo: se corre hasta el paso 1000 y se guarda para continuar despues 
VIVO= False ULTIMO= listo: {'paso': 1000, 'truncados': 0.0, 'p_nose': 0.2, 'mezcla_usada': {'vigente': 0.52, 'anterior': 0.27999999999999997, 'nose': 0.2}, 'mezcla_promedio': {'vigente': 0.52, 'anterior': 0.2799999999999999, 'nose': 0.2}, 'p_vieja_tr': 0.35, 'p_nose_tr': 0.2, 'vigente': 0.9663690476190476, 'anterior': 0.9772727272727273, 'nose': 0.8974358974358976, 'nose_ent': 0.8802083333333333, 'nose_rel': 0.8888888888888887, 'falsa_abst': 0.011774553571428571, 'abstencion': 0.169921875, 'cruzada_corto': {'vigente': 0.9824686716791979, 'anterior': 0.9886363636363636, 'nose': 0.10422077922077921, 'nose_ent': 0.07291666666666666, 'nose_rel': 0.11924603174603174, 'falsa_abst': 0.0, 'abstencion': 0.025390625}} 
== tramo terminado
== bajando checkpoint
   checkpoint en /home/maxi/Documentos/Nuevo Transformer/delta-archivo/micro_lm/ckpts/lg3_s2.pkl (10M)
   ultimo paso registrado: "paso": 1000
== fin del tramo (la sesion queda VIVA para el tramo siguiente; pararla con: colab stop -s tr2_g_1845)
   tramo de 3:2 cerrado en el paso 1000 de 2000
   tr2_g_1845 parada; pendientes ahora: 3:2
-- vuelta 2 · cuenta C · faltan: 3:2 · 19:05:00
   >> OTORGADA en C (T4): [tr2_c_1905] gpu-t4-s-kkb-ass1c1-2cbx8fbiq8snb | Hardware: T4 | Variant: GPU | Status: IDLE
   -> tramo 3:2 en C (desde el paso 1000)
== tramo · cuenta C · sesion tr2_c_1905 · lg3_s2 · +250 de 2000 pasos · p_nose 0.2 · abst token · donde lat2 · mezcla fija · piso 0.10 · p_vieja 0.35 · blanco ausencia · kq 5 · ses-extra 26 · micro 8 · b_eval 8 · formas directa · perdida bce · sembrar 0 · rec L=0.5 M=0.5 F=0.2 CE=1.0 RANK=0.0
[colab] Uploaded '/tmp/tmp.DBK9E1o3hS/micro.tgz' to '/content/micro.tgz'
== subiendo checkpoint previo (10M)
[colab] Uploaded '/home/maxi/Documentos/Nuevo Transformer/delta-archivo/micro_lm/ckpts/lg3_s2.pkl' to '/content/ck.pkl'
jax 0.11.1 | [CudaDevice(id=0)]
compuerta de padding OK
lanzado pid 7514
== polling cada 2 min (presupuesto ~20 min)
VIVO= True ULTIMO= tramo: se corre hasta el paso 1250 y se guarda para continuar despues 
VIVO= True ULTIMO= tramo: se corre hasta el paso 1250 y se guarda para continuar despues 
VIVO= True ULTIMO= tramo: se corre hasta el paso 1250 y se guarda para continuar despues 
   [checkpoint parcial guardado: paso 1000]
VIVO= True ULTIMO= tramo: se corre hasta el paso 1250 y se guarda para continuar despues 
VIVO= True ULTIMO= tramo: se corre hasta el paso 1250 y se guarda para continuar despues 
VIVO= True ULTIMO= tramo: se corre hasta el paso 1250 y se guarda para continuar despues 
VIVO= True ULTIMO= tramo: se corre hasta el paso 1250 y se guarda para continuar despues 
   [checkpoint parcial guardado: paso 1000]
VIVO= True ULTIMO= tramo: se corre hasta el paso 1250 y se guarda para continuar despues 
VIVO= False ULTIMO= listo: {'paso': 1250, 'truncados': 0.0, 'p_nose': 0.2, 'mezcla_usada': {'vigente': 0.52, 'anterior': 0.27999999999999997, 'nose': 0.2}, 'mezcla_promedio': {'vigente': 0.52, 'anterior': 0.27999999999999997, 'nose': 0.2}, 'p_vieja_tr': 0.35, 'p_nose_tr': 0.2, 'vigente': 0.9751116071428572, 'anterior': 1.0, 'nose': 0.8573717948717948, 'nose_ent': 0.7708333333333333, 'nose_rel': 0.9545454545454546, 'falsa_abst': 0.004185267857142857, 'abstencion': 0.162109375, 'cruzada_corto': {'vigente': 0.9891829004329005, 'anterior': 0.9373421717171717, 'nose': 0.1261904761904762, 'nose_ent': 0.175, 'nose_rel': 0.05714285714285715, 'falsa_abst': 0.0, 'abstencion': 0.029296875}} 
== tramo terminado
== bajando checkpoint
   checkpoint en /home/maxi/Documentos/Nuevo Transformer/delta-archivo/micro_lm/ckpts/lg3_s2.pkl (10M)
   ultimo paso registrado: "paso": 1250
== fin del tramo (la sesion queda VIVA para el tramo siguiente; pararla con: colab stop -s tr2_c_1905)
   tramo de 3:2 cerrado en el paso 1250 de 2000
   tr2_c_1905 parada; pendientes ahora: 3:2
-- vuelta 2 · cuenta D · faltan: 3:2 · 19:25:39
   >> OTORGADA en D (T4): [tr2_d_1925] gpu-t4-s-kkb-ass1a0-3bod6r4syeky1 | Hardware: T4 | Variant: GPU | Status: IDLE
   -> tramo 3:2 en D (desde el paso 1250)
== tramo · cuenta D · sesion tr2_d_1925 · lg3_s2 · +250 de 2000 pasos · p_nose 0.2 · abst token · donde lat2 · mezcla fija · piso 0.10 · p_vieja 0.35 · blanco ausencia · kq 5 · ses-extra 26 · micro 8 · b_eval 8 · formas directa · perdida bce · sembrar 0 · rec L=0.5 M=0.5 F=0.2 CE=1.0 RANK=0.0
[colab] Uploaded '/tmp/tmp.e9XTTAj8PW/micro.tgz' to '/content/micro.tgz'
== subiendo checkpoint previo (10M)
[colab] Uploaded '/home/maxi/Documentos/Nuevo Transformer/delta-archivo/micro_lm/ckpts/lg3_s2.pkl' to '/content/ck.pkl'
jax 0.11.1 | [CudaDevice(id=0)]
compuerta de padding OK
lanzado pid 5440
== polling cada 2 min (presupuesto ~20 min)
VIVO= True ULTIMO= tramo: se corre hasta el paso 1500 y se guarda para continuar despues 
VIVO= True ULTIMO= tramo: se corre hasta el paso 1500 y se guarda para continuar despues 
VIVO= True ULTIMO= tramo: se corre hasta el paso 1500 y se guarda para continuar despues 
   [checkpoint parcial guardado: paso 1250]
VIVO= True ULTIMO= tramo: se corre hasta el paso 1500 y se guarda para continuar despues 
VIVO= True ULTIMO= tramo: se corre hasta el paso 1500 y se guarda para continuar despues 
VIVO= True ULTIMO= tramo: se corre hasta el paso 1500 y se guarda para continuar despues 
VIVO= True ULTIMO= tramo: se corre hasta el paso 1500 y se guarda para continuar despues 
   [checkpoint parcial guardado: paso 1250]
VIVO= True ULTIMO= tramo: se corre hasta el paso 1500 y se guarda para continuar despues 
VIVO= False ULTIMO= listo: {'paso': 1500, 'truncados': 0.0, 'p_nose': 0.2, 'mezcla_usada': {'vigente': 0.52, 'anterior': 0.27999999999999997, 'nose': 0.2}, 'mezcla_promedio': {'vigente': 0.52, 'anterior': 0.27999999999999997, 'nose': 0.2}, 'p_vieja_tr': 0.35, 'p_nose_tr': 0.2, 'vigente': 0.9289806547619048, 'anterior': 1.0, 'nose': 0.9775641025641024, 'nose_ent': 0.9583333333333333, 'nose_rel': 0.9696969696969697, 'falsa_abst': 0.05031622023809524, 'abstencion': 0.220703125, 'cruzada_corto': {'vigente': 0.9946590909090909, 'anterior': 1.0, 'nose': 0.26743777056277057, 'nose_ent': 0.3431547619047619, 'nose_rel': 0.24970238095238095, 'falsa_abst': 0.0, 'abstencion': 0.0546875}} 
== tramo terminado
== bajando checkpoint
   checkpoint en /home/maxi/Documentos/Nuevo Transformer/delta-archivo/micro_lm/ckpts/lg3_s2.pkl (10M)
   ultimo paso registrado: "paso": 1500
== fin del tramo (la sesion queda VIVA para el tramo siguiente; pararla con: colab stop -s tr2_d_1925)
   tramo de 3:2 cerrado en el paso 1500 de 2000
   tr2_d_1925 parada; pendientes ahora: 3:2
-- vuelta 2 recorrida entera sin T4 en ninguna; descanso 10 min
-- vuelta 3 · cuenta G · faltan: 3:2 · 19:56:33
   >> OTORGADA en G (T4): [tr2_g_1956] gpu-t4-s-kkb-usw4a2-2uwdge91uqlr8 | Hardware: T4 | Variant: GPU | Status: IDLE
   -> tramo 3:2 en G (desde el paso 1500)
== tramo · cuenta G · sesion tr2_g_1956 · lg3_s2 · +250 de 2000 pasos · p_nose 0.2 · abst token · donde lat2 · mezcla fija · piso 0.10 · p_vieja 0.35 · blanco ausencia · kq 5 · ses-extra 26 · micro 8 · b_eval 8 · formas directa · perdida bce · sembrar 0 · rec L=0.5 M=0.5 F=0.2 CE=1.0 RANK=0.0
[colab] Uploaded '/tmp/tmp.i71m1tQtKL/micro.tgz' to '/content/micro.tgz'
== subiendo checkpoint previo (10M)
[colab] Uploaded '/home/maxi/Documentos/Nuevo Transformer/delta-archivo/micro_lm/ckpts/lg3_s2.pkl' to '/content/ck.pkl'
jax 0.11.1 | [CudaDevice(id=0)]
compuerta de padding OK
lanzado pid 1638
== polling cada 2 min (presupuesto ~20 min)
VIVO= True ULTIMO= tramo: se corre hasta el paso 1750 y se guarda para continuar despues 
VIVO= True ULTIMO= tramo: se corre hasta el paso 1750 y se guarda para continuar despues 
VIVO= True ULTIMO= tramo: se corre hasta el paso 1750 y se guarda para continuar despues 
   [checkpoint parcial guardado: paso 1500]
VIVO= True ULTIMO= tramo: se corre hasta el paso 1750 y se guarda para continuar despues 
VIVO= True ULTIMO= tramo: se corre hasta el paso 1750 y se guarda para continuar despues 
VIVO= True ULTIMO= tramo: se corre hasta el paso 1750 y se guarda para continuar despues 
VIVO= True ULTIMO= tramo: se corre hasta el paso 1750 y se guarda para continuar despues 
   [checkpoint parcial guardado: paso 1500]
VIVO= True ULTIMO= tramo: se corre hasta el paso 1750 y se guarda para continuar despues 
VIVO= False ULTIMO= listo: {'paso': 1750, 'truncados': 0.0, 'p_nose': 0.2, 'mezcla_usada': {'vigente': 0.52, 'anterior': 0.27999999999999997, 'nose': 0.2}, 'mezcla_promedio': {'vigente': 0.52, 'anterior': 0.27999999999999997, 'nose': 0.2}, 'p_vieja_tr': 0.35, 'p_nose_tr': 0.2, 'vigente': 0.9934895833333334, 'anterior': 1.0, 'nose': 0.9439102564102565, 'nose_ent': 0.875, 'nose_rel': 0.9545454545454546, 'falsa_abst': 0.004836309523809524, 'abstencion': 0.173828125, 'cruzada_corto': {'vigente': 0.9975, 'anterior': 0.9761363636363636, 'nose': 0.20090638528138527, 'nose_ent': 0.27425595238095235, 'nose_rel': 0.12698412698412698, 'falsa_abst': 0.0, 'abstencion': 0.044921875}} 
== tramo terminado
== bajando checkpoint
   checkpoint en /home/maxi/Documentos/Nuevo Transformer/delta-archivo/micro_lm/ckpts/lg3_s2.pkl (10M)
   ultimo paso registrado: "paso": 1750
== fin del tramo (la sesion queda VIVA para el tramo siguiente; pararla con: colab stop -s tr2_g_1956)
   tramo de 3:2 cerrado en el paso 1750 de 2000
   tr2_g_1956 parada; pendientes ahora: 3:2
-- vuelta 3 · cuenta C · faltan: 3:2 · 20:15:52
   >> OTORGADA en C (T4): [tr2_c_2015] gpu-t4-s-kkb-usw1b1-2swv5bis3a0kv | Hardware: T4 | Variant: GPU | Status: IDLE
   -> tramo 3:2 en C (desde el paso 1750)
== tramo · cuenta C · sesion tr2_c_2015 · lg3_s2 · +250 de 2000 pasos · p_nose 0.2 · abst token · donde lat2 · mezcla fija · piso 0.10 · p_vieja 0.35 · blanco ausencia · kq 5 · ses-extra 26 · micro 8 · b_eval 8 · formas directa · perdida bce · sembrar 0 · rec L=0.5 M=0.5 F=0.2 CE=1.0 RANK=0.0
[colab] Uploaded '/tmp/tmp.KQ4CJdpHnS/micro.tgz' to '/content/micro.tgz'
== subiendo checkpoint previo (10M)
[colab] Uploaded '/home/maxi/Documentos/Nuevo Transformer/delta-archivo/micro_lm/ckpts/lg3_s2.pkl' to '/content/ck.pkl'
jax 0.11.1 | [CudaDevice(id=0)]
compuerta de padding OK
lanzado pid 1704
== polling cada 2 min (presupuesto ~20 min)
VIVO= True ULTIMO= W0905 23:16:42.262025    1728 cuda_timer.cc:88] Delay kernel timed out: measured time has sub-optimal accuracy. There may be a missing warmup execution, please investigate in Nsight Systems. 
VIVO= True ULTIMO= W0905 23:16:42.262025    1728 cuda_timer.cc:88] Delay kernel timed out: measured time has sub-optimal accuracy. There may be a missing warmup execution, please investigate in Nsight Systems. 
VIVO= True ULTIMO= W0905 23:16:42.262025    1728 cuda_timer.cc:88] Delay kernel timed out: measured time has sub-optimal accuracy. There may be a missing warmup execution, please investigate in Nsight Systems. 
   [checkpoint parcial guardado: paso 1750]
VIVO= True ULTIMO= W0905 23:16:42.262025    1728 cuda_timer.cc:88] Delay kernel timed out: measured time has sub-optimal accuracy. There may be a missing warmup execution, please investigate in Nsight Systems. 
VIVO= True ULTIMO= W0905 23:16:42.262025    1728 cuda_timer.cc:88] Delay kernel timed out: measured time has sub-optimal accuracy. There may be a missing warmup execution, please investigate in Nsight Systems. 
VIVO= True ULTIMO= W0905 23:16:42.262025    1728 cuda_timer.cc:88] Delay kernel timed out: measured time has sub-optimal accuracy. There may be a missing warmup execution, please investigate in Nsight Systems. 
VIVO= True ULTIMO= W0905 23:16:42.262025    1728 cuda_timer.cc:88] Delay kernel timed out: measured time has sub-optimal accuracy. There may be a missing warmup execution, please investigate in Nsight Systems. 
   [checkpoint parcial guardado: paso 1750]
VIVO= True ULTIMO= W0905 23:16:42.262025    1728 cuda_timer.cc:88] Delay kernel timed out: measured time has sub-optimal accuracy. There may be a missing warmup execution, please investigate in Nsight Systems. 
VIVO= False ULTIMO= listo: {'paso': 2000, 'truncados': 0.0, 'p_nose': 0.2, 'mezcla_usada': {'vigente': 0.52, 'anterior': 0.27999999999999997, 'nose': 0.2}, 'mezcla_promedio': {'vigente': 0.52, 'anterior': 0.2799999999999999, 'nose': 0.2}, 'p_vieja_tr': 0.35, 'p_nose_tr': 0.2, 'vigente': 0.9933035714285714, 'anterior': 1.0, 'nose': 0.9807692307692307, 'nose_ent': 1.0, 'nose_rel': 0.9545454545454546, 'falsa_abst': 0.004185267857142857, 'abstencion': 0.181640625, 'cruzada_corto': {'vigente': 0.9970238095238095, 'anterior': 0.9605113636363636, 'nose': 0.30434253246753246, 'nose_ent': 0.4504464285714286, 'nose_rel': 0.14206349206349206, 'falsa_abst': 0.0, 'abstencion': 0.06640625}} 
== tramo terminado
== bajando checkpoint
   checkpoint en /home/maxi/Documentos/Nuevo Transformer/delta-archivo/micro_lm/ckpts/lg3_s2.pkl (10M)
   ultimo paso registrado: "paso": 2000
== fin del tramo (la sesion queda VIVA para el tramo siguiente; pararla con: colab stop -s tr2_c_2015)
   tramo de 3:2 cerrado en el paso 2000 de 2000
   tr2_c_2015 parada; pendientes ahora: 
== todo completo
