parametros 866,675 · d=128 capas=4 kernel_q=5 donde=lat2
muestra fija · slots correctos [5] · pregunta: BOS cual es la altura de bosque ?
  paso    20 · perdida  5.170 · acc 0.1875 ·  63.1s
  paso    40 · perdida  5.787 · acc 0.0625 · 109.2s
  paso    60 · perdida  4.852 · acc 0.1875 · 155.5s
  paso    80 · perdida  4.440 · acc 0.2500 · 201.9s
  paso   100 · perdida  4.440 · acc 0.2500 · 248.0s
  paso   120 · perdida  4.413 · acc 0.3125 · 294.1s
  paso   140 · perdida  5.657 · acc 0.0000 · 340.3s
  paso   160 · perdida  4.096 · acc 0.3125 · 386.7s
  paso   180 · perdida  4.536 · acc 0.2500 · 433.1s
  paso   200 · perdida  4.611 · acc 0.1875 · 479.5s
  paso   220 · perdida  3.443 · acc 0.5625 · 525.9s
  paso   240 · perdida  5.096 · acc 0.1250 · 573.7s
  paso   260 · perdida  4.766 · acc 0.1875 · 620.0s
  paso   280 · perdida  4.606 · acc 0.2500 · 673.9s
  paso   300 · perdida  4.925 · acc 0.1250 · 727.0s
  paso   320 · perdida  4.665 · acc 0.1250 · 780.6s
  paso   340 · perdida  4.792 · acc 0.1250 · 833.8s
  paso   360 · perdida  4.506 · acc 0.2500 · 883.9s
  paso   380 · perdida  5.158 · acc 0.1250 · 929.5s
  paso   400 · perdida  4.590 · acc 0.1875 · 975.1s
  paso   420 · perdida  4.821 · acc 0.1875 · 1020.6s
  paso   440 · perdida  4.816 · acc 0.1250 · 1066.3s
  paso   460 · perdida  4.616 · acc 0.1875 · 1111.8s
  paso   480 · perdida  4.718 · acc 0.1250 · 1157.1s
  paso   500 · perdida  4.285 · acc 0.2500 · 1202.5s
  paso   520 · perdida  3.964 · acc 0.3750 · 1248.0s
  paso   540 · perdida  4.465 · acc 0.2500 · 1293.4s
  paso   560 · perdida  4.767 · acc 0.1250 · 1339.1s
  paso   580 · perdida  4.664 · acc 0.1875 · 1384.4s
  paso   600 · perdida  4.628 · acc 0.1875 · 1429.9s
  paso   620 · perdida  4.649 · acc 0.1875 · 1475.4s
  paso   640 · perdida  4.661 · acc 0.1250 · 1520.9s
  paso   660 · perdida  4.595 · acc 0.1875 · 1566.6s
  paso   680 · perdida  3.820 · acc 0.3750 · 1612.0s
  paso   700 · perdida  4.547 · acc 0.1875 · 1660.3s
  paso   720 · perdida  3.999 · acc 0.3125 · 1708.2s
  paso   740 · perdida  5.354 · acc 0.0000 · 1756.9s
  paso   760 · perdida  4.851 · acc 0.1250 · 1802.6s
  paso   780 · perdida  4.505 · acc 0.2500 · 1848.6s
  paso   800 · perdida  4.264 · acc 0.2500 · 1896.0s
  paso   820 · perdida  4.835 · acc 0.1250 · 1946.3s
  paso   840 · perdida  4.441 · acc 0.2500 · 1996.3s
  paso   860 · perdida  4.109 · acc 0.3125 · 2047.4s
  paso   880 · perdida  3.822 · acc 0.3750 · 2097.8s
  paso   900 · perdida  4.178 · acc 0.3125 · 2151.4s
  paso   920 · perdida  4.302 · acc 0.2500 · 2213.0s
  paso   940 · perdida  4.873 · acc 0.1250 · 2278.1s
  paso   960 · perdida  4.016 · acc 0.3125 · 2344.9s
  paso   980 · perdida  4.563 · acc 0.1875 · 2407.8s
  paso  1000 · perdida  4.811 · acc 0.1250 · 2463.9s
listo · 51 cuadros · pelicula.json · 2464s
