== watchdog2 armado sobre /home/maxi/Disco_de_Guardado/Carpetas_Usuario/Documentos/Nuevo Transformer/delta-archivo/micro_lm/salidas/prueba_t4_lg.log (rotador 1126972)
== rotador2 · familia 'lg' · p_nose 0.2 · mezcla fija · piso 0.10 · p_vieja 0.35 · unidades 3:0 · cuentas: H
-- vuelta 1 · cuenta H · faltan: 3:0 · 15:03:46
   >> OTORGADA en H (T4): [tr2_h_1503] gpu-t4-s-kkb-euw4a1-36bjasw3g3u0k | Hardware: T4 | Variant: GPU | Status: IDLE
   -> tramo 3:0 en H (desde el paso 0)
== tramo · cuenta H · sesion tr2_h_1503 · lg3_s0 · +250 de 500 pasos · p_nose 0.2 · abst token · donde lat2 · mezcla fija · piso 0.10 · p_vieja 0.35 · blanco ausencia · kq 5 · ses-extra 26 · formas directa · perdida bce · sembrar 0 · rec L=0.5 M=0.5 F=0.2 CE=1.0 RANK=0.0
[colab] Uploaded '/tmp/tmp.zVgkvtPpFA/micro.tgz' to '/content/micro.tgz'
== subiendo checkpoint previo (3,4M)
[colab] Uploaded '/home/maxi/Documentos/Nuevo Transformer/delta-archivo/micro_lm/ckpts/lg3_s0.pkl' to '/content/ck.pkl'
jax 0.11.1 | [CudaDevice(id=0)]
compuerta de padding OK
lanzado pid 1607
== polling cada 2 min (presupuesto ~20 min)
VIVO= True ULTIMO= W0905 18:05:03.961386    1607 bfc_allocator.cc:609] *___________________________________________________________________________________________________ 
VIVO= False ULTIMO= jax.errors.JaxRuntimeError: RESOURCE_EXHAUSTED: Out of memory while trying to allocate 63.73GiB with allocator GPU_0_bfc on device 0. [executable_name='jit_predecir'] [tf-allocator-allocation-error=''] 
== tramo terminado
== bajando checkpoint
   checkpoint en /home/maxi/Documentos/Nuevo Transformer/delta-archivo/micro_lm/ckpts/lg3_s0.pkl (3,4M)
== fin del tramo (la sesion queda VIVA para el tramo siguiente; pararla con: colab stop -s tr2_h_1503)
   tramo de 3:0 cerrado en el paso 0 de 500
   tr2_h_1503 parada; pendientes ahora: 3:0
-- vuelta 1 recorrida entera sin T4 en ninguna; descanso 10 min
