== watchdog2 armado sobre /home/maxi/Disco_de_Guardado/Carpetas_Usuario/Documentos/Nuevo Transformer/delta-archivo/micro_lm/salidas/prueba_t4_lg2.log (rotador 1510718)
== rotador2 · familia 'lg' · p_nose 0.2 · mezcla fija · piso 0.10 · p_vieja 0.35 · unidades 3:0 · cuentas: K
-- vuelta 1 · cuenta K · faltan: 3:0 · 15:20:00
   >> OTORGADA en K (T4): [tr2_k_1520] gpu-t4-s-kkb-use1c1-2gw1bb753ts6j | Hardware: T4 | Variant: GPU | Status: IDLE
   -> tramo 3:0 en K (desde el paso 0)
== tramo · cuenta K · sesion tr2_k_1520 · lg3_s0 · +250 de 500 pasos · p_nose 0.2 · abst token · donde lat2 · mezcla fija · piso 0.10 · p_vieja 0.35 · blanco ausencia · kq 5 · ses-extra 26 · micro 8 · b_eval 8 · formas directa · perdida bce · sembrar 0 · rec L=0.5 M=0.5 F=0.2 CE=1.0 RANK=0.0
[colab] Uploaded '/tmp/tmp.fFdvBo3xY3/micro.tgz' to '/content/micro.tgz'
== subiendo checkpoint previo (3,4M)
[colab] Uploaded '/home/maxi/Documentos/Nuevo Transformer/delta-archivo/micro_lm/ckpts/lg3_s0.pkl' to '/content/ck.pkl'
jax 0.11.1 | [CudaDevice(id=0)]
compuerta de padding OK
lanzado pid 2429
== polling cada 2 min (presupuesto ~20 min)
VIVO= True ULTIMO= tramo: se corre hasta el paso 250 y se guarda para continuar despues 
VIVO= True ULTIMO= tramo: se corre hasta el paso 250 y se guarda para continuar despues 
VIVO= True ULTIMO= tramo: se corre hasta el paso 250 y se guarda para continuar despues 
   [checkpoint parcial guardado: paso ]
VIVO= True ULTIMO= tramo: se corre hasta el paso 250 y se guarda para continuar despues 
VIVO= True ULTIMO= tramo: se corre hasta el paso 250 y se guarda para continuar despues 
VIVO= True ULTIMO= tramo: se corre hasta el paso 250 y se guarda para continuar despues 
VIVO= True ULTIMO= tramo: se corre hasta el paso 250 y se guarda para continuar despues 
   [checkpoint parcial guardado: paso ]
VIVO= True ULTIMO= tramo: se corre hasta el paso 250 y se guarda para continuar despues 
VIVO= True ULTIMO= tramo: se corre hasta el paso 250 y se guarda para continuar despues 
VIVO= False ULTIMO= listo: {'paso': 250, 'truncados': 0.0, 'p_nose': 0.2, 'mezcla_usada': {'vigente': 0.52, 'anterior': 0.27999999999999997, 'nose': 0.2}, 'mezcla_promedio': {'vigente': 0.52, 'anterior': 0.2799999999999999, 'nose': 0.2}, 'p_vieja_tr': 0.35, 'p_nose_tr': 0.2, 'vigente': 0.6705357142857142, 'anterior': 0.8384353741496597, 'nose': 0.6267295597484277, 'nose_ent': 0.6781609195402298, 'nose_rel': 0.5581395348837209, 'falsa_abst': 0.10033482142857142, 'abstencion': 0.19921875, 'cruzada_corto': {'vigente': 0.9675905163142826, 'anterior': 1.0, 'nose': 0.056155303030303035, 'nose_ent': 0.11875, 'nose_rel': 0.0, 'falsa_abst': 0.0, 'abstencion': 0.009765625}} 
== tramo terminado
== bajando checkpoint
   checkpoint en /home/maxi/Documentos/Nuevo Transformer/delta-archivo/micro_lm/ckpts/lg3_s0.pkl (10M)
   ultimo paso registrado: "paso": 250
== fin del tramo (la sesion queda VIVA para el tramo siguiente; pararla con: colab stop -s tr2_k_1520)
   tramo de 3:0 cerrado en el paso 250 de 500
   tr2_k_1520 parada; pendientes ahora: 3:0
-- vuelta 1 recorrida entera sin T4 en ninguna; descanso 10 min
== fin · pendientes: 3:0
