========================================================================================================
ABLACION DE TAPS de convq · kernel 5 ya entrenado · prereg SHA eb5e1d50 §A
========================================================================================================

--- kq3_s0  paso=26000  kq=5
  condicion         vigente  anterior    nose  nose_ent  nose_rel   falsa
  completo           0.9972    1.0000  0.9708    0.9508    0.9954  0.0024
  tap0 posicion      0.1464    0.0000  0.7668    0.7613    0.7610  0.6217
  tap1 ENTIDAD       0.0907    0.9546  0.9968    0.9944    1.0000  0.7317
  tap2 «de»          0.6251    0.7915  0.9720    0.9491    0.9954  0.2838
  tap3 RELACION      0.5146    0.9832  0.9710    0.9664    0.9765  0.3958
  tap4 articulo      0.7794    0.9917  0.9641    0.9306    0.9954  0.1438

--- kq3_s1  paso=26000  kq=5
  condicion         vigente  anterior    nose  nose_ent  nose_rel   falsa
  completo           0.9976    1.0000  0.9876    0.9758    1.0000  0.0020
  tap0 posicion      0.3544    0.0000  0.9019    0.9449    0.8601  0.5440
  tap1 ENTIDAD       0.3472    0.8662  0.9973    0.9936    1.0000  0.5565
  tap2 «de»          0.9843    1.0000  0.9787    0.9647    0.9936  0.0133
  tap3 RELACION      0.4156    0.8720  0.9944    1.0000    0.9907  0.5195
  tap4 articulo      0.9046    0.8935  0.9408    0.9653    0.9247  0.0371

--- kq3_s2  paso=26000  kq=5
  condicion         vigente  anterior    nose  nose_ent  nose_rel   falsa
  completo           1.0000    1.0000  0.9772    0.9570    0.9944  0.0000
  tap0 posicion      0.5098    0.5176  0.5306    0.5465    0.4984  0.3445
  tap1 ENTIDAD       0.0022    0.3860  0.9962    0.9924    1.0000  0.9282
  tap2 «de»          0.8047    0.1280  0.7335    0.8869    0.5945  0.1541
  tap3 RELACION      0.4696    0.9152  0.9600    0.9667    0.9554  0.4505
  tap4 articulo      0.8434    0.0119  0.7522    0.8781    0.6285  0.1245

========================================================================================================
CAIDAS respecto del modelo completo (positivo = empeora)
========================================================================================================
  unidad     tap0 posicion    tap1 ENTIDAD       tap2 «de»   tap3 RELACION   tap4 articulo

  ** nose_rel **
  kq3_s0            0.2343         -0.0046          0.0000          0.0188          0.0000
  kq3_s1            0.1399          0.0000          0.0064          0.0093          0.0753
  kq3_s2            0.4960         -0.0056          0.3999          0.0390          0.3659

  ** vigente **
  kq3_s0            0.8508          0.9065          0.3721          0.4826          0.2178
  kq3_s1            0.6432          0.6504          0.0133          0.5820          0.0931
  kq3_s2            0.4902          0.9978          0.1953          0.5304          0.1566

--------------------------------------------------------------------------------------------------------
CRITERIOS del prereg §A, escritos antes del dato
  A-1 PRINCIPAL   tap3 baja nose_rel >= 0,20        0 de 3   NO CUMPLE
  A-2 ESPECIFICO  la caida del tap3 > tap2 y tap4   1 de 3   NO CUMPLE
  A-3 CONTROL +   tap1 baja vigente >= 0,20         3 de 3   CUMPLE   
--------------------------------------------------------------------------------------------------------
