╭───────────────────── Traceback (most recent call last) ──────────────────────╮
│ /home/maxi/.venv-colab-cli/lib/python3.12/site-packages/colab_cli/commands/e │
│ xecution.py:216 in exec_command                                              │
│                                                                              │
│   213 │   │   │   )                                                          │
│   214 │   │   │   state.store.add(s)                                         │
│   215 │   │   │                                                              │
│ ❱ 216 │   │   │   outputs = runtime.execute_code(                            │
│   217 │   │   │   │   code,                                                  │
│   218 │   │   │   │   output_hook=lambda o: display_output(o, output_image), │
│   219 │   │   │   │   timeout=timeout,                                       │
│                                                                              │
│ /home/maxi/.venv-colab-cli/lib/python3.12/site-packages/colab_cli/runtime.py │
│ :221 in execute_code                                                         │
│                                                                              │
│   218 │   │   │   │   │   │   if idx < len(outputs):                         │
│   219 │   │   │   │   │   │   │   output_hook(outputs[idx])                  │
│   220 │   │   │                                                              │
│ ❱ 221 │   │   │   reply = self.kernel_client.execute_interactive(            │
│   222 │   │   │   │   code, output_hook=wrapped_output_hook, **kwargs        │
│   223 │   │   │   )                                                          │
│   224 │   │   │   # execute_interactive returns the raw reply message        │
│                                                                              │
│ /home/maxi/.venv-colab-cli/lib/python3.12/site-packages/jupyter_kernel_clien │
│ t/client.py:364 in execute_interactive                                       │
│                                                                              │
│   361 │   │   │   The reply message for this request                         │
│   362 │   │   """                                                            │
│   363 │   │   self._set_variables(variables)                                 │
│ ❱ 364 │   │   return self._manager.client.execute_interactive(               │
│   365 │   │   │   code,                                                      │
│   366 │   │   │   silent=silent,                                             │
│   367 │   │   │   store_history=store_history,                               │
│                                                                              │
│ /home/maxi/.venv-colab-cli/lib/python3.12/site-packages/jupyter_kernel_clien │
│ t/wsclient.py:1097 in execute_interactive                                    │
│                                                                              │
│   1094 │   │   │   │   │   self.iopub_channel.msg_ready()                    │
│   1095 │   │   │   │   │   or (allow_stdin and                               │
│        self.stdin_channel.msg_ready())                                       │
│   1096 │   │   │   │   ):                                                    │
│ ❱ 1097 │   │   │   │   │   raise TimeoutError("Timeout waiting for output")  │
│   1098 │   │   │   │                                                         │
│   1099 │   │   │   │   if allow_stdin:                                       │
│   1100 │   │   │   │   │   try:                                              │
╰──────────────────────────────────────────────────────────────────────────────╯
TimeoutError: Timeout waiting for output
