generando 54000 embeddings (3000 anclas + 3000 consultas + 8×3000 elípticas + 8×3000 hidratadas)…
    64/3000 — 5s
    704/3000 — 40s
    1344/3000 — 72s
    1984/3000 — 103s
    2624/3000 — 134s
    64/3000 — 2s
    704/3000 — 26s
    1344/3000 — 50s
    1984/3000 — 73s
    2624/3000 — 96s
    64/3000 — 2s
    704/3000 — 21s
    1344/3000 — 41s
    1984/3000 — 61s
    2624/3000 — 80s
    64/3000 — 2s
    704/3000 — 22s
    1344/3000 — 41s
    1984/3000 — 61s
    2624/3000 — 81s
    64/3000 — 2s
    704/3000 — 21s
    1344/3000 — 41s
    1984/3000 — 61s
    2624/3000 — 80s
    64/3000 — 2s
    704/3000 — 22s
    1344/3000 — 41s
    1984/3000 — 61s
    2624/3000 — 80s
    64/3000 — 2s
    704/3000 — 21s
    1344/3000 — 41s
    1984/3000 — 60s
    2624/3000 — 80s
    64/3000 — 2s
    704/3000 — 21s
    1344/3000 — 41s
    1984/3000 — 60s
    2624/3000 — 80s
    64/3000 — 2s
    704/3000 — 22s
    1344/3000 — 41s
    1984/3000 — 61s
    2624/3000 — 80s
    64/3000 — 2s
    704/3000 — 22s
    1344/3000 — 41s
    1984/3000 — 61s
    2624/3000 — 80s
    64/3000 — 3s
    704/3000 — 32s
    1344/3000 — 62s
    1984/3000 — 92s
    2624/3000 — 122s
    64/3000 — 3s
    704/3000 — 32s
    1344/3000 — 62s
    1984/3000 — 92s
    2624/3000 — 122s
    64/3000 — 3s
    704/3000 — 32s
    1344/3000 — 62s
    1984/3000 — 92s
    2624/3000 — 122s
    64/3000 — 3s
    704/3000 — 32s
    1344/3000 — 62s
    1984/3000 — 92s
    2624/3000 — 122s
    64/3000 — 3s
    704/3000 — 32s
    1344/3000 — 62s
    1984/3000 — 92s
    2624/3000 — 122s
    64/3000 — 3s
    704/3000 — 32s
    1344/3000 — 62s
    1984/3000 — 92s
    2624/3000 — 122s
    64/3000 — 3s
    704/3000 — 32s
    1344/3000 — 62s
    1984/3000 — 92s
    2624/3000 — 122s
    64/3000 — 3s
    704/3000 — 32s
    1344/3000 — 62s
    1984/3000 — 92s
    2624/3000 — 122s
  elípticas r0: 240/3000 vectores únicos
  ⚠ elípticas: pocos únicos — revisar antes de leer cualquier veredicto
  hidratadas r0: 3000/3000 vectores únicos
guardado hechos_elipticas.npz — E0 (3000, 768) · EL (8, 3000, 768) · EH (8, 3000, 768)
