== rotador-frontera · familia 'f' · p_nose 0.0 · unidades 2:1 · cuentas: E F J A
-- vuelta 1 · cuenta E · faltan: 2:1 · 07:15:13
   >> OTORGADA en E: [tr2_e_0715] gpu-t4-s-kkb-usw1b2-ad73nx8c1js3 | Hardware: T4 | Variant: GPU | Status: IDLE
   -> tramo 2:1 en E (desde el paso 6000 de 14000)
== tramo · cuenta E · sesion tr2_e_0715 · f2_s1 · +4000 de 14000 pasos · p_nose 0.0 · abst token
[colab] Uploaded '/tmp/tmp.bwKaiR6iom/micro.tgz' to '/content/micro.tgz'
== subiendo checkpoint previo (9,9M)
[colab] Uploaded '/home/maxi/Documentos/Nuevo Transformer/delta-archivo/micro_lm/ckpts/f2_s1.pkl' to '/content/ck.pkl'
[colab] Session 'tr2_e_0715' appears to be lost (404/401). Cleaning up.
   tr2_e_0715 parada; pendientes ahora: 2:1
-- vuelta 1 · cuenta F · faltan: 2:1 · 08:24:31
   >> OTORGADA en F: [tr2_f_0824] gpu-t4-s-kkb-ass1c2-2m3i2m82tx6q3 | Hardware: T4 | Variant: GPU | Status: IDLE
   -> tramo 2:1 en F (desde el paso 6000 de 14000)
== tramo · cuenta F · sesion tr2_f_0824 · f2_s1 · +4000 de 14000 pasos · p_nose 0.0 · abst token
[colab] Uploaded '/tmp/tmp.kL0pDPEGyO/micro.tgz' to '/content/micro.tgz'
== subiendo checkpoint previo (9,9M)
[colab] Uploaded '/home/maxi/Documentos/Nuevo Transformer/delta-archivo/micro_lm/ckpts/f2_s1.pkl' to '/content/ck.pkl'
jax 0.7.2 | [CudaDevice(id=0)]
compuerta de padding OK
lanzado pid 1562
== polling cada 2 min (presupuesto ~60 min)
VIVO= True ULTIMO= tramo: se corre hasta el paso 10000 y se guarda para continuar despues 
VIVO= True ULTIMO= ── eval: vigente 0.7610 · anterior 0.8073 · abstencion 0.0000 · truncados 0.0000 
VIVO= True ULTIMO= ── eval: vigente 0.7700 · anterior 0.8993 · abstencion 0.0000 · truncados 0.0000 
   [checkpoint parcial guardado: paso 6750]
VIVO= True ULTIMO= ── eval: vigente 0.7495 · anterior 0.7983 · abstencion 0.0000 · truncados 0.0000 
VIVO= True ULTIMO= ── eval: vigente 0.7560 · anterior 0.8627 · abstencion 0.0000 · truncados 0.0000 
VIVO= True ULTIMO= ── eval: vigente 0.7675 · anterior 0.8656 · abstencion 0.0000 · truncados 0.0000 
