== watchdog2 armado sobre /home/maxi/Disco_de_Guardado/Carpetas_Usuario/Documentos/Nuevo Transformer/delta-archivo/micro_lm/corridas_20260911/rotador_ec3_s1.log (rotador 3072547)
== rotador2 · familia 'ec' · p_nose 0.4 · mezcla fija · piso 0.10 · p_vieja 0.35 · sello abs · pert 0 · topk 0/0 · relleno 0 (real,solapado) · fotos 100 · unidades 3:1 · cuentas: L D
-- vuelta 1 · cuenta L · faltan: 3:1 · 18:43:56
   >> OTORGADA en L (T4): [tr2_l_1843] gpu-t4-s-kkb-usw4a1-2zfaw3imbfzlu | Hardware: T4 | Variant: GPU | Status: IDLE
   -> tramo 3:1 en L (desde el paso 0)
== tramo · cuenta L · sesion tr2_l_1843 · ec3_s1 · +2000 de 26000 pasos · p_nose 0.4 · abst cabeza · donde lat2 · mezcla fija · piso 0.10 · p_vieja 0.35 · blanco ausencia · kq 5 · ses-extra 0 · sello abs · pert 0 · micro 0 · b_eval 0 · formas directa · perdida bce · sembrar 0 · rec L=0.5 M=0.5 F=0.2 CE=1.0 RANK=0.0 · topk 0 desde 0 · relleno 0 (real, solapado, cada 1000) · fotos 100 · ses-extra-sin-grad 0 · compuesta 0.5 · bloques 0
[colab] Uploaded '/tmp/tmp.vMzfZaoeml/micro.tgz' to '/content/micro.tgz'
== sin checkpoint local: se limpia /content/ck.pkl por si quedo de otra unidad
no habia ck_fotos.json
jax 0.11.1 | [CudaDevice(id=0)]
compuerta de padding OK
lanzado pid 8293
== polling cada 2 min (presupuesto ~40 min, tope 120)
VIVO= True ULTIMO= fotos: cada 100 pasos -> /content/ck_fotos.json · pregunta: BOS cual es la altura de bosque ? · slots correctos [5] 
VIVO= True ULTIMO= fotos: cada 100 pasos -> /content/ck_fotos.json · pregunta: BOS cual es la altura de bosque ? · slots correctos [5] 
VIVO= True ULTIMO= paso    500  loss 3.9882  acc 0.2031  (248s) 
   [checkpoint parcial guardado: paso ]
   [pelicula parcial: 1000 pasos]
VIVO= True ULTIMO= ── eval: vigente 0.4102 · anterior 0.1826 · abstencion 0.0352 · truncados 0.0000 · compuesta 1.0000 · nose_comp 0.0667 · nose 0.0457 (ent 0.0521/rel 0.0244) · falsa_abst 0.0295 
VIVO= True ULTIMO= ── eval: vigente 0.4102 · anterior 0.1826 · abstencion 0.0352 · truncados 0.0000 · compuesta 1.0000 · nose_comp 0.0667 · nose 0.0457 (ent 0.0521/rel 0.0244) · falsa_abst 0.0295 
VIVO= True ULTIMO= paso   1500  loss 1.9633  acc 0.5781  (721s) 
VIVO= True ULTIMO= paso   1500  loss 1.9633  acc 0.5781  (721s) 
Terminado
