Warning: You are sending unauthenticated requests to the HF Hub. Please set a HF_TOKEN to enable higher rate limits and faster downloads.
Loading weights:   0%|          | 0/201 [00:00<?, ?it/s]Loading weights:   0%|          | 1/201 [00:00<00:43,  4.62it/s]Loading weights:   7%|▋         | 15/201 [00:00<00:03, 52.88it/s]Loading weights:  15%|█▌        | 31/201 [00:00<00:02, 84.55it/s]Loading weights:  21%|██        | 42/201 [00:00<00:01, 92.25it/s]Loading weights:  29%|██▉       | 58/201 [00:00<00:01, 108.94it/s]Loading weights:  35%|███▍      | 70/201 [00:00<00:01, 108.92it/s]Loading weights:  42%|████▏     | 85/201 [00:00<00:01, 102.62it/s]Loading weights:  49%|████▉     | 99/201 [00:01<00:00, 111.56it/s]Loading weights:  55%|█████▌    | 111/201 [00:01<00:00, 113.05it/s]Loading weights:  61%|██████    | 123/201 [00:01<00:00, 102.86it/s]Loading weights:  69%|██████▉   | 139/201 [00:01<00:00, 111.96it/s]Loading weights:  75%|███████▌  | 151/201 [00:01<00:00, 107.66it/s]Loading weights:  81%|████████  | 163/201 [00:01<00:00, 110.87it/s]Loading weights:  87%|████████▋ | 175/201 [00:01<00:00, 109.50it/s]Loading weights:  93%|█████████▎| 187/201 [00:01<00:00, 105.49it/s]Loading weights:  99%|█████████▊| 198/201 [00:01<00:00, 105.18it/s]Loading weights: 100%|██████████| 201/201 [00:01<00:00, 101.52it/s]
DENSO · atencion completa en las 22 capas · sin conv corta
TinyLlama/TinyLlama-1.1B-Chat-v1.0 · 1.10 B CONGELADOS · entrenables 2.11 M (0.192 %) · rango 256 · cuda
escritura capa 11 · lectura capa 2 · 15 entidades · 8 valores · 2 relaciones · batch 4 · archivo 8 · 22 bloques
abstencion 'None' -> 6213 · piso trivial de responder al azar 1/8 = 0.1250
PISO DEL MUDO: abstenerse SIEMPRE da GLOBAL 0.4000. Por debajo de eso el modelo es peor que el silencio.
calentando 3000 pasos sin casos de abstencion
  paso    1 · perdida  6.1455 · GLOBAL 0.0000 · acierto 0.0000 · vigente 0.0000 · nose nan (rel nan/aus nan) · invento 0.0000 · 1.6 s/paso  (calentando, sin abstencion)
  paso   25 · perdida  2.6311 · GLOBAL 0.5000 · acierto 0.5000 · vigente 1.0000 · nose nan (rel nan/aus nan) · invento 0.0000 · 0.2 s/paso  (calentando, sin abstencion)
  paso   50 · perdida  2.7687 · GLOBAL 0.0000 · acierto 0.0000 · vigente 0.0000 · nose nan (rel nan/aus nan) · invento 0.0000 · 0.2 s/paso  (calentando, sin abstencion)
  paso   75 · perdida  2.5074 · GLOBAL 0.0000 · acierto 0.0000 · vigente 0.0000 · nose nan (rel nan/aus nan) · invento 0.0000 · 0.2 s/paso  (calentando, sin abstencion)
  paso  100 · perdida  1.9033 · GLOBAL 0.2500 · acierto 0.2500 · vigente 0.5000 · nose nan (rel nan/aus nan) · invento 0.0000 · 0.2 s/paso  (calentando, sin abstencion)
  paso  125 · perdida  2.5475 · GLOBAL 0.0000 · acierto 0.0000 · vigente 0.0000 · nose nan (rel nan/aus nan) · invento 0.0000 · 0.2 s/paso  (calentando, sin abstencion)
  paso  150 · perdida  2.2864 · GLOBAL 0.2500 · acierto 0.2500 · vigente nan · nose nan (rel nan/aus nan) · invento 0.0000 · 0.2 s/paso  (calentando, sin abstencion)
  paso  175 · perdida  2.4430 · GLOBAL 0.0000 · acierto 0.0000 · vigente 0.0000 · nose nan (rel nan/aus nan) · invento 0.0000 · 0.2 s/paso  (calentando, sin abstencion)
  paso  200 · perdida  2.5315 · GLOBAL 0.2500 · acierto 0.2500 · vigente 0.5000 · nose nan (rel nan/aus nan) · invento 0.0000 · 0.2 s/paso  (calentando, sin abstencion)
  paso  225 · perdida  3.0002 · GLOBAL 0.0000 · acierto 0.0000 · vigente 0.0000 · nose nan (rel nan/aus nan) · invento 0.0000 · 0.2 s/paso  (calentando, sin abstencion)
  paso  250 · perdida  2.0006 · GLOBAL 0.0000 · acierto 0.0000 · vigente 0.0000 · nose nan (rel nan/aus nan) · invento 0.0000 · 0.2 s/paso  (calentando, sin abstencion)
  paso  275 · perdida  1.7206 · GLOBAL 0.2500 · acierto 0.2500 · vigente 0.5000 · nose nan (rel nan/aus nan) · invento 0.0000 · 0.2 s/paso  (calentando, sin abstencion)
  paso  300 · perdida  2.4558 · GLOBAL 0.2500 · acierto 0.2500 · vigente 0.0000 · nose nan (rel nan/aus nan) · invento 0.0000 · 0.2 s/paso  (calentando, sin abstencion)
  paso  325 · perdida  2.1796 · GLOBAL 0.2500 · acierto 0.2500 · vigente 0.0000 · nose nan (rel nan/aus nan) · invento 0.0000 · 0.2 s/paso  (calentando, sin abstencion)
  paso  350 · perdida  2.6719 · GLOBAL 0.0000 · acierto 0.0000 · vigente 0.0000 · nose nan (rel nan/aus nan) · invento 0.0000 · 0.2 s/paso  (calentando, sin abstencion)
  paso  375 · perdida  2.0927 · GLOBAL 0.2500 · acierto 0.2500 · vigente 0.3333 · nose nan (rel nan/aus nan) · invento 0.0000 · 0.2 s/paso  (calentando, sin abstencion)
  paso  400 · perdida  1.8983 · GLOBAL 0.2500 · acierto 0.2500 · vigente 1.0000 · nose nan (rel nan/aus nan) · invento 0.0000 · 0.2 s/paso  (calentando, sin abstencion)
  paso  425 · perdida  2.7640 · GLOBAL 0.0000 · acierto 0.0000 · vigente 0.0000 · nose nan (rel nan/aus nan) · invento 0.0000 · 0.2 s/paso  (calentando, sin abstencion)
  paso  450 · perdida  2.3329 · GLOBAL 0.0000 · acierto 0.0000 · vigente 0.0000 · nose nan (rel nan/aus nan) · invento 0.0000 · 0.2 s/paso  (calentando, sin abstencion)
  paso  475 · perdida  2.4614 · GLOBAL 0.0000 · acierto 0.0000 · vigente 0.0000 · nose nan (rel nan/aus nan) · invento 0.0000 · 0.2 s/paso  (calentando, sin abstencion)
  paso  500 · perdida  2.6936 · GLOBAL 0.0000 · acierto 0.0000 · vigente nan · nose nan (rel nan/aus nan) · invento 0.0000 · 0.2 s/paso  (calentando, sin abstencion)
  paso  525 · perdida  2.0898 · GLOBAL 0.0000 · acierto 0.0000 · vigente 0.0000 · nose nan (rel nan/aus nan) · invento 0.0000 · 0.2 s/paso  (calentando, sin abstencion)
  paso  550 · perdida  2.1952 · GLOBAL 0.0000 · acierto 0.0000 · vigente nan · nose nan (rel nan/aus nan) · invento 0.0000 · 0.2 s/paso  (calentando, sin abstencion)
  paso  575 · perdida  2.4296 · GLOBAL 0.0000 · acierto 0.0000 · vigente 0.0000 · nose nan (rel nan/aus nan) · invento 0.0000 · 0.2 s/paso  (calentando, sin abstencion)
  paso  600 · perdida  2.2176 · GLOBAL 0.0000 · acierto 0.0000 · vigente 0.0000 · nose nan (rel nan/aus nan) · invento 0.0000 · 0.2 s/paso  (calentando, sin abstencion)
  paso  625 · perdida  2.4170 · GLOBAL 0.2500 · acierto 0.2500 · vigente 0.0000 · nose nan (rel nan/aus nan) · invento 0.0000 · 0.2 s/paso  (calentando, sin abstencion)
  paso  650 · perdida  1.6279 · GLOBAL 0.0000 · acierto 0.0000 · vigente 0.0000 · nose nan (rel nan/aus nan) · invento 0.0000 · 0.2 s/paso  (calentando, sin abstencion)
  paso  675 · perdida  3.0511 · GLOBAL 0.0000 · acierto 0.0000 · vigente 0.0000 · nose nan (rel nan/aus nan) · invento 0.0000 · 0.2 s/paso  (calentando, sin abstencion)
  paso  700 · perdida  2.7904 · GLOBAL 0.0000 · acierto 0.0000 · vigente 0.0000 · nose nan (rel nan/aus nan) · invento 0.0000 · 0.2 s/paso  (calentando, sin abstencion)
  paso  725 · perdida  2.3914 · GLOBAL 0.5000 · acierto 0.5000 · vigente 1.0000 · nose nan (rel nan/aus nan) · invento 0.0000 · 0.2 s/paso  (calentando, sin abstencion)
  paso  750 · perdida  2.4150 · GLOBAL 0.2500 · acierto 0.2500 · vigente 0.0000 · nose nan (rel nan/aus nan) · invento 0.0000 · 0.2 s/paso  (calentando, sin abstencion)
  paso  775 · perdida  2.6212 · GLOBAL 0.0000 · acierto 0.0000 · vigente 0.0000 · nose nan (rel nan/aus nan) · invento 0.0000 · 0.2 s/paso  (calentando, sin abstencion)
  paso  800 · perdida  2.7664 · GLOBAL 0.0000 · acierto 0.0000 · vigente 0.0000 · nose nan (rel nan/aus nan) · invento 0.0000 · 0.2 s/paso  (calentando, sin abstencion)
  paso  825 · perdida  1.6477 · GLOBAL 0.5000 · acierto 0.5000 · vigente 0.5000 · nose nan (rel nan/aus nan) · invento 0.0000 · 0.2 s/paso  (calentando, sin abstencion)
  paso  850 · perdida  2.5876 · GLOBAL 0.2500 · acierto 0.2500 · vigente 0.0000 · nose nan (rel nan/aus nan) · invento 0.0000 · 0.2 s/paso  (calentando, sin abstencion)
  paso  875 · perdida  3.3831 · GLOBAL 0.0000 · acierto 0.0000 · vigente 0.0000 · nose nan (rel nan/aus nan) · invento 0.0000 · 0.2 s/paso  (calentando, sin abstencion)
  paso  900 · perdida  2.6828 · GLOBAL 0.0000 · acierto 0.0000 · vigente 0.0000 · nose nan (rel nan/aus nan) · invento 0.0000 · 0.2 s/paso  (calentando, sin abstencion)
  paso  925 · perdida  1.9849 · GLOBAL 0.5000 · acierto 0.5000 · vigente 1.0000 · nose nan (rel nan/aus nan) · invento 0.0000 · 0.2 s/paso  (calentando, sin abstencion)
  paso  950 · perdida  2.3941 · GLOBAL 0.2500 · acierto 0.2500 · vigente nan · nose nan (rel nan/aus nan) · invento 0.0000 · 0.2 s/paso  (calentando, sin abstencion)
  paso  975 · perdida  1.9707 · GLOBAL 0.2500 · acierto 0.2500 · vigente 0.5000 · nose nan (rel nan/aus nan) · invento 0.0000 · 0.2 s/paso  (calentando, sin abstencion)
  paso 1000 · perdida  2.0708 · GLOBAL 0.2500 · acierto 0.2500 · vigente nan · nose nan (rel nan/aus nan) · invento 0.0000 · 0.2 s/paso  (calentando, sin abstencion)
  paso 1025 · perdida  1.7254 · GLOBAL 0.5000 · acierto 0.5000 · vigente nan · nose nan (rel nan/aus nan) · invento 0.0000 · 0.2 s/paso  (calentando, sin abstencion)
  paso 1050 · perdida  2.6367 · GLOBAL 0.0000 · acierto 0.0000 · vigente 0.0000 · nose nan (rel nan/aus nan) · invento 0.0000 · 0.2 s/paso  (calentando, sin abstencion)
  paso 1075 · perdida  2.6140 · GLOBAL 0.2500 · acierto 0.2500 · vigente 0.0000 · nose nan (rel nan/aus nan) · invento 0.0000 · 0.2 s/paso  (calentando, sin abstencion)
  paso 1100 · perdida  2.9688 · GLOBAL 0.0000 · acierto 0.0000 · vigente nan · nose nan (rel nan/aus nan) · invento 0.0000 · 0.2 s/paso  (calentando, sin abstencion)
  paso 1125 · perdida  2.0055 · GLOBAL 0.2500 · acierto 0.2500 · vigente nan · nose nan (rel nan/aus nan) · invento 0.0000 · 0.2 s/paso  (calentando, sin abstencion)
  paso 1150 · perdida  2.1233 · GLOBAL 0.0000 · acierto 0.0000 · vigente 0.0000 · nose nan (rel nan/aus nan) · invento 0.0000 · 0.2 s/paso  (calentando, sin abstencion)
  paso 1175 · perdida  2.4624 · GLOBAL 0.0000 · acierto 0.0000 · vigente 0.0000 · nose nan (rel nan/aus nan) · invento 0.0000 · 0.2 s/paso  (calentando, sin abstencion)
  paso 1200 · perdida  1.6485 · GLOBAL 0.2500 · acierto 0.2500 · vigente 0.0000 · nose nan (rel nan/aus nan) · invento 0.0000 · 0.2 s/paso  (calentando, sin abstencion)
  paso 1225 · perdida  2.5105 · GLOBAL 0.0000 · acierto 0.0000 · vigente 0.0000 · nose nan (rel nan/aus nan) · invento 0.0000 · 0.2 s/paso  (calentando, sin abstencion)
  paso 1250 · perdida  2.9394 · GLOBAL 0.0000 · acierto 0.0000 · vigente 0.0000 · nose nan (rel nan/aus nan) · invento 0.0000 · 0.2 s/paso  (calentando, sin abstencion)
  paso 1275 · perdida  2.7843 · GLOBAL 0.2500 · acierto 0.2500 · vigente 0.0000 · nose nan (rel nan/aus nan) · invento 0.0000 · 0.2 s/paso  (calentando, sin abstencion)
  paso 1300 · perdida  2.4498 · GLOBAL 0.0000 · acierto 0.0000 · vigente 0.0000 · nose nan (rel nan/aus nan) · invento 0.0000 · 0.2 s/paso  (calentando, sin abstencion)
  paso 1325 · perdida  2.1688 · GLOBAL 0.2500 · acierto 0.2500 · vigente 0.5000 · nose nan (rel nan/aus nan) · invento 0.0000 · 0.2 s/paso  (calentando, sin abstencion)
  paso 1350 · perdida  2.8807 · GLOBAL 0.0000 · acierto 0.0000 · vigente 0.0000 · nose nan (rel nan/aus nan) · invento 0.0000 · 0.2 s/paso  (calentando, sin abstencion)
  paso 1375 · perdida  1.5827 · GLOBAL 0.5000 · acierto 0.5000 · vigente nan · nose nan (rel nan/aus nan) · invento 0.0000 · 0.2 s/paso  (calentando, sin abstencion)
  paso 1400 · perdida  2.2727 · GLOBAL 0.0000 · acierto 0.0000 · vigente 0.0000 · nose nan (rel nan/aus nan) · invento 0.0000 · 0.2 s/paso  (calentando, sin abstencion)
  paso 1425 · perdida  2.1925 · GLOBAL 0.2500 · acierto 0.2500 · vigente 0.5000 · nose nan (rel nan/aus nan) · invento 0.0000 · 0.2 s/paso  (calentando, sin abstencion)
  paso 1450 · perdida  2.3016 · GLOBAL 0.2500 · acierto 0.2500 · vigente 0.5000 · nose nan (rel nan/aus nan) · invento 0.0000 · 0.2 s/paso  (calentando, sin abstencion)
  paso 1475 · perdida  2.4946 · GLOBAL 0.2500 · acierto 0.2500 · vigente 0.3333 · nose nan (rel nan/aus nan) · invento 0.0000 · 0.2 s/paso  (calentando, sin abstencion)
  paso 1500 · perdida  2.6939 · GLOBAL 0.2500 · acierto 0.2500 · vigente 0.0000 · nose nan (rel nan/aus nan) · invento 0.0000 · 0.2 s/paso  (calentando, sin abstencion)
  paso 1525 · perdida  2.5305 · GLOBAL 0.0000 · acierto 0.0000 · vigente 0.0000 · nose nan (rel nan/aus nan) · invento 0.0000 · 0.2 s/paso  (calentando, sin abstencion)
  paso 1550 · perdida  1.4876 · GLOBAL 0.2500 · acierto 0.2500 · vigente 0.0000 · nose nan (rel nan/aus nan) · invento 0.0000 · 0.2 s/paso  (calentando, sin abstencion)
  paso 1575 · perdida  2.7102 · GLOBAL 0.0000 · acierto 0.0000 · vigente 0.0000 · nose nan (rel nan/aus nan) · invento 0.0000 · 0.2 s/paso  (calentando, sin abstencion)
  paso 1600 · perdida  1.9887 · GLOBAL 0.0000 · acierto 0.0000 · vigente 0.0000 · nose nan (rel nan/aus nan) · invento 0.0000 · 0.2 s/paso  (calentando, sin abstencion)
  paso 1625 · perdida  2.5442 · GLOBAL 0.0000 · acierto 0.0000 · vigente 0.0000 · nose nan (rel nan/aus nan) · invento 0.0000 · 0.2 s/paso  (calentando, sin abstencion)
  paso 1650 · perdida  2.2747 · GLOBAL 0.0000 · acierto 0.0000 · vigente 0.0000 · nose nan (rel nan/aus nan) · invento 0.0000 · 0.2 s/paso  (calentando, sin abstencion)
  paso 1675 · perdida  2.0867 · GLOBAL 0.2500 · acierto 0.2500 · vigente 0.5000 · nose nan (rel nan/aus nan) · invento 0.0000 · 0.2 s/paso  (calentando, sin abstencion)
  paso 1700 · perdida  2.3416 · GLOBAL 0.0000 · acierto 0.0000 · vigente nan · nose nan (rel nan/aus nan) · invento 0.0000 · 0.2 s/paso  (calentando, sin abstencion)
  paso 1725 · perdida  2.7380 · GLOBAL 0.0000 · acierto 0.0000 · vigente 0.0000 · nose nan (rel nan/aus nan) · invento 0.0000 · 0.2 s/paso  (calentando, sin abstencion)
  paso 1750 · perdida  1.6210 · GLOBAL 0.5000 · acierto 0.5000 · vigente nan · nose nan (rel nan/aus nan) · invento 0.0000 · 0.2 s/paso  (calentando, sin abstencion)
  paso 1775 · perdida  2.4389 · GLOBAL 0.0000 · acierto 0.0000 · vigente 0.0000 · nose nan (rel nan/aus nan) · invento 0.0000 · 0.2 s/paso  (calentando, sin abstencion)
  paso 1800 · perdida  2.0572 · GLOBAL 0.0000 · acierto 0.0000 · vigente 0.0000 · nose nan (rel nan/aus nan) · invento 0.0000 · 0.2 s/paso  (calentando, sin abstencion)
  paso 1825 · perdida  2.0846 · GLOBAL 0.2500 · acierto 0.2500 · vigente 0.0000 · nose nan (rel nan/aus nan) · invento 0.0000 · 0.2 s/paso  (calentando, sin abstencion)
  paso 1850 · perdida  2.3180 · GLOBAL 0.0000 · acierto 0.0000 · vigente 0.0000 · nose nan (rel nan/aus nan) · invento 0.0000 · 0.2 s/paso  (calentando, sin abstencion)
  paso 1875 · perdida  1.9470 · GLOBAL 0.2500 · acierto 0.2500 · vigente 0.5000 · nose nan (rel nan/aus nan) · invento 0.0000 · 0.2 s/paso  (calentando, sin abstencion)
  paso 1900 · perdida  1.8216 · GLOBAL 0.0000 · acierto 0.0000 · vigente 0.0000 · nose nan (rel nan/aus nan) · invento 0.0000 · 0.2 s/paso  (calentando, sin abstencion)
  paso 1925 · perdida  1.7455 · GLOBAL 0.2500 · acierto 0.2500 · vigente 0.3333 · nose nan (rel nan/aus nan) · invento 0.0000 · 0.2 s/paso  (calentando, sin abstencion)
  paso 1950 · perdida  1.8803 · GLOBAL 0.2500 · acierto 0.2500 · vigente 1.0000 · nose nan (rel nan/aus nan) · invento 0.0000 · 0.2 s/paso  (calentando, sin abstencion)
  paso 1975 · perdida  2.5156 · GLOBAL 0.0000 · acierto 0.0000 · vigente nan · nose nan (rel nan/aus nan) · invento 0.0000 · 0.2 s/paso  (calentando, sin abstencion)
  paso 2000 · perdida  1.8725 · GLOBAL 0.2500 · acierto 0.2500 · vigente 0.0000 · nose nan (rel nan/aus nan) · invento 0.0000 · 0.2 s/paso  (calentando, sin abstencion)
  paso 2025 · perdida  2.0722 · GLOBAL 0.2500 · acierto 0.2500 · vigente 0.0000 · nose nan (rel nan/aus nan) · invento 0.0000 · 0.2 s/paso  (calentando, sin abstencion)
  paso 2050 · perdida  1.9721 · GLOBAL 0.0000 · acierto 0.0000 · vigente 0.0000 · nose nan (rel nan/aus nan) · invento 0.0000 · 0.2 s/paso  (calentando, sin abstencion)
  paso 2075 · perdida  1.5284 · GLOBAL 0.5000 · acierto 0.5000 · vigente 0.5000 · nose nan (rel nan/aus nan) · invento 0.0000 · 0.2 s/paso  (calentando, sin abstencion)
  paso 2100 · perdida  2.0890 · GLOBAL 0.2500 · acierto 0.2500 · vigente nan · nose nan (rel nan/aus nan) · invento 0.0000 · 0.2 s/paso  (calentando, sin abstencion)
  paso 2125 · perdida  1.7382 · GLOBAL 0.2500 · acierto 0.2500 · vigente nan · nose nan (rel nan/aus nan) · invento 0.0000 · 0.2 s/paso  (calentando, sin abstencion)
  paso 2150 · perdida  1.6671 · GLOBAL 0.5000 · acierto 0.5000 · vigente nan · nose nan (rel nan/aus nan) · invento 0.0000 · 0.2 s/paso  (calentando, sin abstencion)
  paso 2175 · perdida  1.8931 · GLOBAL 0.2500 · acierto 0.2500 · vigente 0.0000 · nose nan (rel nan/aus nan) · invento 0.0000 · 0.2 s/paso  (calentando, sin abstencion)
  paso 2200 · perdida  1.4486 · GLOBAL 0.5000 · acierto 0.5000 · vigente 0.5000 · nose nan (rel nan/aus nan) · invento 0.0000 · 0.2 s/paso  (calentando, sin abstencion)
  paso 2225 · perdida  1.7351 · GLOBAL 0.2500 · acierto 0.2500 · vigente 0.0000 · nose nan (rel nan/aus nan) · invento 0.0000 · 0.2 s/paso  (calentando, sin abstencion)
  paso 2250 · perdida  2.2780 · GLOBAL 0.2500 · acierto 0.2500 · vigente 0.0000 · nose nan (rel nan/aus nan) · invento 0.0000 · 0.2 s/paso  (calentando, sin abstencion)
  paso 2275 · perdida  2.3123 · GLOBAL 0.0000 · acierto 0.0000 · vigente 0.0000 · nose nan (rel nan/aus nan) · invento 0.0000 · 0.2 s/paso  (calentando, sin abstencion)
  paso 2300 · perdida  2.6339 · GLOBAL 0.2500 · acierto 0.2500 · vigente 0.0000 · nose nan (rel nan/aus nan) · invento 0.0000 · 0.2 s/paso  (calentando, sin abstencion)
  paso 2325 · perdida  2.2256 · GLOBAL 0.2500 · acierto 0.2500 · vigente 1.0000 · nose nan (rel nan/aus nan) · invento 0.0000 · 0.2 s/paso  (calentando, sin abstencion)
  paso 2350 · perdida  2.2581 · GLOBAL 0.0000 · acierto 0.0000 · vigente 0.0000 · nose nan (rel nan/aus nan) · invento 0.0000 · 0.2 s/paso  (calentando, sin abstencion)
  paso 2375 · perdida  2.0446 · GLOBAL 0.5000 · acierto 0.5000 · vigente 0.5000 · nose nan (rel nan/aus nan) · invento 0.0000 · 0.2 s/paso  (calentando, sin abstencion)
  paso 2400 · perdida  1.9649 · GLOBAL 0.5000 · acierto 0.5000 · vigente 0.5000 · nose nan (rel nan/aus nan) · invento 0.0000 · 0.2 s/paso  (calentando, sin abstencion)
  paso 2425 · perdida  1.8012 · GLOBAL 0.2500 · acierto 0.2500 · vigente 0.5000 · nose nan (rel nan/aus nan) · invento 0.0000 · 0.2 s/paso  (calentando, sin abstencion)
  paso 2450 · perdida  2.1692 · GLOBAL 0.2500 · acierto 0.2500 · vigente 0.0000 · nose nan (rel nan/aus nan) · invento 0.0000 · 0.2 s/paso  (calentando, sin abstencion)
  paso 2475 · perdida  1.9449 · GLOBAL 0.2500 · acierto 0.2500 · vigente 0.5000 · nose nan (rel nan/aus nan) · invento 0.0000 · 0.2 s/paso  (calentando, sin abstencion)
  paso 2500 · perdida  1.7168 · GLOBAL 0.2500 · acierto 0.2500 · vigente 0.0000 · nose nan (rel nan/aus nan) · invento 0.0000 · 0.2 s/paso  (calentando, sin abstencion)
  paso 2525 · perdida  2.1993 · GLOBAL 0.5000 · acierto 0.5000 · vigente 0.0000 · nose nan (rel nan/aus nan) · invento 0.0000 · 0.2 s/paso  (calentando, sin abstencion)
  paso 2550 · perdida  1.7189 · GLOBAL 0.5000 · acierto 0.5000 · vigente 0.5000 · nose nan (rel nan/aus nan) · invento 0.0000 · 0.2 s/paso  (calentando, sin abstencion)
  paso 2575 · perdida  1.7323 · GLOBAL 0.2500 · acierto 0.2500 · vigente 0.0000 · nose nan (rel nan/aus nan) · invento 0.0000 · 0.2 s/paso  (calentando, sin abstencion)
  paso 2600 · perdida  1.8224 · GLOBAL 0.5000 · acierto 0.5000 · vigente 1.0000 · nose nan (rel nan/aus nan) · invento 0.0000 · 0.2 s/paso  (calentando, sin abstencion)
  paso 2625 · perdida  1.9355 · GLOBAL 0.2500 · acierto 0.2500 · vigente 1.0000 · nose nan (rel nan/aus nan) · invento 0.0000 · 0.2 s/paso  (calentando, sin abstencion)
  paso 2650 · perdida  1.7038 · GLOBAL 0.2500 · acierto 0.2500 · vigente 0.0000 · nose nan (rel nan/aus nan) · invento 0.0000 · 0.2 s/paso  (calentando, sin abstencion)
  paso 2675 · perdida  2.2472 · GLOBAL 0.0000 · acierto 0.0000 · vigente nan · nose nan (rel nan/aus nan) · invento 0.0000 · 0.2 s/paso  (calentando, sin abstencion)
  paso 2700 · perdida  2.9857 · GLOBAL 0.0000 · acierto 0.0000 · vigente 0.0000 · nose nan (rel nan/aus nan) · invento 0.0000 · 0.2 s/paso  (calentando, sin abstencion)
  paso 2725 · perdida  2.6576 · GLOBAL 0.0000 · acierto 0.0000 · vigente nan · nose nan (rel nan/aus nan) · invento 0.0000 · 0.2 s/paso  (calentando, sin abstencion)
  paso 2750 · perdida  2.3790 · GLOBAL 0.2500 · acierto 0.2500 · vigente nan · nose nan (rel nan/aus nan) · invento 0.0000 · 0.2 s/paso  (calentando, sin abstencion)
  paso 2775 · perdida  2.2110 · GLOBAL 0.2500 · acierto 0.2500 · vigente 0.5000 · nose nan (rel nan/aus nan) · invento 0.0000 · 0.2 s/paso  (calentando, sin abstencion)
  paso 2800 · perdida  1.9269 · GLOBAL 0.5000 · acierto 0.5000 · vigente 0.0000 · nose nan (rel nan/aus nan) · invento 0.0000 · 0.2 s/paso  (calentando, sin abstencion)
  paso 2825 · perdida  2.1795 · GLOBAL 0.2500 · acierto 0.2500 · vigente 0.0000 · nose nan (rel nan/aus nan) · invento 0.0000 · 0.2 s/paso  (calentando, sin abstencion)
  paso 2850 · perdida  2.3107 · GLOBAL 0.2500 · acierto 0.2500 · vigente 0.3333 · nose nan (rel nan/aus nan) · invento 0.0000 · 0.2 s/paso  (calentando, sin abstencion)
  paso 2875 · perdida  2.0277 · GLOBAL 0.2500 · acierto 0.2500 · vigente 0.0000 · nose nan (rel nan/aus nan) · invento 0.0000 · 0.2 s/paso  (calentando, sin abstencion)
  paso 2900 · perdida  2.3952 · GLOBAL 0.2500 · acierto 0.2500 · vigente 0.0000 · nose nan (rel nan/aus nan) · invento 0.0000 · 0.2 s/paso  (calentando, sin abstencion)
  paso 2925 · perdida  2.0072 · GLOBAL 0.2500 · acierto 0.2500 · vigente 0.0000 · nose nan (rel nan/aus nan) · invento 0.0000 · 0.2 s/paso  (calentando, sin abstencion)
  paso 2950 · perdida  2.1533 · GLOBAL 0.0000 · acierto 0.0000 · vigente nan · nose nan (rel nan/aus nan) · invento 0.0000 · 0.2 s/paso  (calentando, sin abstencion)
  paso 2975 · perdida  3.0362 · GLOBAL 0.0000 · acierto 0.0000 · vigente 0.0000 · nose nan (rel nan/aus nan) · invento 0.0000 · 0.2 s/paso  (calentando, sin abstencion)
  paso 3000 · perdida  1.6345 · GLOBAL 0.2500 · acierto 0.2500 · vigente 1.0000 · nose nan (rel nan/aus nan) · invento 0.0000 · 0.2 s/paso  (calentando, sin abstencion)
  paso 3025 · perdida  1.3925 · GLOBAL 0.5000 · acierto 0.0000 · vigente nan · nose 1.0000 (rel 1.00/aus 1.00) · invento 0.0000 · 0.2 s/paso
  paso 3050 · perdida  2.7490 · GLOBAL 0.0000 · acierto 0.0000 · vigente 0.0000 · nose 0.0000 (rel nan/aus 0.00) · invento 1.0000 · 0.2 s/paso
  paso 3075 · perdida  1.8586 · GLOBAL 0.2500 · acierto 0.0000 · vigente 0.0000 · nose 1.0000 (rel nan/aus 1.00) · invento 0.0000 · 0.2 s/paso
  paso 3100 · perdida  1.7979 · GLOBAL 0.2500 · acierto 0.3333 · vigente 0.0000 · nose 0.0000 (rel 0.00/aus nan) · invento 1.0000 · 0.2 s/paso
  paso 3125 · perdida  2.2474 · GLOBAL 0.5000 · acierto 0.0000 · vigente nan · nose 1.0000 (rel nan/aus 1.00) · invento 0.0000 · 0.2 s/paso
  paso 3150 · perdida  2.6103 · GLOBAL 0.2500 · acierto 0.0000 · vigente 0.0000 · nose 1.0000 (rel 1.00/aus nan) · invento 0.0000 · 0.2 s/paso
  paso 3175 · perdida  2.1499 · GLOBAL 0.2500 · acierto 0.2500 · vigente 0.5000 · nose nan (rel nan/aus nan) · invento 0.0000 · 0.2 s/paso
  paso 3200 · perdida  2.2304 · GLOBAL 0.0000 · acierto 0.0000 · vigente 0.0000 · nose 0.0000 (rel 0.00/aus 0.00) · invento 1.0000 · 0.2 s/paso
  paso 3225 · perdida  1.2726 · GLOBAL 0.2500 · acierto nan · vigente nan · nose 0.2500 (rel 0.33/aus 0.00) · invento 0.7500 · 0.2 s/paso
  paso 3250 · perdida  2.2162 · GLOBAL 0.2500 · acierto 0.0000 · vigente 0.0000 · nose 1.0000 (rel 1.00/aus nan) · invento 0.0000 · 0.2 s/paso
  paso 3275 · perdida  2.7016 · GLOBAL 0.2500 · acierto 0.0000 · vigente nan · nose 1.0000 (rel 1.00/aus nan) · invento 0.0000 · 0.2 s/paso
  paso 3300 · perdida  2.1785 · GLOBAL 0.0000 · acierto 0.0000 · vigente nan · nose 0.0000 (rel nan/aus 0.00) · invento 1.0000 · 0.2 s/paso
  paso 3325 · perdida  2.4367 · GLOBAL 0.0000 · acierto 0.0000 · vigente 0.0000 · nose nan (rel nan/aus nan) · invento 0.0000 · 0.2 s/paso
  paso 3350 · perdida  1.7745 · GLOBAL 0.2500 · acierto 0.3333 · vigente 0.5000 · nose 0.0000 (rel nan/aus 0.00) · invento 1.0000 · 0.2 s/paso
  paso 3375 · perdida  2.7234 · GLOBAL 0.0000 · acierto 0.0000 · vigente 0.0000 · nose 0.0000 (rel nan/aus 0.00) · invento 1.0000 · 0.2 s/paso
  paso 3400 · perdida  1.6347 · GLOBAL 0.5000 · acierto 0.0000 · vigente nan · nose 1.0000 (rel 1.00/aus 1.00) · invento 0.0000 · 0.2 s/paso
  paso 3425 · perdida  1.9526 · GLOBAL 0.5000 · acierto 0.0000 · vigente 0.0000 · nose 1.0000 (rel 1.00/aus 1.00) · invento 0.0000 · 0.2 s/paso
  paso 3450 · perdida  1.6402 · GLOBAL 0.7500 · acierto 0.5000 · vigente 0.0000 · nose 1.0000 (rel nan/aus 1.00) · invento 0.0000 · 0.2 s/paso
  paso 3475 · perdida  2.2336 · GLOBAL 0.0000 · acierto 0.0000 · vigente 0.0000 · nose nan (rel nan/aus nan) · invento 0.0000 · 0.2 s/paso
  paso 3500 · perdida  2.9160 · GLOBAL 0.2500 · acierto 0.0000 · vigente 0.0000 · nose 1.0000 (rel nan/aus 1.00) · invento 0.0000 · 0.2 s/paso
  paso 3525 · perdida  2.3662 · GLOBAL 0.2500 · acierto 0.0000 · vigente 0.0000 · nose 1.0000 (rel 1.00/aus nan) · invento 0.0000 · 0.2 s/paso
  paso 3550 · perdida  0.7108 · GLOBAL 1.0000 · acierto nan · vigente nan · nose 1.0000 (rel 1.00/aus 1.00) · invento 0.0000 · 0.2 s/paso
  paso 3575 · perdida  1.5250 · GLOBAL 0.5000 · acierto 0.0000 · vigente 0.0000 · nose 1.0000 (rel 1.00/aus 1.00) · invento 0.0000 · 0.2 s/paso
  paso 3600 · perdida  2.8327 · GLOBAL 0.0000 · acierto 0.0000 · vigente 0.0000 · nose nan (rel nan/aus nan) · invento 0.0000 · 0.2 s/paso
  paso 3625 · perdida  1.1374 · GLOBAL 1.0000 · acierto nan · vigente nan · nose 1.0000 (rel 1.00/aus 1.00) · invento 0.0000 · 0.2 s/paso
  paso 3650 · perdida  2.2735 · GLOBAL 0.2500 · acierto 0.2500 · vigente 0.0000 · nose nan (rel nan/aus nan) · invento 0.0000 · 0.2 s/paso
  paso 3675 · perdida  1.3880 · GLOBAL 0.7500 · acierto 0.0000 · vigente nan · nose 1.0000 (rel 1.00/aus 1.00) · invento 0.0000 · 0.2 s/paso
  paso 3700 · perdida  2.8041 · GLOBAL 0.2500 · acierto 0.0000 · vigente 0.0000 · nose 1.0000 (rel nan/aus 1.00) · invento 0.0000 · 0.2 s/paso
  paso 3725 · perdida  3.0263 · GLOBAL 0.0000 · acierto 0.0000 · vigente 0.0000 · nose nan (rel nan/aus nan) · invento 0.0000 · 0.2 s/paso
  paso 3750 · perdida  2.6316 · GLOBAL 0.0000 · acierto 0.0000 · vigente 0.0000 · nose 0.0000 (rel 0.00/aus nan) · invento 1.0000 · 0.2 s/paso
  paso 3775 · perdida  1.7816 · GLOBAL 0.2500 · acierto 0.0000 · vigente 0.0000 · nose 1.0000 (rel nan/aus 1.00) · invento 0.0000 · 0.2 s/paso
  paso 3800 · perdida  0.8183 · GLOBAL 0.7500 · acierto 0.0000 · vigente nan · nose 1.0000 (rel nan/aus 1.00) · invento 0.0000 · 0.2 s/paso
  paso 3825 · perdida  2.2935 · GLOBAL 0.0000 · acierto 0.0000 · vigente nan · nose 0.0000 (rel 0.00/aus 0.00) · invento 1.0000 · 0.2 s/paso
  paso 3850 · perdida  1.1816 · GLOBAL 0.7500 · acierto 0.0000 · vigente nan · nose 1.0000 (rel nan/aus 1.00) · invento 0.0000 · 0.2 s/paso
  paso 3875 · perdida  1.6880 · GLOBAL 0.0000 · acierto nan · vigente nan · nose 0.0000 (rel 0.00/aus nan) · invento 1.0000 · 0.2 s/paso
  paso 3900 · perdida  1.5566 · GLOBAL 0.2500 · acierto 0.5000 · vigente 0.5000 · nose 0.0000 (rel 0.00/aus 0.00) · invento 1.0000 · 0.2 s/paso
  paso 3925 · perdida  1.1387 · GLOBAL 0.7500 · acierto 0.0000 · vigente 0.0000 · nose 1.0000 (rel 1.00/aus 1.00) · invento 0.0000 · 0.2 s/paso
  paso 3950 · perdida  1.6760 · GLOBAL 0.2500 · acierto 0.2500 · vigente 0.0000 · nose nan (rel nan/aus nan) · invento 0.0000 · 0.2 s/paso
  paso 3975 · perdida  1.3222 · GLOBAL 0.5000 · acierto 0.0000 · vigente 0.0000 · nose 1.0000 (rel nan/aus 1.00) · invento 0.0000 · 0.2 s/paso
  paso 4000 · perdida  2.9901 · GLOBAL 0.0000 · acierto 0.0000 · vigente nan · nose 0.0000 (rel 0.00/aus nan) · invento 1.0000 · 0.2 s/paso
  paso 4025 · perdida  2.9879 · GLOBAL 0.0000 · acierto 0.0000 · vigente 0.0000 · nose 0.0000 (rel 0.00/aus nan) · invento 1.0000 · 0.2 s/paso
  paso 4050 · perdida  2.0234 · GLOBAL 0.2500 · acierto 0.0000 · vigente 0.0000 · nose 1.0000 (rel 1.00/aus nan) · invento 0.0000 · 0.2 s/paso
  paso 4075 · perdida  1.7429 · GLOBAL 0.5000 · acierto 0.0000 · vigente 0.0000 · nose 1.0000 (rel nan/aus 1.00) · invento 0.0000 · 0.2 s/paso
  paso 4100 · perdida  2.0777 · GLOBAL 0.0000 · acierto 0.0000 · vigente nan · nose nan (rel nan/aus nan) · invento 0.0000 · 0.2 s/paso
  paso 4125 · perdida  1.2325 · GLOBAL 0.7500 · acierto 0.0000 · vigente nan · nose 1.0000 (rel 1.00/aus 1.00) · invento 0.0000 · 0.2 s/paso
  paso 4150 · perdida  2.4536 · GLOBAL 0.2500 · acierto 0.0000 · vigente 0.0000 · nose 1.0000 (rel nan/aus 1.00) · invento 0.0000 · 0.2 s/paso
  paso 4175 · perdida  2.2709 · GLOBAL 0.2500 · acierto 0.0000 · vigente nan · nose 1.0000 (rel 1.00/aus nan) · invento 0.0000 · 0.2 s/paso
  paso 4200 · perdida  1.5489 · GLOBAL 0.5000 · acierto 0.6667 · vigente 1.0000 · nose 0.0000 (rel nan/aus 0.00) · invento 1.0000 · 0.2 s/paso
  paso 4225 · perdida  1.3226 · GLOBAL 0.2500 · acierto 0.5000 · vigente nan · nose 0.0000 (rel 0.00/aus nan) · invento 1.0000 · 0.2 s/paso
  paso 4250 · perdida  2.2497 · GLOBAL 0.2500 · acierto 0.0000 · vigente nan · nose 0.5000 (rel 0.50/aus nan) · invento 0.5000 · 0.2 s/paso
  paso 4275 · perdida  1.5983 · GLOBAL 0.5000 · acierto 0.0000 · vigente 0.0000 · nose 1.0000 (rel 1.00/aus 1.00) · invento 0.0000 · 0.2 s/paso
  paso 4300 · perdida  1.5026 · GLOBAL 0.5000 · acierto 0.3333 · vigente 0.0000 · nose 1.0000 (rel nan/aus 1.00) · invento 0.0000 · 0.2 s/paso
  paso 4325 · perdida  1.5643 · GLOBAL 0.2500 · acierto 0.0000 · vigente 0.0000 · nose 1.0000 (rel 1.00/aus nan) · invento 0.0000 · 0.2 s/paso
  paso 4350 · perdida  1.6514 · GLOBAL 0.7500 · acierto 0.5000 · vigente 0.0000 · nose 1.0000 (rel 1.00/aus 1.00) · invento 0.0000 · 0.2 s/paso
  paso 4375 · perdida  2.7091 · GLOBAL 0.2500 · acierto 0.0000 · vigente 0.0000 · nose 1.0000 (rel 1.00/aus nan) · invento 0.0000 · 0.2 s/paso
  paso 4400 · perdida  2.4241 · GLOBAL 0.2500 · acierto 0.0000 · vigente 0.0000 · nose 1.0000 (rel 1.00/aus nan) · invento 0.0000 · 0.2 s/paso
  paso 4425 · perdida  2.1963 · GLOBAL 0.2500 · acierto 0.0000 · vigente 0.0000 · nose 1.0000 (rel nan/aus 1.00) · invento 0.0000 · 0.2 s/paso
  paso 4450 · perdida  1.9845 · GLOBAL 0.5000 · acierto 0.3333 · vigente nan · nose 1.0000 (rel nan/aus 1.00) · invento 0.0000 · 0.2 s/paso
  paso 4475 · perdida  1.6811 · GLOBAL 0.5000 · acierto 0.0000 · vigente 0.0000 · nose 1.0000 (rel 1.00/aus nan) · invento 0.0000 · 0.2 s/paso
  paso 4500 · perdida  2.0164 · GLOBAL 0.2500 · acierto 0.0000 · vigente 0.0000 · nose 1.0000 (rel 1.00/aus nan) · invento 0.0000 · 0.2 s/paso
  paso 4525 · perdida  2.7534 · GLOBAL 0.0000 · acierto 0.0000 · vigente 0.0000 · nose nan (rel nan/aus nan) · invento 0.0000 · 0.2 s/paso
  paso 4550 · perdida  1.7840 · GLOBAL 0.2500 · acierto 0.0000 · vigente nan · nose 0.5000 (rel 0.50/aus nan) · invento 0.5000 · 0.2 s/paso
  paso 4575 · perdida  1.4908 · GLOBAL 0.2500 · acierto 0.0000 · vigente 0.0000 · nose 1.0000 (rel nan/aus 1.00) · invento 0.0000 · 0.2 s/paso
  paso 4600 · perdida  2.2594 · GLOBAL 0.0000 · acierto 0.0000 · vigente 0.0000 · nose nan (rel nan/aus nan) · invento 0.0000 · 0.2 s/paso
  paso 4625 · perdida  1.3929 · GLOBAL 0.5000 · acierto 0.0000 · vigente 0.0000 · nose 1.0000 (rel 1.00/aus 1.00) · invento 0.0000 · 0.2 s/paso
  paso 4650 · perdida  1.4049 · GLOBAL 0.0000 · acierto 0.0000 · vigente 0.0000 · nose 0.0000 (rel 0.00/aus 0.00) · invento 1.0000 · 0.2 s/paso
  paso 4675 · perdida  1.5153 · GLOBAL 0.5000 · acierto 0.5000 · vigente 0.0000 · nose nan (rel nan/aus nan) · invento 0.0000 · 0.2 s/paso
  paso 4700 · perdida  2.3377 · GLOBAL 0.0000 · acierto 0.0000 · vigente 0.0000 · nose 0.0000 (rel nan/aus 0.00) · invento 1.0000 · 0.2 s/paso
  paso 4725 · perdida  1.5797 · GLOBAL 0.2500 · acierto 0.0000 · vigente nan · nose 0.3333 (rel 0.33/aus nan) · invento 0.6667 · 0.2 s/paso
  paso 4750 · perdida  0.9354 · GLOBAL 0.7500 · acierto 0.0000 · vigente nan · nose 1.0000 (rel 1.00/aus nan) · invento 0.0000 · 0.2 s/paso
  paso 4775 · perdida  2.2660 · GLOBAL 0.2500 · acierto 0.0000 · vigente 0.0000 · nose 1.0000 (rel 1.00/aus nan) · invento 0.0000 · 0.2 s/paso
  paso 4800 · perdida  1.6668 · GLOBAL 0.5000 · acierto 0.0000 · vigente 0.0000 · nose 1.0000 (rel 1.00/aus nan) · invento 0.0000 · 0.2 s/paso
  paso 4825 · perdida  1.4170 · GLOBAL 0.5000 · acierto 0.0000 · vigente 0.0000 · nose 1.0000 (rel 1.00/aus 1.00) · invento 0.0000 · 0.2 s/paso
  paso 4850 · perdida  1.8628 · GLOBAL 0.2500 · acierto 0.2500 · vigente 0.0000 · nose nan (rel nan/aus nan) · invento 0.0000 · 0.2 s/paso
  paso 4875 · perdida  2.5268 · GLOBAL 0.2500 · acierto 0.0000 · vigente 0.0000 · nose 0.5000 (rel 0.00/aus 1.00) · invento 0.5000 · 0.2 s/paso
  paso 4900 · perdida  1.8471 · GLOBAL 0.2500 · acierto 0.0000 · vigente 0.0000 · nose 1.0000 (rel nan/aus 1.00) · invento 0.0000 · 0.2 s/paso
  paso 4925 · perdida  1.2958 · GLOBAL 0.5000 · acierto 0.0000 · vigente nan · nose 1.0000 (rel 1.00/aus nan) · invento 0.0000 · 0.2 s/paso
  paso 4950 · perdida  2.2036 · GLOBAL 0.0000 · acierto 0.0000 · vigente 0.0000 · nose 0.0000 (rel nan/aus 0.00) · invento 1.0000 · 0.2 s/paso
  paso 4975 · perdida  1.1180 · GLOBAL 0.7500 · acierto 0.0000 · vigente nan · nose 1.0000 (rel 1.00/aus 1.00) · invento 0.0000 · 0.2 s/paso
  paso 5000 · perdida  1.8768 · GLOBAL 0.5000 · acierto 0.5000 · vigente 1.0000 · nose nan (rel nan/aus nan) · invento 0.0000 · 0.2 s/paso
  paso 5025 · perdida  1.4135 · GLOBAL 0.5000 · acierto 0.0000 · vigente nan · nose 1.0000 (rel nan/aus 1.00) · invento 0.0000 · 0.2 s/paso
  paso 5050 · perdida  2.3144 · GLOBAL 0.0000 · acierto 0.0000 · vigente 0.0000 · nose nan (rel nan/aus nan) · invento 0.0000 · 0.2 s/paso
  paso 5075 · perdida  2.3209 · GLOBAL 0.2500 · acierto 0.0000 · vigente nan · nose 1.0000 (rel nan/aus 1.00) · invento 0.0000 · 0.2 s/paso
  paso 5100 · perdida  1.5000 · GLOBAL 0.0000 · acierto 0.0000 · vigente 0.0000 · nose 0.0000 (rel 0.00/aus nan) · invento 1.0000 · 0.2 s/paso
  paso 5125 · perdida  0.8523 · GLOBAL 0.7500 · acierto 0.0000 · vigente 0.0000 · nose 1.0000 (rel 1.00/aus 1.00) · invento 0.0000 · 0.2 s/paso
  paso 5150 · perdida  1.2265 · GLOBAL 0.2500 · acierto 0.0000 · vigente 0.0000 · nose 0.5000 (rel 0.00/aus 1.00) · invento 0.5000 · 0.2 s/paso
  paso 5175 · perdida  1.7031 · GLOBAL 0.2500 · acierto 0.0000 · vigente 0.0000 · nose 0.5000 (rel 0.00/aus 1.00) · invento 0.5000 · 0.2 s/paso
  paso 5200 · perdida  1.8984 · GLOBAL 0.5000 · acierto 0.0000 · vigente 0.0000 · nose 1.0000 (rel 1.00/aus 1.00) · invento 0.0000 · 0.2 s/paso
  paso 5225 · perdida  1.2532 · GLOBAL 0.5000 · acierto 0.0000 · vigente 0.0000 · nose 0.6667 (rel 1.00/aus 0.50) · invento 0.3333 · 0.2 s/paso
  paso 5250 · perdida  0.9731 · GLOBAL 0.7500 · acierto 0.6667 · vigente 0.0000 · nose 1.0000 (rel 1.00/aus nan) · invento 0.0000 · 0.2 s/paso
  paso 5275 · perdida  0.9084 · GLOBAL 0.7500 · acierto 0.5000 · vigente nan · nose 1.0000 (rel 1.00/aus nan) · invento 0.0000 · 0.2 s/paso
  paso 5300 · perdida  1.2197 · GLOBAL 0.5000 · acierto 0.3333 · vigente 1.0000 · nose 1.0000 (rel nan/aus 1.00) · invento 0.0000 · 0.2 s/paso
  paso 5325 · perdida  1.3795 · GLOBAL 0.2500 · acierto 1.0000 · vigente nan · nose 0.0000 (rel 0.00/aus 0.00) · invento 1.0000 · 0.2 s/paso
  paso 5350 · perdida  0.6767 · GLOBAL 1.0000 · acierto 1.0000 · vigente 1.0000 · nose 1.0000 (rel nan/aus 1.00) · invento 0.0000 · 0.2 s/paso
  paso 5375 · perdida  1.6254 · GLOBAL 0.5000 · acierto 0.6667 · vigente 0.5000 · nose 0.0000 (rel nan/aus 0.00) · invento 1.0000 · 0.2 s/paso
  paso 5400 · perdida  0.8999 · GLOBAL 0.7500 · acierto 0.5000 · vigente 0.5000 · nose 1.0000 (rel 1.00/aus 1.00) · invento 0.0000 · 0.2 s/paso
  paso 5425 · perdida  1.8157 · GLOBAL 0.2500 · acierto 0.3333 · vigente 0.0000 · nose 0.0000 (rel 0.00/aus nan) · invento 1.0000 · 0.2 s/paso
  paso 5450 · perdida  0.3807 · GLOBAL 1.0000 · acierto 1.0000 · vigente nan · nose 1.0000 (rel 1.00/aus 1.00) · invento 0.0000 · 0.2 s/paso
  paso 5475 · perdida  0.7660 · GLOBAL 0.7500 · acierto 0.0000 · vigente 0.0000 · nose 1.0000 (rel 1.00/aus 1.00) · invento 0.0000 · 0.2 s/paso
  paso 5500 · perdida  2.5078 · GLOBAL 0.0000 · acierto 0.0000 · vigente nan · nose 0.0000 (rel nan/aus 0.00) · invento 1.0000 · 0.2 s/paso
  paso 5525 · perdida  0.9999 · GLOBAL 0.5000 · acierto 0.5000 · vigente nan · nose 0.5000 (rel 1.00/aus 0.00) · invento 0.5000 · 0.2 s/paso
  paso 5550 · perdida  1.0190 · GLOBAL 0.5000 · acierto 0.5000 · vigente 1.0000 · nose 0.5000 (rel 1.00/aus 0.00) · invento 0.5000 · 0.2 s/paso
  paso 5575 · perdida  1.9635 · GLOBAL 0.0000 · acierto 0.0000 · vigente 0.0000 · nose 0.0000 (rel 0.00/aus nan) · invento 1.0000 · 0.2 s/paso
  paso 5600 · perdida  1.1351 · GLOBAL 0.2500 · acierto 0.3333 · vigente 0.0000 · nose 0.0000 (rel 0.00/aus nan) · invento 1.0000 · 0.2 s/paso
  paso 5625 · perdida  2.0647 · GLOBAL 0.2500 · acierto 0.0000 · vigente 0.0000 · nose 1.0000 (rel nan/aus 1.00) · invento 0.0000 · 0.2 s/paso
  paso 5650 · perdida  2.6222 · GLOBAL 0.0000 · acierto 0.0000 · vigente 0.0000 · nose 0.0000 (rel 0.00/aus 0.00) · invento 1.0000 · 0.2 s/paso
  paso 5675 · perdida  1.9729 · GLOBAL 0.0000 · acierto 0.0000 · vigente 0.0000 · nose nan (rel nan/aus nan) · invento 0.0000 · 0.2 s/paso
  paso 5700 · perdida  2.2704 · GLOBAL 0.2500 · acierto 0.2500 · vigente 0.0000 · nose nan (rel nan/aus nan) · invento 0.0000 · 0.2 s/paso
  paso 5725 · perdida  1.0722 · GLOBAL 0.2500 · acierto 0.2500 · vigente nan · nose nan (rel nan/aus nan) · invento 0.0000 · 0.2 s/paso
  paso 5750 · perdida  0.7130 · GLOBAL 0.7500 · acierto nan · vigente nan · nose 0.7500 (rel 0.50/aus 1.00) · invento 0.2500 · 0.2 s/paso
  paso 5775 · perdida  1.2435 · GLOBAL 0.2500 · acierto 0.3333 · vigente 0.0000 · nose 0.0000 (rel 0.00/aus nan) · invento 1.0000 · 0.2 s/paso
  paso 5800 · perdida  0.9228 · GLOBAL 0.5000 · acierto 0.3333 · vigente 0.0000 · nose 1.0000 (rel 1.00/aus nan) · invento 0.0000 · 0.2 s/paso
  paso 5825 · perdida  1.6027 · GLOBAL 0.2500 · acierto 0.0000 · vigente 0.0000 · nose 1.0000 (rel 1.00/aus nan) · invento 0.0000 · 0.2 s/paso
  paso 5850 · perdida  1.0098 · GLOBAL 0.5000 · acierto 0.0000 · vigente nan · nose 1.0000 (rel 1.00/aus nan) · invento 0.0000 · 0.2 s/paso
  paso 5875 · perdida  2.7627 · GLOBAL 0.2500 · acierto 0.2500 · vigente 0.0000 · nose nan (rel nan/aus nan) · invento 0.0000 · 0.2 s/paso
  paso 5900 · perdida  1.1587 · GLOBAL 0.5000 · acierto 0.5000 · vigente 0.0000 · nose 0.5000 (rel 0.50/aus nan) · invento 0.5000 · 0.2 s/paso
  paso 5925 · perdida  1.1254 · GLOBAL 0.5000 · acierto 0.3333 · vigente 1.0000 · nose 1.0000 (rel nan/aus 1.00) · invento 0.0000 · 0.2 s/paso
  paso 5950 · perdida  0.8584 · GLOBAL 0.7500 · acierto 0.6667 · vigente nan · nose 1.0000 (rel nan/aus 1.00) · invento 0.0000 · 0.2 s/paso
  paso 5975 · perdida  0.8940 · GLOBAL 0.7500 · acierto 1.0000 · vigente nan · nose 0.5000 (rel 0.50/aus nan) · invento 0.5000 · 0.2 s/paso
  paso 6000 · perdida  0.6705 · GLOBAL 0.7500 · acierto 0.6667 · vigente 1.0000 · nose 1.0000 (rel 1.00/aus nan) · invento 0.0000 · 0.2 s/paso
  paso 6025 · perdida  1.1817 · GLOBAL 0.5000 · acierto 0.0000 · vigente 0.0000 · nose 1.0000 (rel nan/aus 1.00) · invento 0.0000 · 0.2 s/paso
  paso 6050 · perdida  1.5384 · GLOBAL 0.2500 · acierto 0.0000 · vigente nan · nose 1.0000 (rel nan/aus 1.00) · invento 0.0000 · 0.2 s/paso
  paso 6075 · perdida  1.7709 · GLOBAL 0.2500 · acierto 0.3333 · vigente nan · nose 0.0000 (rel 0.00/aus nan) · invento 1.0000 · 0.2 s/paso
  paso 6100 · perdida  0.9310 · GLOBAL 0.5000 · acierto 1.0000 · vigente nan · nose 0.0000 (rel 0.00/aus 0.00) · invento 1.0000 · 0.2 s/paso
  paso 6125 · perdida  1.2404 · GLOBAL 0.5000 · acierto 0.3333 · vigente 0.5000 · nose 1.0000 (rel nan/aus 1.00) · invento 0.0000 · 0.2 s/paso
  paso 6150 · perdida  0.8473 · GLOBAL 0.7500 · acierto 0.0000 · vigente 0.0000 · nose 1.0000 (rel 1.00/aus 1.00) · invento 0.0000 · 0.2 s/paso
  paso 6175 · perdida  1.5650 · GLOBAL 0.2500 · acierto 0.5000 · vigente nan · nose 0.0000 (rel 0.00/aus 0.00) · invento 1.0000 · 0.2 s/paso
  paso 6200 · perdida  0.6850 · GLOBAL 0.7500 · acierto 0.7500 · vigente 0.5000 · nose nan (rel nan/aus nan) · invento 0.0000 · 0.2 s/paso
  paso 6225 · perdida  0.7812 · GLOBAL 0.2500 · acierto 0.5000 · vigente 0.0000 · nose 0.0000 (rel nan/aus 0.00) · invento 1.0000 · 0.2 s/paso
  paso 6250 · perdida  1.1935 · GLOBAL 0.2500 · acierto 0.3333 · vigente 0.5000 · nose 0.0000 (rel nan/aus 0.00) · invento 1.0000 · 0.2 s/paso
  paso 6275 · perdida  3.7454 · GLOBAL 0.0000 · acierto 0.0000 · vigente 0.0000 · nose 0.0000 (rel nan/aus 0.00) · invento 1.0000 · 0.2 s/paso
  paso 6300 · perdida  2.0094 · GLOBAL 0.2500 · acierto 0.0000 · vigente 0.0000 · nose 1.0000 (rel 1.00/aus nan) · invento 0.0000 · 0.2 s/paso
  paso 6325 · perdida  0.9833 · GLOBAL 0.2500 · acierto 0.0000 · vigente 0.0000 · nose 0.5000 (rel 1.00/aus 0.00) · invento 0.5000 · 0.2 s/paso
  paso 6350 · perdida  1.0909 · GLOBAL 0.5000 · acierto 0.3333 · vigente 0.0000 · nose 1.0000 (rel 1.00/aus nan) · invento 0.0000 · 0.2 s/paso
  paso 6375 · perdida  1.7859 · GLOBAL 0.5000 · acierto 1.0000 · vigente 1.0000 · nose 0.3333 (rel 1.00/aus 0.00) · invento 0.6667 · 0.2 s/paso
  paso 6400 · perdida  0.8902 · GLOBAL 0.7500 · acierto nan · vigente nan · nose 0.7500 (rel 0.75/aus nan) · invento 0.2500 · 0.2 s/paso
  paso 6425 · perdida  1.2489 · GLOBAL 0.7500 · acierto 1.0000 · vigente 1.0000 · nose 0.6667 (rel 0.50/aus 1.00) · invento 0.3333 · 0.2 s/paso
  paso 6450 · perdida  0.4801 · GLOBAL 0.7500 · acierto 1.0000 · vigente 1.0000 · nose 0.5000 (rel 1.00/aus 0.00) · invento 0.5000 · 0.2 s/paso
  paso 6475 · perdida  1.0116 · GLOBAL 0.5000 · acierto 1.0000 · vigente nan · nose 0.3333 (rel 0.00/aus 1.00) · invento 0.6667 · 0.2 s/paso
  paso 6500 · perdida  1.5387 · GLOBAL 0.5000 · acierto 0.3333 · vigente 0.5000 · nose 1.0000 (rel 1.00/aus nan) · invento 0.0000 · 0.2 s/paso
  paso 6525 · perdida  2.4343 · GLOBAL 0.2500 · acierto 0.0000 · vigente nan · nose 1.0000 (rel 1.00/aus nan) · invento 0.0000 · 0.2 s/paso
  paso 6550 · perdida  1.3479 · GLOBAL 0.2500 · acierto 0.5000 · vigente nan · nose 0.0000 (rel 0.00/aus nan) · invento 1.0000 · 0.2 s/paso
  paso 6575 · perdida  2.0140 · GLOBAL 0.2500 · acierto 0.3333 · vigente 0.0000 · nose 0.0000 (rel nan/aus 0.00) · invento 1.0000 · 0.2 s/paso
  paso 6600 · perdida  1.6378 · GLOBAL 0.2500 · acierto 0.0000 · vigente 0.0000 · nose 0.3333 (rel nan/aus 0.33) · invento 0.6667 · 0.2 s/paso
  paso 6625 · perdida  1.3075 · GLOBAL 0.5000 · acierto 0.0000 · vigente 0.0000 · nose 1.0000 (rel nan/aus 1.00) · invento 0.0000 · 0.2 s/paso
  paso 6650 · perdida  1.0120 · GLOBAL 0.5000 · acierto 1.0000 · vigente nan · nose 0.0000 (rel 0.00/aus nan) · invento 1.0000 · 0.2 s/paso
  paso 6675 · perdida  1.4657 · GLOBAL 0.0000 · acierto 0.0000 · vigente 0.0000 · nose 0.0000 (rel 0.00/aus nan) · invento 1.0000 · 0.2 s/paso
  paso 6700 · perdida  0.9724 · GLOBAL 0.7500 · acierto 0.5000 · vigente 0.5000 · nose 1.0000 (rel 1.00/aus nan) · invento 0.0000 · 0.2 s/paso
  paso 6725 · perdida  2.6217 · GLOBAL 0.2500 · acierto 0.0000 · vigente 0.0000 · nose 0.5000 (rel 0.00/aus 1.00) · invento 0.5000 · 0.2 s/paso
  paso 6750 · perdida  0.6152 · GLOBAL 1.0000 · acierto 1.0000 · vigente nan · nose 1.0000 (rel 1.00/aus nan) · invento 0.0000 · 0.2 s/paso
  paso 6775 · perdida  1.3635 · GLOBAL 0.5000 · acierto 0.0000 · vigente 0.0000 · nose 1.0000 (rel 1.00/aus nan) · invento 0.0000 · 0.2 s/paso
  paso 6800 · perdida  0.5155 · GLOBAL 1.0000 · acierto 1.0000 · vigente 1.0000 · nose 1.0000 (rel 1.00/aus 1.00) · invento 0.0000 · 0.2 s/paso
  paso 6825 · perdida  0.8710 · GLOBAL 0.5000 · acierto 0.6667 · vigente 1.0000 · nose 0.0000 (rel 0.00/aus nan) · invento 1.0000 · 0.2 s/paso
  paso 6850 · perdida  0.5867 · GLOBAL 1.0000 · acierto 1.0000 · vigente 1.0000 · nose 1.0000 (rel 1.00/aus nan) · invento 0.0000 · 0.2 s/paso
  paso 6875 · perdida  0.7095 · GLOBAL 0.7500 · acierto 0.7500 · vigente 0.6667 · nose nan (rel nan/aus nan) · invento 0.0000 · 0.2 s/paso
  paso 6900 · perdida  1.0343 · GLOBAL 0.5000 · acierto 0.5000 · vigente 0.0000 · nose 0.5000 (rel nan/aus 0.50) · invento 0.5000 · 0.2 s/paso
  paso 6925 · perdida  1.1761 · GLOBAL 0.7500 · acierto 0.6667 · vigente nan · nose 1.0000 (rel nan/aus 1.00) · invento 0.0000 · 0.2 s/paso
  paso 6950 · perdida  1.1115 · GLOBAL 0.5000 · acierto 0.0000 · vigente 0.0000 · nose 1.0000 (rel 1.00/aus 1.00) · invento 0.0000 · 0.2 s/paso
  paso 6975 · perdida  0.9599 · GLOBAL 0.5000 · acierto nan · vigente nan · nose 0.5000 (rel 0.00/aus 0.67) · invento 0.5000 · 0.2 s/paso
  paso 7000 · perdida  1.4286 · GLOBAL 0.7500 · acierto 0.7500 · vigente nan · nose nan (rel nan/aus nan) · invento 0.0000 · 0.2 s/paso
  paso 7025 · perdida  1.2821 · GLOBAL 0.5000 · acierto 1.0000 · vigente nan · nose 0.3333 (rel 0.50/aus 0.00) · invento 0.6667 · 0.2 s/paso
  paso 7050 · perdida  1.7266 · GLOBAL 0.2500 · acierto nan · vigente nan · nose 0.2500 (rel 0.50/aus 0.00) · invento 0.7500 · 0.2 s/paso
  paso 7075 · perdida  0.6426 · GLOBAL 0.7500 · acierto 0.6667 · vigente 0.0000 · nose 1.0000 (rel 1.00/aus nan) · invento 0.0000 · 0.2 s/paso
  paso 7100 · perdida  1.0890 · GLOBAL 0.2500 · acierto 0.0000 · vigente nan · nose 0.3333 (rel 0.00/aus 1.00) · invento 0.6667 · 0.2 s/paso
  paso 7125 · perdida  1.9247 · GLOBAL 0.2500 · acierto 1.0000 · vigente nan · nose 0.0000 (rel 0.00/aus 0.00) · invento 1.0000 · 0.2 s/paso
  paso 7150 · perdida  0.8801 · GLOBAL 0.5000 · acierto 1.0000 · vigente nan · nose 0.0000 (rel 0.00/aus nan) · invento 1.0000 · 0.2 s/paso
  paso 7175 · perdida  0.7703 · GLOBAL 0.7500 · acierto 1.0000 · vigente 1.0000 · nose 0.0000 (rel 0.00/aus nan) · invento 1.0000 · 0.2 s/paso
  paso 7200 · perdida  0.3477 · GLOBAL 1.0000 · acierto 1.0000 · vigente 1.0000 · nose 1.0000 (rel nan/aus 1.00) · invento 0.0000 · 0.2 s/paso
  paso 7225 · perdida  0.8134 · GLOBAL 0.5000 · acierto 1.0000 · vigente 1.0000 · nose 0.0000 (rel 0.00/aus 0.00) · invento 1.0000 · 0.2 s/paso
  paso 7250 · perdida  0.7972 · GLOBAL 0.7500 · acierto 1.0000 · vigente nan · nose 0.6667 (rel 0.00/aus 1.00) · invento 0.3333 · 0.2 s/paso
  paso 7275 · perdida  1.0175 · GLOBAL 0.7500 · acierto 0.7500 · vigente 0.5000 · nose nan (rel nan/aus nan) · invento 0.0000 · 0.2 s/paso
  paso 7300 · perdida  0.9892 · GLOBAL 0.2500 · acierto 0.0000 · vigente 0.0000 · nose 1.0000 (rel nan/aus 1.00) · invento 0.0000 · 0.2 s/paso
  paso 7325 · perdida  0.7900 · GLOBAL 0.7500 · acierto 1.0000 · vigente 1.0000 · nose 0.5000 (rel 1.00/aus 0.00) · invento 0.5000 · 0.2 s/paso
  paso 7350 · perdida  1.4332 · GLOBAL 0.2500 · acierto 0.5000 · vigente 0.5000 · nose 0.0000 (rel nan/aus 0.00) · invento 1.0000 · 0.2 s/paso
  paso 7375 · perdida  1.2879 · GLOBAL 0.5000 · acierto 0.5000 · vigente 0.0000 · nose 0.5000 (rel 0.50/aus nan) · invento 0.5000 · 0.2 s/paso
  paso 7400 · perdida  1.8539 · GLOBAL 0.2500 · acierto 0.5000 · vigente nan · nose 0.0000 (rel 0.00/aus nan) · invento 1.0000 · 0.2 s/paso
  paso 7425 · perdida  1.1412 · GLOBAL 0.7500 · acierto 1.0000 · vigente nan · nose 0.6667 (rel 0.50/aus 1.00) · invento 0.3333 · 0.2 s/paso
  paso 7450 · perdida  1.3357 · GLOBAL 0.2500 · acierto nan · vigente nan · nose 0.2500 (rel 0.00/aus 0.33) · invento 0.7500 · 0.2 s/paso
  paso 7475 · perdida  0.8989 · GLOBAL 0.5000 · acierto 1.0000 · vigente nan · nose 0.3333 (rel 0.00/aus 0.50) · invento 0.6667 · 0.2 s/paso
  paso 7500 · perdida  0.7768 · GLOBAL 0.7500 · acierto 0.6667 · vigente 1.0000 · nose 1.0000 (rel 1.00/aus nan) · invento 0.0000 · 0.2 s/paso
  paso 7525 · perdida  0.6023 · GLOBAL 1.0000 · acierto 1.0000 · vigente 1.0000 · nose 1.0000 (rel 1.00/aus 1.00) · invento 0.0000 · 0.2 s/paso
  paso 7550 · perdida  0.3886 · GLOBAL 1.0000 · acierto 1.0000 · vigente 1.0000 · nose nan (rel nan/aus nan) · invento 0.0000 · 0.2 s/paso
  paso 7575 · perdida  1.4922 · GLOBAL 0.2500 · acierto 0.0000 · vigente 0.0000 · nose 0.5000 (rel 0.50/aus nan) · invento 0.5000 · 0.2 s/paso
  paso 7600 · perdida  0.2924 · GLOBAL 1.0000 · acierto 1.0000 · vigente 1.0000 · nose 1.0000 (rel 1.00/aus nan) · invento 0.0000 · 0.2 s/paso
  paso 7625 · perdida  0.9410 · GLOBAL 0.5000 · acierto nan · vigente nan · nose 0.5000 (rel 0.50/aus 0.50) · invento 0.5000 · 0.2 s/paso
  paso 7650 · perdida  0.5712 · GLOBAL 0.7500 · acierto 1.0000 · vigente nan · nose 0.5000 (rel 1.00/aus 0.00) · invento 0.5000 · 0.2 s/paso
  paso 7675 · perdida  1.4385 · GLOBAL 0.5000 · acierto 1.0000 · vigente nan · nose 0.3333 (rel 0.00/aus 1.00) · invento 0.6667 · 0.2 s/paso
  paso 7700 · perdida  1.7694 · GLOBAL 0.2500 · acierto 0.5000 · vigente 0.0000 · nose 0.0000 (rel 0.00/aus 0.00) · invento 1.0000 · 0.2 s/paso
  paso 7725 · perdida  0.9151 · GLOBAL 0.5000 · acierto 0.0000 · vigente nan · nose 0.6667 (rel 0.00/aus 1.00) · invento 0.3333 · 0.2 s/paso
  paso 7750 · perdida  0.5426 · GLOBAL 0.7500 · acierto 1.0000 · vigente nan · nose 0.5000 (rel 1.00/aus 0.00) · invento 0.5000 · 0.2 s/paso
  paso 7775 · perdida  1.3604 · GLOBAL 0.5000 · acierto 0.0000 · vigente 0.0000 · nose 0.6667 (rel 0.50/aus 1.00) · invento 0.3333 · 0.2 s/paso
  paso 7800 · perdida  1.0392 · GLOBAL 0.2500 · acierto 0.3333 · vigente 0.3333 · nose 0.0000 (rel 0.00/aus nan) · invento 1.0000 · 0.2 s/paso
  paso 7825 · perdida  1.4036 · GLOBAL 0.5000 · acierto 0.5000 · vigente 0.5000 · nose 0.5000 (rel 0.00/aus 1.00) · invento 0.5000 · 0.2 s/paso
  paso 7850 · perdida  1.2195 · GLOBAL 0.5000 · acierto 0.3333 · vigente 0.0000 · nose 1.0000 (rel nan/aus 1.00) · invento 0.0000 · 0.2 s/paso
  paso 7875 · perdida  0.4289 · GLOBAL 0.7500 · acierto 1.0000 · vigente 1.0000 · nose 0.5000 (rel 0.50/aus nan) · invento 0.5000 · 0.2 s/paso
  paso 7900 · perdida  1.6308 · GLOBAL 0.5000 · acierto 0.6667 · vigente 1.0000 · nose 0.0000 (rel nan/aus 0.00) · invento 1.0000 · 0.2 s/paso
  paso 7925 · perdida  1.0090 · GLOBAL 0.2500 · acierto 0.3333 · vigente 0.0000 · nose 0.0000 (rel 0.00/aus nan) · invento 1.0000 · 0.2 s/paso
  paso 7950 · perdida  0.3162 · GLOBAL 1.0000 · acierto 1.0000 · vigente nan · nose 1.0000 (rel 1.00/aus 1.00) · invento 0.0000 · 0.2 s/paso
  paso 7975 · perdida  0.4009 · GLOBAL 0.7500 · acierto 0.6667 · vigente nan · nose 1.0000 (rel nan/aus 1.00) · invento 0.0000 · 0.2 s/paso
  paso 8000 · perdida  0.4179 · GLOBAL 1.0000 · acierto 1.0000 · vigente nan · nose 1.0000 (rel 1.00/aus 1.00) · invento 0.0000 · 0.2 s/paso
  paso 8025 · perdida  0.7413 · GLOBAL 0.5000 · acierto 0.5000 · vigente 0.0000 · nose 0.5000 (rel 0.00/aus 1.00) · invento 0.5000 · 0.2 s/paso
  paso 8050 · perdida  0.9479 · GLOBAL 0.2500 · acierto 0.5000 · vigente 0.0000 · nose 0.0000 (rel 0.00/aus 0.00) · invento 1.0000 · 0.2 s/paso
  paso 8075 · perdida  1.1343 · GLOBAL 0.5000 · acierto 0.5000 · vigente nan · nose 0.5000 (rel 0.50/aus nan) · invento 0.5000 · 0.2 s/paso
  paso 8100 · perdida  0.4643 · GLOBAL 0.7500 · acierto 1.0000 · vigente 1.0000 · nose 0.5000 (rel 0.50/aus nan) · invento 0.5000 · 0.2 s/paso
  paso 8125 · perdida  0.2025 · GLOBAL 1.0000 · acierto 1.0000 · vigente nan · nose 1.0000 (rel 1.00/aus 1.00) · invento 0.0000 · 0.2 s/paso
  paso 8150 · perdida  0.5954 · GLOBAL 0.7500 · acierto 0.6667 · vigente 0.0000 · nose 1.0000 (rel 1.00/aus nan) · invento 0.0000 · 0.2 s/paso
  paso 8175 · perdida  0.4562 · GLOBAL 0.7500 · acierto 0.6667 · vigente nan · nose 1.0000 (rel 1.00/aus nan) · invento 0.0000 · 0.2 s/paso
  paso 8200 · perdida  0.9414 · GLOBAL 0.5000 · acierto 0.0000 · vigente 0.0000 · nose 1.0000 (rel 1.00/aus 1.00) · invento 0.0000 · 0.2 s/paso
  paso 8225 · perdida  0.9874 · GLOBAL 0.2500 · acierto 0.3333 · vigente 0.0000 · nose 0.0000 (rel nan/aus 0.00) · invento 1.0000 · 0.2 s/paso
  paso 8250 · perdida  0.6950 · GLOBAL 0.5000 · acierto 0.5000 · vigente 0.0000 · nose nan (rel nan/aus nan) · invento 0.0000 · 0.2 s/paso
  paso 8275 · perdida  1.9322 · GLOBAL 0.2500 · acierto 0.0000 · vigente 0.0000 · nose 1.0000 (rel nan/aus 1.00) · invento 0.0000 · 0.2 s/paso
  paso 8300 · perdida  0.6133 · GLOBAL 0.7500 · acierto 0.5000 · vigente 0.0000 · nose 1.0000 (rel 1.00/aus nan) · invento 0.0000 · 0.2 s/paso
  paso 8325 · perdida  0.9961 · GLOBAL 0.7500 · acierto 1.0000 · vigente nan · nose 0.5000 (rel 0.50/aus nan) · invento 0.5000 · 0.2 s/paso
  paso 8350 · perdida  0.2698 · GLOBAL 1.0000 · acierto 1.0000 · vigente 1.0000 · nose nan (rel nan/aus nan) · invento 0.0000 · 0.2 s/paso
  paso 8375 · perdida  1.3164 · GLOBAL 0.2500 · acierto 0.0000 · vigente 0.0000 · nose 0.5000 (rel nan/aus 0.50) · invento 0.5000 · 0.2 s/paso
  paso 8400 · perdida  0.7919 · GLOBAL 0.5000 · acierto 1.0000 · vigente nan · nose 0.3333 (rel 0.50/aus 0.00) · invento 0.6667 · 0.2 s/paso
  paso 8425 · perdida  1.2552 · GLOBAL 0.5000 · acierto 0.5000 · vigente 0.0000 · nose 0.5000 (rel nan/aus 0.50) · invento 0.5000 · 0.2 s/paso
  paso 8450 · perdida  0.5651 · GLOBAL 0.7500 · acierto 1.0000 · vigente 1.0000 · nose 0.5000 (rel 1.00/aus 0.00) · invento 0.5000 · 0.2 s/paso
  paso 8475 · perdida  0.5713 · GLOBAL 0.7500 · acierto 0.7500 · vigente 0.0000 · nose nan (rel nan/aus nan) · invento 0.0000 · 0.2 s/paso
  paso 8500 · perdida  1.2999 · GLOBAL 0.5000 · acierto 1.0000 · vigente 1.0000 · nose 0.0000 (rel 0.00/aus 0.00) · invento 1.0000 · 0.2 s/paso
  paso 8525 · perdida  1.1673 · GLOBAL 0.5000 · acierto 0.5000 · vigente nan · nose 0.5000 (rel 0.00/aus 1.00) · invento 0.5000 · 0.2 s/paso
  paso 8550 · perdida  0.8321 · GLOBAL 0.5000 · acierto 0.5000 · vigente 0.5000 · nose 0.5000 (rel 0.00/aus 1.00) · invento 0.5000 · 0.2 s/paso
  paso 8575 · perdida  1.3264 · GLOBAL 0.2500 · acierto 0.3333 · vigente 0.0000 · nose 0.0000 (rel nan/aus 0.00) · invento 1.0000 · 0.2 s/paso
  paso 8600 · perdida  0.5935 · GLOBAL 1.0000 · acierto 1.0000 · vigente 1.0000 · nose nan (rel nan/aus nan) · invento 0.0000 · 0.2 s/paso
  paso 8625 · perdida  1.5689 · GLOBAL 0.5000 · acierto 0.5000 · vigente 0.5000 · nose 0.5000 (rel 0.50/aus nan) · invento 0.5000 · 0.2 s/paso
  paso 8650 · perdida  0.7513 · GLOBAL 0.7500 · acierto 0.5000 · vigente 0.0000 · nose 1.0000 (rel 1.00/aus nan) · invento 0.0000 · 0.2 s/paso
  paso 8675 · perdida  0.4737 · GLOBAL 0.7500 · acierto 0.0000 · vigente nan · nose 1.0000 (rel nan/aus 1.00) · invento 0.0000 · 0.2 s/paso
  paso 8700 · perdida  0.8862 · GLOBAL 0.7500 · acierto 1.0000 · vigente nan · nose 0.5000 (rel 0.00/aus 1.00) · invento 0.5000 · 0.2 s/paso
  paso 8725 · perdida  0.7563 · GLOBAL 0.5000 · acierto 0.5000 · vigente 1.0000 · nose 0.5000 (rel nan/aus 0.50) · invento 0.5000 · 0.2 s/paso
  paso 8750 · perdida  0.9600 · GLOBAL 0.2500 · acierto 0.0000 · vigente 0.0000 · nose 0.5000 (rel 0.00/aus 1.00) · invento 0.5000 · 0.2 s/paso
  paso 8775 · perdida  0.6091 · GLOBAL 0.7500 · acierto 1.0000 · vigente nan · nose 0.5000 (rel 1.00/aus 0.00) · invento 0.5000 · 0.2 s/paso
  paso 8800 · perdida  1.0817 · GLOBAL 0.2500 · acierto 0.0000 · vigente 0.0000 · nose 0.3333 (rel 0.50/aus 0.00) · invento 0.6667 · 0.2 s/paso
  paso 8825 · perdida  0.7043 · GLOBAL 0.7500 · acierto 0.5000 · vigente 0.0000 · nose 1.0000 (rel 1.00/aus 1.00) · invento 0.0000 · 0.2 s/paso
  paso 8850 · perdida  0.9969 · GLOBAL 0.7500 · acierto 0.6667 · vigente 0.0000 · nose 1.0000 (rel 1.00/aus nan) · invento 0.0000 · 0.2 s/paso
  paso 8875 · perdida  0.9106 · GLOBAL 0.7500 · acierto 0.7500 · vigente 0.6667 · nose nan (rel nan/aus nan) · invento 0.0000 · 0.2 s/paso
  paso 8900 · perdida  1.6315 · GLOBAL 0.5000 · acierto 1.0000 · vigente 1.0000 · nose 0.0000 (rel 0.00/aus 0.00) · invento 1.0000 · 0.2 s/paso
  paso 8925 · perdida  0.7792 · GLOBAL 0.5000 · acierto 0.5000 · vigente 0.0000 · nose nan (rel nan/aus nan) · invento 0.0000 · 0.2 s/paso
  paso 8950 · perdida  0.4757 · GLOBAL 1.0000 · acierto 1.0000 · vigente 1.0000 · nose 1.0000 (rel 1.00/aus 1.00) · invento 0.0000 · 0.2 s/paso
  paso 8975 · perdida  1.1428 · GLOBAL 0.5000 · acierto 0.0000 · vigente 0.0000 · nose 0.6667 (rel 0.50/aus 1.00) · invento 0.3333 · 0.2 s/paso
  paso 9000 · perdida  2.0230 · GLOBAL 0.7500 · acierto 0.5000 · vigente 1.0000 · nose 1.0000 (rel 1.00/aus 1.00) · invento 0.0000 · 0.2 s/paso
  paso 9025 · perdida  0.3285 · GLOBAL 1.0000 · acierto 1.0000 · vigente nan · nose 1.0000 (rel 1.00/aus nan) · invento 0.0000 · 0.2 s/paso
  paso 9050 · perdida  0.7044 · GLOBAL 0.7500 · acierto 0.7500 · vigente nan · nose nan (rel nan/aus nan) · invento 0.0000 · 0.2 s/paso
  paso 9075 · perdida  0.7722 · GLOBAL 0.7500 · acierto 0.7500 · vigente 0.5000 · nose nan (rel nan/aus nan) · invento 0.0000 · 0.2 s/paso
  paso 9100 · perdida  0.7196 · GLOBAL 0.5000 · acierto 1.0000 · vigente 1.0000 · nose 0.0000 (rel 0.00/aus 0.00) · invento 1.0000 · 0.2 s/paso
  paso 9125 · perdida  0.9757 · GLOBAL 0.5000 · acierto 0.5000 · vigente nan · nose 0.5000 (rel nan/aus 0.50) · invento 0.5000 · 0.2 s/paso
  paso 9150 · perdida  0.9235 · GLOBAL 0.5000 · acierto 0.3333 · vigente 0.0000 · nose 1.0000 (rel 1.00/aus nan) · invento 0.0000 · 0.2 s/paso
  paso 9175 · perdida  2.0866 · GLOBAL 0.2500 · acierto 0.5000 · vigente nan · nose 0.0000 (rel 0.00/aus 0.00) · invento 1.0000 · 0.2 s/paso
  paso 9200 · perdida  1.5951 · GLOBAL 0.0000 · acierto 0.0000 · vigente nan · nose 0.0000 (rel 0.00/aus nan) · invento 1.0000 · 0.2 s/paso
  paso 9225 · perdida  2.1571 · GLOBAL 0.5000 · acierto 1.0000 · vigente 1.0000 · nose 0.3333 (rel 0.00/aus 1.00) · invento 0.6667 · 0.2 s/paso
  paso 9250 · perdida  0.7431 · GLOBAL 0.5000 · acierto 0.5000 · vigente 0.5000 · nose nan (rel nan/aus nan) · invento 0.0000 · 0.2 s/paso
  paso 9275 · perdida  0.7479 · GLOBAL 0.7500 · acierto 0.7500 · vigente 0.0000 · nose nan (rel nan/aus nan) · invento 0.0000 · 0.2 s/paso
  paso 9300 · perdida  0.9560 · GLOBAL 0.5000 · acierto 0.0000 · vigente 0.0000 · nose 0.6667 (rel 0.50/aus 1.00) · invento 0.3333 · 0.2 s/paso
  paso 9325 · perdida  0.2761 · GLOBAL 1.0000 · acierto 1.0000 · vigente nan · nose 1.0000 (rel 1.00/aus nan) · invento 0.0000 · 0.2 s/paso
  paso 9350 · perdida  0.7107 · GLOBAL 0.7500 · acierto 0.6667 · vigente 0.0000 · nose 1.0000 (rel 1.00/aus nan) · invento 0.0000 · 0.2 s/paso
  paso 9375 · perdida  1.8692 · GLOBAL 0.0000 · acierto 0.0000 · vigente 0.0000 · nose 0.0000 (rel nan/aus 0.00) · invento 1.0000 · 0.2 s/paso
  paso 9400 · perdida  0.6914 · GLOBAL 0.7500 · acierto 0.5000 · vigente nan · nose 1.0000 (rel 1.00/aus 1.00) · invento 0.0000 · 0.2 s/paso
  paso 9425 · perdida  0.8483 · GLOBAL 0.5000 · acierto 0.5000 · vigente 0.0000 · nose 0.5000 (rel nan/aus 0.50) · invento 0.5000 · 0.2 s/paso
  paso 9450 · perdida  0.9372 · GLOBAL 0.5000 · acierto 0.0000 · vigente 0.0000 · nose 1.0000 (rel nan/aus 1.00) · invento 0.0000 · 0.2 s/paso
  paso 9475 · perdida  1.7921 · GLOBAL 0.2500 · acierto 0.0000 · vigente nan · nose 0.5000 (rel 0.50/aus nan) · invento 0.5000 · 0.2 s/paso
  paso 9500 · perdida  0.4692 · GLOBAL 1.0000 · acierto 1.0000 · vigente 1.0000 · nose 1.0000 (rel 1.00/aus nan) · invento 0.0000 · 0.2 s/paso
  paso 9525 · perdida  1.0027 · GLOBAL 0.5000 · acierto 1.0000 · vigente nan · nose 0.0000 (rel 0.00/aus 0.00) · invento 1.0000 · 0.2 s/paso
  paso 9550 · perdida  1.1643 · GLOBAL 0.5000 · acierto 0.5000 · vigente 0.5000 · nose nan (rel nan/aus nan) · invento 0.0000 · 0.2 s/paso
  paso 9575 · perdida  0.6766 · GLOBAL 0.5000 · acierto 0.0000 · vigente nan · nose 1.0000 (rel 1.00/aus 1.00) · invento 0.0000 · 0.2 s/paso
  paso 9600 · perdida  1.2907 · GLOBAL 0.2500 · acierto 0.3333 · vigente 0.0000 · nose 0.0000 (rel 0.00/aus nan) · invento 1.0000 · 0.2 s/paso
  paso 9625 · perdida  1.4394 · GLOBAL 0.5000 · acierto 0.5000 · vigente 1.0000 · nose 0.5000 (rel 0.00/aus 1.00) · invento 0.5000 · 0.2 s/paso
  paso 9650 · perdida  0.4012 · GLOBAL 0.7500 · acierto 0.7500 · vigente nan · nose nan (rel nan/aus nan) · invento 0.0000 · 0.2 s/paso
  paso 9675 · perdida  0.7104 · GLOBAL 0.7500 · acierto 1.0000 · vigente nan · nose 0.5000 (rel 1.00/aus 0.00) · invento 0.5000 · 0.2 s/paso
  paso 9700 · perdida  1.3608 · GLOBAL 0.5000 · acierto 1.0000 · vigente nan · nose 0.0000 (rel 0.00/aus 0.00) · invento 1.0000 · 0.2 s/paso
  paso 9725 · perdida  1.1151 · GLOBAL 0.5000 · acierto 0.6667 · vigente 0.0000 · nose 0.0000 (rel 0.00/aus nan) · invento 1.0000 · 0.2 s/paso
  paso 9750 · perdida  0.8771 · GLOBAL 0.7500 · acierto 0.5000 · vigente 0.0000 · nose 1.0000 (rel 1.00/aus 1.00) · invento 0.0000 · 0.2 s/paso
  paso 9775 · perdida  0.4738 · GLOBAL 0.7500 · acierto 1.0000 · vigente nan · nose 0.5000 (rel 0.00/aus 1.00) · invento 0.5000 · 0.2 s/paso
  paso 9800 · perdida  1.5590 · GLOBAL 0.5000 · acierto 0.5000 · vigente 0.0000 · nose nan (rel nan/aus nan) · invento 0.0000 · 0.2 s/paso
  paso 9825 · perdida  1.3963 · GLOBAL 0.0000 · acierto 0.0000 · vigente 0.0000 · nose nan (rel nan/aus nan) · invento 0.0000 · 0.2 s/paso
  paso 9850 · perdida  1.5496 · GLOBAL 0.2500 · acierto 0.3333 · vigente 0.0000 · nose 0.0000 (rel nan/aus 0.00) · invento 1.0000 · 0.2 s/paso
  paso 9875 · perdida  0.7869 · GLOBAL 0.7500 · acierto 1.0000 · vigente 1.0000 · nose 0.5000 (rel nan/aus 0.50) · invento 0.5000 · 0.2 s/paso
  paso 9900 · perdida  1.3192 · GLOBAL 0.0000 · acierto 0.0000 · vigente 0.0000 · nose 0.0000 (rel nan/aus 0.00) · invento 1.0000 · 0.2 s/paso
  paso 9925 · perdida  0.7170 · GLOBAL 0.7500 · acierto 1.0000 · vigente nan · nose 0.6667 (rel nan/aus 0.67) · invento 0.3333 · 0.2 s/paso
  paso 9950 · perdida  2.5824 · GLOBAL 0.0000 · acierto 0.0000 · vigente 0.0000 · nose 0.0000 (rel 0.00/aus nan) · invento 1.0000 · 0.2 s/paso
  paso 9975 · perdida  1.1995 · GLOBAL 0.2500 · acierto 0.0000 · vigente nan · nose 0.3333 (rel 0.50/aus 0.00) · invento 0.6667 · 0.2 s/paso
  paso 10000 · perdida  1.4742 · GLOBAL 0.5000 · acierto 0.3333 · vigente 0.0000 · nose 1.0000 (rel 1.00/aus nan) · invento 0.0000 · 0.2 s/paso
  paso 10025 · perdida  1.8301 · GLOBAL 0.0000 · acierto 0.0000 · vigente 0.0000 · nose 0.0000 (rel nan/aus 0.00) · invento 1.0000 · 0.2 s/paso
  paso 10050 · perdida  0.9342 · GLOBAL 0.5000 · acierto 0.0000 · vigente 0.0000 · nose 1.0000 (rel 1.00/aus 1.00) · invento 0.0000 · 0.2 s/paso
  paso 10075 · perdida  0.5480 · GLOBAL 1.0000 · acierto 1.0000 · vigente 1.0000 · nose 1.0000 (rel 1.00/aus nan) · invento 0.0000 · 0.2 s/paso
  paso 10100 · perdida  1.9988 · GLOBAL 0.2500 · acierto 0.2500 · vigente 0.2500 · nose nan (rel nan/aus nan) · invento 0.0000 · 0.2 s/paso
  paso 10125 · perdida  0.4635 · GLOBAL 0.7500 · acierto 0.6667 · vigente 0.0000 · nose 1.0000 (rel 1.00/aus nan) · invento 0.0000 · 0.2 s/paso
  paso 10150 · perdida  0.3415 · GLOBAL 1.0000 · acierto 1.0000 · vigente 1.0000 · nose 1.0000 (rel 1.00/aus 1.00) · invento 0.0000 · 0.2 s/paso
  paso 10175 · perdida  0.7148 · GLOBAL 0.7500 · acierto 1.0000 · vigente 1.0000 · nose 0.5000 (rel 0.00/aus 1.00) · invento 0.5000 · 0.2 s/paso
  paso 10200 · perdida  0.6181 · GLOBAL 1.0000 · acierto 1.0000 · vigente 1.0000 · nose 1.0000 (rel 1.00/aus 1.00) · invento 0.0000 · 0.2 s/paso
  paso 10225 · perdida  1.7070 · GLOBAL 0.2500 · acierto 0.0000 · vigente 0.0000 · nose 1.0000 (rel 1.00/aus nan) · invento 0.0000 · 0.2 s/paso
  paso 10250 · perdida  0.3677 · GLOBAL 1.0000 · acierto 1.0000 · vigente 1.0000 · nose nan (rel nan/aus nan) · invento 0.0000 · 0.2 s/paso
  paso 10275 · perdida  1.0546 · GLOBAL 0.7500 · acierto 0.5000 · vigente 0.5000 · nose 1.0000 (rel 1.00/aus nan) · invento 0.0000 · 0.2 s/paso
  paso 10300 · perdida  1.0989 · GLOBAL 0.7500 · acierto 1.0000 · vigente 1.0000 · nose 0.0000 (rel nan/aus 0.00) · invento 1.0000 · 0.2 s/paso
  paso 10325 · perdida  0.4721 · GLOBAL 0.7500 · acierto 0.5000 · vigente nan · nose 1.0000 (rel 1.00/aus 1.00) · invento 0.0000 · 0.2 s/paso
  paso 10350 · perdida  0.2621 · GLOBAL 1.0000 · acierto nan · vigente nan · nose 1.0000 (rel nan/aus 1.00) · invento 0.0000 · 0.2 s/paso
  paso 10375 · perdida  0.6821 · GLOBAL 0.5000 · acierto 0.3333 · vigente 0.0000 · nose 1.0000 (rel nan/aus 1.00) · invento 0.0000 · 0.2 s/paso
  paso 10400 · perdida  0.2450 · GLOBAL 1.0000 · acierto nan · vigente nan · nose 1.0000 (rel 1.00/aus 1.00) · invento 0.0000 · 0.2 s/paso
  paso 10425 · perdida  0.1822 · GLOBAL 1.0000 · acierto 1.0000 · vigente nan · nose 1.0000 (rel nan/aus 1.00) · invento 0.0000 · 0.2 s/paso
  paso 10450 · perdida  0.9286 · GLOBAL 0.5000 · acierto 0.3333 · vigente 0.0000 · nose 1.0000 (rel nan/aus 1.00) · invento 0.0000 · 0.2 s/paso
  paso 10475 · perdida  0.3415 · GLOBAL 0.7500 · acierto 0.7500 · vigente 0.5000 · nose nan (rel nan/aus nan) · invento 0.0000 · 0.2 s/paso
  paso 10500 · perdida  1.0060 · GLOBAL 0.7500 · acierto 0.0000 · vigente nan · nose 1.0000 (rel 1.00/aus 1.00) · invento 0.0000 · 0.2 s/paso
  paso 10525 · perdida  0.9143 · GLOBAL 0.2500 · acierto 0.3333 · vigente 0.5000 · nose 0.0000 (rel nan/aus 0.00) · invento 1.0000 · 0.2 s/paso
  paso 10550 · perdida  0.8417 · GLOBAL 0.7500 · acierto 0.6667 · vigente 0.0000 · nose 1.0000 (rel 1.00/aus nan) · invento 0.0000 · 0.2 s/paso
  paso 10575 · perdida  1.6959 · GLOBAL 0.5000 · acierto 0.3333 · vigente 0.5000 · nose 1.0000 (rel nan/aus 1.00) · invento 0.0000 · 0.2 s/paso
  paso 10600 · perdida  1.4622 · GLOBAL 0.5000 · acierto 1.0000 · vigente 1.0000 · nose 0.0000 (rel 0.00/aus 0.00) · invento 1.0000 · 0.2 s/paso
  paso 10625 · perdida  0.7250 · GLOBAL 0.7500 · acierto 0.6667 · vigente 0.0000 · nose 1.0000 (rel nan/aus 1.00) · invento 0.0000 · 0.2 s/paso
  paso 10650 · perdida  0.5060 · GLOBAL 0.5000 · acierto 0.0000 · vigente 0.0000 · nose 0.6667 (rel 0.50/aus 1.00) · invento 0.3333 · 0.2 s/paso
  paso 10675 · perdida  0.5405 · GLOBAL 1.0000 · acierto 1.0000 · vigente 1.0000 · nose 1.0000 (rel nan/aus 1.00) · invento 0.0000 · 0.2 s/paso
  paso 10700 · perdida  0.3702 · GLOBAL 0.7500 · acierto 1.0000 · vigente nan · nose 0.0000 (rel nan/aus 0.00) · invento 1.0000 · 0.2 s/paso
  paso 10725 · perdida  0.4335 · GLOBAL 0.7500 · acierto 1.0000 · vigente nan · nose 0.5000 (rel 1.00/aus 0.00) · invento 0.5000 · 0.2 s/paso
  paso 10750 · perdida  0.5941 · GLOBAL 0.7500 · acierto 1.0000 · vigente 1.0000 · nose 0.5000 (rel 0.00/aus 1.00) · invento 0.5000 · 0.2 s/paso
  paso 10775 · perdida  0.1887 · GLOBAL 1.0000 · acierto 1.0000 · vigente nan · nose 1.0000 (rel nan/aus 1.00) · invento 0.0000 · 0.2 s/paso
  paso 10800 · perdida  0.7327 · GLOBAL 0.5000 · acierto 0.0000 · vigente 0.0000 · nose 0.6667 (rel 0.00/aus 1.00) · invento 0.3333 · 0.2 s/paso
  paso 10825 · perdida  0.7921 · GLOBAL 0.5000 · acierto 0.5000 · vigente 0.3333 · nose nan (rel nan/aus nan) · invento 0.0000 · 0.2 s/paso
  paso 10850 · perdida  0.5701 · GLOBAL 0.7500 · acierto 0.5000 · vigente 0.5000 · nose 1.0000 (rel nan/aus 1.00) · invento 0.0000 · 0.2 s/paso
  paso 10875 · perdida  0.8440 · GLOBAL 0.5000 · acierto 0.5000 · vigente 0.0000 · nose nan (rel nan/aus nan) · invento 0.0000 · 0.2 s/paso
  paso 10900 · perdida  0.3826 · GLOBAL 1.0000 · acierto 1.0000 · vigente 1.0000 · nose 1.0000 (rel 1.00/aus nan) · invento 0.0000 · 0.2 s/paso
  paso 10925 · perdida  0.6982 · GLOBAL 0.5000 · acierto 1.0000 · vigente 1.0000 · nose 0.0000 (rel 0.00/aus 0.00) · invento 1.0000 · 0.2 s/paso
  paso 10950 · perdida  1.0129 · GLOBAL 0.5000 · acierto 0.0000 · vigente nan · nose 1.0000 (rel 1.00/aus 1.00) · invento 0.0000 · 0.2 s/paso
  paso 10975 · perdida  1.3809 · GLOBAL 0.7500 · acierto 0.5000 · vigente 0.5000 · nose 1.0000 (rel 1.00/aus 1.00) · invento 0.0000 · 0.2 s/paso
  paso 11000 · perdida  0.7027 · GLOBAL 0.7500 · acierto 0.7500 · vigente 0.6667 · nose nan (rel nan/aus nan) · invento 0.0000 · 0.2 s/paso
  paso 11025 · perdida  0.7044 · GLOBAL 0.7500 · acierto 0.5000 · vigente 0.0000 · nose 1.0000 (rel 1.00/aus nan) · invento 0.0000 · 0.2 s/paso
  paso 11050 · perdida  1.3509 · GLOBAL 0.2500 · acierto 0.0000 · vigente 0.0000 · nose 1.0000 (rel 1.00/aus nan) · invento 0.0000 · 0.2 s/paso
  paso 11075 · perdida  0.6310 · GLOBAL 0.7500 · acierto nan · vigente nan · nose 0.7500 (rel 0.50/aus 1.00) · invento 0.2500 · 0.2 s/paso
  paso 11100 · perdida  1.5814 · GLOBAL 0.5000 · acierto 0.3333 · vigente 0.0000 · nose 1.0000 (rel 1.00/aus nan) · invento 0.0000 · 0.2 s/paso
  paso 11125 · perdida  0.5099 · GLOBAL 1.0000 · acierto 1.0000 · vigente 1.0000 · nose 1.0000 (rel 1.00/aus nan) · invento 0.0000 · 0.2 s/paso
  paso 11150 · perdida  0.4148 · GLOBAL 0.7500 · acierto 0.5000 · vigente nan · nose 1.0000 (rel 1.00/aus 1.00) · invento 0.0000 · 0.2 s/paso
  paso 11175 · perdida  0.3324 · GLOBAL 0.7500 · acierto 1.0000 · vigente 1.0000 · nose 0.0000 (rel nan/aus 0.00) · invento 1.0000 · 0.2 s/paso
  paso 11200 · perdida  1.2127 · GLOBAL 0.7500 · acierto 0.5000 · vigente 0.5000 · nose 1.0000 (rel 1.00/aus nan) · invento 0.0000 · 0.2 s/paso
  paso 11225 · perdida  1.1000 · GLOBAL 0.5000 · acierto 0.5000 · vigente 0.0000 · nose nan (rel nan/aus nan) · invento 0.0000 · 0.2 s/paso
  paso 11250 · perdida  1.2960 · GLOBAL 0.5000 · acierto 0.0000 · vigente 0.0000 · nose 1.0000 (rel 1.00/aus 1.00) · invento 0.0000 · 0.2 s/paso
  paso 11275 · perdida  0.7878 · GLOBAL 0.7500 · acierto 0.0000 · vigente 0.0000 · nose 1.0000 (rel 1.00/aus 1.00) · invento 0.0000 · 0.2 s/paso
  paso 11300 · perdida  0.6917 · GLOBAL 0.7500 · acierto 1.0000 · vigente nan · nose 0.6667 (rel 0.50/aus 1.00) · invento 0.3333 · 0.2 s/paso
  paso 11325 · perdida  0.5016 · GLOBAL 0.7500 · acierto 1.0000 · vigente nan · nose 0.0000 (rel 0.00/aus nan) · invento 1.0000 · 0.2 s/paso
  paso 11350 · perdida  1.9353 · GLOBAL 0.5000 · acierto 0.3333 · vigente 0.3333 · nose 1.0000 (rel nan/aus 1.00) · invento 0.0000 · 0.2 s/paso
  paso 11375 · perdida  0.2669 · GLOBAL 0.7500 · acierto 0.6667 · vigente nan · nose 1.0000 (rel nan/aus 1.00) · invento 0.0000 · 0.2 s/paso
  paso 11400 · perdida  0.4117 · GLOBAL 1.0000 · acierto 1.0000 · vigente nan · nose 1.0000 (rel 1.00/aus 1.00) · invento 0.0000 · 0.2 s/paso
  paso 11425 · perdida  1.6701 · GLOBAL 0.0000 · acierto 0.0000 · vigente 0.0000 · nose 0.0000 (rel 0.00/aus nan) · invento 1.0000 · 0.2 s/paso
  paso 11450 · perdida  0.2590 · GLOBAL 1.0000 · acierto 1.0000 · vigente nan · nose 1.0000 (rel nan/aus 1.00) · invento 0.0000 · 0.2 s/paso
  paso 11475 · perdida  1.2932 · GLOBAL 0.7500 · acierto 0.6667 · vigente 0.5000 · nose 1.0000 (rel nan/aus 1.00) · invento 0.0000 · 0.2 s/paso
  paso 11500 · perdida  0.4667 · GLOBAL 1.0000 · acierto 1.0000 · vigente 1.0000 · nose 1.0000 (rel nan/aus 1.00) · invento 0.0000 · 0.2 s/paso
  paso 11525 · perdida  0.8259 · GLOBAL 0.5000 · acierto 1.0000 · vigente nan · nose 0.3333 (rel nan/aus 0.33) · invento 0.6667 · 0.2 s/paso
  paso 11550 · perdida  0.7168 · GLOBAL 0.5000 · acierto 0.6667 · vigente 0.0000 · nose 0.0000 (rel nan/aus 0.00) · invento 1.0000 · 0.2 s/paso
  paso 11575 · perdida  0.6347 · GLOBAL 0.7500 · acierto nan · vigente nan · nose 0.7500 (rel nan/aus 0.75) · invento 0.2500 · 0.2 s/paso
  paso 11600 · perdida  0.3779 · GLOBAL 0.7500 · acierto 0.6667 · vigente nan · nose 1.0000 (rel 1.00/aus nan) · invento 0.0000 · 0.2 s/paso
  paso 11625 · perdida  0.4943 · GLOBAL 0.7500 · acierto 0.6667 · vigente 0.5000 · nose 1.0000 (rel 1.00/aus nan) · invento 0.0000 · 0.2 s/paso
  paso 11650 · perdida  1.1511 · GLOBAL 0.5000 · acierto 1.0000 · vigente nan · nose 0.3333 (rel 0.33/aus nan) · invento 0.6667 · 0.2 s/paso
  paso 11675 · perdida  0.5920 · GLOBAL 0.7500 · acierto 0.6667 · vigente 0.5000 · nose 1.0000 (rel nan/aus 1.00) · invento 0.0000 · 0.2 s/paso
  paso 11700 · perdida  1.4392 · GLOBAL 0.5000 · acierto 0.3333 · vigente 0.0000 · nose 1.0000 (rel 1.00/aus nan) · invento 0.0000 · 0.2 s/paso
  paso 11725 · perdida  0.8649 · GLOBAL 0.5000 · acierto 0.3333 · vigente 0.0000 · nose 1.0000 (rel 1.00/aus nan) · invento 0.0000 · 0.2 s/paso
  paso 11750 · perdida  1.2937 · GLOBAL 0.5000 · acierto 0.5000 · vigente 0.5000 · nose nan (rel nan/aus nan) · invento 0.0000 · 0.2 s/paso
  paso 11775 · perdida  0.6140 · GLOBAL 0.5000 · acierto 0.5000 · vigente 0.0000 · nose nan (rel nan/aus nan) · invento 0.0000 · 0.2 s/paso
  paso 11800 · perdida  0.2983 · GLOBAL 1.0000 · acierto nan · vigente nan · nose 1.0000 (rel 1.00/aus 1.00) · invento 0.0000 · 0.2 s/paso
  paso 11825 · perdida  0.9455 · GLOBAL 0.5000 · acierto 0.3333 · vigente 0.0000 · nose 1.0000 (rel nan/aus 1.00) · invento 0.0000 · 0.2 s/paso
  paso 11850 · perdida  0.1314 · GLOBAL 1.0000 · acierto 1.0000 · vigente 1.0000 · nose 1.0000 (rel 1.00/aus nan) · invento 0.0000 · 0.2 s/paso
  paso 11875 · perdida  1.1101 · GLOBAL 0.5000 · acierto 0.6667 · vigente 0.0000 · nose 0.0000 (rel 0.00/aus nan) · invento 1.0000 · 0.2 s/paso
  paso 11900 · perdida  2.6090 · GLOBAL 0.2500 · acierto 0.3333 · vigente 0.0000 · nose 0.0000 (rel 0.00/aus nan) · invento 1.0000 · 0.2 s/paso
  paso 11925 · perdida  0.5964 · GLOBAL 0.5000 · acierto 1.0000 · vigente nan · nose 0.0000 (rel 0.00/aus 0.00) · invento 1.0000 · 0.2 s/paso
  paso 11950 · perdida  1.2141 · GLOBAL 0.5000 · acierto 1.0000 · vigente nan · nose 0.0000 (rel 0.00/aus 0.00) · invento 1.0000 · 0.2 s/paso
  paso 11975 · perdida  0.9733 · GLOBAL 0.5000 · acierto 0.5000 · vigente 0.0000 · nose 0.5000 (rel 0.00/aus 1.00) · invento 0.5000 · 0.2 s/paso
  paso 12000 · perdida  0.2993 · GLOBAL 1.0000 · acierto 1.0000 · vigente nan · nose 1.0000 (rel 1.00/aus 1.00) · invento 0.0000 · 0.2 s/paso
  paso 12025 · perdida  0.4542 · GLOBAL 0.7500 · acierto 0.6667 · vigente 1.0000 · nose 1.0000 (rel 1.00/aus nan) · invento 0.0000 · 0.2 s/paso
  paso 12050 · perdida  0.6002 · GLOBAL 0.7500 · acierto 1.0000 · vigente nan · nose 0.5000 (rel 0.50/aus nan) · invento 0.5000 · 0.2 s/paso
  paso 12075 · perdida  0.3868 · GLOBAL 1.0000 · acierto 1.0000 · vigente 1.0000 · nose 1.0000 (rel nan/aus 1.00) · invento 0.0000 · 0.2 s/paso
  paso 12100 · perdida  0.6896 · GLOBAL 0.7500 · acierto 1.0000 · vigente 1.0000 · nose 0.5000 (rel nan/aus 0.50) · invento 0.5000 · 0.2 s/paso
  paso 12125 · perdida  0.6238 · GLOBAL 0.5000 · acierto 0.5000 · vigente nan · nose 0.5000 (rel 0.00/aus 1.00) · invento 0.5000 · 0.2 s/paso
  paso 12150 · perdida  0.9046 · GLOBAL 0.7500 · acierto 0.6667 · vigente 0.5000 · nose 1.0000 (rel nan/aus 1.00) · invento 0.0000 · 0.2 s/paso
  paso 12175 · perdida  1.4277 · GLOBAL 0.2500 · acierto 0.0000 · vigente 0.0000 · nose 1.0000 (rel 1.00/aus nan) · invento 0.0000 · 0.2 s/paso
  paso 12200 · perdida  0.7647 · GLOBAL 0.5000 · acierto nan · vigente nan · nose 0.5000 (rel 0.33/aus 1.00) · invento 0.5000 · 0.2 s/paso
  paso 12225 · perdida  0.8079 · GLOBAL 0.7500 · acierto 1.0000 · vigente nan · nose 0.6667 (rel 1.00/aus 0.50) · invento 0.3333 · 0.2 s/paso
  paso 12250 · perdida  0.4282 · GLOBAL 0.7500 · acierto 0.6667 · vigente 0.6667 · nose 1.0000 (rel 1.00/aus nan) · invento 0.0000 · 0.2 s/paso
  paso 12275 · perdida  0.8421 · GLOBAL 0.7500 · acierto 0.6667 · vigente 0.6667 · nose 1.0000 (rel 1.00/aus nan) · invento 0.0000 · 0.2 s/paso
  paso 12300 · perdida  1.1825 · GLOBAL 0.5000 · acierto 0.5000 · vigente 0.0000 · nose 0.5000 (rel 1.00/aus 0.00) · invento 0.5000 · 0.2 s/paso
  paso 12325 · perdida  0.5123 · GLOBAL 0.7500 · acierto 1.0000 · vigente nan · nose 0.5000 (rel 1.00/aus 0.00) · invento 0.5000 · 0.2 s/paso
  paso 12350 · perdida  0.5544 · GLOBAL 1.0000 · acierto 1.0000 · vigente 1.0000 · nose 1.0000 (rel nan/aus 1.00) · invento 0.0000 · 0.2 s/paso
  paso 12375 · perdida  0.6439 · GLOBAL 0.5000 · acierto 0.5000 · vigente 0.0000 · nose 0.5000 (rel nan/aus 0.50) · invento 0.5000 · 0.2 s/paso
  paso 12400 · perdida  0.9660 · GLOBAL 0.7500 · acierto 0.7500 · vigente 0.0000 · nose nan (rel nan/aus nan) · invento 0.0000 · 0.2 s/paso
  paso 12425 · perdida  0.4733 · GLOBAL 0.7500 · acierto 0.7500 · vigente 1.0000 · nose nan (rel nan/aus nan) · invento 0.0000 · 0.2 s/paso
  paso 12450 · perdida  0.3946 · GLOBAL 0.7500 · acierto 1.0000 · vigente nan · nose 0.5000 (rel 0.00/aus 1.00) · invento 0.5000 · 0.2 s/paso
  paso 12475 · perdida  1.0132 · GLOBAL 0.2500 · acierto 0.3333 · vigente 0.3333 · nose 0.0000 (rel nan/aus 0.00) · invento 1.0000 · 0.2 s/paso
  paso 12500 · perdida  0.8280 · GLOBAL 0.7500 · acierto 0.5000 · vigente 0.0000 · nose 1.0000 (rel 1.00/aus nan) · invento 0.0000 · 0.2 s/paso
  paso 12525 · perdida  0.5309 · GLOBAL 0.7500 · acierto 0.7500 · vigente 0.5000 · nose nan (rel nan/aus nan) · invento 0.0000 · 0.2 s/paso
  paso 12550 · perdida  0.5843 · GLOBAL 0.7500 · acierto 1.0000 · vigente 1.0000 · nose 0.5000 (rel 0.00/aus 1.00) · invento 0.5000 · 0.2 s/paso
  paso 12575 · perdida  0.5481 · GLOBAL 0.7500 · acierto 0.7500 · vigente 0.0000 · nose nan (rel nan/aus nan) · invento 0.0000 · 0.2 s/paso
  paso 12600 · perdida  0.5149 · GLOBAL 0.7500 · acierto 0.5000 · vigente nan · nose 1.0000 (rel 1.00/aus 1.00) · invento 0.0000 · 0.2 s/paso
  paso 12625 · perdida  0.4303 · GLOBAL 0.7500 · acierto 1.0000 · vigente 1.0000 · nose 0.0000 (rel 0.00/aus nan) · invento 1.0000 · 0.2 s/paso
  paso 12650 · perdida  1.0306 · GLOBAL 0.5000 · acierto 1.0000 · vigente 1.0000 · nose 0.3333 (rel 0.50/aus 0.00) · invento 0.6667 · 0.2 s/paso
  paso 12675 · perdida  0.5015 · GLOBAL 0.7500 · acierto 1.0000 · vigente nan · nose 0.5000 (rel 1.00/aus 0.00) · invento 0.5000 · 0.2 s/paso
  paso 12700 · perdida  0.6275 · GLOBAL 0.7500 · acierto 1.0000 · vigente 1.0000 · nose 0.0000 (rel 0.00/aus nan) · invento 1.0000 · 0.2 s/paso
  paso 12725 · perdida  2.5272 · GLOBAL 0.2500 · acierto 1.0000 · vigente nan · nose 0.0000 (rel 0.00/aus 0.00) · invento 1.0000 · 0.2 s/paso
  paso 12750 · perdida  1.5796 · GLOBAL 0.2500 · acierto 0.3333 · vigente 0.0000 · nose 0.0000 (rel 0.00/aus nan) · invento 1.0000 · 0.2 s/paso
  paso 12775 · perdida  1.3456 · GLOBAL 0.2500 · acierto 0.0000 · vigente 0.0000 · nose 1.0000 (rel nan/aus 1.00) · invento 0.0000 · 0.2 s/paso
  paso 12800 · perdida  0.5370 · GLOBAL 0.7500 · acierto 1.0000 · vigente 1.0000 · nose 0.0000 (rel 0.00/aus nan) · invento 1.0000 · 0.2 s/paso
  paso 12825 · perdida  1.3350 · GLOBAL 0.2500 · acierto 0.0000 · vigente 0.0000 · nose 0.5000 (rel nan/aus 0.50) · invento 0.5000 · 0.2 s/paso
  paso 12850 · perdida  0.5409 · GLOBAL 0.7500 · acierto 1.0000 · vigente nan · nose 0.5000 (rel 1.00/aus 0.00) · invento 0.5000 · 0.2 s/paso
  paso 12875 · perdida  1.9506 · GLOBAL 0.5000 · acierto 0.6667 · vigente 0.5000 · nose 0.0000 (rel nan/aus 0.00) · invento 1.0000 · 0.2 s/paso
  paso 12900 · perdida  0.2718 · GLOBAL 1.0000 · acierto 1.0000 · vigente nan · nose nan (rel nan/aus nan) · invento 0.0000 · 0.2 s/paso
  paso 12925 · perdida  0.2419 · GLOBAL 1.0000 · acierto 1.0000 · vigente nan · nose 1.0000 (rel nan/aus 1.00) · invento 0.0000 · 0.2 s/paso
  paso 12950 · perdida  0.6072 · GLOBAL 0.7500 · acierto 1.0000 · vigente 1.0000 · nose 0.5000 (rel 1.00/aus 0.00) · invento 0.5000 · 0.2 s/paso
  paso 12975 · perdida  0.2282 · GLOBAL 1.0000 · acierto 1.0000 · vigente nan · nose 1.0000 (rel 1.00/aus 1.00) · invento 0.0000 · 0.2 s/paso
  paso 13000 · perdida  0.8998 · GLOBAL 0.5000 · acierto 0.5000 · vigente 0.3333 · nose nan (rel nan/aus nan) · invento 0.0000 · 0.2 s/paso
  paso 13025 · perdida  0.6749 · GLOBAL 0.7500 · acierto 1.0000 · vigente nan · nose 0.5000 (rel 0.50/aus nan) · invento 0.5000 · 0.2 s/paso
  paso 13050 · perdida  0.7316 · GLOBAL 0.7500 · acierto nan · vigente nan · nose 0.7500 (rel 1.00/aus 0.00) · invento 0.2500 · 0.2 s/paso
  paso 13075 · perdida  0.5455 · GLOBAL 0.7500 · acierto 0.7500 · vigente 0.5000 · nose nan (rel nan/aus nan) · invento 0.0000 · 0.2 s/paso
  paso 13100 · perdida  0.2336 · GLOBAL 1.0000 · acierto 1.0000 · vigente nan · nose 1.0000 (rel 1.00/aus 1.00) · invento 0.0000 · 0.2 s/paso
  paso 13125 · perdida  0.8513 · GLOBAL 0.5000 · acierto 0.5000 · vigente nan · nose 0.5000 (rel 1.00/aus 0.00) · invento 0.5000 · 0.2 s/paso
  paso 13150 · perdida  0.7821 · GLOBAL 0.5000 · acierto 0.3333 · vigente 0.5000 · nose 1.0000 (rel nan/aus 1.00) · invento 0.0000 · 0.2 s/paso
  paso 13175 · perdida  0.8625 · GLOBAL 0.7500 · acierto 0.7500 · vigente 0.5000 · nose nan (rel nan/aus nan) · invento 0.0000 · 0.2 s/paso
  paso 13200 · perdida  0.7204 · GLOBAL 0.7500 · acierto 0.7500 · vigente 0.5000 · nose nan (rel nan/aus nan) · invento 0.0000 · 0.2 s/paso
  paso 13225 · perdida  0.9936 · GLOBAL 0.5000 · acierto 0.5000 · vigente 0.5000 · nose nan (rel nan/aus nan) · invento 0.0000 · 0.2 s/paso
  paso 13250 · perdida  0.6575 · GLOBAL 0.5000 · acierto 0.6667 · vigente 0.0000 · nose 0.0000 (rel nan/aus 0.00) · invento 1.0000 · 0.2 s/paso
  paso 13275 · perdida  1.1668 · GLOBAL 0.5000 · acierto 0.5000 · vigente 0.0000 · nose 0.5000 (rel 0.00/aus 1.00) · invento 0.5000 · 0.2 s/paso
  paso 13300 · perdida  0.4169 · GLOBAL 0.7500 · acierto 0.5000 · vigente 0.0000 · nose 1.0000 (rel nan/aus 1.00) · invento 0.0000 · 0.2 s/paso
  paso 13325 · perdida  1.2137 · GLOBAL 0.5000 · acierto 0.5000 · vigente 0.0000 · nose 0.5000 (rel 0.50/aus nan) · invento 0.5000 · 0.2 s/paso
  paso 13350 · perdida  0.5582 · GLOBAL 0.7500 · acierto 0.7500 · vigente 0.5000 · nose nan (rel nan/aus nan) · invento 0.0000 · 0.2 s/paso
  paso 13375 · perdida  1.5692 · GLOBAL 0.2500 · acierto 0.5000 · vigente 0.0000 · nose 0.0000 (rel 0.00/aus nan) · invento 1.0000 · 0.2 s/paso
  paso 13400 · perdida  0.9632 · GLOBAL 0.2500 · acierto 0.0000 · vigente 0.0000 · nose 1.0000 (rel nan/aus 1.00) · invento 0.0000 · 0.2 s/paso
  paso 13425 · perdida  1.2951 · GLOBAL 0.5000 · acierto 0.5000 · vigente 0.0000 · nose nan (rel nan/aus nan) · invento 0.0000 · 0.2 s/paso
  paso 13450 · perdida  1.2083 · GLOBAL 0.5000 · acierto 0.5000 · vigente 0.3333 · nose nan (rel nan/aus nan) · invento 0.0000 · 0.2 s/paso
  paso 13475 · perdida  1.0030 · GLOBAL 0.2500 · acierto 0.0000 · vigente 0.0000 · nose 1.0000 (rel nan/aus 1.00) · invento 0.0000 · 0.2 s/paso
  paso 13500 · perdida  1.1299 · GLOBAL 0.5000 · acierto 0.5000 · vigente 0.6667 · nose nan (rel nan/aus nan) · invento 0.0000 · 0.2 s/paso
  paso 13525 · perdida  1.0877 · GLOBAL 0.5000 · acierto 0.3333 · vigente 0.0000 · nose 1.0000 (rel nan/aus 1.00) · invento 0.0000 · 0.2 s/paso
  paso 13550 · perdida  0.9348 · GLOBAL 0.2500 · acierto nan · vigente nan · nose 0.2500 (rel 0.50/aus 0.00) · invento 0.7500 · 0.2 s/paso
  paso 13575 · perdida  1.4259 · GLOBAL 0.2500 · acierto 0.5000 · vigente 0.0000 · nose 0.0000 (rel 0.00/aus nan) · invento 1.0000 · 0.2 s/paso
  paso 13600 · perdida  1.7332 · GLOBAL 0.2500 · acierto 0.0000 · vigente 0.0000 · nose 0.5000 (rel 0.00/aus 1.00) · invento 0.5000 · 0.2 s/paso
  paso 13625 · perdida  0.2867 · GLOBAL 0.7500 · acierto 1.0000 · vigente nan · nose 0.0000 (rel nan/aus 0.00) · invento 1.0000 · 0.2 s/paso
  paso 13650 · perdida  0.8848 · GLOBAL 0.5000 · acierto 0.6667 · vigente 0.0000 · nose 0.0000 (rel nan/aus 0.00) · invento 1.0000 · 0.2 s/paso
  paso 13675 · perdida  0.6398 · GLOBAL 0.5000 · acierto 0.0000 · vigente nan · nose 0.6667 (rel 1.00/aus 0.50) · invento 0.3333 · 0.2 s/paso
  paso 13700 · perdida  1.3584 · GLOBAL 0.5000 · acierto 0.3333 · vigente 0.3333 · nose 1.0000 (rel 1.00/aus nan) · invento 0.0000 · 0.2 s/paso
  paso 13725 · perdida  0.4486 · GLOBAL 1.0000 · acierto 1.0000 · vigente 1.0000 · nose nan (rel nan/aus nan) · invento 0.0000 · 0.2 s/paso
  paso 13750 · perdida  0.5449 · GLOBAL 0.7500 · acierto 0.5000 · vigente 0.0000 · nose 1.0000 (rel 1.00/aus 1.00) · invento 0.0000 · 0.2 s/paso
  paso 13775 · perdida  0.7457 · GLOBAL 0.7500 · acierto 0.6667 · vigente 0.0000 · nose 1.0000 (rel nan/aus 1.00) · invento 0.0000 · 0.2 s/paso
  paso 13800 · perdida  1.4256 · GLOBAL 0.5000 · acierto 0.3333 · vigente 0.0000 · nose 1.0000 (rel nan/aus 1.00) · invento 0.0000 · 0.2 s/paso
  paso 13825 · perdida  0.1510 · GLOBAL 1.0000 · acierto 1.0000 · vigente nan · nose 1.0000 (rel nan/aus 1.00) · invento 0.0000 · 0.2 s/paso
  paso 13850 · perdida  0.1659 · GLOBAL 1.0000 · acierto 1.0000 · vigente nan · nose 1.0000 (rel 1.00/aus nan) · invento 0.0000 · 0.2 s/paso
  paso 13875 · perdida  0.5625 · GLOBAL 0.7500 · acierto 1.0000 · vigente 1.0000 · nose 0.5000 (rel 0.00/aus 1.00) · invento 0.5000 · 0.2 s/paso
  paso 13900 · perdida  0.3418 · GLOBAL 0.7500 · acierto 1.0000 · vigente 1.0000 · nose 0.0000 (rel nan/aus 0.00) · invento 1.0000 · 0.2 s/paso
  paso 13925 · perdida  0.3760 · GLOBAL 0.7500 · acierto 0.6667 · vigente nan · nose 1.0000 (rel nan/aus 1.00) · invento 0.0000 · 0.2 s/paso
  paso 13950 · perdida  1.0897 · GLOBAL 0.5000 · acierto 0.3333 · vigente 0.0000 · nose 1.0000 (rel nan/aus 1.00) · invento 0.0000 · 0.2 s/paso
  paso 13975 · perdida  0.6357 · GLOBAL 0.7500 · acierto 1.0000 · vigente nan · nose 0.6667 (rel 1.00/aus 0.50) · invento 0.3333 · 0.2 s/paso
  paso 14000 · perdida  0.3157 · GLOBAL 1.0000 · acierto 1.0000 · vigente 1.0000 · nose 1.0000 (rel 1.00/aus 1.00) · invento 0.0000 · 0.2 s/paso
  paso 14025 · perdida  1.2208 · GLOBAL 0.7500 · acierto 0.6667 · vigente 0.0000 · nose 1.0000 (rel nan/aus 1.00) · invento 0.0000 · 0.2 s/paso
  paso 14050 · perdida  0.2770 · GLOBAL 1.0000 · acierto 1.0000 · vigente nan · nose 1.0000 (rel 1.00/aus 1.00) · invento 0.0000 · 0.2 s/paso
  paso 14075 · perdida  0.7722 · GLOBAL 0.7500 · acierto 0.5000 · vigente 0.0000 · nose 1.0000 (rel 1.00/aus nan) · invento 0.0000 · 0.2 s/paso
  paso 14100 · perdida  0.6583 · GLOBAL 0.7500 · acierto 1.0000 · vigente 1.0000 · nose 0.5000 (rel nan/aus 0.50) · invento 0.5000 · 0.2 s/paso
  paso 14125 · perdida  0.6432 · GLOBAL 0.5000 · acierto 1.0000 · vigente nan · nose 0.0000 (rel 0.00/aus nan) · invento 1.0000 · 0.2 s/paso
  paso 14150 · perdida  0.7432 · GLOBAL 0.7500 · acierto 0.6667 · vigente nan · nose 1.0000 (rel 1.00/aus nan) · invento 0.0000 · 0.2 s/paso
  paso 14175 · perdida  0.4074 · GLOBAL 1.0000 · acierto 1.0000 · vigente 1.0000 · nose 1.0000 (rel 1.00/aus nan) · invento 0.0000 · 0.2 s/paso
  paso 14200 · perdida  0.6823 · GLOBAL 0.5000 · acierto 0.3333 · vigente nan · nose 1.0000 (rel 1.00/aus nan) · invento 0.0000 · 0.2 s/paso
  paso 14225 · perdida  2.5410 · GLOBAL 0.2500 · acierto 1.0000 · vigente nan · nose 0.0000 (rel nan/aus 0.00) · invento 1.0000 · 0.2 s/paso
  paso 14250 · perdida  0.7405 · GLOBAL 0.5000 · acierto 0.6667 · vigente 0.0000 · nose 0.0000 (rel 0.00/aus nan) · invento 1.0000 · 0.2 s/paso
  paso 14275 · perdida  0.5309 · GLOBAL 0.7500 · acierto 0.0000 · vigente nan · nose 1.0000 (rel 1.00/aus 1.00) · invento 0.0000 · 0.2 s/paso
  paso 14300 · perdida  0.6224 · GLOBAL 0.5000 · acierto 1.0000 · vigente nan · nose 0.0000 (rel 0.00/aus nan) · invento 1.0000 · 0.2 s/paso
  paso 14325 · perdida  0.6874 · GLOBAL 0.5000 · acierto 0.5000 · vigente 0.0000 · nose 0.5000 (rel nan/aus 0.50) · invento 0.5000 · 0.2 s/paso
  paso 14350 · perdida  1.0823 · GLOBAL 0.2500 · acierto 1.0000 · vigente nan · nose 0.0000 (rel 0.00/aus 0.00) · invento 1.0000 · 0.2 s/paso
  paso 14375 · perdida  0.1430 · GLOBAL 1.0000 · acierto 1.0000 · vigente nan · nose 1.0000 (rel 1.00/aus 1.00) · invento 0.0000 · 0.2 s/paso
  paso 14400 · perdida  0.3660 · GLOBAL 0.7500 · acierto 0.6667 · vigente nan · nose 1.0000 (rel 1.00/aus nan) · invento 0.0000 · 0.2 s/paso
  paso 14425 · perdida  0.8491 · GLOBAL 0.5000 · acierto 0.3333 · vigente 0.0000 · nose 1.0000 (rel 1.00/aus nan) · invento 0.0000 · 0.2 s/paso
  paso 14450 · perdida  1.0542 · GLOBAL 0.5000 · acierto 0.0000 · vigente 0.0000 · nose 0.6667 (rel 0.50/aus 1.00) · invento 0.3333 · 0.2 s/paso
  paso 14475 · perdida  0.1680 · GLOBAL 1.0000 · acierto 1.0000 · vigente nan · nose 1.0000 (rel 1.00/aus 1.00) · invento 0.0000 · 0.2 s/paso
  paso 14500 · perdida  1.2790 · GLOBAL 0.5000 · acierto 0.3333 · vigente 1.0000 · nose 1.0000 (rel 1.00/aus nan) · invento 0.0000 · 0.2 s/paso
  paso 14525 · perdida  0.7991 · GLOBAL 0.5000 · acierto 0.6667 · vigente 0.5000 · nose 0.0000 (rel nan/aus 0.00) · invento 1.0000 · 0.2 s/paso
  paso 14550 · perdida  0.8018 · GLOBAL 0.5000 · acierto 0.5000 · vigente nan · nose 0.5000 (rel nan/aus 0.50) · invento 0.5000 · 0.2 s/paso
  paso 14575 · perdida  1.6740 · GLOBAL 0.2500 · acierto 0.0000 · vigente 0.0000 · nose 1.0000 (rel nan/aus 1.00) · invento 0.0000 · 0.2 s/paso
  paso 14600 · perdida  2.0231 · GLOBAL 0.2500 · acierto 0.0000 · vigente 0.0000 · nose 1.0000 (rel 1.00/aus nan) · invento 0.0000 · 0.2 s/paso
  paso 14625 · perdida  0.7843 · GLOBAL 0.5000 · acierto 1.0000 · vigente nan · nose 0.0000 (rel 0.00/aus 0.00) · invento 1.0000 · 0.2 s/paso
  paso 14650 · perdida  1.4497 · GLOBAL 0.0000 · acierto nan · vigente nan · nose 0.0000 (rel 0.00/aus 0.00) · invento 1.0000 · 0.2 s/paso
  paso 14675 · perdida  0.6210 · GLOBAL 0.7500 · acierto 1.0000 · vigente 1.0000 · nose 0.0000 (rel nan/aus 0.00) · invento 1.0000 · 0.2 s/paso
  paso 14700 · perdida  0.9563 · GLOBAL 0.5000 · acierto 1.0000 · vigente nan · nose 0.0000 (rel nan/aus 0.00) · invento 1.0000 · 0.2 s/paso
  paso 14725 · perdida  0.1328 · GLOBAL 1.0000 · acierto 1.0000 · vigente nan · nose 1.0000 (rel nan/aus 1.00) · invento 0.0000 · 0.2 s/paso
  paso 14750 · perdida  0.9379 · GLOBAL 0.2500 · acierto 0.5000 · vigente 0.0000 · nose 0.0000 (rel 0.00/aus 0.00) · invento 1.0000 · 0.2 s/paso
  paso 14775 · perdida  0.3728 · GLOBAL 1.0000 · acierto 1.0000 · vigente nan · nose 1.0000 (rel 1.00/aus nan) · invento 0.0000 · 0.2 s/paso
  paso 14800 · perdida  1.1037 · GLOBAL 0.5000 · acierto 0.5000 · vigente 0.0000 · nose 0.5000 (rel nan/aus 0.50) · invento 0.5000 · 0.2 s/paso
  paso 14825 · perdida  0.3241 · GLOBAL 0.7500 · acierto 1.0000 · vigente 1.0000 · nose 0.0000 (rel 0.00/aus nan) · invento 1.0000 · 0.2 s/paso
  paso 14850 · perdida  0.3459 · GLOBAL 1.0000 · acierto 1.0000 · vigente 1.0000 · nose 1.0000 (rel 1.00/aus 1.00) · invento 0.0000 · 0.2 s/paso
  paso 14875 · perdida  1.0505 · GLOBAL 0.5000 · acierto 1.0000 · vigente 1.0000 · nose 0.3333 (rel 0.33/aus nan) · invento 0.6667 · 0.2 s/paso
  paso 14900 · perdida  1.4047 · GLOBAL 0.5000 · acierto 1.0000 · vigente 1.0000 · nose 0.0000 (rel nan/aus 0.00) · invento 1.0000 · 0.2 s/paso
  paso 14925 · perdida  0.8262 · GLOBAL 0.5000 · acierto 0.3333 · vigente 0.0000 · nose 1.0000 (rel nan/aus 1.00) · invento 0.0000 · 0.2 s/paso
  paso 14950 · perdida  0.3907 · GLOBAL 0.7500 · acierto 1.0000 · vigente nan · nose 0.5000 (rel nan/aus 0.50) · invento 0.5000 · 0.2 s/paso
  paso 14975 · perdida  0.7323 · GLOBAL 0.7500 · acierto 0.5000 · vigente 0.0000 · nose 1.0000 (rel 1.00/aus 1.00) · invento 0.0000 · 0.2 s/paso
  paso 15000 · perdida  1.0932 · GLOBAL 0.2500 · acierto 0.3333 · vigente 0.0000 · nose 0.0000 (rel 0.00/aus nan) · invento 1.0000 · 0.2 s/paso
  paso 15025 · perdida  1.3212 · GLOBAL 0.5000 · acierto 0.6667 · vigente 0.5000 · nose 0.0000 (rel nan/aus 0.00) · invento 1.0000 · 0.2 s/paso
  paso 15050 · perdida  1.3191 · GLOBAL 0.5000 · acierto 0.0000 · vigente 0.0000 · nose 0.6667 (rel 0.50/aus 1.00) · invento 0.3333 · 0.2 s/paso
  paso 15075 · perdida  1.9628 · GLOBAL 0.2500 · acierto 0.0000 · vigente 0.0000 · nose 1.0000 (rel nan/aus 1.00) · invento 0.0000 · 0.2 s/paso
  paso 15100 · perdida  1.3070 · GLOBAL 0.2500 · acierto 0.3333 · vigente 0.0000 · nose 0.0000 (rel 0.00/aus nan) · invento 1.0000 · 0.2 s/paso
  paso 15125 · perdida  1.4387 · GLOBAL 0.0000 · acierto 0.0000 · vigente 0.0000 · nose 0.0000 (rel 0.00/aus 0.00) · invento 1.0000 · 0.2 s/paso
  paso 15150 · perdida  0.2701 · GLOBAL 1.0000 · acierto 1.0000 · vigente nan · nose 1.0000 (rel 1.00/aus 1.00) · invento 0.0000 · 0.2 s/paso
  paso 15175 · perdida  1.4137 · GLOBAL 0.5000 · acierto 0.0000 · vigente 0.0000 · nose 0.6667 (rel nan/aus 0.67) · invento 0.3333 · 0.2 s/paso
  paso 15200 · perdida  0.3602 · GLOBAL 1.0000 · acierto 1.0000 · vigente nan · nose 1.0000 (rel 1.00/aus nan) · invento 0.0000 · 0.2 s/paso
  paso 15225 · perdida  0.5629 · GLOBAL 0.7500 · acierto 0.6667 · vigente 0.0000 · nose 1.0000 (rel nan/aus 1.00) · invento 0.0000 · 0.2 s/paso
  paso 15250 · perdida  1.7069 · GLOBAL 0.2500 · acierto 0.5000 · vigente 0.5000 · nose 0.0000 (rel 0.00/aus nan) · invento 1.0000 · 0.2 s/paso
  paso 15275 · perdida  0.5205 · GLOBAL 1.0000 · acierto 1.0000 · vigente nan · nose 1.0000 (rel 1.00/aus nan) · invento 0.0000 · 0.2 s/paso
  paso 15300 · perdida  0.3865 · GLOBAL 0.7500 · acierto 1.0000 · vigente nan · nose 0.5000 (rel 0.50/aus nan) · invento 0.5000 · 0.2 s/paso
  paso 15325 · perdida  0.4258 · GLOBAL 1.0000 · acierto 1.0000 · vigente nan · nose 1.0000 (rel 1.00/aus nan) · invento 0.0000 · 0.2 s/paso
  paso 15350 · perdida  0.4009 · GLOBAL 0.7500 · acierto 0.7500 · vigente 1.0000 · nose nan (rel nan/aus nan) · invento 0.0000 · 0.2 s/paso
  paso 15375 · perdida  1.7808 · GLOBAL 0.5000 · acierto 0.5000 · vigente 0.0000 · nose 0.5000 (rel 0.00/aus 1.00) · invento 0.5000 · 0.2 s/paso
  paso 15400 · perdida  1.0953 · GLOBAL 0.5000 · acierto 0.3333 · vigente 0.0000 · nose 1.0000 (rel nan/aus 1.00) · invento 0.0000 · 0.2 s/paso
  paso 15425 · perdida  0.7579 · GLOBAL 0.5000 · acierto 0.6667 · vigente 0.5000 · nose 0.0000 (rel 0.00/aus nan) · invento 1.0000 · 0.2 s/paso
  paso 15450 · perdida  0.4620 · GLOBAL 0.7500 · acierto 0.6667 · vigente 0.6667 · nose 1.0000 (rel 1.00/aus nan) · invento 0.0000 · 0.2 s/paso
  paso 15475 · perdida  0.1235 · GLOBAL 1.0000 · acierto 1.0000 · vigente nan · nose 1.0000 (rel 1.00/aus nan) · invento 0.0000 · 0.2 s/paso
  paso 15500 · perdida  1.5847 · GLOBAL 0.2500 · acierto 0.2500 · vigente 0.0000 · nose nan (rel nan/aus nan) · invento 0.0000 · 0.2 s/paso
  paso 15525 · perdida  0.1696 · GLOBAL 1.0000 · acierto 1.0000 · vigente nan · nose 1.0000 (rel nan/aus 1.00) · invento 0.0000 · 0.2 s/paso
  paso 15550 · perdida  0.7342 · GLOBAL 0.7500 · acierto 0.6667 · vigente 0.0000 · nose 1.0000 (rel nan/aus 1.00) · invento 0.0000 · 0.2 s/paso
  paso 15575 · perdida  0.2402 · GLOBAL 1.0000 · acierto 1.0000 · vigente 1.0000 · nose 1.0000 (rel nan/aus 1.00) · invento 0.0000 · 0.2 s/paso
  paso 15600 · perdida  2.4651 · GLOBAL 0.2500 · acierto 0.2500 · vigente 0.0000 · nose nan (rel nan/aus nan) · invento 0.0000 · 0.2 s/paso
  paso 15625 · perdida  0.8784 · GLOBAL 0.5000 · acierto 1.0000 · vigente nan · nose 0.3333 (rel 0.00/aus 0.50) · invento 0.6667 · 0.2 s/paso
  paso 15650 · perdida  2.0231 · GLOBAL 0.2500 · acierto 1.0000 · vigente nan · nose 0.0000 (rel 0.00/aus 0.00) · invento 1.0000 · 0.2 s/paso
  paso 15675 · perdida  0.8654 · GLOBAL 0.5000 · acierto 0.5000 · vigente 1.0000 · nose nan (rel nan/aus nan) · invento 0.0000 · 0.2 s/paso
  paso 15700 · perdida  0.4897 · GLOBAL 1.0000 · acierto 1.0000 · vigente 1.0000 · nose 1.0000 (rel 1.00/aus 1.00) · invento 0.0000 · 0.2 s/paso
  paso 15725 · perdida  0.3066 · GLOBAL 1.0000 · acierto 1.0000 · vigente nan · nose 1.0000 (rel 1.00/aus 1.00) · invento 0.0000 · 0.2 s/paso
  paso 15750 · perdida  0.8166 · GLOBAL 0.5000 · acierto 0.6667 · vigente 0.5000 · nose 0.0000 (rel 0.00/aus nan) · invento 1.0000 · 0.2 s/paso
  paso 15775 · perdida  0.5514 · GLOBAL 0.7500 · acierto 1.0000 · vigente nan · nose 0.5000 (rel nan/aus 0.50) · invento 0.5000 · 0.2 s/paso
  paso 15800 · perdida  1.0609 · GLOBAL 0.5000 · acierto 0.0000 · vigente 0.0000 · nose 0.6667 (rel 0.67/aus nan) · invento 0.3333 · 0.2 s/paso
  paso 15825 · perdida  0.2027 · GLOBAL 1.0000 · acierto 1.0000 · vigente nan · nose 1.0000 (rel nan/aus 1.00) · invento 0.0000 · 0.2 s/paso
  paso 15850 · perdida  1.0995 · GLOBAL 0.5000 · acierto 0.5000 · vigente 0.5000 · nose 0.5000 (rel 1.00/aus 0.00) · invento 0.5000 · 0.2 s/paso
  paso 15875 · perdida  0.3393 · GLOBAL 1.0000 · acierto 1.0000 · vigente 1.0000 · nose 1.0000 (rel 1.00/aus 1.00) · invento 0.0000 · 0.2 s/paso
  paso 15900 · perdida  0.7500 · GLOBAL 0.5000 · acierto 1.0000 · vigente nan · nose 0.0000 (rel 0.00/aus 0.00) · invento 1.0000 · 0.2 s/paso
  paso 15925 · perdida  0.4266 · GLOBAL 1.0000 · acierto 1.0000 · vigente nan · nose 1.0000 (rel 1.00/aus 1.00) · invento 0.0000 · 0.2 s/paso
  paso 15950 · perdida  1.2958 · GLOBAL 0.2500 · acierto 0.0000 · vigente 0.0000 · nose 0.5000 (rel nan/aus 0.50) · invento 0.5000 · 0.2 s/paso
  paso 15975 · perdida  0.8249 · GLOBAL 0.5000 · acierto 0.0000 · vigente 0.0000 · nose 0.6667 (rel 0.50/aus 1.00) · invento 0.3333 · 0.2 s/paso
  paso 16000 · perdida  1.2928 · GLOBAL 0.5000 · acierto 0.6667 · vigente 0.0000 · nose 0.0000 (rel nan/aus 0.00) · invento 1.0000 · 0.2 s/paso

  CONTROLES sobre el ultimo lote:
    con archivo        GLOBAL 0.5000 · acierto 0.6667 · vigente 0.0000 · nose 0.0000 · invento 1.0000
    BARAJADO           GLOBAL 0.0000 · acierto 0.0000 · vigente 0.0000 · nose 0.0000 · invento 1.0000
    VACIO (ceros)      GLOBAL 0.0000 · acierto 0.0000 · vigente 0.0000 · nose 0.0000 · invento 0.0000
    lectura APAGADA    GLOBAL 0.0000 · acierto 0.0000 · vigente 0.0000 · nose 0.0000 · invento 0.0000

    BARAJADO alto = no lee el archivo · VACIO alto = contesta desde el preentrenamiento
    (VACIO es el control que pedia el plan por vocabulario abierto)

  EVALUACION FINAL sobre 512 muestras frescas (los cuatro brazos, mismas muestras):
    con archivo        GLOBAL 0.6387 · acierto 0.9181 · vigente 0.8091 · nose 0.2648 (rel 0.2500/aus 0.2773) · invento 0.7352 · n 512 {'una': 183, 'dos': 110, 'nose_rel': 100, 'nose_aus': 119}
    BARAJADO           GLOBAL 0.1543 · acierto 0.1024 · vigente 0.0909 · nose 0.2237 (rel 0.1900/aus 0.2521) · invento 0.7763 · n 512 {'una': 183, 'dos': 110, 'nose_rel': 100, 'nose_aus': 119}
    VACIO (ceros)      GLOBAL 0.0000 · acierto 0.0000 · vigente 0.0000 · nose 0.0000 (rel 0.0000/aus 0.0000) · invento 0.0000 · n 512 {'una': 183, 'dos': 110, 'nose_rel': 100, 'nose_aus': 119}
    lectura APAGADA    GLOBAL 0.0000 · acierto 0.0000 · vigente 0.0000 · nose 0.0000 (rel 0.0000/aus 0.0000) · invento 0.0000 · n 512 {'una': 183, 'dos': 110, 'nose_rel': 100, 'nose_aus': 119}

  escrito /content/banco_abstcal3s_s1.json

listo en 45.1 min
