Warning: You are sending unauthenticated requests to the HF Hub. Please set a HF_TOKEN to enable higher rate limits and faster downloads.
Loading weights:   0%|          | 0/201 [00:00<?, ?it/s]Loading weights:   0%|          | 1/201 [00:00<00:35,  5.66it/s]Loading weights:   6%|▋         | 13/201 [00:00<00:03, 54.21it/s]Loading weights:  12%|█▏        | 24/201 [00:00<00:02, 74.40it/s]Loading weights:  20%|██        | 41/201 [00:00<00:01, 106.42it/s]Loading weights:  27%|██▋       | 55/201 [00:00<00:01, 115.04it/s]Loading weights:  34%|███▍      | 68/201 [00:00<00:01, 109.30it/s]Loading weights:  40%|████      | 81/201 [00:00<00:01, 113.44it/s]Loading weights:  46%|████▋     | 93/201 [00:00<00:00, 113.04it/s]Loading weights:  52%|█████▏    | 105/201 [00:01<00:00, 104.49it/s]Loading weights:  60%|██████    | 121/201 [00:01<00:00, 115.85it/s]Loading weights:  66%|██████▌   | 133/201 [00:01<00:00, 110.14it/s]Loading weights:  74%|███████▎  | 148/201 [00:01<00:00, 117.91it/s]Loading weights:  80%|███████▉  | 160/201 [00:01<00:00, 113.21it/s]Loading weights:  87%|████████▋ | 175/201 [00:01<00:00, 107.96it/s]Loading weights:  93%|█████████▎| 186/201 [00:01<00:00, 102.28it/s]Loading weights: 100%|██████████| 201/201 [00:01<00:00, 106.70it/s]
DENSO · atencion completa en las 22 capas · sin conv corta
TinyLlama/TinyLlama-1.1B-Chat-v1.0 · 1.10 B CONGELADOS · entrenables 2.11 M (0.192 %) · rango 256 · cuda
escritura capa 11 · lectura capa 2 · 60 entidades · 8 valores · 1 relaciones · batch 4 · archivo 24 · 22 bloques
abstencion 'None' -> 6213 · piso trivial de responder al azar 1/8 = 0.1250
PISO DEL MUDO: abstenerse SIEMPRE da GLOBAL 0.0000. Por debajo de eso el modelo es peor que el silencio.
  paso    1 · perdida  6.8005 · GLOBAL 0.0000 · acierto 0.0000 · vigente nan · nose nan · invento 0.0000 · 1.4 s/paso
  paso   25 · perdida  2.6094 · GLOBAL 0.2500 · acierto 0.2500 · vigente nan · nose nan · invento 0.0000 · 0.2 s/paso
  paso   50 · perdida  2.4093 · GLOBAL 0.0000 · acierto 0.0000 · vigente nan · nose nan · invento 0.0000 · 0.2 s/paso
  paso   75 · perdida  2.8203 · GLOBAL 0.0000 · acierto 0.0000 · vigente nan · nose nan · invento 0.0000 · 0.2 s/paso
  paso  100 · perdida  2.1984 · GLOBAL 0.0000 · acierto 0.0000 · vigente nan · nose nan · invento 0.0000 · 0.2 s/paso
  paso  125 · perdida  3.1604 · GLOBAL 0.0000 · acierto 0.0000 · vigente nan · nose nan · invento 0.0000 · 0.2 s/paso
  paso  150 · perdida  2.5509 · GLOBAL 0.2500 · acierto 0.2500 · vigente nan · nose nan · invento 0.0000 · 0.2 s/paso
  paso  175 · perdida  2.4394 · GLOBAL 0.2500 · acierto 0.2500 · vigente nan · nose nan · invento 0.0000 · 0.2 s/paso
  paso  200 · perdida  1.9564 · GLOBAL 0.5000 · acierto 0.5000 · vigente nan · nose nan · invento 0.0000 · 0.2 s/paso
  paso  225 · perdida  2.2520 · GLOBAL 0.0000 · acierto 0.0000 · vigente nan · nose nan · invento 0.0000 · 0.2 s/paso
  paso  250 · perdida  1.9202 · GLOBAL 0.2500 · acierto 0.2500 · vigente nan · nose nan · invento 0.0000 · 0.2 s/paso
  paso  275 · perdida  2.3022 · GLOBAL 0.0000 · acierto 0.0000 · vigente nan · nose nan · invento 0.0000 · 0.2 s/paso
  paso  300 · perdida  2.2067 · GLOBAL 0.0000 · acierto 0.0000 · vigente nan · nose nan · invento 0.0000 · 0.2 s/paso
  paso  325 · perdida  1.3955 · GLOBAL 0.7500 · acierto 0.7500 · vigente nan · nose nan · invento 0.0000 · 0.2 s/paso
  paso  350 · perdida  2.1600 · GLOBAL 0.2500 · acierto 0.2500 · vigente nan · nose nan · invento 0.0000 · 0.2 s/paso
  paso  375 · perdida  2.2546 · GLOBAL 0.0000 · acierto 0.0000 · vigente nan · nose nan · invento 0.0000 · 0.2 s/paso
  paso  400 · perdida  1.9688 · GLOBAL 0.2500 · acierto 0.2500 · vigente nan · nose nan · invento 0.0000 · 0.2 s/paso
  paso  425 · perdida  1.9166 · GLOBAL 0.2500 · acierto 0.2500 · vigente nan · nose nan · invento 0.0000 · 0.2 s/paso
  paso  450 · perdida  2.1586 · GLOBAL 0.0000 · acierto 0.0000 · vigente nan · nose nan · invento 0.0000 · 0.2 s/paso
  paso  475 · perdida  1.3733 · GLOBAL 0.5000 · acierto 0.5000 · vigente nan · nose nan · invento 0.0000 · 0.2 s/paso
  paso  500 · perdida  2.4262 · GLOBAL 0.2500 · acierto 0.2500 · vigente nan · nose nan · invento 0.0000 · 0.2 s/paso
  paso  525 · perdida  2.4079 · GLOBAL 0.2500 · acierto 0.2500 · vigente nan · nose nan · invento 0.0000 · 0.2 s/paso
  paso  550 · perdida  2.3829 · GLOBAL 0.0000 · acierto 0.0000 · vigente nan · nose nan · invento 0.0000 · 0.2 s/paso
  paso  575 · perdida  2.2001 · GLOBAL 0.2500 · acierto 0.2500 · vigente nan · nose nan · invento 0.0000 · 0.2 s/paso
  paso  600 · perdida  2.3048 · GLOBAL 0.0000 · acierto 0.0000 · vigente nan · nose nan · invento 0.0000 · 0.2 s/paso
  paso  625 · perdida  2.2119 · GLOBAL 0.0000 · acierto 0.0000 · vigente nan · nose nan · invento 0.0000 · 0.2 s/paso
  paso  650 · perdida  2.1312 · GLOBAL 0.0000 · acierto 0.0000 · vigente nan · nose nan · invento 0.0000 · 0.2 s/paso
  paso  675 · perdida  2.3393 · GLOBAL 0.0000 · acierto 0.0000 · vigente nan · nose nan · invento 0.0000 · 0.2 s/paso
  paso  700 · perdida  2.6651 · GLOBAL 0.0000 · acierto 0.0000 · vigente nan · nose nan · invento 0.0000 · 0.2 s/paso
  paso  725 · perdida  1.7681 · GLOBAL 0.5000 · acierto 0.5000 · vigente nan · nose nan · invento 0.0000 · 0.2 s/paso
  paso  750 · perdida  1.7600 · GLOBAL 0.5000 · acierto 0.5000 · vigente nan · nose nan · invento 0.0000 · 0.2 s/paso
  paso  775 · perdida  2.1354 · GLOBAL 0.0000 · acierto 0.0000 · vigente nan · nose nan · invento 0.0000 · 0.2 s/paso
  paso  800 · perdida  2.0267 · GLOBAL 0.2500 · acierto 0.2500 · vigente nan · nose nan · invento 0.0000 · 0.2 s/paso
  paso  825 · perdida  2.2098 · GLOBAL 0.0000 · acierto 0.0000 · vigente nan · nose nan · invento 0.0000 · 0.2 s/paso
  paso  850 · perdida  2.5849 · GLOBAL 0.0000 · acierto 0.0000 · vigente nan · nose nan · invento 0.0000 · 0.2 s/paso
  paso  875 · perdida  2.0923 · GLOBAL 0.5000 · acierto 0.5000 · vigente nan · nose nan · invento 0.0000 · 0.2 s/paso
  paso  900 · perdida  2.4040 · GLOBAL 0.2500 · acierto 0.2500 · vigente nan · nose nan · invento 0.0000 · 0.2 s/paso
  paso  925 · perdida  2.8868 · GLOBAL 0.0000 · acierto 0.0000 · vigente nan · nose nan · invento 0.0000 · 0.2 s/paso
  paso  950 · perdida  1.7503 · GLOBAL 0.5000 · acierto 0.5000 · vigente nan · nose nan · invento 0.0000 · 0.2 s/paso
  paso  975 · perdida  2.4373 · GLOBAL 0.0000 · acierto 0.0000 · vigente nan · nose nan · invento 0.0000 · 0.2 s/paso
  paso 1000 · perdida  1.1533 · GLOBAL 0.5000 · acierto 0.5000 · vigente nan · nose nan · invento 0.0000 · 0.2 s/paso
  paso 1025 · perdida  3.3058 · GLOBAL 0.0000 · acierto 0.0000 · vigente nan · nose nan · invento 0.0000 · 0.2 s/paso
  paso 1050 · perdida  2.4635 · GLOBAL 0.0000 · acierto 0.0000 · vigente nan · nose nan · invento 0.0000 · 0.2 s/paso
  paso 1075 · perdida  2.9613 · GLOBAL 0.0000 · acierto 0.0000 · vigente nan · nose nan · invento 0.0000 · 0.2 s/paso
  paso 1100 · perdida  2.7452 · GLOBAL 0.0000 · acierto 0.0000 · vigente nan · nose nan · invento 0.0000 · 0.2 s/paso
  paso 1125 · perdida  3.0676 · GLOBAL 0.0000 · acierto 0.0000 · vigente nan · nose nan · invento 0.0000 · 0.2 s/paso
  paso 1150 · perdida  3.1266 · GLOBAL 0.0000 · acierto 0.0000 · vigente nan · nose nan · invento 0.0000 · 0.2 s/paso
  paso 1175 · perdida  2.1591 · GLOBAL 0.0000 · acierto 0.0000 · vigente nan · nose nan · invento 0.0000 · 0.2 s/paso
  paso 1200 · perdida  2.1295 · GLOBAL 0.0000 · acierto 0.0000 · vigente nan · nose nan · invento 0.0000 · 0.2 s/paso
  paso 1225 · perdida  2.2654 · GLOBAL 0.0000 · acierto 0.0000 · vigente nan · nose nan · invento 0.0000 · 0.2 s/paso
  paso 1250 · perdida  2.4191 · GLOBAL 0.0000 · acierto 0.0000 · vigente nan · nose nan · invento 0.0000 · 0.2 s/paso
  paso 1275 · perdida  2.3710 · GLOBAL 0.0000 · acierto 0.0000 · vigente nan · nose nan · invento 0.0000 · 0.2 s/paso
  paso 1300 · perdida  2.2408 · GLOBAL 0.0000 · acierto 0.0000 · vigente nan · nose nan · invento 0.0000 · 0.2 s/paso
  paso 1325 · perdida  2.8583 · GLOBAL 0.0000 · acierto 0.0000 · vigente nan · nose nan · invento 0.0000 · 0.2 s/paso
  paso 1350 · perdida  2.1596 · GLOBAL 0.2500 · acierto 0.2500 · vigente nan · nose nan · invento 0.0000 · 0.2 s/paso
  paso 1375 · perdida  2.4488 · GLOBAL 0.2500 · acierto 0.2500 · vigente nan · nose nan · invento 0.0000 · 0.2 s/paso
  paso 1400 · perdida  1.9651 · GLOBAL 0.0000 · acierto 0.0000 · vigente nan · nose nan · invento 0.0000 · 0.2 s/paso
  paso 1425 · perdida  2.1492 · GLOBAL 0.0000 · acierto 0.0000 · vigente nan · nose nan · invento 0.0000 · 0.2 s/paso
  paso 1450 · perdida  3.0487 · GLOBAL 0.0000 · acierto 0.0000 · vigente nan · nose nan · invento 0.0000 · 0.2 s/paso
  paso 1475 · perdida  2.3911 · GLOBAL 0.0000 · acierto 0.0000 · vigente nan · nose nan · invento 0.0000 · 0.2 s/paso
  paso 1500 · perdida  2.6249 · GLOBAL 0.2500 · acierto 0.2500 · vigente nan · nose nan · invento 0.0000 · 0.2 s/paso
  paso 1525 · perdida  2.1494 · GLOBAL 0.2500 · acierto 0.2500 · vigente nan · nose nan · invento 0.0000 · 0.2 s/paso
  paso 1550 · perdida  2.2995 · GLOBAL 0.2500 · acierto 0.2500 · vigente nan · nose nan · invento 0.0000 · 0.2 s/paso
  paso 1575 · perdida  2.1359 · GLOBAL 0.0000 · acierto 0.0000 · vigente nan · nose nan · invento 0.0000 · 0.2 s/paso
  paso 1600 · perdida  2.1904 · GLOBAL 0.0000 · acierto 0.0000 · vigente nan · nose nan · invento 0.0000 · 0.2 s/paso
  paso 1625 · perdida  2.5587 · GLOBAL 0.0000 · acierto 0.0000 · vigente nan · nose nan · invento 0.0000 · 0.2 s/paso
  paso 1650 · perdida  2.5258 · GLOBAL 0.0000 · acierto 0.0000 · vigente nan · nose nan · invento 0.0000 · 0.2 s/paso
  paso 1675 · perdida  1.9388 · GLOBAL 0.5000 · acierto 0.5000 · vigente nan · nose nan · invento 0.0000 · 0.2 s/paso
  paso 1700 · perdida  2.0432 · GLOBAL 0.0000 · acierto 0.0000 · vigente nan · nose nan · invento 0.0000 · 0.2 s/paso
  paso 1725 · perdida  2.4052 · GLOBAL 0.0000 · acierto 0.0000 · vigente nan · nose nan · invento 0.0000 · 0.2 s/paso
  paso 1750 · perdida  2.4191 · GLOBAL 0.0000 · acierto 0.0000 · vigente nan · nose nan · invento 0.0000 · 0.2 s/paso
  paso 1775 · perdida  2.2787 · GLOBAL 0.2500 · acierto 0.2500 · vigente nan · nose nan · invento 0.0000 · 0.2 s/paso
  paso 1800 · perdida  1.8641 · GLOBAL 0.2500 · acierto 0.2500 · vigente nan · nose nan · invento 0.0000 · 0.2 s/paso
  paso 1825 · perdida  2.8359 · GLOBAL 0.0000 · acierto 0.0000 · vigente nan · nose nan · invento 0.0000 · 0.2 s/paso
  paso 1850 · perdida  2.5138 · GLOBAL 0.2500 · acierto 0.2500 · vigente nan · nose nan · invento 0.0000 · 0.2 s/paso
  paso 1875 · perdida  2.3232 · GLOBAL 0.2500 · acierto 0.2500 · vigente nan · nose nan · invento 0.0000 · 0.2 s/paso
  paso 1900 · perdida  2.8177 · GLOBAL 0.2500 · acierto 0.2500 · vigente nan · nose nan · invento 0.0000 · 0.2 s/paso
  paso 1925 · perdida  2.5037 · GLOBAL 0.0000 · acierto 0.0000 · vigente nan · nose nan · invento 0.0000 · 0.2 s/paso
  paso 1950 · perdida  2.2971 · GLOBAL 0.0000 · acierto 0.0000 · vigente nan · nose nan · invento 0.0000 · 0.2 s/paso
  paso 1975 · perdida  1.8603 · GLOBAL 0.2500 · acierto 0.2500 · vigente nan · nose nan · invento 0.0000 · 0.2 s/paso
  paso 2000 · perdida  2.0923 · GLOBAL 0.2500 · acierto 0.2500 · vigente nan · nose nan · invento 0.0000 · 0.2 s/paso

  CONTROLES sobre el ultimo lote:
    con archivo        GLOBAL 0.0000 · acierto 0.0000 · vigente nan · nose nan · invento 0.0000
    BARAJADO           GLOBAL 0.0000 · acierto 0.0000 · vigente nan · nose nan · invento 0.0000
    VACIO (ceros)      GLOBAL 0.0000 · acierto 0.0000 · vigente nan · nose nan · invento 0.0000
    lectura APAGADA    GLOBAL 0.0000 · acierto 0.0000 · vigente nan · nose nan · invento 0.0000

    BARAJADO alto = no lee el archivo · VACIO alto = contesta desde el preentrenamiento
    (VACIO es el control que pedia el plan por vocabulario abierto)

  escrito /content/banco_arch_s0.json

listo en 7.0 min
