Warning: You are sending unauthenticated requests to the HF Hub. Please set a HF_TOKEN to enable higher rate limits and faster downloads.
Loading weights:   0%|          | 0/201 [00:00<?, ?it/s]Loading weights:   0%|          | 1/201 [00:00<00:31,  6.30it/s]Loading weights:   6%|▋         | 13/201 [00:00<00:03, 54.96it/s]Loading weights:  12%|█▏        | 24/201 [00:00<00:02, 75.53it/s]Loading weights:  20%|█▉        | 40/201 [00:00<00:01, 101.30it/s]Loading weights:  25%|██▌       | 51/201 [00:00<00:01, 93.38it/s] Loading weights:  33%|███▎      | 67/201 [00:00<00:01, 101.86it/s]Loading weights:  39%|███▉      | 78/201 [00:00<00:01, 102.81it/s]Loading weights:  47%|████▋     | 94/201 [00:00<00:00, 112.41it/s]Loading weights:  53%|█████▎    | 106/201 [00:01<00:00, 113.72it/s]Loading weights:  60%|██████    | 121/201 [00:01<00:00, 119.37it/s]Loading weights:  67%|██████▋   | 134/201 [00:01<00:00, 117.38it/s]Loading weights:  74%|███████▎  | 148/201 [00:01<00:00, 113.89it/s]Loading weights:  80%|███████▉  | 160/201 [00:01<00:00, 100.54it/s]Loading weights:  87%|████████▋ | 175/201 [00:01<00:00, 106.49it/s]Loading weights:  93%|█████████▎| 186/201 [00:01<00:00, 101.07it/s]Loading weights: 100%|██████████| 201/201 [00:01<00:00, 103.87it/s]
DENSO · atencion completa en las 22 capas · sin conv corta
TinyLlama/TinyLlama-1.1B-Chat-v1.0 · 1.10 B CONGELADOS · entrenables 2.11 M (0.192 %) · rango 256 · cuda
escritura capa 11 · lectura capa 2 · 8 entidades · 8 valores · 1 relaciones · batch 4 · archivo 4 · 22 bloques
abstencion 'None' -> 6213 · piso trivial de responder al azar 1/8 = 0.1250
PISO DEL MUDO: abstenerse SIEMPRE da GLOBAL 0.0000. Por debajo de eso el modelo es peor que el silencio.
  paso    1 · perdida  6.9763 · GLOBAL 0.0000 · acierto 0.0000 · vigente 0.0000 · nose nan · invento 0.0000 · 1.4 s/paso
  paso   25 · perdida  2.1860 · GLOBAL 0.0000 · acierto 0.0000 · vigente 0.0000 · nose nan · invento 0.0000 · 0.2 s/paso
  paso   50 · perdida  1.5307 · GLOBAL 0.5000 · acierto 0.5000 · vigente 0.5000 · nose nan · invento 0.0000 · 0.2 s/paso
  paso   75 · perdida  2.6868 · GLOBAL 0.0000 · acierto 0.0000 · vigente 0.0000 · nose nan · invento 0.0000 · 0.2 s/paso
  paso  100 · perdida  1.8526 · GLOBAL 0.2500 · acierto 0.2500 · vigente 0.2500 · nose nan · invento 0.0000 · 0.2 s/paso
  paso  125 · perdida  2.3819 · GLOBAL 0.2500 · acierto 0.2500 · vigente 0.2500 · nose nan · invento 0.0000 · 0.2 s/paso
  paso  150 · perdida  2.5051 · GLOBAL 0.0000 · acierto 0.0000 · vigente 0.0000 · nose nan · invento 0.0000 · 0.2 s/paso
  paso  175 · perdida  2.3516 · GLOBAL 0.0000 · acierto 0.0000 · vigente 0.0000 · nose nan · invento 0.0000 · 0.2 s/paso
  paso  200 · perdida  2.7990 · GLOBAL 0.0000 · acierto 0.0000 · vigente 0.0000 · nose nan · invento 0.0000 · 0.1 s/paso
  paso  225 · perdida  3.0145 · GLOBAL 0.0000 · acierto 0.0000 · vigente 0.0000 · nose nan · invento 0.0000 · 0.1 s/paso
  paso  250 · perdida  2.0277 · GLOBAL 0.2500 · acierto 0.2500 · vigente 0.2500 · nose nan · invento 0.0000 · 0.1 s/paso
  paso  275 · perdida  2.9226 · GLOBAL 0.0000 · acierto 0.0000 · vigente 0.0000 · nose nan · invento 0.0000 · 0.1 s/paso
  paso  300 · perdida  2.4932 · GLOBAL 0.0000 · acierto 0.0000 · vigente 0.0000 · nose nan · invento 0.0000 · 0.1 s/paso
  paso  325 · perdida  1.9144 · GLOBAL 0.2500 · acierto 0.2500 · vigente 0.2500 · nose nan · invento 0.0000 · 0.1 s/paso
  paso  350 · perdida  2.4192 · GLOBAL 0.0000 · acierto 0.0000 · vigente 0.0000 · nose nan · invento 0.0000 · 0.1 s/paso
  paso  375 · perdida  2.0887 · GLOBAL 0.2500 · acierto 0.2500 · vigente 0.2500 · nose nan · invento 0.0000 · 0.1 s/paso
  paso  400 · perdida  2.2260 · GLOBAL 0.0000 · acierto 0.0000 · vigente 0.0000 · nose nan · invento 0.0000 · 0.1 s/paso
  paso  425 · perdida  2.0565 · GLOBAL 0.2500 · acierto 0.2500 · vigente 0.2500 · nose nan · invento 0.0000 · 0.1 s/paso
  paso  450 · perdida  1.8853 · GLOBAL 0.0000 · acierto 0.0000 · vigente 0.0000 · nose nan · invento 0.0000 · 0.1 s/paso
  paso  475 · perdida  3.0141 · GLOBAL 0.0000 · acierto 0.0000 · vigente 0.0000 · nose nan · invento 0.0000 · 0.1 s/paso
  paso  500 · perdida  2.2546 · GLOBAL 0.0000 · acierto 0.0000 · vigente 0.0000 · nose nan · invento 0.0000 · 0.1 s/paso
  paso  525 · perdida  1.6974 · GLOBAL 0.5000 · acierto 0.5000 · vigente 0.5000 · nose nan · invento 0.0000 · 0.1 s/paso
  paso  550 · perdida  2.1613 · GLOBAL 0.2500 · acierto 0.2500 · vigente 0.2500 · nose nan · invento 0.0000 · 0.1 s/paso
  paso  575 · perdida  2.8370 · GLOBAL 0.2500 · acierto 0.2500 · vigente 0.2500 · nose nan · invento 0.0000 · 0.1 s/paso
  paso  600 · perdida  2.3737 · GLOBAL 0.2500 · acierto 0.2500 · vigente 0.2500 · nose nan · invento 0.0000 · 0.1 s/paso
  paso  625 · perdida  2.5897 · GLOBAL 0.0000 · acierto 0.0000 · vigente 0.0000 · nose nan · invento 0.0000 · 0.1 s/paso
  paso  650 · perdida  1.8367 · GLOBAL 0.2500 · acierto 0.2500 · vigente 0.2500 · nose nan · invento 0.0000 · 0.2 s/paso
  paso  675 · perdida  1.5596 · GLOBAL 0.5000 · acierto 0.5000 · vigente 0.5000 · nose nan · invento 0.0000 · 0.2 s/paso
  paso  700 · perdida  1.8547 · GLOBAL 0.2500 · acierto 0.2500 · vigente 0.2500 · nose nan · invento 0.0000 · 0.2 s/paso
  paso  725 · perdida  2.6470 · GLOBAL 0.0000 · acierto 0.0000 · vigente 0.0000 · nose nan · invento 0.0000 · 0.2 s/paso
  paso  750 · perdida  2.1696 · GLOBAL 0.2500 · acierto 0.2500 · vigente 0.2500 · nose nan · invento 0.0000 · 0.2 s/paso
  paso  775 · perdida  2.0513 · GLOBAL 0.2500 · acierto 0.2500 · vigente 0.2500 · nose nan · invento 0.0000 · 0.2 s/paso
  paso  800 · perdida  2.4387 · GLOBAL 0.0000 · acierto 0.0000 · vigente 0.0000 · nose nan · invento 0.0000 · 0.2 s/paso
  paso  825 · perdida  1.3331 · GLOBAL 0.2500 · acierto 0.2500 · vigente 0.2500 · nose nan · invento 0.0000 · 0.2 s/paso
  paso  850 · perdida  1.9019 · GLOBAL 0.2500 · acierto 0.2500 · vigente 0.2500 · nose nan · invento 0.0000 · 0.2 s/paso
  paso  875 · perdida  2.2895 · GLOBAL 0.0000 · acierto 0.0000 · vigente 0.0000 · nose nan · invento 0.0000 · 0.2 s/paso
  paso  900 · perdida  1.8397 · GLOBAL 0.2500 · acierto 0.2500 · vigente 0.2500 · nose nan · invento 0.0000 · 0.2 s/paso
  paso  925 · perdida  2.2176 · GLOBAL 0.0000 · acierto 0.0000 · vigente 0.0000 · nose nan · invento 0.0000 · 0.2 s/paso
  paso  950 · perdida  1.8347 · GLOBAL 0.5000 · acierto 0.5000 · vigente 0.5000 · nose nan · invento 0.0000 · 0.2 s/paso
  paso  975 · perdida  1.8637 · GLOBAL 0.2500 · acierto 0.2500 · vigente 0.2500 · nose nan · invento 0.0000 · 0.2 s/paso
  paso 1000 · perdida  2.2282 · GLOBAL 0.2500 · acierto 0.2500 · vigente 0.2500 · nose nan · invento 0.0000 · 0.2 s/paso
  paso 1025 · perdida  1.6035 · GLOBAL 0.2500 · acierto 0.2500 · vigente 0.2500 · nose nan · invento 0.0000 · 0.2 s/paso
  paso 1050 · perdida  2.7079 · GLOBAL 0.0000 · acierto 0.0000 · vigente 0.0000 · nose nan · invento 0.0000 · 0.2 s/paso
  paso 1075 · perdida  1.4964 · GLOBAL 0.5000 · acierto 0.5000 · vigente 0.5000 · nose nan · invento 0.0000 · 0.2 s/paso
  paso 1100 · perdida  1.1876 · GLOBAL 0.7500 · acierto 0.7500 · vigente 0.7500 · nose nan · invento 0.0000 · 0.2 s/paso
  paso 1125 · perdida  2.6435 · GLOBAL 0.0000 · acierto 0.0000 · vigente 0.0000 · nose nan · invento 0.0000 · 0.2 s/paso
  paso 1150 · perdida  1.8397 · GLOBAL 0.2500 · acierto 0.2500 · vigente 0.2500 · nose nan · invento 0.0000 · 0.2 s/paso
  paso 1175 · perdida  1.7878 · GLOBAL 0.2500 · acierto 0.2500 · vigente 0.2500 · nose nan · invento 0.0000 · 0.2 s/paso
  paso 1200 · perdida  2.2763 · GLOBAL 0.0000 · acierto 0.0000 · vigente 0.0000 · nose nan · invento 0.0000 · 0.2 s/paso
  paso 1225 · perdida  1.5392 · GLOBAL 0.5000 · acierto 0.5000 · vigente 0.5000 · nose nan · invento 0.0000 · 0.2 s/paso
  paso 1250 · perdida  1.8833 · GLOBAL 0.2500 · acierto 0.2500 · vigente 0.2500 · nose nan · invento 0.0000 · 0.2 s/paso
  paso 1275 · perdida  1.9946 · GLOBAL 0.0000 · acierto 0.0000 · vigente 0.0000 · nose nan · invento 0.0000 · 0.2 s/paso
  paso 1300 · perdida  1.7064 · GLOBAL 0.5000 · acierto 0.5000 · vigente 0.5000 · nose nan · invento 0.0000 · 0.2 s/paso
  paso 1325 · perdida  2.4928 · GLOBAL 0.2500 · acierto 0.2500 · vigente 0.2500 · nose nan · invento 0.0000 · 0.2 s/paso
  paso 1350 · perdida  1.2830 · GLOBAL 0.7500 · acierto 0.7500 · vigente 0.7500 · nose nan · invento 0.0000 · 0.2 s/paso
  paso 1375 · perdida  2.4427 · GLOBAL 0.2500 · acierto 0.2500 · vigente 0.2500 · nose nan · invento 0.0000 · 0.2 s/paso
  paso 1400 · perdida  0.8940 · GLOBAL 0.7500 · acierto 0.7500 · vigente 0.7500 · nose nan · invento 0.0000 · 0.2 s/paso
  paso 1425 · perdida  1.1136 · GLOBAL 0.5000 · acierto 0.5000 · vigente 0.5000 · nose nan · invento 0.0000 · 0.2 s/paso
  paso 1450 · perdida  1.8671 · GLOBAL 0.5000 · acierto 0.5000 · vigente 0.5000 · nose nan · invento 0.0000 · 0.2 s/paso
  paso 1475 · perdida  2.2760 · GLOBAL 0.2500 · acierto 0.2500 · vigente 0.2500 · nose nan · invento 0.0000 · 0.2 s/paso
  paso 1500 · perdida  1.4213 · GLOBAL 0.5000 · acierto 0.5000 · vigente 0.5000 · nose nan · invento 0.0000 · 0.2 s/paso
  paso 1525 · perdida  1.0449 · GLOBAL 0.5000 · acierto 0.5000 · vigente 0.5000 · nose nan · invento 0.0000 · 0.2 s/paso
  paso 1550 · perdida  1.1804 · GLOBAL 0.5000 · acierto 0.5000 · vigente 0.5000 · nose nan · invento 0.0000 · 0.2 s/paso
  paso 1575 · perdida  1.0357 · GLOBAL 0.7500 · acierto 0.7500 · vigente 0.7500 · nose nan · invento 0.0000 · 0.2 s/paso
  paso 1600 · perdida  1.6482 · GLOBAL 0.5000 · acierto 0.5000 · vigente 0.5000 · nose nan · invento 0.0000 · 0.2 s/paso
  paso 1625 · perdida  0.8847 · GLOBAL 0.7500 · acierto 0.7500 · vigente 0.7500 · nose nan · invento 0.0000 · 0.2 s/paso
  paso 1650 · perdida  0.7592 · GLOBAL 1.0000 · acierto 1.0000 · vigente 1.0000 · nose nan · invento 0.0000 · 0.2 s/paso
  paso 1675 · perdida  1.0949 · GLOBAL 0.5000 · acierto 0.5000 · vigente 0.5000 · nose nan · invento 0.0000 · 0.2 s/paso
  paso 1700 · perdida  0.9875 · GLOBAL 0.7500 · acierto 0.7500 · vigente 0.7500 · nose nan · invento 0.0000 · 0.2 s/paso
  paso 1725 · perdida  1.5914 · GLOBAL 0.7500 · acierto 0.7500 · vigente 0.7500 · nose nan · invento 0.0000 · 0.2 s/paso
  paso 1750 · perdida  1.8409 · GLOBAL 0.2500 · acierto 0.2500 · vigente 0.2500 · nose nan · invento 0.0000 · 0.2 s/paso
  paso 1775 · perdida  1.4575 · GLOBAL 0.2500 · acierto 0.2500 · vigente 0.2500 · nose nan · invento 0.0000 · 0.2 s/paso
  paso 1800 · perdida  1.0053 · GLOBAL 0.5000 · acierto 0.5000 · vigente 0.5000 · nose nan · invento 0.0000 · 0.2 s/paso
  paso 1825 · perdida  0.9885 · GLOBAL 0.5000 · acierto 0.5000 · vigente 0.5000 · nose nan · invento 0.0000 · 0.2 s/paso
  paso 1850 · perdida  2.1914 · GLOBAL 0.2500 · acierto 0.2500 · vigente 0.2500 · nose nan · invento 0.0000 · 0.2 s/paso
  paso 1875 · perdida  2.4501 · GLOBAL 0.5000 · acierto 0.5000 · vigente 0.5000 · nose nan · invento 0.0000 · 0.2 s/paso
  paso 1900 · perdida  1.6585 · GLOBAL 0.5000 · acierto 0.5000 · vigente 0.5000 · nose nan · invento 0.0000 · 0.2 s/paso
  paso 1925 · perdida  2.6434 · GLOBAL 0.0000 · acierto 0.0000 · vigente 0.0000 · nose nan · invento 0.0000 · 0.2 s/paso
  paso 1950 · perdida  0.4280 · GLOBAL 1.0000 · acierto 1.0000 · vigente 1.0000 · nose nan · invento 0.0000 · 0.2 s/paso
  paso 1975 · perdida  0.7897 · GLOBAL 0.5000 · acierto 0.5000 · vigente 0.5000 · nose nan · invento 0.0000 · 0.2 s/paso
  paso 2000 · perdida  0.5013 · GLOBAL 1.0000 · acierto 1.0000 · vigente 1.0000 · nose nan · invento 0.0000 · 0.2 s/paso
  paso 2025 · perdida  2.7649 · GLOBAL 0.2500 · acierto 0.2500 · vigente 0.2500 · nose nan · invento 0.0000 · 0.2 s/paso
  paso 2050 · perdida  1.8238 · GLOBAL 0.5000 · acierto 0.5000 · vigente 0.5000 · nose nan · invento 0.0000 · 0.2 s/paso
  paso 2075 · perdida  1.0027 · GLOBAL 0.5000 · acierto 0.5000 · vigente 0.5000 · nose nan · invento 0.0000 · 0.2 s/paso
  paso 2100 · perdida  1.1552 · GLOBAL 0.7500 · acierto 0.7500 · vigente 0.7500 · nose nan · invento 0.0000 · 0.2 s/paso
  paso 2125 · perdida  1.7090 · GLOBAL 0.0000 · acierto 0.0000 · vigente 0.0000 · nose nan · invento 0.0000 · 0.2 s/paso
  paso 2150 · perdida  0.7416 · GLOBAL 0.7500 · acierto 0.7500 · vigente 0.7500 · nose nan · invento 0.0000 · 0.2 s/paso
  paso 2175 · perdida  1.4795 · GLOBAL 0.5000 · acierto 0.5000 · vigente 0.5000 · nose nan · invento 0.0000 · 0.2 s/paso
  paso 2200 · perdida  0.2542 · GLOBAL 1.0000 · acierto 1.0000 · vigente 1.0000 · nose nan · invento 0.0000 · 0.2 s/paso
  paso 2225 · perdida  0.9555 · GLOBAL 0.7500 · acierto 0.7500 · vigente 0.7500 · nose nan · invento 0.0000 · 0.2 s/paso
  paso 2250 · perdida  0.7713 · GLOBAL 0.5000 · acierto 0.5000 · vigente 0.5000 · nose nan · invento 0.0000 · 0.2 s/paso
  paso 2275 · perdida  0.4534 · GLOBAL 1.0000 · acierto 1.0000 · vigente 1.0000 · nose nan · invento 0.0000 · 0.2 s/paso
  paso 2300 · perdida  0.5376 · GLOBAL 1.0000 · acierto 1.0000 · vigente 1.0000 · nose nan · invento 0.0000 · 0.2 s/paso
  paso 2325 · perdida  1.4672 · GLOBAL 0.5000 · acierto 0.5000 · vigente 0.5000 · nose nan · invento 0.0000 · 0.2 s/paso
  paso 2350 · perdida  4.0946 · GLOBAL 0.0000 · acierto 0.0000 · vigente 0.0000 · nose nan · invento 0.0000 · 0.2 s/paso
  paso 2375 · perdida  2.1448 · GLOBAL 0.2500 · acierto 0.2500 · vigente 0.2500 · nose nan · invento 0.0000 · 0.2 s/paso
  paso 2400 · perdida  0.9473 · GLOBAL 0.5000 · acierto 0.5000 · vigente 0.5000 · nose nan · invento 0.0000 · 0.2 s/paso
  paso 2425 · perdida  0.3671 · GLOBAL 0.7500 · acierto 0.7500 · vigente 0.7500 · nose nan · invento 0.0000 · 0.2 s/paso
  paso 2450 · perdida  0.5313 · GLOBAL 0.7500 · acierto 0.7500 · vigente 0.7500 · nose nan · invento 0.0000 · 0.2 s/paso
  paso 2475 · perdida  0.9736 · GLOBAL 0.7500 · acierto 0.7500 · vigente 0.7500 · nose nan · invento 0.0000 · 0.2 s/paso
  paso 2500 · perdida  0.5297 · GLOBAL 0.7500 · acierto 0.7500 · vigente 0.7500 · nose nan · invento 0.0000 · 0.2 s/paso
  paso 2525 · perdida  2.7317 · GLOBAL 0.2500 · acierto 0.2500 · vigente 0.2500 · nose nan · invento 0.0000 · 0.2 s/paso
  paso 2550 · perdida  1.6436 · GLOBAL 0.7500 · acierto 0.7500 · vigente 0.7500 · nose nan · invento 0.0000 · 0.2 s/paso
  paso 2575 · perdida  0.7406 · GLOBAL 0.7500 · acierto 0.7500 · vigente 0.7500 · nose nan · invento 0.0000 · 0.2 s/paso
  paso 2600 · perdida  0.9557 · GLOBAL 0.2500 · acierto 0.2500 · vigente 0.2500 · nose nan · invento 0.0000 · 0.2 s/paso
  paso 2625 · perdida  0.2385 · GLOBAL 1.0000 · acierto 1.0000 · vigente 1.0000 · nose nan · invento 0.0000 · 0.2 s/paso
  paso 2650 · perdida  0.7165 · GLOBAL 0.7500 · acierto 0.7500 · vigente 0.7500 · nose nan · invento 0.0000 · 0.2 s/paso
  paso 2675 · perdida  1.3100 · GLOBAL 0.5000 · acierto 0.5000 · vigente 0.5000 · nose nan · invento 0.0000 · 0.2 s/paso
  paso 2700 · perdida  0.8278 · GLOBAL 0.7500 · acierto 0.7500 · vigente 0.7500 · nose nan · invento 0.0000 · 0.2 s/paso
  paso 2725 · perdida  0.4001 · GLOBAL 0.7500 · acierto 0.7500 · vigente 0.7500 · nose nan · invento 0.0000 · 0.2 s/paso
  paso 2750 · perdida  0.8246 · GLOBAL 0.7500 · acierto 0.7500 · vigente 0.7500 · nose nan · invento 0.0000 · 0.2 s/paso
  paso 2775 · perdida  0.0277 · GLOBAL 1.0000 · acierto 1.0000 · vigente 1.0000 · nose nan · invento 0.0000 · 0.2 s/paso
  paso 2800 · perdida  2.5205 · GLOBAL 0.2500 · acierto 0.2500 · vigente 0.2500 · nose nan · invento 0.0000 · 0.2 s/paso
  paso 2825 · perdida  1.2694 · GLOBAL 0.7500 · acierto 0.7500 · vigente 0.7500 · nose nan · invento 0.0000 · 0.2 s/paso
  paso 2850 · perdida  1.5293 · GLOBAL 0.2500 · acierto 0.2500 · vigente 0.2500 · nose nan · invento 0.0000 · 0.2 s/paso
  paso 2875 · perdida  1.0130 · GLOBAL 0.7500 · acierto 0.7500 · vigente 0.7500 · nose nan · invento 0.0000 · 0.2 s/paso
  paso 2900 · perdida  0.4424 · GLOBAL 0.7500 · acierto 0.7500 · vigente 0.7500 · nose nan · invento 0.0000 · 0.2 s/paso
  paso 2925 · perdida  1.7010 · GLOBAL 0.5000 · acierto 0.5000 · vigente 0.5000 · nose nan · invento 0.0000 · 0.2 s/paso
  paso 2950 · perdida  0.8359 · GLOBAL 0.5000 · acierto 0.5000 · vigente 0.5000 · nose nan · invento 0.0000 · 0.2 s/paso
  paso 2975 · perdida  0.9843 · GLOBAL 0.7500 · acierto 0.7500 · vigente 0.7500 · nose nan · invento 0.0000 · 0.2 s/paso
  paso 3000 · perdida  0.2006 · GLOBAL 1.0000 · acierto 1.0000 · vigente 1.0000 · nose nan · invento 0.0000 · 0.2 s/paso
  paso 3025 · perdida  0.9162 · GLOBAL 0.5000 · acierto 0.5000 · vigente 0.5000 · nose nan · invento 0.0000 · 0.2 s/paso
  paso 3050 · perdida  0.6505 · GLOBAL 0.7500 · acierto 0.7500 · vigente 0.7500 · nose nan · invento 0.0000 · 0.2 s/paso
  paso 3075 · perdida  0.5989 · GLOBAL 0.7500 · acierto 0.7500 · vigente 0.7500 · nose nan · invento 0.0000 · 0.2 s/paso
  paso 3100 · perdida  0.4447 · GLOBAL 0.7500 · acierto 0.7500 · vigente 0.7500 · nose nan · invento 0.0000 · 0.2 s/paso
  paso 3125 · perdida  1.3615 · GLOBAL 0.5000 · acierto 0.5000 · vigente 0.5000 · nose nan · invento 0.0000 · 0.2 s/paso
  paso 3150 · perdida  0.2956 · GLOBAL 0.7500 · acierto 0.7500 · vigente 0.7500 · nose nan · invento 0.0000 · 0.2 s/paso
  paso 3175 · perdida  0.9401 · GLOBAL 0.2500 · acierto 0.2500 · vigente 0.2500 · nose nan · invento 0.0000 · 0.2 s/paso
  paso 3200 · perdida  0.0544 · GLOBAL 1.0000 · acierto 1.0000 · vigente 1.0000 · nose nan · invento 0.0000 · 0.2 s/paso
  paso 3225 · perdida  0.8616 · GLOBAL 0.7500 · acierto 0.7500 · vigente 0.7500 · nose nan · invento 0.0000 · 0.2 s/paso
  paso 3250 · perdida  0.3885 · GLOBAL 0.5000 · acierto 0.5000 · vigente 0.5000 · nose nan · invento 0.0000 · 0.2 s/paso
  paso 3275 · perdida  0.1852 · GLOBAL 1.0000 · acierto 1.0000 · vigente 1.0000 · nose nan · invento 0.0000 · 0.2 s/paso
  paso 3300 · perdida  0.2814 · GLOBAL 0.7500 · acierto 0.7500 · vigente 0.7500 · nose nan · invento 0.0000 · 0.2 s/paso
  paso 3325 · perdida  0.2269 · GLOBAL 1.0000 · acierto 1.0000 · vigente 1.0000 · nose nan · invento 0.0000 · 0.2 s/paso
  paso 3350 · perdida  0.6562 · GLOBAL 0.7500 · acierto 0.7500 · vigente 0.7500 · nose nan · invento 0.0000 · 0.2 s/paso
  paso 3375 · perdida  0.4681 · GLOBAL 0.7500 · acierto 0.7500 · vigente 0.7500 · nose nan · invento 0.0000 · 0.2 s/paso
  paso 3400 · perdida  0.0520 · GLOBAL 1.0000 · acierto 1.0000 · vigente 1.0000 · nose nan · invento 0.0000 · 0.2 s/paso
  paso 3425 · perdida  0.3346 · GLOBAL 0.7500 · acierto 0.7500 · vigente 0.7500 · nose nan · invento 0.0000 · 0.2 s/paso
  paso 3450 · perdida  2.5208 · GLOBAL 0.5000 · acierto 0.5000 · vigente 0.5000 · nose nan · invento 0.0000 · 0.2 s/paso
  paso 3475 · perdida  1.4811 · GLOBAL 0.2500 · acierto 0.2500 · vigente 0.2500 · nose nan · invento 0.0000 · 0.2 s/paso
  paso 3500 · perdida  0.7001 · GLOBAL 0.5000 · acierto 0.5000 · vigente 0.5000 · nose nan · invento 0.0000 · 0.2 s/paso
  paso 3525 · perdida  0.9364 · GLOBAL 0.7500 · acierto 0.7500 · vigente 0.7500 · nose nan · invento 0.0000 · 0.2 s/paso
  paso 3550 · perdida  0.6738 · GLOBAL 0.5000 · acierto 0.5000 · vigente 0.5000 · nose nan · invento 0.0000 · 0.2 s/paso
  paso 3575 · perdida  2.8774 · GLOBAL 0.5000 · acierto 0.5000 · vigente 0.5000 · nose nan · invento 0.0000 · 0.2 s/paso
  paso 3600 · perdida  1.2504 · GLOBAL 0.7500 · acierto 0.7500 · vigente 0.7500 · nose nan · invento 0.0000 · 0.2 s/paso
  paso 3625 · perdida  0.3843 · GLOBAL 0.7500 · acierto 0.7500 · vigente 0.7500 · nose nan · invento 0.0000 · 0.2 s/paso
  paso 3650 · perdida  0.0288 · GLOBAL 1.0000 · acierto 1.0000 · vigente 1.0000 · nose nan · invento 0.0000 · 0.2 s/paso
  paso 3675 · perdida  0.0139 · GLOBAL 1.0000 · acierto 1.0000 · vigente 1.0000 · nose nan · invento 0.0000 · 0.2 s/paso
  paso 3700 · perdida  0.0558 · GLOBAL 1.0000 · acierto 1.0000 · vigente 1.0000 · nose nan · invento 0.0000 · 0.2 s/paso
  paso 3725 · perdida  0.2601 · GLOBAL 1.0000 · acierto 1.0000 · vigente 1.0000 · nose nan · invento 0.0000 · 0.2 s/paso
  paso 3750 · perdida  0.1963 · GLOBAL 1.0000 · acierto 1.0000 · vigente 1.0000 · nose nan · invento 0.0000 · 0.2 s/paso
  paso 3775 · perdida  0.3717 · GLOBAL 0.7500 · acierto 0.7500 · vigente 0.7500 · nose nan · invento 0.0000 · 0.2 s/paso
  paso 3800 · perdida  0.2246 · GLOBAL 1.0000 · acierto 1.0000 · vigente 1.0000 · nose nan · invento 0.0000 · 0.2 s/paso
  paso 3825 · perdida  0.1325 · GLOBAL 1.0000 · acierto 1.0000 · vigente 1.0000 · nose nan · invento 0.0000 · 0.2 s/paso
  paso 3850 · perdida  0.1280 · GLOBAL 1.0000 · acierto 1.0000 · vigente 1.0000 · nose nan · invento 0.0000 · 0.2 s/paso
  paso 3875 · perdida  0.2165 · GLOBAL 1.0000 · acierto 1.0000 · vigente 1.0000 · nose nan · invento 0.0000 · 0.2 s/paso
  paso 3900 · perdida  0.3747 · GLOBAL 1.0000 · acierto 1.0000 · vigente 1.0000 · nose nan · invento 0.0000 · 0.2 s/paso
  paso 3925 · perdida  0.3794 · GLOBAL 0.7500 · acierto 0.7500 · vigente 0.7500 · nose nan · invento 0.0000 · 0.2 s/paso
  paso 3950 · perdida  0.6999 · GLOBAL 0.5000 · acierto 0.5000 · vigente 0.5000 · nose nan · invento 0.0000 · 0.2 s/paso
  paso 3975 · perdida  0.2197 · GLOBAL 1.0000 · acierto 1.0000 · vigente 1.0000 · nose nan · invento 0.0000 · 0.2 s/paso
  paso 4000 · perdida  0.2378 · GLOBAL 1.0000 · acierto 1.0000 · vigente 1.0000 · nose nan · invento 0.0000 · 0.2 s/paso
  paso 4025 · perdida  0.0414 · GLOBAL 1.0000 · acierto 1.0000 · vigente 1.0000 · nose nan · invento 0.0000 · 0.2 s/paso
  paso 4050 · perdida  1.1224 · GLOBAL 0.7500 · acierto 0.7500 · vigente 0.7500 · nose nan · invento 0.0000 · 0.2 s/paso
  paso 4075 · perdida  0.9876 · GLOBAL 0.7500 · acierto 0.7500 · vigente 0.7500 · nose nan · invento 0.0000 · 0.2 s/paso
  paso 4100 · perdida  2.1469 · GLOBAL 0.7500 · acierto 0.7500 · vigente 0.7500 · nose nan · invento 0.0000 · 0.2 s/paso
  paso 4125 · perdida  1.0519 · GLOBAL 0.7500 · acierto 0.7500 · vigente 0.7500 · nose nan · invento 0.0000 · 0.2 s/paso
  paso 4150 · perdida  0.1650 · GLOBAL 1.0000 · acierto 1.0000 · vigente 1.0000 · nose nan · invento 0.0000 · 0.2 s/paso
  paso 4175 · perdida  0.0196 · GLOBAL 1.0000 · acierto 1.0000 · vigente 1.0000 · nose nan · invento 0.0000 · 0.2 s/paso
  paso 4200 · perdida  0.0480 · GLOBAL 1.0000 · acierto 1.0000 · vigente 1.0000 · nose nan · invento 0.0000 · 0.2 s/paso
  paso 4225 · perdida  0.9224 · GLOBAL 0.5000 · acierto 0.5000 · vigente 0.5000 · nose nan · invento 0.0000 · 0.2 s/paso
  paso 4250 · perdida  0.0417 · GLOBAL 1.0000 · acierto 1.0000 · vigente 1.0000 · nose nan · invento 0.0000 · 0.2 s/paso
  paso 4275 · perdida  0.1217 · GLOBAL 1.0000 · acierto 1.0000 · vigente 1.0000 · nose nan · invento 0.0000 · 0.2 s/paso
  paso 4300 · perdida  0.6777 · GLOBAL 0.7500 · acierto 0.7500 · vigente 0.7500 · nose nan · invento 0.0000 · 0.2 s/paso
  paso 4325 · perdida  0.0427 · GLOBAL 1.0000 · acierto 1.0000 · vigente 1.0000 · nose nan · invento 0.0000 · 0.2 s/paso
  paso 4350 · perdida  1.4065 · GLOBAL 0.7500 · acierto 0.7500 · vigente 0.7500 · nose nan · invento 0.0000 · 0.2 s/paso
  paso 4375 · perdida  0.3044 · GLOBAL 1.0000 · acierto 1.0000 · vigente 1.0000 · nose nan · invento 0.0000 · 0.2 s/paso
  paso 4400 · perdida  0.1771 · GLOBAL 1.0000 · acierto 1.0000 · vigente 1.0000 · nose nan · invento 0.0000 · 0.2 s/paso
  paso 4425 · perdida  0.5060 · GLOBAL 0.7500 · acierto 0.7500 · vigente 0.7500 · nose nan · invento 0.0000 · 0.2 s/paso
  paso 4450 · perdida  0.8604 · GLOBAL 0.5000 · acierto 0.5000 · vigente 0.5000 · nose nan · invento 0.0000 · 0.2 s/paso
  paso 4475 · perdida  0.0223 · GLOBAL 1.0000 · acierto 1.0000 · vigente 1.0000 · nose nan · invento 0.0000 · 0.2 s/paso
  paso 4500 · perdida  0.3892 · GLOBAL 1.0000 · acierto 1.0000 · vigente 1.0000 · nose nan · invento 0.0000 · 0.2 s/paso
  paso 4525 · perdida  0.1002 · GLOBAL 1.0000 · acierto 1.0000 · vigente 1.0000 · nose nan · invento 0.0000 · 0.2 s/paso
  paso 4550 · perdida  0.1870 · GLOBAL 1.0000 · acierto 1.0000 · vigente 1.0000 · nose nan · invento 0.0000 · 0.2 s/paso
  paso 4575 · perdida  0.0968 · GLOBAL 1.0000 · acierto 1.0000 · vigente 1.0000 · nose nan · invento 0.0000 · 0.2 s/paso
  paso 4600 · perdida  0.1658 · GLOBAL 1.0000 · acierto 1.0000 · vigente 1.0000 · nose nan · invento 0.0000 · 0.2 s/paso
  paso 4625 · perdida  0.0217 · GLOBAL 1.0000 · acierto 1.0000 · vigente 1.0000 · nose nan · invento 0.0000 · 0.2 s/paso
  paso 4650 · perdida  0.5818 · GLOBAL 0.7500 · acierto 0.7500 · vigente 0.7500 · nose nan · invento 0.0000 · 0.2 s/paso
  paso 4675 · perdida  0.3415 · GLOBAL 0.7500 · acierto 0.7500 · vigente 0.7500 · nose nan · invento 0.0000 · 0.2 s/paso
  paso 4700 · perdida  0.6991 · GLOBAL 0.7500 · acierto 0.7500 · vigente 0.7500 · nose nan · invento 0.0000 · 0.2 s/paso
  paso 4725 · perdida  0.0152 · GLOBAL 1.0000 · acierto 1.0000 · vigente 1.0000 · nose nan · invento 0.0000 · 0.2 s/paso
  paso 4750 · perdida  0.9302 · GLOBAL 0.7500 · acierto 0.7500 · vigente 0.7500 · nose nan · invento 0.0000 · 0.2 s/paso
  paso 4775 · perdida  0.4368 · GLOBAL 0.7500 · acierto 0.7500 · vigente 0.7500 · nose nan · invento 0.0000 · 0.2 s/paso
  paso 4800 · perdida  0.1531 · GLOBAL 1.0000 · acierto 1.0000 · vigente 1.0000 · nose nan · invento 0.0000 · 0.2 s/paso
  paso 4825 · perdida  0.5371 · GLOBAL 0.7500 · acierto 0.7500 · vigente 0.7500 · nose nan · invento 0.0000 · 0.2 s/paso
  paso 4850 · perdida  2.8321 · GLOBAL 0.5000 · acierto 0.5000 · vigente 0.5000 · nose nan · invento 0.0000 · 0.2 s/paso
  paso 4875 · perdida  0.1741 · GLOBAL 1.0000 · acierto 1.0000 · vigente 1.0000 · nose nan · invento 0.0000 · 0.2 s/paso
  paso 4900 · perdida  0.0370 · GLOBAL 1.0000 · acierto 1.0000 · vigente 1.0000 · nose nan · invento 0.0000 · 0.2 s/paso
  paso 4925 · perdida  0.0238 · GLOBAL 1.0000 · acierto 1.0000 · vigente 1.0000 · nose nan · invento 0.0000 · 0.2 s/paso
  paso 4950 · perdida  0.0492 · GLOBAL 1.0000 · acierto 1.0000 · vigente 1.0000 · nose nan · invento 0.0000 · 0.2 s/paso
  paso 4975 · perdida  1.3793 · GLOBAL 0.7500 · acierto 0.7500 · vigente 0.7500 · nose nan · invento 0.0000 · 0.2 s/paso
  paso 5000 · perdida  1.0675 · GLOBAL 0.2500 · acierto 0.2500 · vigente 0.2500 · nose nan · invento 0.0000 · 0.2 s/paso
  paso 5025 · perdida  0.2398 · GLOBAL 1.0000 · acierto 1.0000 · vigente 1.0000 · nose nan · invento 0.0000 · 0.2 s/paso
  paso 5050 · perdida  1.3413 · GLOBAL 0.5000 · acierto 0.5000 · vigente 0.5000 · nose nan · invento 0.0000 · 0.2 s/paso
  paso 5075 · perdida  0.5133 · GLOBAL 0.7500 · acierto 0.7500 · vigente 0.7500 · nose nan · invento 0.0000 · 0.2 s/paso
  paso 5100 · perdida  0.1333 · GLOBAL 1.0000 · acierto 1.0000 · vigente 1.0000 · nose nan · invento 0.0000 · 0.2 s/paso
  paso 5125 · perdida  0.9446 · GLOBAL 0.7500 · acierto 0.7500 · vigente 0.7500 · nose nan · invento 0.0000 · 0.2 s/paso
  paso 5150 · perdida  0.0490 · GLOBAL 1.0000 · acierto 1.0000 · vigente 1.0000 · nose nan · invento 0.0000 · 0.2 s/paso
  paso 5175 · perdida  0.0284 · GLOBAL 1.0000 · acierto 1.0000 · vigente 1.0000 · nose nan · invento 0.0000 · 0.2 s/paso
  paso 5200 · perdida  0.0537 · GLOBAL 1.0000 · acierto 1.0000 · vigente 1.0000 · nose nan · invento 0.0000 · 0.2 s/paso
  paso 5225 · perdida  0.0030 · GLOBAL 1.0000 · acierto 1.0000 · vigente 1.0000 · nose nan · invento 0.0000 · 0.2 s/paso
  paso 5250 · perdida  0.0465 · GLOBAL 1.0000 · acierto 1.0000 · vigente 1.0000 · nose nan · invento 0.0000 · 0.2 s/paso
  paso 5275 · perdida  0.7123 · GLOBAL 0.5000 · acierto 0.5000 · vigente 0.5000 · nose nan · invento 0.0000 · 0.2 s/paso
  paso 5300 · perdida  1.1899 · GLOBAL 0.7500 · acierto 0.7500 · vigente 0.7500 · nose nan · invento 0.0000 · 0.2 s/paso
  paso 5325 · perdida  0.0148 · GLOBAL 1.0000 · acierto 1.0000 · vigente 1.0000 · nose nan · invento 0.0000 · 0.2 s/paso
  paso 5350 · perdida  0.1083 · GLOBAL 1.0000 · acierto 1.0000 · vigente 1.0000 · nose nan · invento 0.0000 · 0.2 s/paso
  paso 5375 · perdida  0.4919 · GLOBAL 0.7500 · acierto 0.7500 · vigente 0.7500 · nose nan · invento 0.0000 · 0.2 s/paso
  paso 5400 · perdida  1.6898 · GLOBAL 0.5000 · acierto 0.5000 · vigente 0.5000 · nose nan · invento 0.0000 · 0.2 s/paso
  paso 5425 · perdida  0.0178 · GLOBAL 1.0000 · acierto 1.0000 · vigente 1.0000 · nose nan · invento 0.0000 · 0.2 s/paso
  paso 5450 · perdida  0.0423 · GLOBAL 1.0000 · acierto 1.0000 · vigente 1.0000 · nose nan · invento 0.0000 · 0.2 s/paso
  paso 5475 · perdida  1.0030 · GLOBAL 0.7500 · acierto 0.7500 · vigente 0.7500 · nose nan · invento 0.0000 · 0.2 s/paso
  paso 5500 · perdida  0.0504 · GLOBAL 1.0000 · acierto 1.0000 · vigente 1.0000 · nose nan · invento 0.0000 · 0.2 s/paso
  paso 5525 · perdida  0.2783 · GLOBAL 1.0000 · acierto 1.0000 · vigente 1.0000 · nose nan · invento 0.0000 · 0.2 s/paso
  paso 5550 · perdida  0.0257 · GLOBAL 1.0000 · acierto 1.0000 · vigente 1.0000 · nose nan · invento 0.0000 · 0.2 s/paso
  paso 5575 · perdida  0.3336 · GLOBAL 0.7500 · acierto 0.7500 · vigente 0.7500 · nose nan · invento 0.0000 · 0.2 s/paso
  paso 5600 · perdida  0.1178 · GLOBAL 1.0000 · acierto 1.0000 · vigente 1.0000 · nose nan · invento 0.0000 · 0.2 s/paso
  paso 5625 · perdida  0.0702 · GLOBAL 1.0000 · acierto 1.0000 · vigente 1.0000 · nose nan · invento 0.0000 · 0.2 s/paso
  paso 5650 · perdida  0.0533 · GLOBAL 1.0000 · acierto 1.0000 · vigente 1.0000 · nose nan · invento 0.0000 · 0.2 s/paso
  paso 5675 · perdida  0.0091 · GLOBAL 1.0000 · acierto 1.0000 · vigente 1.0000 · nose nan · invento 0.0000 · 0.2 s/paso
  paso 5700 · perdida  0.1099 · GLOBAL 1.0000 · acierto 1.0000 · vigente 1.0000 · nose nan · invento 0.0000 · 0.2 s/paso
  paso 5725 · perdida  0.1562 · GLOBAL 1.0000 · acierto 1.0000 · vigente 1.0000 · nose nan · invento 0.0000 · 0.2 s/paso
  paso 5750 · perdida  0.9395 · GLOBAL 0.7500 · acierto 0.7500 · vigente 0.7500 · nose nan · invento 0.0000 · 0.2 s/paso
  paso 5775 · perdida  0.0263 · GLOBAL 1.0000 · acierto 1.0000 · vigente 1.0000 · nose nan · invento 0.0000 · 0.2 s/paso
  paso 5800 · perdida  0.7583 · GLOBAL 0.7500 · acierto 0.7500 · vigente 0.7500 · nose nan · invento 0.0000 · 0.2 s/paso
  paso 5825 · perdida  0.3530 · GLOBAL 1.0000 · acierto 1.0000 · vigente 1.0000 · nose nan · invento 0.0000 · 0.2 s/paso
  paso 5850 · perdida  0.2298 · GLOBAL 0.7500 · acierto 0.7500 · vigente 0.7500 · nose nan · invento 0.0000 · 0.2 s/paso
  paso 5875 · perdida  0.0776 · GLOBAL 1.0000 · acierto 1.0000 · vigente 1.0000 · nose nan · invento 0.0000 · 0.2 s/paso
  paso 5900 · perdida  0.0076 · GLOBAL 1.0000 · acierto 1.0000 · vigente 1.0000 · nose nan · invento 0.0000 · 0.2 s/paso
  paso 5925 · perdida  0.1363 · GLOBAL 1.0000 · acierto 1.0000 · vigente 1.0000 · nose nan · invento 0.0000 · 0.2 s/paso
  paso 5950 · perdida  0.0358 · GLOBAL 1.0000 · acierto 1.0000 · vigente 1.0000 · nose nan · invento 0.0000 · 0.2 s/paso
  paso 5975 · perdida  0.1857 · GLOBAL 1.0000 · acierto 1.0000 · vigente 1.0000 · nose nan · invento 0.0000 · 0.2 s/paso
  paso 6000 · perdida  0.0452 · GLOBAL 1.0000 · acierto 1.0000 · vigente 1.0000 · nose nan · invento 0.0000 · 0.2 s/paso
  paso 6025 · perdida  0.1755 · GLOBAL 1.0000 · acierto 1.0000 · vigente 1.0000 · nose nan · invento 0.0000 · 0.2 s/paso
  paso 6050 · perdida  0.0021 · GLOBAL 1.0000 · acierto 1.0000 · vigente 1.0000 · nose nan · invento 0.0000 · 0.2 s/paso
  paso 6075 · perdida  0.2866 · GLOBAL 0.7500 · acierto 0.7500 · vigente 0.7500 · nose nan · invento 0.0000 · 0.2 s/paso
  paso 6100 · perdida  0.0151 · GLOBAL 1.0000 · acierto 1.0000 · vigente 1.0000 · nose nan · invento 0.0000 · 0.2 s/paso
  paso 6125 · perdida  0.0035 · GLOBAL 1.0000 · acierto 1.0000 · vigente 1.0000 · nose nan · invento 0.0000 · 0.2 s/paso
  paso 6150 · perdida  0.3702 · GLOBAL 0.7500 · acierto 0.7500 · vigente 0.7500 · nose nan · invento 0.0000 · 0.2 s/paso
  paso 6175 · perdida  0.1397 · GLOBAL 1.0000 · acierto 1.0000 · vigente 1.0000 · nose nan · invento 0.0000 · 0.2 s/paso
  paso 6200 · perdida  0.0189 · GLOBAL 1.0000 · acierto 1.0000 · vigente 1.0000 · nose nan · invento 0.0000 · 0.2 s/paso
  paso 6225 · perdida  2.7651 · GLOBAL 0.5000 · acierto 0.5000 · vigente 0.5000 · nose nan · invento 0.0000 · 0.2 s/paso
  paso 6250 · perdida  0.0181 · GLOBAL 1.0000 · acierto 1.0000 · vigente 1.0000 · nose nan · invento 0.0000 · 0.2 s/paso
  paso 6275 · perdida  0.0427 · GLOBAL 1.0000 · acierto 1.0000 · vigente 1.0000 · nose nan · invento 0.0000 · 0.2 s/paso
  paso 6300 · perdida  0.2585 · GLOBAL 0.7500 · acierto 0.7500 · vigente 0.7500 · nose nan · invento 0.0000 · 0.2 s/paso
  paso 6325 · perdida  1.3467 · GLOBAL 0.7500 · acierto 0.7500 · vigente 0.7500 · nose nan · invento 0.0000 · 0.2 s/paso
  paso 6350 · perdida  0.0298 · GLOBAL 1.0000 · acierto 1.0000 · vigente 1.0000 · nose nan · invento 0.0000 · 0.2 s/paso
  paso 6375 · perdida  0.2747 · GLOBAL 0.7500 · acierto 0.7500 · vigente 0.7500 · nose nan · invento 0.0000 · 0.2 s/paso
  paso 6400 · perdida  0.2131 · GLOBAL 1.0000 · acierto 1.0000 · vigente 1.0000 · nose nan · invento 0.0000 · 0.2 s/paso
  paso 6425 · perdida  0.0686 · GLOBAL 1.0000 · acierto 1.0000 · vigente 1.0000 · nose nan · invento 0.0000 · 0.2 s/paso
  paso 6450 · perdida  0.3491 · GLOBAL 0.7500 · acierto 0.7500 · vigente 0.7500 · nose nan · invento 0.0000 · 0.2 s/paso
  paso 6475 · perdida  0.0111 · GLOBAL 1.0000 · acierto 1.0000 · vigente 1.0000 · nose nan · invento 0.0000 · 0.2 s/paso
  paso 6500 · perdida  0.1256 · GLOBAL 1.0000 · acierto 1.0000 · vigente 1.0000 · nose nan · invento 0.0000 · 0.2 s/paso
  paso 6525 · perdida  0.4279 · GLOBAL 0.7500 · acierto 0.7500 · vigente 0.7500 · nose nan · invento 0.0000 · 0.2 s/paso
  paso 6550 · perdida  0.0100 · GLOBAL 1.0000 · acierto 1.0000 · vigente 1.0000 · nose nan · invento 0.0000 · 0.2 s/paso
  paso 6575 · perdida  0.2343 · GLOBAL 1.0000 · acierto 1.0000 · vigente 1.0000 · nose nan · invento 0.0000 · 0.2 s/paso
  paso 6600 · perdida  0.0202 · GLOBAL 1.0000 · acierto 1.0000 · vigente 1.0000 · nose nan · invento 0.0000 · 0.2 s/paso
  paso 6625 · perdida  1.7815 · GLOBAL 0.5000 · acierto 0.5000 · vigente 0.5000 · nose nan · invento 0.0000 · 0.2 s/paso
  paso 6650 · perdida  0.0118 · GLOBAL 1.0000 · acierto 1.0000 · vigente 1.0000 · nose nan · invento 0.0000 · 0.2 s/paso
  paso 6675 · perdida  0.2697 · GLOBAL 1.0000 · acierto 1.0000 · vigente 1.0000 · nose nan · invento 0.0000 · 0.2 s/paso
  paso 6700 · perdida  0.4911 · GLOBAL 0.7500 · acierto 0.7500 · vigente 0.7500 · nose nan · invento 0.0000 · 0.2 s/paso
  paso 6725 · perdida  0.0139 · GLOBAL 1.0000 · acierto 1.0000 · vigente 1.0000 · nose nan · invento 0.0000 · 0.2 s/paso
  paso 6750 · perdida  0.3767 · GLOBAL 0.7500 · acierto 0.7500 · vigente 0.7500 · nose nan · invento 0.0000 · 0.2 s/paso
  paso 6775 · perdida  0.4880 · GLOBAL 0.7500 · acierto 0.7500 · vigente 0.7500 · nose nan · invento 0.0000 · 0.2 s/paso
  paso 6800 · perdida  0.0431 · GLOBAL 1.0000 · acierto 1.0000 · vigente 1.0000 · nose nan · invento 0.0000 · 0.2 s/paso
  paso 6825 · perdida  0.2638 · GLOBAL 0.7500 · acierto 0.7500 · vigente 0.7500 · nose nan · invento 0.0000 · 0.2 s/paso
  paso 6850 · perdida  0.0302 · GLOBAL 1.0000 · acierto 1.0000 · vigente 1.0000 · nose nan · invento 0.0000 · 0.2 s/paso
  paso 6875 · perdida  0.3135 · GLOBAL 0.7500 · acierto 0.7500 · vigente 0.7500 · nose nan · invento 0.0000 · 0.2 s/paso
  paso 6900 · perdida  0.0115 · GLOBAL 1.0000 · acierto 1.0000 · vigente 1.0000 · nose nan · invento 0.0000 · 0.2 s/paso
  paso 6925 · perdida  0.0152 · GLOBAL 1.0000 · acierto 1.0000 · vigente 1.0000 · nose nan · invento 0.0000 · 0.2 s/paso
  paso 6950 · perdida  0.0714 · GLOBAL 1.0000 · acierto 1.0000 · vigente 1.0000 · nose nan · invento 0.0000 · 0.2 s/paso
  paso 6975 · perdida  0.0523 · GLOBAL 1.0000 · acierto 1.0000 · vigente 1.0000 · nose nan · invento 0.0000 · 0.2 s/paso
  paso 7000 · perdida  0.1830 · GLOBAL 1.0000 · acierto 1.0000 · vigente 1.0000 · nose nan · invento 0.0000 · 0.2 s/paso
  paso 7025 · perdida  0.0317 · GLOBAL 1.0000 · acierto 1.0000 · vigente 1.0000 · nose nan · invento 0.0000 · 0.2 s/paso
  paso 7050 · perdida  0.0169 · GLOBAL 1.0000 · acierto 1.0000 · vigente 1.0000 · nose nan · invento 0.0000 · 0.2 s/paso
  paso 7075 · perdida  0.0086 · GLOBAL 1.0000 · acierto 1.0000 · vigente 1.0000 · nose nan · invento 0.0000 · 0.2 s/paso
  paso 7100 · perdida  0.0039 · GLOBAL 1.0000 · acierto 1.0000 · vigente 1.0000 · nose nan · invento 0.0000 · 0.2 s/paso
  paso 7125 · perdida  0.0321 · GLOBAL 1.0000 · acierto 1.0000 · vigente 1.0000 · nose nan · invento 0.0000 · 0.2 s/paso
  paso 7150 · perdida  0.1678 · GLOBAL 1.0000 · acierto 1.0000 · vigente 1.0000 · nose nan · invento 0.0000 · 0.2 s/paso
  paso 7175 · perdida  0.7215 · GLOBAL 0.5000 · acierto 0.5000 · vigente 0.5000 · nose nan · invento 0.0000 · 0.2 s/paso
  paso 7200 · perdida  0.2504 · GLOBAL 0.7500 · acierto 0.7500 · vigente 0.7500 · nose nan · invento 0.0000 · 0.2 s/paso
  paso 7225 · perdida  2.1509 · GLOBAL 0.2500 · acierto 0.2500 · vigente 0.2500 · nose nan · invento 0.0000 · 0.2 s/paso
  paso 7250 · perdida  0.0085 · GLOBAL 1.0000 · acierto 1.0000 · vigente 1.0000 · nose nan · invento 0.0000 · 0.2 s/paso
  paso 7275 · perdida  0.0173 · GLOBAL 1.0000 · acierto 1.0000 · vigente 1.0000 · nose nan · invento 0.0000 · 0.2 s/paso
  paso 7300 · perdida  1.3886 · GLOBAL 0.7500 · acierto 0.7500 · vigente 0.7500 · nose nan · invento 0.0000 · 0.2 s/paso
  paso 7325 · perdida  0.8143 · GLOBAL 0.7500 · acierto 0.7500 · vigente 0.7500 · nose nan · invento 0.0000 · 0.2 s/paso
  paso 7350 · perdida  0.0545 · GLOBAL 1.0000 · acierto 1.0000 · vigente 1.0000 · nose nan · invento 0.0000 · 0.2 s/paso
  paso 7375 · perdida  0.5278 · GLOBAL 0.7500 · acierto 0.7500 · vigente 0.7500 · nose nan · invento 0.0000 · 0.2 s/paso
  paso 7400 · perdida  0.6664 · GLOBAL 0.7500 · acierto 0.7500 · vigente 0.7500 · nose nan · invento 0.0000 · 0.2 s/paso
  paso 7425 · perdida  0.4159 · GLOBAL 0.7500 · acierto 0.7500 · vigente 0.7500 · nose nan · invento 0.0000 · 0.2 s/paso
  paso 7450 · perdida  1.2354 · GLOBAL 0.7500 · acierto 0.7500 · vigente 0.7500 · nose nan · invento 0.0000 · 0.2 s/paso
  paso 7475 · perdida  0.1521 · GLOBAL 1.0000 · acierto 1.0000 · vigente 1.0000 · nose nan · invento 0.0000 · 0.2 s/paso
  paso 7500 · perdida  0.6215 · GLOBAL 0.7500 · acierto 0.7500 · vigente 0.7500 · nose nan · invento 0.0000 · 0.2 s/paso
  paso 7525 · perdida  0.4775 · GLOBAL 0.7500 · acierto 0.7500 · vigente 0.7500 · nose nan · invento 0.0000 · 0.2 s/paso
  paso 7550 · perdida  0.0101 · GLOBAL 1.0000 · acierto 1.0000 · vigente 1.0000 · nose nan · invento 0.0000 · 0.2 s/paso
  paso 7575 · perdida  0.0019 · GLOBAL 1.0000 · acierto 1.0000 · vigente 1.0000 · nose nan · invento 0.0000 · 0.2 s/paso
  paso 7600 · perdida  0.0649 · GLOBAL 1.0000 · acierto 1.0000 · vigente 1.0000 · nose nan · invento 0.0000 · 0.2 s/paso
  paso 7625 · perdida  1.5489 · GLOBAL 0.7500 · acierto 0.7500 · vigente 0.7500 · nose nan · invento 0.0000 · 0.2 s/paso
  paso 7650 · perdida  0.0297 · GLOBAL 1.0000 · acierto 1.0000 · vigente 1.0000 · nose nan · invento 0.0000 · 0.2 s/paso
  paso 7675 · perdida  0.0673 · GLOBAL 1.0000 · acierto 1.0000 · vigente 1.0000 · nose nan · invento 0.0000 · 0.2 s/paso
  paso 7700 · perdida  0.0172 · GLOBAL 1.0000 · acierto 1.0000 · vigente 1.0000 · nose nan · invento 0.0000 · 0.2 s/paso
  paso 7725 · perdida  0.0285 · GLOBAL 1.0000 · acierto 1.0000 · vigente 1.0000 · nose nan · invento 0.0000 · 0.2 s/paso
  paso 7750 · perdida  0.4755 · GLOBAL 0.7500 · acierto 0.7500 · vigente 0.7500 · nose nan · invento 0.0000 · 0.2 s/paso
  paso 7775 · perdida  0.0080 · GLOBAL 1.0000 · acierto 1.0000 · vigente 1.0000 · nose nan · invento 0.0000 · 0.2 s/paso
  paso 7800 · perdida  0.7205 · GLOBAL 0.7500 · acierto 0.7500 · vigente 0.7500 · nose nan · invento 0.0000 · 0.2 s/paso
  paso 7825 · perdida  1.7777 · GLOBAL 0.7500 · acierto 0.7500 · vigente 0.7500 · nose nan · invento 0.0000 · 0.2 s/paso
  paso 7850 · perdida  0.0343 · GLOBAL 1.0000 · acierto 1.0000 · vigente 1.0000 · nose nan · invento 0.0000 · 0.2 s/paso
  paso 7875 · perdida  0.0591 · GLOBAL 1.0000 · acierto 1.0000 · vigente 1.0000 · nose nan · invento 0.0000 · 0.2 s/paso
  paso 7900 · perdida  0.0361 · GLOBAL 1.0000 · acierto 1.0000 · vigente 1.0000 · nose nan · invento 0.0000 · 0.2 s/paso
  paso 7925 · perdida  0.0029 · GLOBAL 1.0000 · acierto 1.0000 · vigente 1.0000 · nose nan · invento 0.0000 · 0.2 s/paso
  paso 7950 · perdida  0.1903 · GLOBAL 0.7500 · acierto 0.7500 · vigente 0.7500 · nose nan · invento 0.0000 · 0.2 s/paso
  paso 7975 · perdida  0.0464 · GLOBAL 1.0000 · acierto 1.0000 · vigente 1.0000 · nose nan · invento 0.0000 · 0.2 s/paso
  paso 8000 · perdida  1.5362 · GLOBAL 0.7500 · acierto 0.7500 · vigente 0.7500 · nose nan · invento 0.0000 · 0.2 s/paso
  paso 8025 · perdida  0.0065 · GLOBAL 1.0000 · acierto 1.0000 · vigente 1.0000 · nose nan · invento 0.0000 · 0.2 s/paso
  paso 8050 · perdida  0.0446 · GLOBAL 1.0000 · acierto 1.0000 · vigente 1.0000 · nose nan · invento 0.0000 · 0.2 s/paso
  paso 8075 · perdida  0.0375 · GLOBAL 1.0000 · acierto 1.0000 · vigente 1.0000 · nose nan · invento 0.0000 · 0.2 s/paso
  paso 8100 · perdida  0.2900 · GLOBAL 0.7500 · acierto 0.7500 · vigente 0.7500 · nose nan · invento 0.0000 · 0.2 s/paso
  paso 8125 · perdida  0.1107 · GLOBAL 1.0000 · acierto 1.0000 · vigente 1.0000 · nose nan · invento 0.0000 · 0.2 s/paso
  paso 8150 · perdida  0.4869 · GLOBAL 0.7500 · acierto 0.7500 · vigente 0.7500 · nose nan · invento 0.0000 · 0.2 s/paso
  paso 8175 · perdida  1.1816 · GLOBAL 0.7500 · acierto 0.7500 · vigente 0.7500 · nose nan · invento 0.0000 · 0.2 s/paso
  paso 8200 · perdida  0.0434 · GLOBAL 1.0000 · acierto 1.0000 · vigente 1.0000 · nose nan · invento 0.0000 · 0.2 s/paso
  paso 8225 · perdida  0.0485 · GLOBAL 1.0000 · acierto 1.0000 · vigente 1.0000 · nose nan · invento 0.0000 · 0.2 s/paso
  paso 8250 · perdida  0.1131 · GLOBAL 1.0000 · acierto 1.0000 · vigente 1.0000 · nose nan · invento 0.0000 · 0.2 s/paso
  paso 8275 · perdida  0.0593 · GLOBAL 1.0000 · acierto 1.0000 · vigente 1.0000 · nose nan · invento 0.0000 · 0.2 s/paso
  paso 8300 · perdida  0.1896 · GLOBAL 1.0000 · acierto 1.0000 · vigente 1.0000 · nose nan · invento 0.0000 · 0.2 s/paso
  paso 8325 · perdida  0.3723 · GLOBAL 0.7500 · acierto 0.7500 · vigente 0.7500 · nose nan · invento 0.0000 · 0.2 s/paso
  paso 8350 · perdida  0.2522 · GLOBAL 0.7500 · acierto 0.7500 · vigente 0.7500 · nose nan · invento 0.0000 · 0.2 s/paso
  paso 8375 · perdida  0.0389 · GLOBAL 1.0000 · acierto 1.0000 · vigente 1.0000 · nose nan · invento 0.0000 · 0.2 s/paso
  paso 8400 · perdida  0.0257 · GLOBAL 1.0000 · acierto 1.0000 · vigente 1.0000 · nose nan · invento 0.0000 · 0.2 s/paso
  paso 8425 · perdida  0.4175 · GLOBAL 0.5000 · acierto 0.5000 · vigente 0.5000 · nose nan · invento 0.0000 · 0.2 s/paso
  paso 8450 · perdida  0.9899 · GLOBAL 0.7500 · acierto 0.7500 · vigente 0.7500 · nose nan · invento 0.0000 · 0.2 s/paso
  paso 8475 · perdida  0.0767 · GLOBAL 1.0000 · acierto 1.0000 · vigente 1.0000 · nose nan · invento 0.0000 · 0.2 s/paso
  paso 8500 · perdida  0.8359 · GLOBAL 0.5000 · acierto 0.5000 · vigente 0.5000 · nose nan · invento 0.0000 · 0.2 s/paso
  paso 8525 · perdida  0.1706 · GLOBAL 1.0000 · acierto 1.0000 · vigente 1.0000 · nose nan · invento 0.0000 · 0.2 s/paso
  paso 8550 · perdida  0.0808 · GLOBAL 1.0000 · acierto 1.0000 · vigente 1.0000 · nose nan · invento 0.0000 · 0.2 s/paso
  paso 8575 · perdida  0.0024 · GLOBAL 1.0000 · acierto 1.0000 · vigente 1.0000 · nose nan · invento 0.0000 · 0.2 s/paso
  paso 8600 · perdida  2.1600 · GLOBAL 0.7500 · acierto 0.7500 · vigente 0.7500 · nose nan · invento 0.0000 · 0.2 s/paso
  paso 8625 · perdida  0.0539 · GLOBAL 1.0000 · acierto 1.0000 · vigente 1.0000 · nose nan · invento 0.0000 · 0.2 s/paso
  paso 8650 · perdida  1.9548 · GLOBAL 0.5000 · acierto 0.5000 · vigente 0.5000 · nose nan · invento 0.0000 · 0.2 s/paso
  paso 8675 · perdida  0.4451 · GLOBAL 0.7500 · acierto 0.7500 · vigente 0.7500 · nose nan · invento 0.0000 · 0.2 s/paso
  paso 8700 · perdida  0.3961 · GLOBAL 0.7500 · acierto 0.7500 · vigente 0.7500 · nose nan · invento 0.0000 · 0.2 s/paso
  paso 8725 · perdida  1.1475 · GLOBAL 0.5000 · acierto 0.5000 · vigente 0.5000 · nose nan · invento 0.0000 · 0.2 s/paso
  paso 8750 · perdida  0.3560 · GLOBAL 0.7500 · acierto 0.7500 · vigente 0.7500 · nose nan · invento 0.0000 · 0.2 s/paso
  paso 8775 · perdida  1.6127 · GLOBAL 0.5000 · acierto 0.5000 · vigente 0.5000 · nose nan · invento 0.0000 · 0.2 s/paso
  paso 8800 · perdida  0.3010 · GLOBAL 0.7500 · acierto 0.7500 · vigente 0.7500 · nose nan · invento 0.0000 · 0.2 s/paso
  paso 8825 · perdida  0.0096 · GLOBAL 1.0000 · acierto 1.0000 · vigente 1.0000 · nose nan · invento 0.0000 · 0.2 s/paso
  paso 8850 · perdida  0.4136 · GLOBAL 0.7500 · acierto 0.7500 · vigente 0.7500 · nose nan · invento 0.0000 · 0.2 s/paso
  paso 8875 · perdida  0.2848 · GLOBAL 0.7500 · acierto 0.7500 · vigente 0.7500 · nose nan · invento 0.0000 · 0.2 s/paso
  paso 8900 · perdida  0.3036 · GLOBAL 1.0000 · acierto 1.0000 · vigente 1.0000 · nose nan · invento 0.0000 · 0.2 s/paso
  paso 8925 · perdida  0.0059 · GLOBAL 1.0000 · acierto 1.0000 · vigente 1.0000 · nose nan · invento 0.0000 · 0.2 s/paso
  paso 8950 · perdida  0.6451 · GLOBAL 0.7500 · acierto 0.7500 · vigente 0.7500 · nose nan · invento 0.0000 · 0.2 s/paso
  paso 8975 · perdida  0.0043 · GLOBAL 1.0000 · acierto 1.0000 · vigente 1.0000 · nose nan · invento 0.0000 · 0.2 s/paso
  paso 9000 · perdida  0.5845 · GLOBAL 0.7500 · acierto 0.7500 · vigente 0.7500 · nose nan · invento 0.0000 · 0.2 s/paso
  paso 9025 · perdida  0.0873 · GLOBAL 1.0000 · acierto 1.0000 · vigente 1.0000 · nose nan · invento 0.0000 · 0.2 s/paso
  paso 9050 · perdida  0.2401 · GLOBAL 0.7500 · acierto 0.7500 · vigente 0.7500 · nose nan · invento 0.0000 · 0.2 s/paso
  paso 9075 · perdida  0.0096 · GLOBAL 1.0000 · acierto 1.0000 · vigente 1.0000 · nose nan · invento 0.0000 · 0.2 s/paso
  paso 9100 · perdida  0.1642 · GLOBAL 1.0000 · acierto 1.0000 · vigente 1.0000 · nose nan · invento 0.0000 · 0.2 s/paso
  paso 9125 · perdida  0.0130 · GLOBAL 1.0000 · acierto 1.0000 · vigente 1.0000 · nose nan · invento 0.0000 · 0.2 s/paso
  paso 9150 · perdida  0.3320 · GLOBAL 0.7500 · acierto 0.7500 · vigente 0.7500 · nose nan · invento 0.0000 · 0.2 s/paso
  paso 9175 · perdida  0.7409 · GLOBAL 0.7500 · acierto 0.7500 · vigente 0.7500 · nose nan · invento 0.0000 · 0.2 s/paso
  paso 9200 · perdida  0.7568 · GLOBAL 0.7500 · acierto 0.7500 · vigente 0.7500 · nose nan · invento 0.0000 · 0.2 s/paso
  paso 9225 · perdida  0.2296 · GLOBAL 1.0000 · acierto 1.0000 · vigente 1.0000 · nose nan · invento 0.0000 · 0.2 s/paso
  paso 9250 · perdida  0.0689 · GLOBAL 1.0000 · acierto 1.0000 · vigente 1.0000 · nose nan · invento 0.0000 · 0.2 s/paso
  paso 9275 · perdida  0.0028 · GLOBAL 1.0000 · acierto 1.0000 · vigente 1.0000 · nose nan · invento 0.0000 · 0.2 s/paso
  paso 9300 · perdida  0.1278 · GLOBAL 1.0000 · acierto 1.0000 · vigente 1.0000 · nose nan · invento 0.0000 · 0.2 s/paso
  paso 9325 · perdida  0.0143 · GLOBAL 1.0000 · acierto 1.0000 · vigente 1.0000 · nose nan · invento 0.0000 · 0.2 s/paso
  paso 9350 · perdida  0.1979 · GLOBAL 1.0000 · acierto 1.0000 · vigente 1.0000 · nose nan · invento 0.0000 · 0.2 s/paso
  paso 9375 · perdida  0.2017 · GLOBAL 1.0000 · acierto 1.0000 · vigente 1.0000 · nose nan · invento 0.0000 · 0.2 s/paso
  paso 9400 · perdida  0.0038 · GLOBAL 1.0000 · acierto 1.0000 · vigente 1.0000 · nose nan · invento 0.0000 · 0.2 s/paso
  paso 9425 · perdida  0.4960 · GLOBAL 0.7500 · acierto 0.7500 · vigente 0.7500 · nose nan · invento 0.0000 · 0.2 s/paso
  paso 9450 · perdida  0.0545 · GLOBAL 1.0000 · acierto 1.0000 · vigente 1.0000 · nose nan · invento 0.0000 · 0.2 s/paso
  paso 9475 · perdida  0.1849 · GLOBAL 1.0000 · acierto 1.0000 · vigente 1.0000 · nose nan · invento 0.0000 · 0.2 s/paso
  paso 9500 · perdida  0.0092 · GLOBAL 1.0000 · acierto 1.0000 · vigente 1.0000 · nose nan · invento 0.0000 · 0.2 s/paso
  paso 9525 · perdida  0.2196 · GLOBAL 1.0000 · acierto 1.0000 · vigente 1.0000 · nose nan · invento 0.0000 · 0.2 s/paso
  paso 9550 · perdida  0.6833 · GLOBAL 0.7500 · acierto 0.7500 · vigente 0.7500 · nose nan · invento 0.0000 · 0.2 s/paso
  paso 9575 · perdida  0.0793 · GLOBAL 1.0000 · acierto 1.0000 · vigente 1.0000 · nose nan · invento 0.0000 · 0.2 s/paso
  paso 9600 · perdida  0.0340 · GLOBAL 1.0000 · acierto 1.0000 · vigente 1.0000 · nose nan · invento 0.0000 · 0.2 s/paso
  paso 9625 · perdida  0.4932 · GLOBAL 0.7500 · acierto 0.7500 · vigente 0.7500 · nose nan · invento 0.0000 · 0.2 s/paso
  paso 9650 · perdida  0.0161 · GLOBAL 1.0000 · acierto 1.0000 · vigente 1.0000 · nose nan · invento 0.0000 · 0.2 s/paso
  paso 9675 · perdida  0.1600 · GLOBAL 1.0000 · acierto 1.0000 · vigente 1.0000 · nose nan · invento 0.0000 · 0.2 s/paso
  paso 9700 · perdida  0.0277 · GLOBAL 1.0000 · acierto 1.0000 · vigente 1.0000 · nose nan · invento 0.0000 · 0.2 s/paso
  paso 9725 · perdida  0.0246 · GLOBAL 1.0000 · acierto 1.0000 · vigente 1.0000 · nose nan · invento 0.0000 · 0.2 s/paso
  paso 9750 · perdida  0.0231 · GLOBAL 1.0000 · acierto 1.0000 · vigente 1.0000 · nose nan · invento 0.0000 · 0.2 s/paso
  paso 9775 · perdida  0.0115 · GLOBAL 1.0000 · acierto 1.0000 · vigente 1.0000 · nose nan · invento 0.0000 · 0.2 s/paso
  paso 9800 · perdida  0.2890 · GLOBAL 0.7500 · acierto 0.7500 · vigente 0.7500 · nose nan · invento 0.0000 · 0.2 s/paso
  paso 9825 · perdida  0.0092 · GLOBAL 1.0000 · acierto 1.0000 · vigente 1.0000 · nose nan · invento 0.0000 · 0.2 s/paso
  paso 9850 · perdida  1.3174 · GLOBAL 0.7500 · acierto 0.7500 · vigente 0.7500 · nose nan · invento 0.0000 · 0.2 s/paso
  paso 9875 · perdida  0.0532 · GLOBAL 1.0000 · acierto 1.0000 · vigente 1.0000 · nose nan · invento 0.0000 · 0.2 s/paso
  paso 9900 · perdida  0.3414 · GLOBAL 0.7500 · acierto 0.7500 · vigente 0.7500 · nose nan · invento 0.0000 · 0.2 s/paso
  paso 9925 · perdida  0.0021 · GLOBAL 1.0000 · acierto 1.0000 · vigente 1.0000 · nose nan · invento 0.0000 · 0.2 s/paso
  paso 9950 · perdida  0.0436 · GLOBAL 1.0000 · acierto 1.0000 · vigente 1.0000 · nose nan · invento 0.0000 · 0.2 s/paso
  paso 9975 · perdida  0.3070 · GLOBAL 1.0000 · acierto 1.0000 · vigente 1.0000 · nose nan · invento 0.0000 · 0.2 s/paso
  paso 10000 · perdida  1.1356 · GLOBAL 0.7500 · acierto 0.7500 · vigente 0.7500 · nose nan · invento 0.0000 · 0.2 s/paso
  paso 10025 · perdida  0.0057 · GLOBAL 1.0000 · acierto 1.0000 · vigente 1.0000 · nose nan · invento 0.0000 · 0.2 s/paso
  paso 10050 · perdida  0.0953 · GLOBAL 1.0000 · acierto 1.0000 · vigente 1.0000 · nose nan · invento 0.0000 · 0.2 s/paso
  paso 10075 · perdida  0.0552 · GLOBAL 1.0000 · acierto 1.0000 · vigente 1.0000 · nose nan · invento 0.0000 · 0.2 s/paso
  paso 10100 · perdida  0.0258 · GLOBAL 1.0000 · acierto 1.0000 · vigente 1.0000 · nose nan · invento 0.0000 · 0.2 s/paso
  paso 10125 · perdida  0.2537 · GLOBAL 0.7500 · acierto 0.7500 · vigente 0.7500 · nose nan · invento 0.0000 · 0.2 s/paso
  paso 10150 · perdida  0.0282 · GLOBAL 1.0000 · acierto 1.0000 · vigente 1.0000 · nose nan · invento 0.0000 · 0.2 s/paso
  paso 10175 · perdida  0.2072 · GLOBAL 0.7500 · acierto 0.7500 · vigente 0.7500 · nose nan · invento 0.0000 · 0.2 s/paso
  paso 10200 · perdida  0.7094 · GLOBAL 0.7500 · acierto 0.7500 · vigente 0.7500 · nose nan · invento 0.0000 · 0.2 s/paso
  paso 10225 · perdida  0.0930 · GLOBAL 1.0000 · acierto 1.0000 · vigente 1.0000 · nose nan · invento 0.0000 · 0.2 s/paso
  paso 10250 · perdida  1.7476 · GLOBAL 0.7500 · acierto 0.7500 · vigente 0.7500 · nose nan · invento 0.0000 · 0.2 s/paso
  paso 10275 · perdida  0.0336 · GLOBAL 1.0000 · acierto 1.0000 · vigente 1.0000 · nose nan · invento 0.0000 · 0.2 s/paso
  paso 10300 · perdida  0.0752 · GLOBAL 1.0000 · acierto 1.0000 · vigente 1.0000 · nose nan · invento 0.0000 · 0.2 s/paso
  paso 10325 · perdida  0.1238 · GLOBAL 1.0000 · acierto 1.0000 · vigente 1.0000 · nose nan · invento 0.0000 · 0.2 s/paso
  paso 10350 · perdida  0.0909 · GLOBAL 1.0000 · acierto 1.0000 · vigente 1.0000 · nose nan · invento 0.0000 · 0.2 s/paso
  paso 10375 · perdida  0.0114 · GLOBAL 1.0000 · acierto 1.0000 · vigente 1.0000 · nose nan · invento 0.0000 · 0.2 s/paso
  paso 10400 · perdida  3.2668 · GLOBAL 0.7500 · acierto 0.7500 · vigente 0.7500 · nose nan · invento 0.0000 · 0.2 s/paso
  paso 10425 · perdida  0.0112 · GLOBAL 1.0000 · acierto 1.0000 · vigente 1.0000 · nose nan · invento 0.0000 · 0.2 s/paso
  paso 10450 · perdida  0.0088 · GLOBAL 1.0000 · acierto 1.0000 · vigente 1.0000 · nose nan · invento 0.0000 · 0.2 s/paso
  paso 10475 · perdida  0.0206 · GLOBAL 1.0000 · acierto 1.0000 · vigente 1.0000 · nose nan · invento 0.0000 · 0.2 s/paso
  paso 10500 · perdida  0.0187 · GLOBAL 1.0000 · acierto 1.0000 · vigente 1.0000 · nose nan · invento 0.0000 · 0.2 s/paso
  paso 10525 · perdida  0.0885 · GLOBAL 1.0000 · acierto 1.0000 · vigente 1.0000 · nose nan · invento 0.0000 · 0.2 s/paso
  paso 10550 · perdida  0.0220 · GLOBAL 1.0000 · acierto 1.0000 · vigente 1.0000 · nose nan · invento 0.0000 · 0.2 s/paso
  paso 10575 · perdida  0.6120 · GLOBAL 0.7500 · acierto 0.7500 · vigente 0.7500 · nose nan · invento 0.0000 · 0.2 s/paso
  paso 10600 · perdida  0.0658 · GLOBAL 1.0000 · acierto 1.0000 · vigente 1.0000 · nose nan · invento 0.0000 · 0.2 s/paso
  paso 10625 · perdida  0.0029 · GLOBAL 1.0000 · acierto 1.0000 · vigente 1.0000 · nose nan · invento 0.0000 · 0.2 s/paso
  paso 10650 · perdida  3.2426 · GLOBAL 0.7500 · acierto 0.7500 · vigente 0.7500 · nose nan · invento 0.0000 · 0.2 s/paso
  paso 10675 · perdida  0.0110 · GLOBAL 1.0000 · acierto 1.0000 · vigente 1.0000 · nose nan · invento 0.0000 · 0.2 s/paso
  paso 10700 · perdida  0.0158 · GLOBAL 1.0000 · acierto 1.0000 · vigente 1.0000 · nose nan · invento 0.0000 · 0.2 s/paso
  paso 10725 · perdida  1.0063 · GLOBAL 0.7500 · acierto 0.7500 · vigente 0.7500 · nose nan · invento 0.0000 · 0.2 s/paso
  paso 10750 · perdida  0.0107 · GLOBAL 1.0000 · acierto 1.0000 · vigente 1.0000 · nose nan · invento 0.0000 · 0.2 s/paso
  paso 10775 · perdida  0.0498 · GLOBAL 1.0000 · acierto 1.0000 · vigente 1.0000 · nose nan · invento 0.0000 · 0.2 s/paso
  paso 10800 · perdida  0.0225 · GLOBAL 1.0000 · acierto 1.0000 · vigente 1.0000 · nose nan · invento 0.0000 · 0.2 s/paso
  paso 10825 · perdida  0.0612 · GLOBAL 1.0000 · acierto 1.0000 · vigente 1.0000 · nose nan · invento 0.0000 · 0.2 s/paso
  paso 10850 · perdida  0.1620 · GLOBAL 1.0000 · acierto 1.0000 · vigente 1.0000 · nose nan · invento 0.0000 · 0.2 s/paso
  paso 10875 · perdida  0.4114 · GLOBAL 0.7500 · acierto 0.7500 · vigente 0.7500 · nose nan · invento 0.0000 · 0.2 s/paso
  paso 10900 · perdida  0.6284 · GLOBAL 0.7500 · acierto 0.7500 · vigente 0.7500 · nose nan · invento 0.0000 · 0.2 s/paso
  paso 10925 · perdida  0.0297 · GLOBAL 1.0000 · acierto 1.0000 · vigente 1.0000 · nose nan · invento 0.0000 · 0.2 s/paso
  paso 10950 · perdida  0.0036 · GLOBAL 1.0000 · acierto 1.0000 · vigente 1.0000 · nose nan · invento 0.0000 · 0.2 s/paso
  paso 10975 · perdida  0.2909 · GLOBAL 0.7500 · acierto 0.7500 · vigente 0.7500 · nose nan · invento 0.0000 · 0.2 s/paso
  paso 11000 · perdida  0.0185 · GLOBAL 1.0000 · acierto 1.0000 · vigente 1.0000 · nose nan · invento 0.0000 · 0.2 s/paso
  paso 11025 · perdida  1.5645 · GLOBAL 0.7500 · acierto 0.7500 · vigente 0.7500 · nose nan · invento 0.0000 · 0.2 s/paso
  paso 11050 · perdida  0.5782 · GLOBAL 0.7500 · acierto 0.7500 · vigente 0.7500 · nose nan · invento 0.0000 · 0.2 s/paso
  paso 11075 · perdida  0.0046 · GLOBAL 1.0000 · acierto 1.0000 · vigente 1.0000 · nose nan · invento 0.0000 · 0.2 s/paso
  paso 11100 · perdida  0.4613 · GLOBAL 0.7500 · acierto 0.7500 · vigente 0.7500 · nose nan · invento 0.0000 · 0.2 s/paso
  paso 11125 · perdida  1.7593 · GLOBAL 0.5000 · acierto 0.5000 · vigente 0.5000 · nose nan · invento 0.0000 · 0.2 s/paso
  paso 11150 · perdida  0.0122 · GLOBAL 1.0000 · acierto 1.0000 · vigente 1.0000 · nose nan · invento 0.0000 · 0.2 s/paso
  paso 11175 · perdida  0.0071 · GLOBAL 1.0000 · acierto 1.0000 · vigente 1.0000 · nose nan · invento 0.0000 · 0.2 s/paso
  paso 11200 · perdida  0.0297 · GLOBAL 1.0000 · acierto 1.0000 · vigente 1.0000 · nose nan · invento 0.0000 · 0.2 s/paso
  paso 11225 · perdida  1.6991 · GLOBAL 0.7500 · acierto 0.7500 · vigente 0.7500 · nose nan · invento 0.0000 · 0.2 s/paso
  paso 11250 · perdida  0.7089 · GLOBAL 0.7500 · acierto 0.7500 · vigente 0.7500 · nose nan · invento 0.0000 · 0.2 s/paso
  paso 11275 · perdida  0.3125 · GLOBAL 0.7500 · acierto 0.7500 · vigente 0.7500 · nose nan · invento 0.0000 · 0.2 s/paso
  paso 11300 · perdida  0.0117 · GLOBAL 1.0000 · acierto 1.0000 · vigente 1.0000 · nose nan · invento 0.0000 · 0.2 s/paso
  paso 11325 · perdida  0.0047 · GLOBAL 1.0000 · acierto 1.0000 · vigente 1.0000 · nose nan · invento 0.0000 · 0.2 s/paso
  paso 11350 · perdida  0.4407 · GLOBAL 0.7500 · acierto 0.7500 · vigente 0.7500 · nose nan · invento 0.0000 · 0.2 s/paso
  paso 11375 · perdida  0.2779 · GLOBAL 0.7500 · acierto 0.7500 · vigente 0.7500 · nose nan · invento 0.0000 · 0.2 s/paso
  paso 11400 · perdida  1.0231 · GLOBAL 0.7500 · acierto 0.7500 · vigente 0.7500 · nose nan · invento 0.0000 · 0.2 s/paso
  paso 11425 · perdida  0.0716 · GLOBAL 1.0000 · acierto 1.0000 · vigente 1.0000 · nose nan · invento 0.0000 · 0.2 s/paso
  paso 11450 · perdida  0.0641 · GLOBAL 1.0000 · acierto 1.0000 · vigente 1.0000 · nose nan · invento 0.0000 · 0.2 s/paso
  paso 11475 · perdida  1.1593 · GLOBAL 0.7500 · acierto 0.7500 · vigente 0.7500 · nose nan · invento 0.0000 · 0.2 s/paso
  paso 11500 · perdida  0.0187 · GLOBAL 1.0000 · acierto 1.0000 · vigente 1.0000 · nose nan · invento 0.0000 · 0.2 s/paso
  paso 11525 · perdida  0.0345 · GLOBAL 1.0000 · acierto 1.0000 · vigente 1.0000 · nose nan · invento 0.0000 · 0.2 s/paso
  paso 11550 · perdida  0.1303 · GLOBAL 1.0000 · acierto 1.0000 · vigente 1.0000 · nose nan · invento 0.0000 · 0.2 s/paso
  paso 11575 · perdida  0.0018 · GLOBAL 1.0000 · acierto 1.0000 · vigente 1.0000 · nose nan · invento 0.0000 · 0.2 s/paso
  paso 11600 · perdida  0.0024 · GLOBAL 1.0000 · acierto 1.0000 · vigente 1.0000 · nose nan · invento 0.0000 · 0.2 s/paso
  paso 11625 · perdida  0.0068 · GLOBAL 1.0000 · acierto 1.0000 · vigente 1.0000 · nose nan · invento 0.0000 · 0.2 s/paso
  paso 11650 · perdida  1.1221 · GLOBAL 0.5000 · acierto 0.5000 · vigente 0.5000 · nose nan · invento 0.0000 · 0.2 s/paso
  paso 11675 · perdida  0.3480 · GLOBAL 0.7500 · acierto 0.7500 · vigente 0.7500 · nose nan · invento 0.0000 · 0.2 s/paso
  paso 11700 · perdida  2.8308 · GLOBAL 0.7500 · acierto 0.7500 · vigente 0.7500 · nose nan · invento 0.0000 · 0.2 s/paso
  paso 11725 · perdida  0.3418 · GLOBAL 0.7500 · acierto 0.7500 · vigente 0.7500 · nose nan · invento 0.0000 · 0.2 s/paso
  paso 11750 · perdida  0.0615 · GLOBAL 1.0000 · acierto 1.0000 · vigente 1.0000 · nose nan · invento 0.0000 · 0.2 s/paso
  paso 11775 · perdida  0.0099 · GLOBAL 1.0000 · acierto 1.0000 · vigente 1.0000 · nose nan · invento 0.0000 · 0.2 s/paso
  paso 11800 · perdida  0.0341 · GLOBAL 1.0000 · acierto 1.0000 · vigente 1.0000 · nose nan · invento 0.0000 · 0.2 s/paso
  paso 11825 · perdida  0.0245 · GLOBAL 1.0000 · acierto 1.0000 · vigente 1.0000 · nose nan · invento 0.0000 · 0.2 s/paso
  paso 11850 · perdida  0.0615 · GLOBAL 1.0000 · acierto 1.0000 · vigente 1.0000 · nose nan · invento 0.0000 · 0.2 s/paso
  paso 11875 · perdida  1.1045 · GLOBAL 0.7500 · acierto 0.7500 · vigente 0.7500 · nose nan · invento 0.0000 · 0.2 s/paso
  paso 11900 · perdida  0.1082 · GLOBAL 1.0000 · acierto 1.0000 · vigente 1.0000 · nose nan · invento 0.0000 · 0.2 s/paso
  paso 11925 · perdida  0.1766 · GLOBAL 1.0000 · acierto 1.0000 · vigente 1.0000 · nose nan · invento 0.0000 · 0.2 s/paso
  paso 11950 · perdida  0.0510 · GLOBAL 1.0000 · acierto 1.0000 · vigente 1.0000 · nose nan · invento 0.0000 · 0.2 s/paso
  paso 11975 · perdida  0.0054 · GLOBAL 1.0000 · acierto 1.0000 · vigente 1.0000 · nose nan · invento 0.0000 · 0.2 s/paso
  paso 12000 · perdida  0.0824 · GLOBAL 1.0000 · acierto 1.0000 · vigente 1.0000 · nose nan · invento 0.0000 · 0.2 s/paso
  paso 12025 · perdida  0.7502 · GLOBAL 0.5000 · acierto 0.5000 · vigente 0.5000 · nose nan · invento 0.0000 · 0.2 s/paso
  paso 12050 · perdida  0.0497 · GLOBAL 1.0000 · acierto 1.0000 · vigente 1.0000 · nose nan · invento 0.0000 · 0.2 s/paso
  paso 12075 · perdida  0.3505 · GLOBAL 0.7500 · acierto 0.7500 · vigente 0.7500 · nose nan · invento 0.0000 · 0.2 s/paso
  paso 12100 · perdida  0.0024 · GLOBAL 1.0000 · acierto 1.0000 · vigente 1.0000 · nose nan · invento 0.0000 · 0.2 s/paso
  paso 12125 · perdida  0.0129 · GLOBAL 1.0000 · acierto 1.0000 · vigente 1.0000 · nose nan · invento 0.0000 · 0.2 s/paso
  paso 12150 · perdida  1.2010 · GLOBAL 0.7500 · acierto 0.7500 · vigente 0.7500 · nose nan · invento 0.0000 · 0.2 s/paso
  paso 12175 · perdida  0.6473 · GLOBAL 0.7500 · acierto 0.7500 · vigente 0.7500 · nose nan · invento 0.0000 · 0.2 s/paso
  paso 12200 · perdida  0.3071 · GLOBAL 0.7500 · acierto 0.7500 · vigente 0.7500 · nose nan · invento 0.0000 · 0.2 s/paso
  paso 12225 · perdida  0.0117 · GLOBAL 1.0000 · acierto 1.0000 · vigente 1.0000 · nose nan · invento 0.0000 · 0.2 s/paso
  paso 12250 · perdida  0.5641 · GLOBAL 0.7500 · acierto 0.7500 · vigente 0.7500 · nose nan · invento 0.0000 · 0.2 s/paso
  paso 12275 · perdida  0.1309 · GLOBAL 1.0000 · acierto 1.0000 · vigente 1.0000 · nose nan · invento 0.0000 · 0.2 s/paso
  paso 12300 · perdida  0.0042 · GLOBAL 1.0000 · acierto 1.0000 · vigente 1.0000 · nose nan · invento 0.0000 · 0.2 s/paso
  paso 12325 · perdida  0.3408 · GLOBAL 0.7500 · acierto 0.7500 · vigente 0.7500 · nose nan · invento 0.0000 · 0.2 s/paso
  paso 12350 · perdida  0.2914 · GLOBAL 0.7500 · acierto 0.7500 · vigente 0.7500 · nose nan · invento 0.0000 · 0.2 s/paso
  paso 12375 · perdida  0.5129 · GLOBAL 0.7500 · acierto 0.7500 · vigente 0.7500 · nose nan · invento 0.0000 · 0.2 s/paso
  paso 12400 · perdida  0.0342 · GLOBAL 1.0000 · acierto 1.0000 · vigente 1.0000 · nose nan · invento 0.0000 · 0.2 s/paso
  paso 12425 · perdida  0.0121 · GLOBAL 1.0000 · acierto 1.0000 · vigente 1.0000 · nose nan · invento 0.0000 · 0.2 s/paso
  paso 12450 · perdida  0.0019 · GLOBAL 1.0000 · acierto 1.0000 · vigente 1.0000 · nose nan · invento 0.0000 · 0.2 s/paso
  paso 12475 · perdida  0.0161 · GLOBAL 1.0000 · acierto 1.0000 · vigente 1.0000 · nose nan · invento 0.0000 · 0.2 s/paso
  paso 12500 · perdida  0.0035 · GLOBAL 1.0000 · acierto 1.0000 · vigente 1.0000 · nose nan · invento 0.0000 · 0.2 s/paso
  paso 12525 · perdida  0.0049 · GLOBAL 1.0000 · acierto 1.0000 · vigente 1.0000 · nose nan · invento 0.0000 · 0.2 s/paso
  paso 12550 · perdida  0.0050 · GLOBAL 1.0000 · acierto 1.0000 · vigente 1.0000 · nose nan · invento 0.0000 · 0.2 s/paso
  paso 12575 · perdida  0.0255 · GLOBAL 1.0000 · acierto 1.0000 · vigente 1.0000 · nose nan · invento 0.0000 · 0.2 s/paso
  paso 12600 · perdida  0.6101 · GLOBAL 0.7500 · acierto 0.7500 · vigente 0.7500 · nose nan · invento 0.0000 · 0.2 s/paso
  paso 12625 · perdida  0.1131 · GLOBAL 1.0000 · acierto 1.0000 · vigente 1.0000 · nose nan · invento 0.0000 · 0.2 s/paso
  paso 12650 · perdida  0.0043 · GLOBAL 1.0000 · acierto 1.0000 · vigente 1.0000 · nose nan · invento 0.0000 · 0.2 s/paso
  paso 12675 · perdida  0.0148 · GLOBAL 1.0000 · acierto 1.0000 · vigente 1.0000 · nose nan · invento 0.0000 · 0.2 s/paso
  paso 12700 · perdida  0.0708 · GLOBAL 1.0000 · acierto 1.0000 · vigente 1.0000 · nose nan · invento 0.0000 · 0.2 s/paso
  paso 12725 · perdida  0.2838 · GLOBAL 0.7500 · acierto 0.7500 · vigente 0.7500 · nose nan · invento 0.0000 · 0.2 s/paso
  paso 12750 · perdida  0.6039 · GLOBAL 0.7500 · acierto 0.7500 · vigente 0.7500 · nose nan · invento 0.0000 · 0.2 s/paso
  paso 12775 · perdida  0.0305 · GLOBAL 1.0000 · acierto 1.0000 · vigente 1.0000 · nose nan · invento 0.0000 · 0.2 s/paso
  paso 12800 · perdida  0.0079 · GLOBAL 1.0000 · acierto 1.0000 · vigente 1.0000 · nose nan · invento 0.0000 · 0.2 s/paso
  paso 12825 · perdida  0.0012 · GLOBAL 1.0000 · acierto 1.0000 · vigente 1.0000 · nose nan · invento 0.0000 · 0.2 s/paso
  paso 12850 · perdida  0.0066 · GLOBAL 1.0000 · acierto 1.0000 · vigente 1.0000 · nose nan · invento 0.0000 · 0.2 s/paso
  paso 12875 · perdida  0.0100 · GLOBAL 1.0000 · acierto 1.0000 · vigente 1.0000 · nose nan · invento 0.0000 · 0.2 s/paso
  paso 12900 · perdida  0.0491 · GLOBAL 1.0000 · acierto 1.0000 · vigente 1.0000 · nose nan · invento 0.0000 · 0.2 s/paso
  paso 12925 · perdida  0.0032 · GLOBAL 1.0000 · acierto 1.0000 · vigente 1.0000 · nose nan · invento 0.0000 · 0.2 s/paso
  paso 12950 · perdida  1.3540 · GLOBAL 0.7500 · acierto 0.7500 · vigente 0.7500 · nose nan · invento 0.0000 · 0.2 s/paso
  paso 12975 · perdida  0.8620 · GLOBAL 0.7500 · acierto 0.7500 · vigente 0.7500 · nose nan · invento 0.0000 · 0.2 s/paso
  paso 13000 · perdida  0.1292 · GLOBAL 1.0000 · acierto 1.0000 · vigente 1.0000 · nose nan · invento 0.0000 · 0.2 s/paso
  paso 13025 · perdida  0.0706 · GLOBAL 1.0000 · acierto 1.0000 · vigente 1.0000 · nose nan · invento 0.0000 · 0.2 s/paso
  paso 13050 · perdida  0.0073 · GLOBAL 1.0000 · acierto 1.0000 · vigente 1.0000 · nose nan · invento 0.0000 · 0.2 s/paso
  paso 13075 · perdida  0.4171 · GLOBAL 0.7500 · acierto 0.7500 · vigente 0.7500 · nose nan · invento 0.0000 · 0.2 s/paso
  paso 13100 · perdida  0.0121 · GLOBAL 1.0000 · acierto 1.0000 · vigente 1.0000 · nose nan · invento 0.0000 · 0.2 s/paso
  paso 13125 · perdida  0.0027 · GLOBAL 1.0000 · acierto 1.0000 · vigente 1.0000 · nose nan · invento 0.0000 · 0.2 s/paso
  paso 13150 · perdida  0.0025 · GLOBAL 1.0000 · acierto 1.0000 · vigente 1.0000 · nose nan · invento 0.0000 · 0.2 s/paso
  paso 13175 · perdida  0.4420 · GLOBAL 0.7500 · acierto 0.7500 · vigente 0.7500 · nose nan · invento 0.0000 · 0.2 s/paso
  paso 13200 · perdida  0.2379 · GLOBAL 0.7500 · acierto 0.7500 · vigente 0.7500 · nose nan · invento 0.0000 · 0.2 s/paso
  paso 13225 · perdida  0.0005 · GLOBAL 1.0000 · acierto 1.0000 · vigente 1.0000 · nose nan · invento 0.0000 · 0.2 s/paso
  paso 13250 · perdida  0.3121 · GLOBAL 1.0000 · acierto 1.0000 · vigente 1.0000 · nose nan · invento 0.0000 · 0.2 s/paso
  paso 13275 · perdida  0.0138 · GLOBAL 1.0000 · acierto 1.0000 · vigente 1.0000 · nose nan · invento 0.0000 · 0.2 s/paso
  paso 13300 · perdida  0.0121 · GLOBAL 1.0000 · acierto 1.0000 · vigente 1.0000 · nose nan · invento 0.0000 · 0.2 s/paso
  paso 13325 · perdida  0.0316 · GLOBAL 1.0000 · acierto 1.0000 · vigente 1.0000 · nose nan · invento 0.0000 · 0.2 s/paso
  paso 13350 · perdida  0.2234 · GLOBAL 1.0000 · acierto 1.0000 · vigente 1.0000 · nose nan · invento 0.0000 · 0.2 s/paso
  paso 13375 · perdida  0.0004 · GLOBAL 1.0000 · acierto 1.0000 · vigente 1.0000 · nose nan · invento 0.0000 · 0.2 s/paso
  paso 13400 · perdida  0.7413 · GLOBAL 0.7500 · acierto 0.7500 · vigente 0.7500 · nose nan · invento 0.0000 · 0.2 s/paso
  paso 13425 · perdida  0.1569 · GLOBAL 1.0000 · acierto 1.0000 · vigente 1.0000 · nose nan · invento 0.0000 · 0.2 s/paso
  paso 13450 · perdida  0.0025 · GLOBAL 1.0000 · acierto 1.0000 · vigente 1.0000 · nose nan · invento 0.0000 · 0.2 s/paso
  paso 13475 · perdida  0.3511 · GLOBAL 0.7500 · acierto 0.7500 · vigente 0.7500 · nose nan · invento 0.0000 · 0.2 s/paso
  paso 13500 · perdida  0.0033 · GLOBAL 1.0000 · acierto 1.0000 · vigente 1.0000 · nose nan · invento 0.0000 · 0.2 s/paso
  paso 13525 · perdida  0.1038 · GLOBAL 1.0000 · acierto 1.0000 · vigente 1.0000 · nose nan · invento 0.0000 · 0.2 s/paso
  paso 13550 · perdida  0.0501 · GLOBAL 1.0000 · acierto 1.0000 · vigente 1.0000 · nose nan · invento 0.0000 · 0.2 s/paso
  paso 13575 · perdida  0.1540 · GLOBAL 1.0000 · acierto 1.0000 · vigente 1.0000 · nose nan · invento 0.0000 · 0.2 s/paso
  paso 13600 · perdida  1.0328 · GLOBAL 0.5000 · acierto 0.5000 · vigente 0.5000 · nose nan · invento 0.0000 · 0.2 s/paso
  paso 13625 · perdida  0.0044 · GLOBAL 1.0000 · acierto 1.0000 · vigente 1.0000 · nose nan · invento 0.0000 · 0.2 s/paso
  paso 13650 · perdida  0.0092 · GLOBAL 1.0000 · acierto 1.0000 · vigente 1.0000 · nose nan · invento 0.0000 · 0.2 s/paso
  paso 13675 · perdida  0.0542 · GLOBAL 1.0000 · acierto 1.0000 · vigente 1.0000 · nose nan · invento 0.0000 · 0.2 s/paso
  paso 13700 · perdida  0.5625 · GLOBAL 0.7500 · acierto 0.7500 · vigente 0.7500 · nose nan · invento 0.0000 · 0.2 s/paso
  paso 13725 · perdida  0.0052 · GLOBAL 1.0000 · acierto 1.0000 · vigente 1.0000 · nose nan · invento 0.0000 · 0.2 s/paso
  paso 13750 · perdida  0.0015 · GLOBAL 1.0000 · acierto 1.0000 · vigente 1.0000 · nose nan · invento 0.0000 · 0.2 s/paso
  paso 13775 · perdida  0.0118 · GLOBAL 1.0000 · acierto 1.0000 · vigente 1.0000 · nose nan · invento 0.0000 · 0.2 s/paso
  paso 13800 · perdida  0.9554 · GLOBAL 0.7500 · acierto 0.7500 · vigente 0.7500 · nose nan · invento 0.0000 · 0.2 s/paso
  paso 13825 · perdida  0.0017 · GLOBAL 1.0000 · acierto 1.0000 · vigente 1.0000 · nose nan · invento 0.0000 · 0.2 s/paso
  paso 13850 · perdida  1.4906 · GLOBAL 0.7500 · acierto 0.7500 · vigente 0.7500 · nose nan · invento 0.0000 · 0.2 s/paso
  paso 13875 · perdida  0.0043 · GLOBAL 1.0000 · acierto 1.0000 · vigente 1.0000 · nose nan · invento 0.0000 · 0.2 s/paso
  paso 13900 · perdida  0.0021 · GLOBAL 1.0000 · acierto 1.0000 · vigente 1.0000 · nose nan · invento 0.0000 · 0.2 s/paso
  paso 13925 · perdida  0.0706 · GLOBAL 1.0000 · acierto 1.0000 · vigente 1.0000 · nose nan · invento 0.0000 · 0.2 s/paso
  paso 13950 · perdida  0.4298 · GLOBAL 0.7500 · acierto 0.7500 · vigente 0.7500 · nose nan · invento 0.0000 · 0.2 s/paso
  paso 13975 · perdida  0.0514 · GLOBAL 1.0000 · acierto 1.0000 · vigente 1.0000 · nose nan · invento 0.0000 · 0.2 s/paso
  paso 14000 · perdida  0.0941 · GLOBAL 1.0000 · acierto 1.0000 · vigente 1.0000 · nose nan · invento 0.0000 · 0.2 s/paso
  paso 14025 · perdida  0.0006 · GLOBAL 1.0000 · acierto 1.0000 · vigente 1.0000 · nose nan · invento 0.0000 · 0.2 s/paso
  paso 14050 · perdida  0.0865 · GLOBAL 1.0000 · acierto 1.0000 · vigente 1.0000 · nose nan · invento 0.0000 · 0.2 s/paso
  paso 14075 · perdida  0.0030 · GLOBAL 1.0000 · acierto 1.0000 · vigente 1.0000 · nose nan · invento 0.0000 · 0.2 s/paso
  paso 14100 · perdida  0.0257 · GLOBAL 1.0000 · acierto 1.0000 · vigente 1.0000 · nose nan · invento 0.0000 · 0.2 s/paso
  paso 14125 · perdida  0.0086 · GLOBAL 1.0000 · acierto 1.0000 · vigente 1.0000 · nose nan · invento 0.0000 · 0.2 s/paso
  paso 14150 · perdida  1.8633 · GLOBAL 0.7500 · acierto 0.7500 · vigente 0.7500 · nose nan · invento 0.0000 · 0.2 s/paso
  paso 14175 · perdida  0.0207 · GLOBAL 1.0000 · acierto 1.0000 · vigente 1.0000 · nose nan · invento 0.0000 · 0.2 s/paso
  paso 14200 · perdida  0.0051 · GLOBAL 1.0000 · acierto 1.0000 · vigente 1.0000 · nose nan · invento 0.0000 · 0.2 s/paso
  paso 14225 · perdida  0.3249 · GLOBAL 0.7500 · acierto 0.7500 · vigente 0.7500 · nose nan · invento 0.0000 · 0.2 s/paso
  paso 14250 · perdida  0.0157 · GLOBAL 1.0000 · acierto 1.0000 · vigente 1.0000 · nose nan · invento 0.0000 · 0.2 s/paso
  paso 14275 · perdida  0.0218 · GLOBAL 1.0000 · acierto 1.0000 · vigente 1.0000 · nose nan · invento 0.0000 · 0.2 s/paso
  paso 14300 · perdida  0.5796 · GLOBAL 0.7500 · acierto 0.7500 · vigente 0.7500 · nose nan · invento 0.0000 · 0.2 s/paso
  paso 14325 · perdida  0.0112 · GLOBAL 1.0000 · acierto 1.0000 · vigente 1.0000 · nose nan · invento 0.0000 · 0.2 s/paso
  paso 14350 · perdida  0.0394 · GLOBAL 1.0000 · acierto 1.0000 · vigente 1.0000 · nose nan · invento 0.0000 · 0.2 s/paso
  paso 14375 · perdida  0.0990 · GLOBAL 1.0000 · acierto 1.0000 · vigente 1.0000 · nose nan · invento 0.0000 · 0.2 s/paso
  paso 14400 · perdida  0.4192 · GLOBAL 0.7500 · acierto 0.7500 · vigente 0.7500 · nose nan · invento 0.0000 · 0.2 s/paso
  paso 14425 · perdida  0.3188 · GLOBAL 1.0000 · acierto 1.0000 · vigente 1.0000 · nose nan · invento 0.0000 · 0.2 s/paso
  paso 14450 · perdida  0.0927 · GLOBAL 1.0000 · acierto 1.0000 · vigente 1.0000 · nose nan · invento 0.0000 · 0.2 s/paso
  paso 14475 · perdida  0.0235 · GLOBAL 1.0000 · acierto 1.0000 · vigente 1.0000 · nose nan · invento 0.0000 · 0.2 s/paso
  paso 14500 · perdida  0.1076 · GLOBAL 1.0000 · acierto 1.0000 · vigente 1.0000 · nose nan · invento 0.0000 · 0.2 s/paso
  paso 14525 · perdida  0.6089 · GLOBAL 0.7500 · acierto 0.7500 · vigente 0.7500 · nose nan · invento 0.0000 · 0.2 s/paso
  paso 14550 · perdida  0.0146 · GLOBAL 1.0000 · acierto 1.0000 · vigente 1.0000 · nose nan · invento 0.0000 · 0.2 s/paso
  paso 14575 · perdida  0.0013 · GLOBAL 1.0000 · acierto 1.0000 · vigente 1.0000 · nose nan · invento 0.0000 · 0.2 s/paso
  paso 14600 · perdida  0.0051 · GLOBAL 1.0000 · acierto 1.0000 · vigente 1.0000 · nose nan · invento 0.0000 · 0.2 s/paso
  paso 14625 · perdida  1.4669 · GLOBAL 0.7500 · acierto 0.7500 · vigente 0.7500 · nose nan · invento 0.0000 · 0.2 s/paso
  paso 14650 · perdida  0.0291 · GLOBAL 1.0000 · acierto 1.0000 · vigente 1.0000 · nose nan · invento 0.0000 · 0.2 s/paso
  paso 14675 · perdida  0.1260 · GLOBAL 1.0000 · acierto 1.0000 · vigente 1.0000 · nose nan · invento 0.0000 · 0.2 s/paso
  paso 14700 · perdida  3.2074 · GLOBAL 0.7500 · acierto 0.7500 · vigente 0.7500 · nose nan · invento 0.0000 · 0.2 s/paso
  paso 14725 · perdida  0.9558 · GLOBAL 0.7500 · acierto 0.7500 · vigente 0.7500 · nose nan · invento 0.0000 · 0.2 s/paso
  paso 14750 · perdida  0.1949 · GLOBAL 1.0000 · acierto 1.0000 · vigente 1.0000 · nose nan · invento 0.0000 · 0.2 s/paso
  paso 14775 · perdida  0.0962 · GLOBAL 1.0000 · acierto 1.0000 · vigente 1.0000 · nose nan · invento 0.0000 · 0.2 s/paso
  paso 14800 · perdida  0.0812 · GLOBAL 1.0000 · acierto 1.0000 · vigente 1.0000 · nose nan · invento 0.0000 · 0.2 s/paso
  paso 14825 · perdida  0.2063 · GLOBAL 0.7500 · acierto 0.7500 · vigente 0.7500 · nose nan · invento 0.0000 · 0.2 s/paso
  paso 14850 · perdida  0.0189 · GLOBAL 1.0000 · acierto 1.0000 · vigente 1.0000 · nose nan · invento 0.0000 · 0.2 s/paso
  paso 14875 · perdida  0.4998 · GLOBAL 0.7500 · acierto 0.7500 · vigente 0.7500 · nose nan · invento 0.0000 · 0.2 s/paso
  paso 14900 · perdida  0.2357 · GLOBAL 0.7500 · acierto 0.7500 · vigente 0.7500 · nose nan · invento 0.0000 · 0.2 s/paso
  paso 14925 · perdida  0.0180 · GLOBAL 1.0000 · acierto 1.0000 · vigente 1.0000 · nose nan · invento 0.0000 · 0.2 s/paso
  paso 14950 · perdida  0.0597 · GLOBAL 1.0000 · acierto 1.0000 · vigente 1.0000 · nose nan · invento 0.0000 · 0.2 s/paso
  paso 14975 · perdida  1.1184 · GLOBAL 0.7500 · acierto 0.7500 · vigente 0.7500 · nose nan · invento 0.0000 · 0.2 s/paso
  paso 15000 · perdida  0.2035 · GLOBAL 1.0000 · acierto 1.0000 · vigente 1.0000 · nose nan · invento 0.0000 · 0.2 s/paso
  paso 15025 · perdida  0.0939 · GLOBAL 1.0000 · acierto 1.0000 · vigente 1.0000 · nose nan · invento 0.0000 · 0.2 s/paso
  paso 15050 · perdida  0.1154 · GLOBAL 1.0000 · acierto 1.0000 · vigente 1.0000 · nose nan · invento 0.0000 · 0.2 s/paso
  paso 15075 · perdida  0.2342 · GLOBAL 0.7500 · acierto 0.7500 · vigente 0.7500 · nose nan · invento 0.0000 · 0.2 s/paso
  paso 15100 · perdida  0.0111 · GLOBAL 1.0000 · acierto 1.0000 · vigente 1.0000 · nose nan · invento 0.0000 · 0.2 s/paso
  paso 15125 · perdida  0.3589 · GLOBAL 0.7500 · acierto 0.7500 · vigente 0.7500 · nose nan · invento 0.0000 · 0.2 s/paso
  paso 15150 · perdida  0.0824 · GLOBAL 1.0000 · acierto 1.0000 · vigente 1.0000 · nose nan · invento 0.0000 · 0.2 s/paso
  paso 15175 · perdida  0.0054 · GLOBAL 1.0000 · acierto 1.0000 · vigente 1.0000 · nose nan · invento 0.0000 · 0.2 s/paso
  paso 15200 · perdida  0.0267 · GLOBAL 1.0000 · acierto 1.0000 · vigente 1.0000 · nose nan · invento 0.0000 · 0.2 s/paso
  paso 15225 · perdida  0.0352 · GLOBAL 1.0000 · acierto 1.0000 · vigente 1.0000 · nose nan · invento 0.0000 · 0.2 s/paso
  paso 15250 · perdida  0.0309 · GLOBAL 1.0000 · acierto 1.0000 · vigente 1.0000 · nose nan · invento 0.0000 · 0.2 s/paso
  paso 15275 · perdida  0.0188 · GLOBAL 1.0000 · acierto 1.0000 · vigente 1.0000 · nose nan · invento 0.0000 · 0.2 s/paso
  paso 15300 · perdida  0.0061 · GLOBAL 1.0000 · acierto 1.0000 · vigente 1.0000 · nose nan · invento 0.0000 · 0.2 s/paso
  paso 15325 · perdida  0.0091 · GLOBAL 1.0000 · acierto 1.0000 · vigente 1.0000 · nose nan · invento 0.0000 · 0.2 s/paso
  paso 15350 · perdida  0.0087 · GLOBAL 1.0000 · acierto 1.0000 · vigente 1.0000 · nose nan · invento 0.0000 · 0.2 s/paso
  paso 15375 · perdida  0.1556 · GLOBAL 1.0000 · acierto 1.0000 · vigente 1.0000 · nose nan · invento 0.0000 · 0.2 s/paso
  paso 15400 · perdida  0.7505 · GLOBAL 0.7500 · acierto 0.7500 · vigente 0.7500 · nose nan · invento 0.0000 · 0.2 s/paso
  paso 15425 · perdida  0.0102 · GLOBAL 1.0000 · acierto 1.0000 · vigente 1.0000 · nose nan · invento 0.0000 · 0.2 s/paso
  paso 15450 · perdida  0.0032 · GLOBAL 1.0000 · acierto 1.0000 · vigente 1.0000 · nose nan · invento 0.0000 · 0.2 s/paso
  paso 15475 · perdida  0.5660 · GLOBAL 0.7500 · acierto 0.7500 · vigente 0.7500 · nose nan · invento 0.0000 · 0.2 s/paso
  paso 15500 · perdida  0.4692 · GLOBAL 0.7500 · acierto 0.7500 · vigente 0.7500 · nose nan · invento 0.0000 · 0.2 s/paso
  paso 15525 · perdida  0.0230 · GLOBAL 1.0000 · acierto 1.0000 · vigente 1.0000 · nose nan · invento 0.0000 · 0.2 s/paso
  paso 15550 · perdida  0.1609 · GLOBAL 1.0000 · acierto 1.0000 · vigente 1.0000 · nose nan · invento 0.0000 · 0.2 s/paso
  paso 15575 · perdida  0.0108 · GLOBAL 1.0000 · acierto 1.0000 · vigente 1.0000 · nose nan · invento 0.0000 · 0.2 s/paso
  paso 15600 · perdida  0.0499 · GLOBAL 1.0000 · acierto 1.0000 · vigente 1.0000 · nose nan · invento 0.0000 · 0.2 s/paso
  paso 15625 · perdida  0.1218 · GLOBAL 1.0000 · acierto 1.0000 · vigente 1.0000 · nose nan · invento 0.0000 · 0.2 s/paso
  paso 15650 · perdida  0.0039 · GLOBAL 1.0000 · acierto 1.0000 · vigente 1.0000 · nose nan · invento 0.0000 · 0.2 s/paso
  paso 15675 · perdida  0.0102 · GLOBAL 1.0000 · acierto 1.0000 · vigente 1.0000 · nose nan · invento 0.0000 · 0.2 s/paso
  paso 15700 · perdida  0.0016 · GLOBAL 1.0000 · acierto 1.0000 · vigente 1.0000 · nose nan · invento 0.0000 · 0.2 s/paso
  paso 15725 · perdida  0.0073 · GLOBAL 1.0000 · acierto 1.0000 · vigente 1.0000 · nose nan · invento 0.0000 · 0.2 s/paso
  paso 15750 · perdida  0.0023 · GLOBAL 1.0000 · acierto 1.0000 · vigente 1.0000 · nose nan · invento 0.0000 · 0.2 s/paso
  paso 15775 · perdida  0.0935 · GLOBAL 1.0000 · acierto 1.0000 · vigente 1.0000 · nose nan · invento 0.0000 · 0.2 s/paso
  paso 15800 · perdida  0.0220 · GLOBAL 1.0000 · acierto 1.0000 · vigente 1.0000 · nose nan · invento 0.0000 · 0.2 s/paso
  paso 15825 · perdida  0.0209 · GLOBAL 1.0000 · acierto 1.0000 · vigente 1.0000 · nose nan · invento 0.0000 · 0.2 s/paso
  paso 15850 · perdida  0.0106 · GLOBAL 1.0000 · acierto 1.0000 · vigente 1.0000 · nose nan · invento 0.0000 · 0.2 s/paso
  paso 15875 · perdida  0.1595 · GLOBAL 1.0000 · acierto 1.0000 · vigente 1.0000 · nose nan · invento 0.0000 · 0.2 s/paso
  paso 15900 · perdida  1.1016 · GLOBAL 0.7500 · acierto 0.7500 · vigente 0.7500 · nose nan · invento 0.0000 · 0.2 s/paso
  paso 15925 · perdida  0.2269 · GLOBAL 1.0000 · acierto 1.0000 · vigente 1.0000 · nose nan · invento 0.0000 · 0.2 s/paso
  paso 15950 · perdida  0.5482 · GLOBAL 0.7500 · acierto 0.7500 · vigente 0.7500 · nose nan · invento 0.0000 · 0.2 s/paso
  paso 15975 · perdida  0.1371 · GLOBAL 1.0000 · acierto 1.0000 · vigente 1.0000 · nose nan · invento 0.0000 · 0.2 s/paso
  paso 16000 · perdida  0.0166 · GLOBAL 1.0000 · acierto 1.0000 · vigente 1.0000 · nose nan · invento 0.0000 · 0.2 s/paso
  paso 16025 · perdida  0.0728 · GLOBAL 1.0000 · acierto 1.0000 · vigente 1.0000 · nose nan · invento 0.0000 · 0.2 s/paso
  paso 16050 · perdida  0.0276 · GLOBAL 1.0000 · acierto 1.0000 · vigente 1.0000 · nose nan · invento 0.0000 · 0.2 s/paso
  paso 16075 · perdida  0.0684 · GLOBAL 1.0000 · acierto 1.0000 · vigente 1.0000 · nose nan · invento 0.0000 · 0.2 s/paso
  paso 16100 · perdida  0.0713 · GLOBAL 1.0000 · acierto 1.0000 · vigente 1.0000 · nose nan · invento 0.0000 · 0.2 s/paso
  paso 16125 · perdida  0.0022 · GLOBAL 1.0000 · acierto 1.0000 · vigente 1.0000 · nose nan · invento 0.0000 · 0.2 s/paso
  paso 16150 · perdida  0.1609 · GLOBAL 1.0000 · acierto 1.0000 · vigente 1.0000 · nose nan · invento 0.0000 · 0.2 s/paso
  paso 16175 · perdida  0.0030 · GLOBAL 1.0000 · acierto 1.0000 · vigente 1.0000 · nose nan · invento 0.0000 · 0.2 s/paso
  paso 16200 · perdida  0.0637 · GLOBAL 1.0000 · acierto 1.0000 · vigente 1.0000 · nose nan · invento 0.0000 · 0.2 s/paso
  paso 16225 · perdida  0.0050 · GLOBAL 1.0000 · acierto 1.0000 · vigente 1.0000 · nose nan · invento 0.0000 · 0.2 s/paso
  paso 16250 · perdida  0.9897 · GLOBAL 0.7500 · acierto 0.7500 · vigente 0.7500 · nose nan · invento 0.0000 · 0.2 s/paso
  paso 16275 · perdida  0.2684 · GLOBAL 0.7500 · acierto 0.7500 · vigente 0.7500 · nose nan · invento 0.0000 · 0.2 s/paso
  paso 16300 · perdida  0.0802 · GLOBAL 1.0000 · acierto 1.0000 · vigente 1.0000 · nose nan · invento 0.0000 · 0.2 s/paso
  paso 16325 · perdida  0.1495 · GLOBAL 1.0000 · acierto 1.0000 · vigente 1.0000 · nose nan · invento 0.0000 · 0.2 s/paso
  paso 16350 · perdida  0.0119 · GLOBAL 1.0000 · acierto 1.0000 · vigente 1.0000 · nose nan · invento 0.0000 · 0.2 s/paso
  paso 16375 · perdida  0.1193 · GLOBAL 1.0000 · acierto 1.0000 · vigente 1.0000 · nose nan · invento 0.0000 · 0.2 s/paso
  paso 16400 · perdida  0.0369 · GLOBAL 1.0000 · acierto 1.0000 · vigente 1.0000 · nose nan · invento 0.0000 · 0.2 s/paso
  paso 16425 · perdida  0.2178 · GLOBAL 1.0000 · acierto 1.0000 · vigente 1.0000 · nose nan · invento 0.0000 · 0.2 s/paso
  paso 16450 · perdida  0.0021 · GLOBAL 1.0000 · acierto 1.0000 · vigente 1.0000 · nose nan · invento 0.0000 · 0.2 s/paso
  paso 16475 · perdida  0.0412 · GLOBAL 1.0000 · acierto 1.0000 · vigente 1.0000 · nose nan · invento 0.0000 · 0.2 s/paso
  paso 16500 · perdida  0.1171 · GLOBAL 1.0000 · acierto 1.0000 · vigente 1.0000 · nose nan · invento 0.0000 · 0.2 s/paso
  paso 16525 · perdida  0.0689 · GLOBAL 1.0000 · acierto 1.0000 · vigente 1.0000 · nose nan · invento 0.0000 · 0.2 s/paso
  paso 16550 · perdida  0.1840 · GLOBAL 1.0000 · acierto 1.0000 · vigente 1.0000 · nose nan · invento 0.0000 · 0.2 s/paso
  paso 16575 · perdida  0.0081 · GLOBAL 1.0000 · acierto 1.0000 · vigente 1.0000 · nose nan · invento 0.0000 · 0.2 s/paso
  paso 16600 · perdida  1.3056 · GLOBAL 0.7500 · acierto 0.7500 · vigente 0.7500 · nose nan · invento 0.0000 · 0.2 s/paso
  paso 16625 · perdida  0.8560 · GLOBAL 0.7500 · acierto 0.7500 · vigente 0.7500 · nose nan · invento 0.0000 · 0.2 s/paso
  paso 16650 · perdida  0.1766 · GLOBAL 1.0000 · acierto 1.0000 · vigente 1.0000 · nose nan · invento 0.0000 · 0.2 s/paso
  paso 16675 · perdida  0.0007 · GLOBAL 1.0000 · acierto 1.0000 · vigente 1.0000 · nose nan · invento 0.0000 · 0.2 s/paso
  paso 16700 · perdida  0.0107 · GLOBAL 1.0000 · acierto 1.0000 · vigente 1.0000 · nose nan · invento 0.0000 · 0.2 s/paso
  paso 16725 · perdida  0.0740 · GLOBAL 1.0000 · acierto 1.0000 · vigente 1.0000 · nose nan · invento 0.0000 · 0.2 s/paso
  paso 16750 · perdida  0.0022 · GLOBAL 1.0000 · acierto 1.0000 · vigente 1.0000 · nose nan · invento 0.0000 · 0.2 s/paso
  paso 16775 · perdida  0.0073 · GLOBAL 1.0000 · acierto 1.0000 · vigente 1.0000 · nose nan · invento 0.0000 · 0.2 s/paso
  paso 16800 · perdida  0.0009 · GLOBAL 1.0000 · acierto 1.0000 · vigente 1.0000 · nose nan · invento 0.0000 · 0.2 s/paso
  paso 16825 · perdida  0.0019 · GLOBAL 1.0000 · acierto 1.0000 · vigente 1.0000 · nose nan · invento 0.0000 · 0.2 s/paso
  paso 16850 · perdida  0.0418 · GLOBAL 1.0000 · acierto 1.0000 · vigente 1.0000 · nose nan · invento 0.0000 · 0.2 s/paso
  paso 16875 · perdida  0.0031 · GLOBAL 1.0000 · acierto 1.0000 · vigente 1.0000 · nose nan · invento 0.0000 · 0.2 s/paso
  paso 16900 · perdida  1.7565 · GLOBAL 0.7500 · acierto 0.7500 · vigente 0.7500 · nose nan · invento 0.0000 · 0.2 s/paso
  paso 16925 · perdida  0.1399 · GLOBAL 1.0000 · acierto 1.0000 · vigente 1.0000 · nose nan · invento 0.0000 · 0.2 s/paso
  paso 16950 · perdida  0.0031 · GLOBAL 1.0000 · acierto 1.0000 · vigente 1.0000 · nose nan · invento 0.0000 · 0.2 s/paso
  paso 16975 · perdida  0.0233 · GLOBAL 1.0000 · acierto 1.0000 · vigente 1.0000 · nose nan · invento 0.0000 · 0.2 s/paso
  paso 17000 · perdida  0.5070 · GLOBAL 0.7500 · acierto 0.7500 · vigente 0.7500 · nose nan · invento 0.0000 · 0.2 s/paso
  paso 17025 · perdida  0.0320 · GLOBAL 1.0000 · acierto 1.0000 · vigente 1.0000 · nose nan · invento 0.0000 · 0.2 s/paso
  paso 17050 · perdida  0.0033 · GLOBAL 1.0000 · acierto 1.0000 · vigente 1.0000 · nose nan · invento 0.0000 · 0.2 s/paso
  paso 17075 · perdida  0.2600 · GLOBAL 1.0000 · acierto 1.0000 · vigente 1.0000 · nose nan · invento 0.0000 · 0.2 s/paso
  paso 17100 · perdida  0.8740 · GLOBAL 0.7500 · acierto 0.7500 · vigente 0.7500 · nose nan · invento 0.0000 · 0.2 s/paso
  paso 17125 · perdida  0.0052 · GLOBAL 1.0000 · acierto 1.0000 · vigente 1.0000 · nose nan · invento 0.0000 · 0.2 s/paso
  paso 17150 · perdida  0.0084 · GLOBAL 1.0000 · acierto 1.0000 · vigente 1.0000 · nose nan · invento 0.0000 · 0.2 s/paso
  paso 17175 · perdida  0.6961 · GLOBAL 0.7500 · acierto 0.7500 · vigente 0.7500 · nose nan · invento 0.0000 · 0.2 s/paso
  paso 17200 · perdida  0.0041 · GLOBAL 1.0000 · acierto 1.0000 · vigente 1.0000 · nose nan · invento 0.0000 · 0.2 s/paso
  paso 17225 · perdida  0.0767 · GLOBAL 1.0000 · acierto 1.0000 · vigente 1.0000 · nose nan · invento 0.0000 · 0.2 s/paso
  paso 17250 · perdida  0.3665 · GLOBAL 0.7500 · acierto 0.7500 · vigente 0.7500 · nose nan · invento 0.0000 · 0.2 s/paso
  paso 17275 · perdida  0.3720 · GLOBAL 0.7500 · acierto 0.7500 · vigente 0.7500 · nose nan · invento 0.0000 · 0.2 s/paso
  paso 17300 · perdida  0.0006 · GLOBAL 1.0000 · acierto 1.0000 · vigente 1.0000 · nose nan · invento 0.0000 · 0.2 s/paso
  paso 17325 · perdida  0.0181 · GLOBAL 1.0000 · acierto 1.0000 · vigente 1.0000 · nose nan · invento 0.0000 · 0.2 s/paso
  paso 17350 · perdida  0.0313 · GLOBAL 1.0000 · acierto 1.0000 · vigente 1.0000 · nose nan · invento 0.0000 · 0.2 s/paso
  paso 17375 · perdida  2.7903 · GLOBAL 0.7500 · acierto 0.7500 · vigente 0.7500 · nose nan · invento 0.0000 · 0.2 s/paso
  paso 17400 · perdida  0.0162 · GLOBAL 1.0000 · acierto 1.0000 · vigente 1.0000 · nose nan · invento 0.0000 · 0.2 s/paso
  paso 17425 · perdida  0.0936 · GLOBAL 1.0000 · acierto 1.0000 · vigente 1.0000 · nose nan · invento 0.0000 · 0.2 s/paso
  paso 17450 · perdida  1.3926 · GLOBAL 0.5000 · acierto 0.5000 · vigente 0.5000 · nose nan · invento 0.0000 · 0.2 s/paso
  paso 17475 · perdida  0.0580 · GLOBAL 1.0000 · acierto 1.0000 · vigente 1.0000 · nose nan · invento 0.0000 · 0.2 s/paso
  paso 17500 · perdida  0.2568 · GLOBAL 0.7500 · acierto 0.7500 · vigente 0.7500 · nose nan · invento 0.0000 · 0.2 s/paso
  paso 17525 · perdida  0.8517 · GLOBAL 0.7500 · acierto 0.7500 · vigente 0.7500 · nose nan · invento 0.0000 · 0.2 s/paso
  paso 17550 · perdida  0.0099 · GLOBAL 1.0000 · acierto 1.0000 · vigente 1.0000 · nose nan · invento 0.0000 · 0.2 s/paso
  paso 17575 · perdida  0.0581 · GLOBAL 1.0000 · acierto 1.0000 · vigente 1.0000 · nose nan · invento 0.0000 · 0.2 s/paso
  paso 17600 · perdida  0.0270 · GLOBAL 1.0000 · acierto 1.0000 · vigente 1.0000 · nose nan · invento 0.0000 · 0.2 s/paso
  paso 17625 · perdida  0.0052 · GLOBAL 1.0000 · acierto 1.0000 · vigente 1.0000 · nose nan · invento 0.0000 · 0.2 s/paso
  paso 17650 · perdida  0.0344 · GLOBAL 1.0000 · acierto 1.0000 · vigente 1.0000 · nose nan · invento 0.0000 · 0.2 s/paso
  paso 17675 · perdida  0.0084 · GLOBAL 1.0000 · acierto 1.0000 · vigente 1.0000 · nose nan · invento 0.0000 · 0.2 s/paso
  paso 17700 · perdida  1.0826 · GLOBAL 0.7500 · acierto 0.7500 · vigente 0.7500 · nose nan · invento 0.0000 · 0.2 s/paso
  paso 17725 · perdida  0.0155 · GLOBAL 1.0000 · acierto 1.0000 · vigente 1.0000 · nose nan · invento 0.0000 · 0.2 s/paso
  paso 17750 · perdida  0.0017 · GLOBAL 1.0000 · acierto 1.0000 · vigente 1.0000 · nose nan · invento 0.0000 · 0.2 s/paso
  paso 17775 · perdida  0.3254 · GLOBAL 0.7500 · acierto 0.7500 · vigente 0.7500 · nose nan · invento 0.0000 · 0.2 s/paso
  paso 17800 · perdida  0.5788 · GLOBAL 0.7500 · acierto 0.7500 · vigente 0.7500 · nose nan · invento 0.0000 · 0.2 s/paso
  paso 17825 · perdida  0.2446 · GLOBAL 1.0000 · acierto 1.0000 · vigente 1.0000 · nose nan · invento 0.0000 · 0.2 s/paso
  paso 17850 · perdida  0.0127 · GLOBAL 1.0000 · acierto 1.0000 · vigente 1.0000 · nose nan · invento 0.0000 · 0.2 s/paso
  paso 17875 · perdida  0.0284 · GLOBAL 1.0000 · acierto 1.0000 · vigente 1.0000 · nose nan · invento 0.0000 · 0.2 s/paso
  paso 17900 · perdida  0.0343 · GLOBAL 1.0000 · acierto 1.0000 · vigente 1.0000 · nose nan · invento 0.0000 · 0.2 s/paso
  paso 17925 · perdida  0.1553 · GLOBAL 1.0000 · acierto 1.0000 · vigente 1.0000 · nose nan · invento 0.0000 · 0.2 s/paso
  paso 17950 · perdida  0.0247 · GLOBAL 1.0000 · acierto 1.0000 · vigente 1.0000 · nose nan · invento 0.0000 · 0.2 s/paso
  paso 17975 · perdida  1.0220 · GLOBAL 0.7500 · acierto 0.7500 · vigente 0.7500 · nose nan · invento 0.0000 · 0.2 s/paso
  paso 18000 · perdida  0.0013 · GLOBAL 1.0000 · acierto 1.0000 · vigente 1.0000 · nose nan · invento 0.0000 · 0.2 s/paso
  paso 18025 · perdida  0.6334 · GLOBAL 0.5000 · acierto 0.5000 · vigente 0.5000 · nose nan · invento 0.0000 · 0.2 s/paso
  paso 18050 · perdida  0.0377 · GLOBAL 1.0000 · acierto 1.0000 · vigente 1.0000 · nose nan · invento 0.0000 · 0.2 s/paso
  paso 18075 · perdida  0.1042 · GLOBAL 1.0000 · acierto 1.0000 · vigente 1.0000 · nose nan · invento 0.0000 · 0.2 s/paso
  paso 18100 · perdida  0.7835 · GLOBAL 0.7500 · acierto 0.7500 · vigente 0.7500 · nose nan · invento 0.0000 · 0.2 s/paso
  paso 18125 · perdida  0.0075 · GLOBAL 1.0000 · acierto 1.0000 · vigente 1.0000 · nose nan · invento 0.0000 · 0.2 s/paso
  paso 18150 · perdida  0.0025 · GLOBAL 1.0000 · acierto 1.0000 · vigente 1.0000 · nose nan · invento 0.0000 · 0.2 s/paso
  paso 18175 · perdida  0.1793 · GLOBAL 1.0000 · acierto 1.0000 · vigente 1.0000 · nose nan · invento 0.0000 · 0.2 s/paso
  paso 18200 · perdida  0.0047 · GLOBAL 1.0000 · acierto 1.0000 · vigente 1.0000 · nose nan · invento 0.0000 · 0.2 s/paso
  paso 18225 · perdida  0.0043 · GLOBAL 1.0000 · acierto 1.0000 · vigente 1.0000 · nose nan · invento 0.0000 · 0.2 s/paso
  paso 18250 · perdida  0.0701 · GLOBAL 1.0000 · acierto 1.0000 · vigente 1.0000 · nose nan · invento 0.0000 · 0.2 s/paso
  paso 18275 · perdida  0.2939 · GLOBAL 0.7500 · acierto 0.7500 · vigente 0.7500 · nose nan · invento 0.0000 · 0.2 s/paso
  paso 18300 · perdida  0.0018 · GLOBAL 1.0000 · acierto 1.0000 · vigente 1.0000 · nose nan · invento 0.0000 · 0.2 s/paso
  paso 18325 · perdida  0.9497 · GLOBAL 0.7500 · acierto 0.7500 · vigente 0.7500 · nose nan · invento 0.0000 · 0.2 s/paso
  paso 18350 · perdida  0.1842 · GLOBAL 0.7500 · acierto 0.7500 · vigente 0.7500 · nose nan · invento 0.0000 · 0.2 s/paso
  paso 18375 · perdida  0.0035 · GLOBAL 1.0000 · acierto 1.0000 · vigente 1.0000 · nose nan · invento 0.0000 · 0.2 s/paso
  paso 18400 · perdida  0.0437 · GLOBAL 1.0000 · acierto 1.0000 · vigente 1.0000 · nose nan · invento 0.0000 · 0.2 s/paso
  paso 18425 · perdida  0.0161 · GLOBAL 1.0000 · acierto 1.0000 · vigente 1.0000 · nose nan · invento 0.0000 · 0.2 s/paso
  paso 18450 · perdida  2.7906 · GLOBAL 0.7500 · acierto 0.7500 · vigente 0.7500 · nose nan · invento 0.0000 · 0.2 s/paso
  paso 18475 · perdida  1.7750 · GLOBAL 0.5000 · acierto 0.5000 · vigente 0.5000 · nose nan · invento 0.0000 · 0.2 s/paso
  paso 18500 · perdida  0.0215 · GLOBAL 1.0000 · acierto 1.0000 · vigente 1.0000 · nose nan · invento 0.0000 · 0.2 s/paso
  paso 18525 · perdida  0.0199 · GLOBAL 1.0000 · acierto 1.0000 · vigente 1.0000 · nose nan · invento 0.0000 · 0.2 s/paso
  paso 18550 · perdida  0.0934 · GLOBAL 1.0000 · acierto 1.0000 · vigente 1.0000 · nose nan · invento 0.0000 · 0.2 s/paso
  paso 18575 · perdida  0.2083 · GLOBAL 0.7500 · acierto 0.7500 · vigente 0.7500 · nose nan · invento 0.0000 · 0.2 s/paso
  paso 18600 · perdida  0.0129 · GLOBAL 1.0000 · acierto 1.0000 · vigente 1.0000 · nose nan · invento 0.0000 · 0.2 s/paso
  paso 18625 · perdida  0.0072 · GLOBAL 1.0000 · acierto 1.0000 · vigente 1.0000 · nose nan · invento 0.0000 · 0.2 s/paso
  paso 18650 · perdida  0.2606 · GLOBAL 0.7500 · acierto 0.7500 · vigente 0.7500 · nose nan · invento 0.0000 · 0.2 s/paso
  paso 18675 · perdida  1.1085 · GLOBAL 0.7500 · acierto 0.7500 · vigente 0.7500 · nose nan · invento 0.0000 · 0.2 s/paso
  paso 18700 · perdida  0.1110 · GLOBAL 1.0000 · acierto 1.0000 · vigente 1.0000 · nose nan · invento 0.0000 · 0.2 s/paso
  paso 18725 · perdida  0.0500 · GLOBAL 1.0000 · acierto 1.0000 · vigente 1.0000 · nose nan · invento 0.0000 · 0.2 s/paso
  paso 18750 · perdida  0.4906 · GLOBAL 0.7500 · acierto 0.7500 · vigente 0.7500 · nose nan · invento 0.0000 · 0.2 s/paso
  paso 18775 · perdida  0.0481 · GLOBAL 1.0000 · acierto 1.0000 · vigente 1.0000 · nose nan · invento 0.0000 · 0.2 s/paso
  paso 18800 · perdida  0.0703 · GLOBAL 1.0000 · acierto 1.0000 · vigente 1.0000 · nose nan · invento 0.0000 · 0.2 s/paso
  paso 18825 · perdida  0.0046 · GLOBAL 1.0000 · acierto 1.0000 · vigente 1.0000 · nose nan · invento 0.0000 · 0.2 s/paso
  paso 18850 · perdida  0.0004 · GLOBAL 1.0000 · acierto 1.0000 · vigente 1.0000 · nose nan · invento 0.0000 · 0.2 s/paso
  paso 18875 · perdida  1.1796 · GLOBAL 0.7500 · acierto 0.7500 · vigente 0.7500 · nose nan · invento 0.0000 · 0.2 s/paso
  paso 18900 · perdida  0.0566 · GLOBAL 1.0000 · acierto 1.0000 · vigente 1.0000 · nose nan · invento 0.0000 · 0.2 s/paso
  paso 18925 · perdida  0.1332 · GLOBAL 1.0000 · acierto 1.0000 · vigente 1.0000 · nose nan · invento 0.0000 · 0.2 s/paso
  paso 18950 · perdida  0.0590 · GLOBAL 1.0000 · acierto 1.0000 · vigente 1.0000 · nose nan · invento 0.0000 · 0.2 s/paso
  paso 18975 · perdida  0.0139 · GLOBAL 1.0000 · acierto 1.0000 · vigente 1.0000 · nose nan · invento 0.0000 · 0.2 s/paso
  paso 19000 · perdida  0.0037 · GLOBAL 1.0000 · acierto 1.0000 · vigente 1.0000 · nose nan · invento 0.0000 · 0.2 s/paso
  paso 19025 · perdida  0.0046 · GLOBAL 1.0000 · acierto 1.0000 · vigente 1.0000 · nose nan · invento 0.0000 · 0.2 s/paso
  paso 19050 · perdida  0.0028 · GLOBAL 1.0000 · acierto 1.0000 · vigente 1.0000 · nose nan · invento 0.0000 · 0.2 s/paso
  paso 19075 · perdida  0.0643 · GLOBAL 1.0000 · acierto 1.0000 · vigente 1.0000 · nose nan · invento 0.0000 · 0.2 s/paso
  paso 19100 · perdida  1.5616 · GLOBAL 0.5000 · acierto 0.5000 · vigente 0.5000 · nose nan · invento 0.0000 · 0.2 s/paso
  paso 19125 · perdida  0.0018 · GLOBAL 1.0000 · acierto 1.0000 · vigente 1.0000 · nose nan · invento 0.0000 · 0.2 s/paso
  paso 19150 · perdida  0.0650 · GLOBAL 1.0000 · acierto 1.0000 · vigente 1.0000 · nose nan · invento 0.0000 · 0.2 s/paso
  paso 19175 · perdida  0.0061 · GLOBAL 1.0000 · acierto 1.0000 · vigente 1.0000 · nose nan · invento 0.0000 · 0.2 s/paso
  paso 19200 · perdida  0.2414 · GLOBAL 1.0000 · acierto 1.0000 · vigente 1.0000 · nose nan · invento 0.0000 · 0.2 s/paso
  paso 19225 · perdida  0.2066 · GLOBAL 0.7500 · acierto 0.7500 · vigente 0.7500 · nose nan · invento 0.0000 · 0.2 s/paso
  paso 19250 · perdida  0.0063 · GLOBAL 1.0000 · acierto 1.0000 · vigente 1.0000 · nose nan · invento 0.0000 · 0.2 s/paso
  paso 19275 · perdida  0.0122 · GLOBAL 1.0000 · acierto 1.0000 · vigente 1.0000 · nose nan · invento 0.0000 · 0.2 s/paso
  paso 19300 · perdida  0.0027 · GLOBAL 1.0000 · acierto 1.0000 · vigente 1.0000 · nose nan · invento 0.0000 · 0.2 s/paso
  paso 19325 · perdida  0.0027 · GLOBAL 1.0000 · acierto 1.0000 · vigente 1.0000 · nose nan · invento 0.0000 · 0.2 s/paso
  paso 19350 · perdida  0.1375 · GLOBAL 1.0000 · acierto 1.0000 · vigente 1.0000 · nose nan · invento 0.0000 · 0.2 s/paso
  paso 19375 · perdida  0.7991 · GLOBAL 0.7500 · acierto 0.7500 · vigente 0.7500 · nose nan · invento 0.0000 · 0.2 s/paso
  paso 19400 · perdida  0.0329 · GLOBAL 1.0000 · acierto 1.0000 · vigente 1.0000 · nose nan · invento 0.0000 · 0.2 s/paso
  paso 19425 · perdida  0.0193 · GLOBAL 1.0000 · acierto 1.0000 · vigente 1.0000 · nose nan · invento 0.0000 · 0.2 s/paso
  paso 19450 · perdida  0.2302 · GLOBAL 0.7500 · acierto 0.7500 · vigente 0.7500 · nose nan · invento 0.0000 · 0.2 s/paso
  paso 19475 · perdida  0.0299 · GLOBAL 1.0000 · acierto 1.0000 · vigente 1.0000 · nose nan · invento 0.0000 · 0.2 s/paso
  paso 19500 · perdida  0.0088 · GLOBAL 1.0000 · acierto 1.0000 · vigente 1.0000 · nose nan · invento 0.0000 · 0.2 s/paso
  paso 19525 · perdida  1.7409 · GLOBAL 0.7500 · acierto 0.7500 · vigente 0.7500 · nose nan · invento 0.0000 · 0.2 s/paso
  paso 19550 · perdida  0.2258 · GLOBAL 0.7500 · acierto 0.7500 · vigente 0.7500 · nose nan · invento 0.0000 · 0.2 s/paso
  paso 19575 · perdida  0.0034 · GLOBAL 1.0000 · acierto 1.0000 · vigente 1.0000 · nose nan · invento 0.0000 · 0.2 s/paso
  paso 19600 · perdida  0.0018 · GLOBAL 1.0000 · acierto 1.0000 · vigente 1.0000 · nose nan · invento 0.0000 · 0.2 s/paso
  paso 19625 · perdida  0.0115 · GLOBAL 1.0000 · acierto 1.0000 · vigente 1.0000 · nose nan · invento 0.0000 · 0.2 s/paso
  paso 19650 · perdida  0.5013 · GLOBAL 0.7500 · acierto 0.7500 · vigente 0.7500 · nose nan · invento 0.0000 · 0.2 s/paso
  paso 19675 · perdida  0.0377 · GLOBAL 1.0000 · acierto 1.0000 · vigente 1.0000 · nose nan · invento 0.0000 · 0.2 s/paso
  paso 19700 · perdida  0.0059 · GLOBAL 1.0000 · acierto 1.0000 · vigente 1.0000 · nose nan · invento 0.0000 · 0.2 s/paso
  paso 19725 · perdida  0.0284 · GLOBAL 1.0000 · acierto 1.0000 · vigente 1.0000 · nose nan · invento 0.0000 · 0.2 s/paso
  paso 19750 · perdida  0.0045 · GLOBAL 1.0000 · acierto 1.0000 · vigente 1.0000 · nose nan · invento 0.0000 · 0.2 s/paso
  paso 19775 · perdida  0.4076 · GLOBAL 0.7500 · acierto 0.7500 · vigente 0.7500 · nose nan · invento 0.0000 · 0.2 s/paso
  paso 19800 · perdida  0.0046 · GLOBAL 1.0000 · acierto 1.0000 · vigente 1.0000 · nose nan · invento 0.0000 · 0.2 s/paso
  paso 19825 · perdida  0.2278 · GLOBAL 1.0000 · acierto 1.0000 · vigente 1.0000 · nose nan · invento 0.0000 · 0.2 s/paso
  paso 19850 · perdida  0.4135 · GLOBAL 0.7500 · acierto 0.7500 · vigente 0.7500 · nose nan · invento 0.0000 · 0.2 s/paso
  paso 19875 · perdida  0.0492 · GLOBAL 1.0000 · acierto 1.0000 · vigente 1.0000 · nose nan · invento 0.0000 · 0.2 s/paso
  paso 19900 · perdida  0.0130 · GLOBAL 1.0000 · acierto 1.0000 · vigente 1.0000 · nose nan · invento 0.0000 · 0.2 s/paso
  paso 19925 · perdida  0.0263 · GLOBAL 1.0000 · acierto 1.0000 · vigente 1.0000 · nose nan · invento 0.0000 · 0.2 s/paso
  paso 19950 · perdida  0.0059 · GLOBAL 1.0000 · acierto 1.0000 · vigente 1.0000 · nose nan · invento 0.0000 · 0.2 s/paso
  paso 19975 · perdida  0.8035 · GLOBAL 0.7500 · acierto 0.7500 · vigente 0.7500 · nose nan · invento 0.0000 · 0.2 s/paso
  paso 20000 · perdida  0.0174 · GLOBAL 1.0000 · acierto 1.0000 · vigente 1.0000 · nose nan · invento 0.0000 · 0.2 s/paso

  CONTROLES sobre el ultimo lote:
    con archivo        GLOBAL 1.0000 · acierto 1.0000 · vigente 1.0000 · nose nan · invento 0.0000
    BARAJADO           GLOBAL 0.0000 · acierto 0.0000 · vigente 0.0000 · nose nan · invento 0.0000
    VACIO (ceros)      GLOBAL 0.0000 · acierto 0.0000 · vigente 0.0000 · nose nan · invento 0.0000
    lectura APAGADA    GLOBAL 0.0000 · acierto 0.0000 · vigente 0.0000 · nose nan · invento 0.0000

    BARAJADO alto = no lee el archivo · VACIO alto = contesta desde el preentrenamiento
    (VACIO es el control que pedia el plan por vocabulario abierto)

  escrito /content/banco_verlargo_s0.json

listo en 53.7 min
