== banco_ent15_s0 en la cuenta G · sesion NUEVA banco_g_1558 · 20000 pasos
[colab] Creating session 'banco_g_1558'...
[colab] Session READY.
[colab] Uploaded '/tmp/tmp.FLgdaFNgxR/banco.tgz' to '/content/banco.tgz'
entorno 2.11.0+cu128 5.16.1 True 
cmd /usr/bin/python3 -u banco_escalado.py --semilla 0 --pasos 20000 --cada 25 --salida /content/banco_ent15_s0.json --n-ent 15 --n-val 8 --n-rel 1 --batch 4 --distractores 4 --arch 4 --p-dos 0 --p-una 1
lanzado pid 4013
VIVO= True
ULTIMO= paso  775 · perdida  1.8478 · GLOBAL 0.2500 · acierto 0.2500 · vigente nan · nose nan · invento 0.0000 · 0.1 s/paso
VIVO= True
ULTIMO= paso 1725 · perdida  0.0814 · GLOBAL 1.0000 · acierto 1.0000 · vigente nan · nose nan · invento 0.0000 · 0.1 s/paso
VIVO= True
ULTIMO= paso 2675 · perdida  0.0002 · GLOBAL 1.0000 · acierto 1.0000 · vigente nan · nose nan · invento 0.0000 · 0.1 s/paso
VIVO= True
ULTIMO= paso 3625 · perdida  0.0000 · GLOBAL 1.0000 · acierto 1.0000 · vigente nan · nose nan · invento 0.0000 · 0.1 s/paso
VIVO= True
ULTIMO= paso 4575 · perdida  0.0000 · GLOBAL 1.0000 · acierto 1.0000 · vigente nan · nose nan · invento 0.0000 · 0.1 s/paso
VIVO= True
ULTIMO= paso 5525 · perdida  0.0000 · GLOBAL 1.0000 · acierto 1.0000 · vigente nan · nose nan · invento 0.0000 · 0.1 s/paso
VIVO= True
ULTIMO= paso 6475 · perdida  0.0000 · GLOBAL 1.0000 · acierto 1.0000 · vigente nan · nose nan · invento 0.0000 · 0.1 s/paso
VIVO= True
ULTIMO= paso 7425 · perdida  0.0000 · GLOBAL 1.0000 · acierto 1.0000 · vigente nan · nose nan · invento 0.0000 · 0.1 s/paso
VIVO= True
ULTIMO= paso 8375 · perdida  0.0000 · GLOBAL 1.0000 · acierto 1.0000 · vigente nan · nose nan · invento 0.0000 · 0.1 s/paso
VIVO= True
ULTIMO= paso 9325 · perdida  0.0000 · GLOBAL 1.0000 · acierto 1.0000 · vigente nan · nose nan · invento 0.0000 · 0.1 s/paso
VIVO= True
ULTIMO= paso 10275 · perdida  0.0000 · GLOBAL 1.0000 · acierto 1.0000 · vigente nan · nose nan · invento 0.0000 · 0.1 s/paso
VIVO= True
ULTIMO= paso 11225 · perdida  0.0000 · GLOBAL 1.0000 · acierto 1.0000 · vigente nan · nose nan · invento 0.0000 · 0.1 s/paso
VIVO= True
ULTIMO= paso 12175 · perdida  0.0000 · GLOBAL 1.0000 · acierto 1.0000 · vigente nan · nose nan · invento 0.0000 · 0.1 s/paso
VIVO= True
ULTIMO= paso 13100 · perdida  0.0000 · GLOBAL 1.0000 · acierto 1.0000 · vigente nan · nose nan · invento 0.0000 · 0.1 s/paso
VIVO= True
ULTIMO= paso 14050 · perdida  0.0000 · GLOBAL 1.0000 · acierto 1.0000 · vigente nan · nose nan · invento 0.0000 · 0.1 s/paso
VIVO= True
ULTIMO= paso 14975 · perdida  0.0000 · GLOBAL 1.0000 · acierto 1.0000 · vigente nan · nose nan · invento 0.0000 · 0.1 s/paso
VIVO= True
ULTIMO= paso 16000 · perdida  0.0000 · GLOBAL 1.0000 · acierto 1.0000 · vigente nan · nose nan · invento 0.0000 · 0.1 s/paso
VIVO= True
ULTIMO= paso 16950 · perdida  0.0000 · GLOBAL 1.0000 · acierto 1.0000 · vigente nan · nose nan · invento 0.0000 · 0.1 s/paso
VIVO= True
ULTIMO= paso 17900 · perdida  0.0000 · GLOBAL 1.0000 · acierto 1.0000 · vigente nan · nose nan · invento 0.0000 · 0.1 s/paso
VIVO= True
ULTIMO= paso 18825 · perdida  0.0000 · GLOBAL 1.0000 · acierto 1.0000 · vigente nan · nose nan · invento 0.0000 · 0.1 s/paso
VIVO= True
ULTIMO= paso 19775 · perdida  0.0002 · GLOBAL 1.0000 · acierto 1.0000 · vigente nan · nose nan · invento 0.0000 · 0.1 s/paso
VIVO= False
ULTIMO= listo en 43.0 min
[colab] Downloaded '/content/banco_ent15_s0.json' to '/home/maxi/Disco_de_Guardado/Carpetas_Usuario/Documentos/Nuevo Transformer/delta-archivo/modelo_real/banco_ent15_s0.json'
[colab] Downloaded '/content/banco.log' to '/home/maxi/Disco_de_Guardado/Carpetas_Usuario/Documentos/Nuevo Transformer/delta-archivo/modelo_real/banco_ent15_s0.log'
== banco_ent15_s0 LISTO
