Warning: You are sending unauthenticated requests to the HF Hub. Please set a HF_TOKEN to enable higher rate limits and faster downloads.
Loading weights:   0%|          | 0/201 [00:00<?, ?it/s]Loading weights:   0%|          | 1/201 [00:00<00:41,  4.87it/s]Loading weights:   7%|▋         | 15/201 [00:00<00:03, 55.46it/s]Loading weights:  15%|█▌        | 31/201 [00:00<00:01, 85.21it/s]Loading weights:  21%|██        | 42/201 [00:00<00:01, 92.31it/s]Loading weights:  29%|██▉       | 58/201 [00:00<00:01, 108.45it/s]Loading weights:  35%|███▍      | 70/201 [00:00<00:01, 106.02it/s]Loading weights:  42%|████▏     | 85/201 [00:00<00:01, 113.04it/s]Loading weights:  48%|████▊     | 97/201 [00:01<00:00, 108.66it/s]Loading weights:  56%|█████▌    | 112/201 [00:01<00:00, 114.10it/s]Loading weights:  62%|██████▏   | 124/201 [00:01<00:00, 111.73it/s]Loading weights:  69%|██████▉   | 139/201 [00:01<00:00, 114.14it/s]Loading weights:  75%|███████▌  | 151/201 [00:01<00:00, 101.55it/s]Loading weights:  83%|████████▎ | 166/201 [00:01<00:00, 108.81it/s]Loading weights:  89%|████████▊ | 178/201 [00:01<00:00, 103.96it/s]Loading weights:  96%|█████████▌| 193/201 [00:01<00:00, 102.71it/s]Loading weights: 100%|██████████| 201/201 [00:01<00:00, 102.44it/s]
DENSO · atencion completa en las 22 capas · sin conv corta
TinyLlama/TinyLlama-1.1B-Chat-v1.0 · 1.10 B CONGELADOS · entrenables 2.11 M (0.192 %) · rango 256 · cuda
escritura capa 11 · lectura capa 2 · 15 entidades · 8 valores · 2 relaciones · batch 4 · archivo 8 · 22 bloques
abstencion 'None' -> 6213 · piso trivial de responder al azar 1/8 = 0.1250
PISO DEL MUDO: abstenerse SIEMPRE da GLOBAL 0.4000. Por debajo de eso el modelo es peor que el silencio.
calentando 3000 pasos sin casos de abstencion
  paso    1 · perdida  6.7166 · GLOBAL 0.0000 · acierto 0.0000 · vigente 0.0000 · nose nan (rel nan/aus nan) · invento 0.0000 · 1.4 s/paso  (calentando, sin abstencion)
  paso   25 · perdida  3.2571 · GLOBAL 0.2500 · acierto 0.2500 · vigente 0.0000 · nose nan (rel nan/aus nan) · invento 0.0000 · 0.2 s/paso  (calentando, sin abstencion)
  paso   50 · perdida  3.0476 · GLOBAL 0.0000 · acierto 0.0000 · vigente 0.0000 · nose nan (rel nan/aus nan) · invento 0.0000 · 0.2 s/paso  (calentando, sin abstencion)
  paso   75 · perdida  2.6848 · GLOBAL 0.0000 · acierto 0.0000 · vigente 0.0000 · nose nan (rel nan/aus nan) · invento 0.0000 · 0.2 s/paso  (calentando, sin abstencion)
  paso  100 · perdida  2.0155 · GLOBAL 0.2500 · acierto 0.2500 · vigente nan · nose nan (rel nan/aus nan) · invento 0.0000 · 0.2 s/paso  (calentando, sin abstencion)
  paso  125 · perdida  1.9632 · GLOBAL 0.2500 · acierto 0.2500 · vigente 0.0000 · nose nan (rel nan/aus nan) · invento 0.0000 · 0.2 s/paso  (calentando, sin abstencion)
  paso  150 · perdida  2.2913 · GLOBAL 0.0000 · acierto 0.0000 · vigente 0.0000 · nose nan (rel nan/aus nan) · invento 0.0000 · 0.2 s/paso  (calentando, sin abstencion)
  paso  175 · perdida  2.4002 · GLOBAL 0.0000 · acierto 0.0000 · vigente 0.0000 · nose nan (rel nan/aus nan) · invento 0.0000 · 0.2 s/paso  (calentando, sin abstencion)
  paso  200 · perdida  2.6805 · GLOBAL 0.0000 · acierto 0.0000 · vigente 0.0000 · nose nan (rel nan/aus nan) · invento 0.0000 · 0.2 s/paso  (calentando, sin abstencion)
  paso  225 · perdida  2.0928 · GLOBAL 0.2500 · acierto 0.2500 · vigente 0.5000 · nose nan (rel nan/aus nan) · invento 0.0000 · 0.2 s/paso  (calentando, sin abstencion)
  paso  250 · perdida  1.9359 · GLOBAL 0.5000 · acierto 0.5000 · vigente 0.5000 · nose nan (rel nan/aus nan) · invento 0.0000 · 0.1 s/paso  (calentando, sin abstencion)
  paso  275 · perdida  2.0762 · GLOBAL 0.0000 · acierto 0.0000 · vigente 0.0000 · nose nan (rel nan/aus nan) · invento 0.0000 · 0.1 s/paso  (calentando, sin abstencion)
  paso  300 · perdida  2.1467 · GLOBAL 0.0000 · acierto 0.0000 · vigente 0.0000 · nose nan (rel nan/aus nan) · invento 0.0000 · 0.2 s/paso  (calentando, sin abstencion)
  paso  325 · perdida  2.1827 · GLOBAL 0.0000 · acierto 0.0000 · vigente 0.0000 · nose nan (rel nan/aus nan) · invento 0.0000 · 0.1 s/paso  (calentando, sin abstencion)
  paso  350 · perdida  1.8809 · GLOBAL 0.0000 · acierto 0.0000 · vigente 0.0000 · nose nan (rel nan/aus nan) · invento 0.0000 · 0.1 s/paso  (calentando, sin abstencion)
  paso  375 · perdida  2.1910 · GLOBAL 0.0000 · acierto 0.0000 · vigente 0.0000 · nose nan (rel nan/aus nan) · invento 0.0000 · 0.1 s/paso  (calentando, sin abstencion)
  paso  400 · perdida  2.1597 · GLOBAL 0.0000 · acierto 0.0000 · vigente nan · nose nan (rel nan/aus nan) · invento 0.0000 · 0.1 s/paso  (calentando, sin abstencion)
  paso  425 · perdida  2.3914 · GLOBAL 0.0000 · acierto 0.0000 · vigente 0.0000 · nose nan (rel nan/aus nan) · invento 0.0000 · 0.1 s/paso  (calentando, sin abstencion)
  paso  450 · perdida  2.3140 · GLOBAL 0.0000 · acierto 0.0000 · vigente 0.0000 · nose nan (rel nan/aus nan) · invento 0.0000 · 0.2 s/paso  (calentando, sin abstencion)
  paso  475 · perdida  2.0132 · GLOBAL 0.2500 · acierto 0.2500 · vigente 0.5000 · nose nan (rel nan/aus nan) · invento 0.0000 · 0.2 s/paso  (calentando, sin abstencion)
  paso  500 · perdida  2.1303 · GLOBAL 0.0000 · acierto 0.0000 · vigente 0.0000 · nose nan (rel nan/aus nan) · invento 0.0000 · 0.2 s/paso  (calentando, sin abstencion)
  paso  525 · perdida  1.7198 · GLOBAL 0.2500 · acierto 0.2500 · vigente 0.0000 · nose nan (rel nan/aus nan) · invento 0.0000 · 0.2 s/paso  (calentando, sin abstencion)
  paso  550 · perdida  1.9844 · GLOBAL 0.2500 · acierto 0.2500 · vigente 0.0000 · nose nan (rel nan/aus nan) · invento 0.0000 · 0.2 s/paso  (calentando, sin abstencion)
  paso  575 · perdida  2.4994 · GLOBAL 0.0000 · acierto 0.0000 · vigente 0.0000 · nose nan (rel nan/aus nan) · invento 0.0000 · 0.2 s/paso  (calentando, sin abstencion)
  paso  600 · perdida  2.2912 · GLOBAL 0.0000 · acierto 0.0000 · vigente 0.0000 · nose nan (rel nan/aus nan) · invento 0.0000 · 0.2 s/paso  (calentando, sin abstencion)
  paso  625 · perdida  2.3475 · GLOBAL 0.0000 · acierto 0.0000 · vigente 0.0000 · nose nan (rel nan/aus nan) · invento 0.0000 · 0.2 s/paso  (calentando, sin abstencion)
  paso  650 · perdida  2.2354 · GLOBAL 0.2500 · acierto 0.2500 · vigente 0.5000 · nose nan (rel nan/aus nan) · invento 0.0000 · 0.2 s/paso  (calentando, sin abstencion)
  paso  675 · perdida  2.2115 · GLOBAL 0.0000 · acierto 0.0000 · vigente 0.0000 · nose nan (rel nan/aus nan) · invento 0.0000 · 0.2 s/paso  (calentando, sin abstencion)
  paso  700 · perdida  2.3903 · GLOBAL 0.0000 · acierto 0.0000 · vigente 0.0000 · nose nan (rel nan/aus nan) · invento 0.0000 · 0.2 s/paso  (calentando, sin abstencion)
  paso  725 · perdida  2.0864 · GLOBAL 0.2500 · acierto 0.2500 · vigente 0.0000 · nose nan (rel nan/aus nan) · invento 0.0000 · 0.2 s/paso  (calentando, sin abstencion)
  paso  750 · perdida  1.9547 · GLOBAL 0.2500 · acierto 0.2500 · vigente 1.0000 · nose nan (rel nan/aus nan) · invento 0.0000 · 0.2 s/paso  (calentando, sin abstencion)
  paso  775 · perdida  2.1981 · GLOBAL 0.0000 · acierto 0.0000 · vigente 0.0000 · nose nan (rel nan/aus nan) · invento 0.0000 · 0.2 s/paso  (calentando, sin abstencion)
  paso  800 · perdida  2.4329 · GLOBAL 0.0000 · acierto 0.0000 · vigente 0.0000 · nose nan (rel nan/aus nan) · invento 0.0000 · 0.2 s/paso  (calentando, sin abstencion)
  paso  825 · perdida  2.5794 · GLOBAL 0.0000 · acierto 0.0000 · vigente 0.0000 · nose nan (rel nan/aus nan) · invento 0.0000 · 0.2 s/paso  (calentando, sin abstencion)
  paso  850 · perdida  2.3772 · GLOBAL 0.2500 · acierto 0.2500 · vigente 0.0000 · nose nan (rel nan/aus nan) · invento 0.0000 · 0.2 s/paso  (calentando, sin abstencion)
  paso  875 · perdida  2.2639 · GLOBAL 0.0000 · acierto 0.0000 · vigente 0.0000 · nose nan (rel nan/aus nan) · invento 0.0000 · 0.2 s/paso  (calentando, sin abstencion)
  paso  900 · perdida  1.9172 · GLOBAL 0.5000 · acierto 0.5000 · vigente 0.0000 · nose nan (rel nan/aus nan) · invento 0.0000 · 0.2 s/paso  (calentando, sin abstencion)
  paso  925 · perdida  2.1451 · GLOBAL 0.0000 · acierto 0.0000 · vigente 0.0000 · nose nan (rel nan/aus nan) · invento 0.0000 · 0.2 s/paso  (calentando, sin abstencion)
  paso  950 · perdida  2.3894 · GLOBAL 0.2500 · acierto 0.2500 · vigente nan · nose nan (rel nan/aus nan) · invento 0.0000 · 0.2 s/paso  (calentando, sin abstencion)
  paso  975 · perdida  2.0757 · GLOBAL 0.2500 · acierto 0.2500 · vigente 0.0000 · nose nan (rel nan/aus nan) · invento 0.0000 · 0.2 s/paso  (calentando, sin abstencion)
  paso 1000 · perdida  1.6436 · GLOBAL 0.5000 · acierto 0.5000 · vigente 0.0000 · nose nan (rel nan/aus nan) · invento 0.0000 · 0.2 s/paso  (calentando, sin abstencion)
  paso 1025 · perdida  1.8844 · GLOBAL 0.2500 · acierto 0.2500 · vigente 0.3333 · nose nan (rel nan/aus nan) · invento 0.0000 · 0.2 s/paso  (calentando, sin abstencion)
  paso 1050 · perdida  2.6568 · GLOBAL 0.0000 · acierto 0.0000 · vigente nan · nose nan (rel nan/aus nan) · invento 0.0000 · 0.2 s/paso  (calentando, sin abstencion)
  paso 1075 · perdida  2.3143 · GLOBAL 0.2500 · acierto 0.2500 · vigente 0.5000 · nose nan (rel nan/aus nan) · invento 0.0000 · 0.2 s/paso  (calentando, sin abstencion)
  paso 1100 · perdida  1.7430 · GLOBAL 0.2500 · acierto 0.2500 · vigente 0.5000 · nose nan (rel nan/aus nan) · invento 0.0000 · 0.2 s/paso  (calentando, sin abstencion)
  paso 1125 · perdida  2.3335 · GLOBAL 0.2500 · acierto 0.2500 · vigente 0.0000 · nose nan (rel nan/aus nan) · invento 0.0000 · 0.2 s/paso  (calentando, sin abstencion)
  paso 1150 · perdida  2.0952 · GLOBAL 0.2500 · acierto 0.2500 · vigente nan · nose nan (rel nan/aus nan) · invento 0.0000 · 0.2 s/paso  (calentando, sin abstencion)
  paso 1175 · perdida  2.1363 · GLOBAL 0.2500 · acierto 0.2500 · vigente 0.0000 · nose nan (rel nan/aus nan) · invento 0.0000 · 0.2 s/paso  (calentando, sin abstencion)
  paso 1200 · perdida  1.6602 · GLOBAL 0.2500 · acierto 0.2500 · vigente 0.0000 · nose nan (rel nan/aus nan) · invento 0.0000 · 0.2 s/paso  (calentando, sin abstencion)
  paso 1225 · perdida  1.8949 · GLOBAL 0.2500 · acierto 0.2500 · vigente 1.0000 · nose nan (rel nan/aus nan) · invento 0.0000 · 0.2 s/paso  (calentando, sin abstencion)
  paso 1250 · perdida  1.7576 · GLOBAL 0.2500 · acierto 0.2500 · vigente 0.0000 · nose nan (rel nan/aus nan) · invento 0.0000 · 0.2 s/paso  (calentando, sin abstencion)
  paso 1275 · perdida  2.3397 · GLOBAL 0.0000 · acierto 0.0000 · vigente 0.0000 · nose nan (rel nan/aus nan) · invento 0.0000 · 0.2 s/paso  (calentando, sin abstencion)
  paso 1300 · perdida  2.0662 · GLOBAL 0.2500 · acierto 0.2500 · vigente 0.0000 · nose nan (rel nan/aus nan) · invento 0.0000 · 0.2 s/paso  (calentando, sin abstencion)
  paso 1325 · perdida  2.2190 · GLOBAL 0.2500 · acierto 0.2500 · vigente 0.0000 · nose nan (rel nan/aus nan) · invento 0.0000 · 0.2 s/paso  (calentando, sin abstencion)
  paso 1350 · perdida  2.2031 · GLOBAL 0.0000 · acierto 0.0000 · vigente nan · nose nan (rel nan/aus nan) · invento 0.0000 · 0.2 s/paso  (calentando, sin abstencion)
  paso 1375 · perdida  1.7633 · GLOBAL 0.2500 · acierto 0.2500 · vigente 0.0000 · nose nan (rel nan/aus nan) · invento 0.0000 · 0.2 s/paso  (calentando, sin abstencion)
  paso 1400 · perdida  1.6185 · GLOBAL 0.5000 · acierto 0.5000 · vigente 0.0000 · nose nan (rel nan/aus nan) · invento 0.0000 · 0.2 s/paso  (calentando, sin abstencion)
  paso 1425 · perdida  1.8959 · GLOBAL 0.2500 · acierto 0.2500 · vigente 0.0000 · nose nan (rel nan/aus nan) · invento 0.0000 · 0.2 s/paso  (calentando, sin abstencion)
  paso 1450 · perdida  2.5624 · GLOBAL 0.0000 · acierto 0.0000 · vigente 0.0000 · nose nan (rel nan/aus nan) · invento 0.0000 · 0.2 s/paso  (calentando, sin abstencion)
  paso 1475 · perdida  1.5240 · GLOBAL 0.5000 · acierto 0.5000 · vigente 1.0000 · nose nan (rel nan/aus nan) · invento 0.0000 · 0.2 s/paso  (calentando, sin abstencion)
  paso 1500 · perdida  1.8203 · GLOBAL 0.2500 · acierto 0.2500 · vigente 0.0000 · nose nan (rel nan/aus nan) · invento 0.0000 · 0.2 s/paso  (calentando, sin abstencion)
  paso 1525 · perdida  2.0145 · GLOBAL 0.2500 · acierto 0.2500 · vigente 1.0000 · nose nan (rel nan/aus nan) · invento 0.0000 · 0.2 s/paso  (calentando, sin abstencion)
  paso 1550 · perdida  1.8111 · GLOBAL 0.2500 · acierto 0.2500 · vigente 0.3333 · nose nan (rel nan/aus nan) · invento 0.0000 · 0.2 s/paso  (calentando, sin abstencion)
  paso 1575 · perdida  2.3281 · GLOBAL 0.0000 · acierto 0.0000 · vigente 0.0000 · nose nan (rel nan/aus nan) · invento 0.0000 · 0.2 s/paso  (calentando, sin abstencion)
  paso 1600 · perdida  2.3060 · GLOBAL 0.0000 · acierto 0.0000 · vigente 0.0000 · nose nan (rel nan/aus nan) · invento 0.0000 · 0.2 s/paso  (calentando, sin abstencion)
  paso 1625 · perdida  2.9079 · GLOBAL 0.0000 · acierto 0.0000 · vigente 0.0000 · nose nan (rel nan/aus nan) · invento 0.0000 · 0.2 s/paso  (calentando, sin abstencion)
  paso 1650 · perdida  2.1630 · GLOBAL 0.5000 · acierto 0.5000 · vigente 0.5000 · nose nan (rel nan/aus nan) · invento 0.0000 · 0.2 s/paso  (calentando, sin abstencion)
  paso 1675 · perdida  2.5923 · GLOBAL 0.2500 · acierto 0.2500 · vigente 0.0000 · nose nan (rel nan/aus nan) · invento 0.0000 · 0.2 s/paso  (calentando, sin abstencion)
  paso 1700 · perdida  2.0126 · GLOBAL 0.2500 · acierto 0.2500 · vigente 0.5000 · nose nan (rel nan/aus nan) · invento 0.0000 · 0.2 s/paso  (calentando, sin abstencion)
  paso 1725 · perdida  1.9863 · GLOBAL 0.0000 · acierto 0.0000 · vigente 0.0000 · nose nan (rel nan/aus nan) · invento 0.0000 · 0.2 s/paso  (calentando, sin abstencion)
  paso 1750 · perdida  2.0851 · GLOBAL 0.2500 · acierto 0.2500 · vigente 0.0000 · nose nan (rel nan/aus nan) · invento 0.0000 · 0.2 s/paso  (calentando, sin abstencion)
  paso 1775 · perdida  1.6810 · GLOBAL 0.2500 · acierto 0.2500 · vigente 0.0000 · nose nan (rel nan/aus nan) · invento 0.0000 · 0.2 s/paso  (calentando, sin abstencion)
  paso 1800 · perdida  2.5981 · GLOBAL 0.0000 · acierto 0.0000 · vigente 0.0000 · nose nan (rel nan/aus nan) · invento 0.0000 · 0.2 s/paso  (calentando, sin abstencion)
  paso 1825 · perdida  1.8743 · GLOBAL 0.2500 · acierto 0.2500 · vigente 0.0000 · nose nan (rel nan/aus nan) · invento 0.0000 · 0.2 s/paso  (calentando, sin abstencion)
  paso 1850 · perdida  1.2943 · GLOBAL 0.7500 · acierto 0.7500 · vigente nan · nose nan (rel nan/aus nan) · invento 0.0000 · 0.2 s/paso  (calentando, sin abstencion)
  paso 1875 · perdida  1.1559 · GLOBAL 1.0000 · acierto 1.0000 · vigente 1.0000 · nose nan (rel nan/aus nan) · invento 0.0000 · 0.2 s/paso  (calentando, sin abstencion)
  paso 1900 · perdida  1.7423 · GLOBAL 0.2500 · acierto 0.2500 · vigente 1.0000 · nose nan (rel nan/aus nan) · invento 0.0000 · 0.2 s/paso  (calentando, sin abstencion)
  paso 1925 · perdida  2.3271 · GLOBAL 0.0000 · acierto 0.0000 · vigente 0.0000 · nose nan (rel nan/aus nan) · invento 0.0000 · 0.2 s/paso  (calentando, sin abstencion)
  paso 1950 · perdida  1.9449 · GLOBAL 0.2500 · acierto 0.2500 · vigente 0.0000 · nose nan (rel nan/aus nan) · invento 0.0000 · 0.2 s/paso  (calentando, sin abstencion)
  paso 1975 · perdida  1.8117 · GLOBAL 0.2500 · acierto 0.2500 · vigente 0.5000 · nose nan (rel nan/aus nan) · invento 0.0000 · 0.2 s/paso  (calentando, sin abstencion)
  paso 2000 · perdida  2.1312 · GLOBAL 0.2500 · acierto 0.2500 · vigente 0.5000 · nose nan (rel nan/aus nan) · invento 0.0000 · 0.2 s/paso  (calentando, sin abstencion)
  paso 2025 · perdida  1.5008 · GLOBAL 0.2500 · acierto 0.2500 · vigente 0.0000 · nose nan (rel nan/aus nan) · invento 0.0000 · 0.2 s/paso  (calentando, sin abstencion)
  paso 2050 · perdida  1.6112 · GLOBAL 0.5000 · acierto 0.5000 · vigente 0.3333 · nose nan (rel nan/aus nan) · invento 0.0000 · 0.2 s/paso  (calentando, sin abstencion)
  paso 2075 · perdida  1.7437 · GLOBAL 0.2500 · acierto 0.2500 · vigente 0.0000 · nose nan (rel nan/aus nan) · invento 0.0000 · 0.2 s/paso  (calentando, sin abstencion)
  paso 2100 · perdida  1.6809 · GLOBAL 0.5000 · acierto 0.5000 · vigente nan · nose nan (rel nan/aus nan) · invento 0.0000 · 0.2 s/paso  (calentando, sin abstencion)
  paso 2125 · perdida  1.6590 · GLOBAL 0.2500 · acierto 0.2500 · vigente nan · nose nan (rel nan/aus nan) · invento 0.0000 · 0.2 s/paso  (calentando, sin abstencion)
  paso 2150 · perdida  2.2453 · GLOBAL 0.0000 · acierto 0.0000 · vigente nan · nose nan (rel nan/aus nan) · invento 0.0000 · 0.2 s/paso  (calentando, sin abstencion)
  paso 2175 · perdida  2.0444 · GLOBAL 0.5000 · acierto 0.5000 · vigente 0.3333 · nose nan (rel nan/aus nan) · invento 0.0000 · 0.2 s/paso  (calentando, sin abstencion)
  paso 2200 · perdida  2.5482 · GLOBAL 0.0000 · acierto 0.0000 · vigente 0.0000 · nose nan (rel nan/aus nan) · invento 0.0000 · 0.2 s/paso  (calentando, sin abstencion)
  paso 2225 · perdida  1.8252 · GLOBAL 0.5000 · acierto 0.5000 · vigente 1.0000 · nose nan (rel nan/aus nan) · invento 0.0000 · 0.2 s/paso  (calentando, sin abstencion)
  paso 2250 · perdida  1.9586 · GLOBAL 0.0000 · acierto 0.0000 · vigente 0.0000 · nose nan (rel nan/aus nan) · invento 0.0000 · 0.2 s/paso  (calentando, sin abstencion)
  paso 2275 · perdida  1.6463 · GLOBAL 0.0000 · acierto 0.0000 · vigente 0.0000 · nose nan (rel nan/aus nan) · invento 0.0000 · 0.2 s/paso  (calentando, sin abstencion)
  paso 2300 · perdida  1.5481 · GLOBAL 0.2500 · acierto 0.2500 · vigente nan · nose nan (rel nan/aus nan) · invento 0.0000 · 0.2 s/paso  (calentando, sin abstencion)
  paso 2325 · perdida  1.7606 · GLOBAL 0.2500 · acierto 0.2500 · vigente 0.0000 · nose nan (rel nan/aus nan) · invento 0.0000 · 0.2 s/paso  (calentando, sin abstencion)
  paso 2350 · perdida  1.1298 · GLOBAL 0.7500 · acierto 0.7500 · vigente 0.5000 · nose nan (rel nan/aus nan) · invento 0.0000 · 0.2 s/paso  (calentando, sin abstencion)
  paso 2375 · perdida  1.4533 · GLOBAL 0.5000 · acierto 0.5000 · vigente 0.3333 · nose nan (rel nan/aus nan) · invento 0.0000 · 0.2 s/paso  (calentando, sin abstencion)
  paso 2400 · perdida  1.0663 · GLOBAL 0.5000 · acierto 0.5000 · vigente nan · nose nan (rel nan/aus nan) · invento 0.0000 · 0.2 s/paso  (calentando, sin abstencion)
  paso 2425 · perdida  2.2060 · GLOBAL 0.2500 · acierto 0.2500 · vigente 0.5000 · nose nan (rel nan/aus nan) · invento 0.0000 · 0.2 s/paso  (calentando, sin abstencion)
  paso 2450 · perdida  2.3139 · GLOBAL 0.0000 · acierto 0.0000 · vigente nan · nose nan (rel nan/aus nan) · invento 0.0000 · 0.2 s/paso  (calentando, sin abstencion)
  paso 2475 · perdida  2.3386 · GLOBAL 0.2500 · acierto 0.2500 · vigente 0.3333 · nose nan (rel nan/aus nan) · invento 0.0000 · 0.2 s/paso  (calentando, sin abstencion)
  paso 2500 · perdida  1.4346 · GLOBAL 0.7500 · acierto 0.7500 · vigente 0.5000 · nose nan (rel nan/aus nan) · invento 0.0000 · 0.2 s/paso  (calentando, sin abstencion)
  paso 2525 · perdida  2.0307 · GLOBAL 0.5000 · acierto 0.5000 · vigente 0.0000 · nose nan (rel nan/aus nan) · invento 0.0000 · 0.2 s/paso  (calentando, sin abstencion)
  paso 2550 · perdida  0.9075 · GLOBAL 0.7500 · acierto 0.7500 · vigente 0.5000 · nose nan (rel nan/aus nan) · invento 0.0000 · 0.2 s/paso  (calentando, sin abstencion)
  paso 2575 · perdida  0.8260 · GLOBAL 0.7500 · acierto 0.7500 · vigente 0.5000 · nose nan (rel nan/aus nan) · invento 0.0000 · 0.2 s/paso  (calentando, sin abstencion)
  paso 2600 · perdida  3.3876 · GLOBAL 0.0000 · acierto 0.0000 · vigente 0.0000 · nose nan (rel nan/aus nan) · invento 0.0000 · 0.2 s/paso  (calentando, sin abstencion)
  paso 2625 · perdida  1.7756 · GLOBAL 0.7500 · acierto 0.7500 · vigente 0.6667 · nose nan (rel nan/aus nan) · invento 0.0000 · 0.2 s/paso  (calentando, sin abstencion)
  paso 2650 · perdida  1.5103 · GLOBAL 0.5000 · acierto 0.5000 · vigente 0.6667 · nose nan (rel nan/aus nan) · invento 0.0000 · 0.2 s/paso  (calentando, sin abstencion)
  paso 2675 · perdida  1.0581 · GLOBAL 0.5000 · acierto 0.5000 · vigente 0.0000 · nose nan (rel nan/aus nan) · invento 0.0000 · 0.2 s/paso  (calentando, sin abstencion)
  paso 2700 · perdida  1.7516 · GLOBAL 0.5000 · acierto 0.5000 · vigente nan · nose nan (rel nan/aus nan) · invento 0.0000 · 0.2 s/paso  (calentando, sin abstencion)
  paso 2725 · perdida  1.0571 · GLOBAL 0.7500 · acierto 0.7500 · vigente nan · nose nan (rel nan/aus nan) · invento 0.0000 · 0.2 s/paso  (calentando, sin abstencion)
  paso 2750 · perdida  1.6003 · GLOBAL 0.2500 · acierto 0.2500 · vigente 0.0000 · nose nan (rel nan/aus nan) · invento 0.0000 · 0.2 s/paso  (calentando, sin abstencion)
  paso 2775 · perdida  1.6059 · GLOBAL 0.5000 · acierto 0.5000 · vigente 0.5000 · nose nan (rel nan/aus nan) · invento 0.0000 · 0.2 s/paso  (calentando, sin abstencion)
  paso 2800 · perdida  2.4861 · GLOBAL 0.2500 · acierto 0.2500 · vigente 0.0000 · nose nan (rel nan/aus nan) · invento 0.0000 · 0.2 s/paso  (calentando, sin abstencion)
  paso 2825 · perdida  0.5335 · GLOBAL 1.0000 · acierto 1.0000 · vigente 1.0000 · nose nan (rel nan/aus nan) · invento 0.0000 · 0.2 s/paso  (calentando, sin abstencion)
  paso 2850 · perdida  1.0096 · GLOBAL 0.5000 · acierto 0.5000 · vigente 0.5000 · nose nan (rel nan/aus nan) · invento 0.0000 · 0.2 s/paso  (calentando, sin abstencion)
  paso 2875 · perdida  0.5226 · GLOBAL 1.0000 · acierto 1.0000 · vigente 1.0000 · nose nan (rel nan/aus nan) · invento 0.0000 · 0.2 s/paso  (calentando, sin abstencion)
  paso 2900 · perdida  1.1652 · GLOBAL 0.2500 · acierto 0.2500 · vigente 0.0000 · nose nan (rel nan/aus nan) · invento 0.0000 · 0.2 s/paso  (calentando, sin abstencion)
  paso 2925 · perdida  0.9783 · GLOBAL 0.7500 · acierto 0.7500 · vigente nan · nose nan (rel nan/aus nan) · invento 0.0000 · 0.2 s/paso  (calentando, sin abstencion)
  paso 2950 · perdida  1.0639 · GLOBAL 0.5000 · acierto 0.5000 · vigente 0.0000 · nose nan (rel nan/aus nan) · invento 0.0000 · 0.2 s/paso  (calentando, sin abstencion)
  paso 2975 · perdida  1.3993 · GLOBAL 0.5000 · acierto 0.5000 · vigente 0.0000 · nose nan (rel nan/aus nan) · invento 0.0000 · 0.2 s/paso  (calentando, sin abstencion)
  paso 3000 · perdida  1.5817 · GLOBAL 0.7500 · acierto 0.7500 · vigente 0.0000 · nose nan (rel nan/aus nan) · invento 0.0000 · 0.2 s/paso  (calentando, sin abstencion)
  paso 3025 · perdida  1.8482 · GLOBAL 0.5000 · acierto 0.6667 · vigente nan · nose 0.0000 (rel 0.00/aus nan) · invento 1.0000 · 0.2 s/paso
  paso 3050 · perdida  2.0340 · GLOBAL 0.2500 · acierto 0.0000 · vigente nan · nose 0.5000 (rel 0.00/aus 1.00) · invento 0.5000 · 0.2 s/paso
  paso 3075 · perdida  1.2318 · GLOBAL 0.7500 · acierto 0.7500 · vigente 0.6667 · nose nan (rel nan/aus nan) · invento 0.0000 · 0.2 s/paso
  paso 3100 · perdida  0.4001 · GLOBAL 0.7500 · acierto 0.6667 · vigente nan · nose 1.0000 (rel 1.00/aus nan) · invento 0.0000 · 0.2 s/paso
  paso 3125 · perdida  1.3551 · GLOBAL 0.5000 · acierto 0.5000 · vigente nan · nose 0.5000 (rel 1.00/aus 0.00) · invento 0.5000 · 0.2 s/paso
  paso 3150 · perdida  1.8002 · GLOBAL 0.2500 · acierto 0.5000 · vigente 0.5000 · nose 0.0000 (rel 0.00/aus 0.00) · invento 1.0000 · 0.2 s/paso
  paso 3175 · perdida  2.4485 · GLOBAL 0.2500 · acierto 0.5000 · vigente 1.0000 · nose 0.0000 (rel 0.00/aus nan) · invento 1.0000 · 0.2 s/paso
  paso 3200 · perdida  1.5166 · GLOBAL 0.2500 · acierto 0.2500 · vigente 0.0000 · nose nan (rel nan/aus nan) · invento 0.0000 · 0.2 s/paso
  paso 3225 · perdida  2.3128 · GLOBAL 0.5000 · acierto 0.3333 · vigente nan · nose 1.0000 (rel 1.00/aus nan) · invento 0.0000 · 0.2 s/paso
  paso 3250 · perdida  2.4319 · GLOBAL 0.5000 · acierto 0.3333 · vigente 0.0000 · nose 1.0000 (rel 1.00/aus nan) · invento 0.0000 · 0.2 s/paso
  paso 3275 · perdida  0.5303 · GLOBAL 1.0000 · acierto 1.0000 · vigente 1.0000 · nose 1.0000 (rel 1.00/aus nan) · invento 0.0000 · 0.2 s/paso
  paso 3300 · perdida  1.1374 · GLOBAL 0.5000 · acierto 1.0000 · vigente nan · nose 0.0000 (rel 0.00/aus nan) · invento 1.0000 · 0.2 s/paso
  paso 3325 · perdida  1.2756 · GLOBAL 0.2500 · acierto 0.0000 · vigente 0.0000 · nose 0.5000 (rel 1.00/aus 0.00) · invento 0.5000 · 0.2 s/paso
  paso 3350 · perdida  2.1418 · GLOBAL 0.2500 · acierto 0.5000 · vigente 0.0000 · nose 0.0000 (rel 0.00/aus 0.00) · invento 1.0000 · 0.2 s/paso
  paso 3375 · perdida  0.9199 · GLOBAL 0.5000 · acierto 0.5000 · vigente 0.0000 · nose 0.5000 (rel 0.00/aus 1.00) · invento 0.5000 · 0.2 s/paso
  paso 3400 · perdida  1.1391 · GLOBAL 0.5000 · acierto 0.0000 · vigente 0.0000 · nose 1.0000 (rel 1.00/aus 1.00) · invento 0.0000 · 0.2 s/paso
  paso 3425 · perdida  1.7386 · GLOBAL 0.2500 · acierto 0.5000 · vigente 0.5000 · nose 0.0000 (rel nan/aus 0.00) · invento 1.0000 · 0.2 s/paso
  paso 3450 · perdida  1.2080 · GLOBAL 0.2500 · acierto 0.0000 · vigente nan · nose 1.0000 (rel 1.00/aus nan) · invento 0.0000 · 0.2 s/paso
  paso 3475 · perdida  2.1307 · GLOBAL 0.5000 · acierto 0.3333 · vigente 0.0000 · nose 1.0000 (rel nan/aus 1.00) · invento 0.0000 · 0.2 s/paso
  paso 3500 · perdida  1.6736 · GLOBAL 0.5000 · acierto 0.6667 · vigente 0.0000 · nose 0.0000 (rel 0.00/aus nan) · invento 1.0000 · 0.2 s/paso
  paso 3525 · perdida  1.4619 · GLOBAL 0.5000 · acierto 0.0000 · vigente 0.0000 · nose 0.6667 (rel nan/aus 0.67) · invento 0.3333 · 0.2 s/paso
  paso 3550 · perdida  0.4344 · GLOBAL 1.0000 · acierto nan · vigente nan · nose 1.0000 (rel nan/aus 1.00) · invento 0.0000 · 0.2 s/paso
  paso 3575 · perdida  0.8065 · GLOBAL 0.5000 · acierto 0.3333 · vigente 0.0000 · nose 1.0000 (rel 1.00/aus nan) · invento 0.0000 · 0.2 s/paso
  paso 3600 · perdida  1.0655 · GLOBAL 0.5000 · acierto 0.0000 · vigente nan · nose 0.6667 (rel 0.00/aus 1.00) · invento 0.3333 · 0.2 s/paso
  paso 3625 · perdida  1.8071 · GLOBAL 0.2500 · acierto 0.5000 · vigente 0.0000 · nose 0.0000 (rel 0.00/aus 0.00) · invento 1.0000 · 0.2 s/paso
  paso 3650 · perdida  1.9116 · GLOBAL 0.2500 · acierto 0.0000 · vigente 0.0000 · nose 0.3333 (rel 1.00/aus 0.00) · invento 0.6667 · 0.2 s/paso
  paso 3675 · perdida  0.6271 · GLOBAL 1.0000 · acierto 1.0000 · vigente 1.0000 · nose 1.0000 (rel 1.00/aus 1.00) · invento 0.0000 · 0.2 s/paso
  paso 3700 · perdida  0.6273 · GLOBAL 0.7500 · acierto 0.0000 · vigente 0.0000 · nose 1.0000 (rel 1.00/aus 1.00) · invento 0.0000 · 0.2 s/paso
  paso 3725 · perdida  1.4859 · GLOBAL 0.5000 · acierto 0.6667 · vigente 0.0000 · nose 0.0000 (rel nan/aus 0.00) · invento 1.0000 · 0.2 s/paso
  paso 3750 · perdida  1.3187 · GLOBAL 0.5000 · acierto 0.6667 · vigente nan · nose 0.0000 (rel nan/aus 0.00) · invento 1.0000 · 0.2 s/paso
  paso 3775 · perdida  1.3960 · GLOBAL 0.5000 · acierto 0.3333 · vigente 0.0000 · nose 1.0000 (rel 1.00/aus nan) · invento 0.0000 · 0.2 s/paso
  paso 3800 · perdida  1.1924 · GLOBAL 0.5000 · acierto 1.0000 · vigente nan · nose 0.3333 (rel 0.33/aus nan) · invento 0.6667 · 0.2 s/paso
  paso 3825 · perdida  1.0081 · GLOBAL 0.7500 · acierto 1.0000 · vigente 1.0000 · nose 0.0000 (rel nan/aus 0.00) · invento 1.0000 · 0.2 s/paso
  paso 3850 · perdida  0.8556 · GLOBAL 0.7500 · acierto 0.0000 · vigente 0.0000 · nose 1.0000 (rel 1.00/aus 1.00) · invento 0.0000 · 0.2 s/paso
  paso 3875 · perdida  1.3647 · GLOBAL 0.5000 · acierto 0.5000 · vigente 0.3333 · nose nan (rel nan/aus nan) · invento 0.0000 · 0.2 s/paso
  paso 3900 · perdida  1.4412 · GLOBAL 0.2500 · acierto 0.3333 · vigente 1.0000 · nose 0.0000 (rel 0.00/aus nan) · invento 1.0000 · 0.2 s/paso
  paso 3925 · perdida  1.2212 · GLOBAL 0.2500 · acierto 0.3333 · vigente 0.0000 · nose 0.0000 (rel nan/aus 0.00) · invento 1.0000 · 0.2 s/paso
  paso 3950 · perdida  0.3118 · GLOBAL 1.0000 · acierto 1.0000 · vigente nan · nose 1.0000 (rel 1.00/aus 1.00) · invento 0.0000 · 0.2 s/paso
  paso 3975 · perdida  0.6097 · GLOBAL 0.7500 · acierto 1.0000 · vigente 1.0000 · nose 0.0000 (rel 0.00/aus nan) · invento 1.0000 · 0.2 s/paso
  paso 4000 · perdida  0.8129 · GLOBAL 0.5000 · acierto 0.6667 · vigente 0.0000 · nose 0.0000 (rel 0.00/aus nan) · invento 1.0000 · 0.2 s/paso
  paso 4025 · perdida  0.6449 · GLOBAL 1.0000 · acierto 1.0000 · vigente nan · nose 1.0000 (rel nan/aus 1.00) · invento 0.0000 · 0.2 s/paso
  paso 4050 · perdida  0.7456 · GLOBAL 0.7500 · acierto 1.0000 · vigente nan · nose 0.6667 (rel 0.50/aus 1.00) · invento 0.3333 · 0.2 s/paso
  paso 4075 · perdida  0.8042 · GLOBAL 0.5000 · acierto 1.0000 · vigente nan · nose 0.3333 (rel 0.00/aus 1.00) · invento 0.6667 · 0.2 s/paso
  paso 4100 · perdida  1.0260 · GLOBAL 0.7500 · acierto 0.5000 · vigente 0.0000 · nose 1.0000 (rel nan/aus 1.00) · invento 0.0000 · 0.2 s/paso
  paso 4125 · perdida  1.3210 · GLOBAL 0.5000 · acierto 0.5000 · vigente nan · nose 0.5000 (rel 1.00/aus 0.00) · invento 0.5000 · 0.2 s/paso
  paso 4150 · perdida  0.8856 · GLOBAL 0.7500 · acierto 1.0000 · vigente 1.0000 · nose 0.5000 (rel 1.00/aus 0.00) · invento 0.5000 · 0.2 s/paso
  paso 4175 · perdida  1.2383 · GLOBAL 0.5000 · acierto 0.0000 · vigente 0.0000 · nose 0.6667 (rel 0.67/aus nan) · invento 0.3333 · 0.2 s/paso
  paso 4200 · perdida  1.2432 · GLOBAL 0.2500 · acierto 1.0000 · vigente nan · nose 0.0000 (rel 0.00/aus 0.00) · invento 1.0000 · 0.2 s/paso
  paso 4225 · perdida  1.2430 · GLOBAL 0.5000 · acierto 1.0000 · vigente nan · nose 0.0000 (rel 0.00/aus 0.00) · invento 1.0000 · 0.2 s/paso
  paso 4250 · perdida  1.5004 · GLOBAL 0.2500 · acierto 0.3333 · vigente 0.0000 · nose 0.0000 (rel nan/aus 0.00) · invento 1.0000 · 0.2 s/paso
  paso 4275 · perdida  0.5131 · GLOBAL 0.7500 · acierto 1.0000 · vigente nan · nose 0.6667 (rel 1.00/aus 0.00) · invento 0.3333 · 0.2 s/paso
  paso 4300 · perdida  1.9423 · GLOBAL 0.2500 · acierto 0.3333 · vigente 0.0000 · nose 0.0000 (rel nan/aus 0.00) · invento 1.0000 · 0.2 s/paso
  paso 4325 · perdida  0.9760 · GLOBAL 0.5000 · acierto 0.0000 · vigente 0.0000 · nose 1.0000 (rel 1.00/aus 1.00) · invento 0.0000 · 0.2 s/paso
  paso 4350 · perdida  1.3770 · GLOBAL 0.7500 · acierto 0.6667 · vigente 0.5000 · nose 1.0000 (rel nan/aus 1.00) · invento 0.0000 · 0.2 s/paso
  paso 4375 · perdida  1.4232 · GLOBAL 0.5000 · acierto 0.3333 · vigente 1.0000 · nose 1.0000 (rel nan/aus 1.00) · invento 0.0000 · 0.2 s/paso
  paso 4400 · perdida  1.1799 · GLOBAL 0.5000 · acierto 0.5000 · vigente 0.0000 · nose 0.5000 (rel 1.00/aus 0.00) · invento 0.5000 · 0.2 s/paso
  paso 4425 · perdida  1.0954 · GLOBAL 0.5000 · acierto 0.3333 · vigente 0.0000 · nose 1.0000 (rel 1.00/aus nan) · invento 0.0000 · 0.2 s/paso
  paso 4450 · perdida  2.0772 · GLOBAL 0.2500 · acierto 0.0000 · vigente 0.0000 · nose 1.0000 (rel nan/aus 1.00) · invento 0.0000 · 0.2 s/paso
  paso 4475 · perdida  0.4871 · GLOBAL 0.7500 · acierto 0.0000 · vigente nan · nose 1.0000 (rel 1.00/aus 1.00) · invento 0.0000 · 0.2 s/paso
  paso 4500 · perdida  1.1672 · GLOBAL 0.5000 · acierto 0.3333 · vigente 0.5000 · nose 1.0000 (rel nan/aus 1.00) · invento 0.0000 · 0.2 s/paso
  paso 4525 · perdida  1.5665 · GLOBAL 0.2500 · acierto 0.0000 · vigente 0.0000 · nose 1.0000 (rel 1.00/aus nan) · invento 0.0000 · 0.2 s/paso
  paso 4550 · perdida  1.0483 · GLOBAL 0.5000 · acierto 0.3333 · vigente 1.0000 · nose 1.0000 (rel 1.00/aus nan) · invento 0.0000 · 0.2 s/paso
  paso 4575 · perdida  0.3950 · GLOBAL 1.0000 · acierto 1.0000 · vigente nan · nose 1.0000 (rel 1.00/aus 1.00) · invento 0.0000 · 0.2 s/paso
  paso 4600 · perdida  0.4022 · GLOBAL 1.0000 · acierto 1.0000 · vigente 1.0000 · nose 1.0000 (rel 1.00/aus nan) · invento 0.0000 · 0.2 s/paso
  paso 4625 · perdida  1.8813 · GLOBAL 0.0000 · acierto 0.0000 · vigente 0.0000 · nose 0.0000 (rel 0.00/aus 0.00) · invento 1.0000 · 0.2 s/paso
  paso 4650 · perdida  0.6325 · GLOBAL 0.7500 · acierto 0.7500 · vigente nan · nose nan (rel nan/aus nan) · invento 0.0000 · 0.2 s/paso
  paso 4675 · perdida  1.1865 · GLOBAL 0.2500 · acierto 0.0000 · vigente 0.0000 · nose 1.0000 (rel 1.00/aus nan) · invento 0.0000 · 0.2 s/paso
  paso 4700 · perdida  1.2013 · GLOBAL 0.5000 · acierto 0.6667 · vigente 0.0000 · nose 0.0000 (rel nan/aus 0.00) · invento 1.0000 · 0.2 s/paso
  paso 4725 · perdida  0.4960 · GLOBAL 0.7500 · acierto 1.0000 · vigente nan · nose 0.5000 (rel 1.00/aus 0.00) · invento 0.5000 · 0.2 s/paso
  paso 4750 · perdida  0.7492 · GLOBAL 0.2500 · acierto 0.5000 · vigente 1.0000 · nose 0.0000 (rel 0.00/aus 0.00) · invento 1.0000 · 0.2 s/paso
  paso 4775 · perdida  0.9615 · GLOBAL 0.7500 · acierto 0.6667 · vigente 0.0000 · nose 1.0000 (rel 1.00/aus nan) · invento 0.0000 · 0.2 s/paso
  paso 4800 · perdida  0.6815 · GLOBAL 1.0000 · acierto 1.0000 · vigente 1.0000 · nose nan (rel nan/aus nan) · invento 0.0000 · 0.2 s/paso
  paso 4825 · perdida  0.9346 · GLOBAL 0.7500 · acierto 0.5000 · vigente nan · nose 1.0000 (rel 1.00/aus 1.00) · invento 0.0000 · 0.2 s/paso
  paso 4850 · perdida  0.8494 · GLOBAL 0.5000 · acierto 0.0000 · vigente 0.0000 · nose 0.6667 (rel 1.00/aus 0.50) · invento 0.3333 · 0.2 s/paso
  paso 4875 · perdida  1.3671 · GLOBAL 0.2500 · acierto 0.5000 · vigente 0.0000 · nose 0.0000 (rel 0.00/aus 0.00) · invento 1.0000 · 0.2 s/paso
  paso 4900 · perdida  1.8301 · GLOBAL 0.5000 · acierto 0.3333 · vigente 0.0000 · nose 1.0000 (rel 1.00/aus nan) · invento 0.0000 · 0.2 s/paso
  paso 4925 · perdida  0.7738 · GLOBAL 0.5000 · acierto 0.0000 · vigente 0.0000 · nose 1.0000 (rel 1.00/aus 1.00) · invento 0.0000 · 0.2 s/paso
  paso 4950 · perdida  0.8299 · GLOBAL 0.5000 · acierto 0.0000 · vigente nan · nose 0.6667 (rel nan/aus 0.67) · invento 0.3333 · 0.2 s/paso
  paso 4975 · perdida  0.8286 · GLOBAL 0.7500 · acierto 0.6667 · vigente 0.0000 · nose 1.0000 (rel nan/aus 1.00) · invento 0.0000 · 0.2 s/paso
  paso 5000 · perdida  0.7876 · GLOBAL 0.5000 · acierto 0.0000 · vigente 0.0000 · nose 1.0000 (rel nan/aus 1.00) · invento 0.0000 · 0.2 s/paso
  paso 5025 · perdida  1.8431 · GLOBAL 0.2500 · acierto 1.0000 · vigente 1.0000 · nose 0.0000 (rel 0.00/aus 0.00) · invento 1.0000 · 0.2 s/paso
  paso 5050 · perdida  1.5476 · GLOBAL 0.5000 · acierto 0.0000 · vigente 0.0000 · nose 0.6667 (rel 1.00/aus 0.00) · invento 0.3333 · 0.2 s/paso
  paso 5075 · perdida  0.4820 · GLOBAL 1.0000 · acierto 1.0000 · vigente nan · nose 1.0000 (rel 1.00/aus nan) · invento 0.0000 · 0.2 s/paso
  paso 5100 · perdida  0.8279 · GLOBAL 0.7500 · acierto 0.6667 · vigente 0.0000 · nose 1.0000 (rel nan/aus 1.00) · invento 0.0000 · 0.2 s/paso
  paso 5125 · perdida  0.9360 · GLOBAL 0.7500 · acierto 0.6667 · vigente nan · nose 1.0000 (rel 1.00/aus nan) · invento 0.0000 · 0.2 s/paso
  paso 5150 · perdida  1.4572 · GLOBAL 0.5000 · acierto 0.5000 · vigente 0.5000 · nose 0.5000 (rel nan/aus 0.50) · invento 0.5000 · 0.2 s/paso
  paso 5175 · perdida  0.4896 · GLOBAL 1.0000 · acierto 1.0000 · vigente nan · nose 1.0000 (rel 1.00/aus 1.00) · invento 0.0000 · 0.2 s/paso
  paso 5200 · perdida  0.6988 · GLOBAL 0.7500 · acierto 0.7500 · vigente 0.5000 · nose nan (rel nan/aus nan) · invento 0.0000 · 0.2 s/paso
  paso 5225 · perdida  0.5752 · GLOBAL 0.7500 · acierto 0.0000 · vigente 0.0000 · nose 1.0000 (rel 1.00/aus 1.00) · invento 0.0000 · 0.2 s/paso
  paso 5250 · perdida  0.9725 · GLOBAL 0.5000 · acierto 0.6667 · vigente nan · nose 0.0000 (rel nan/aus 0.00) · invento 1.0000 · 0.2 s/paso
  paso 5275 · perdida  1.8133 · GLOBAL 0.2500 · acierto 0.5000 · vigente 0.0000 · nose 0.0000 (rel 0.00/aus 0.00) · invento 1.0000 · 0.2 s/paso
  paso 5300 · perdida  0.6796 · GLOBAL 0.7500 · acierto 0.7500 · vigente 0.5000 · nose nan (rel nan/aus nan) · invento 0.0000 · 0.2 s/paso
  paso 5325 · perdida  2.1560 · GLOBAL 0.0000 · acierto 0.0000 · vigente 0.0000 · nose 0.0000 (rel 0.00/aus 0.00) · invento 1.0000 · 0.2 s/paso
  paso 5350 · perdida  1.5848 · GLOBAL 0.2500 · acierto 0.3333 · vigente 0.3333 · nose 0.0000 (rel 0.00/aus nan) · invento 1.0000 · 0.2 s/paso
  paso 5375 · perdida  1.0241 · GLOBAL 0.2500 · acierto 0.3333 · vigente 0.0000 · nose 0.0000 (rel nan/aus 0.00) · invento 1.0000 · 0.2 s/paso
  paso 5400 · perdida  1.3019 · GLOBAL 0.2500 · acierto 0.3333 · vigente 0.5000 · nose 0.0000 (rel 0.00/aus nan) · invento 1.0000 · 0.2 s/paso
  paso 5425 · perdida  0.9207 · GLOBAL 0.7500 · acierto 1.0000 · vigente nan · nose 0.6667 (rel 0.00/aus 1.00) · invento 0.3333 · 0.2 s/paso
  paso 5450 · perdida  0.7879 · GLOBAL 0.5000 · acierto 0.5000 · vigente 1.0000 · nose 0.5000 (rel nan/aus 0.50) · invento 0.5000 · 0.2 s/paso
  paso 5475 · perdida  0.6592 · GLOBAL 0.7500 · acierto 1.0000 · vigente nan · nose 0.5000 (rel 1.00/aus 0.00) · invento 0.5000 · 0.2 s/paso
  paso 5500 · perdida  1.1059 · GLOBAL 0.2500 · acierto 0.0000 · vigente 0.0000 · nose 0.5000 (rel 0.00/aus 1.00) · invento 0.5000 · 0.2 s/paso
  paso 5525 · perdida  1.2311 · GLOBAL 0.5000 · acierto 0.6667 · vigente 0.5000 · nose 0.0000 (rel nan/aus 0.00) · invento 1.0000 · 0.2 s/paso
  paso 5550 · perdida  0.3274 · GLOBAL 1.0000 · acierto 1.0000 · vigente nan · nose 1.0000 (rel nan/aus 1.00) · invento 0.0000 · 0.2 s/paso
  paso 5575 · perdida  2.3370 · GLOBAL 0.2500 · acierto 0.5000 · vigente 1.0000 · nose 0.0000 (rel 0.00/aus 0.00) · invento 1.0000 · 0.2 s/paso
  paso 5600 · perdida  0.8236 · GLOBAL 0.5000 · acierto 0.5000 · vigente 0.0000 · nose 0.5000 (rel 1.00/aus 0.00) · invento 0.5000 · 0.2 s/paso
  paso 5625 · perdida  1.2266 · GLOBAL 0.2500 · acierto 0.0000 · vigente nan · nose 0.3333 (rel nan/aus 0.33) · invento 0.6667 · 0.2 s/paso
  paso 5650 · perdida  0.7386 · GLOBAL 0.5000 · acierto 1.0000 · vigente nan · nose 0.0000 (rel 0.00/aus 0.00) · invento 1.0000 · 0.2 s/paso
  paso 5675 · perdida  0.7931 · GLOBAL 0.5000 · acierto 1.0000 · vigente 1.0000 · nose 0.0000 (rel 0.00/aus nan) · invento 1.0000 · 0.2 s/paso
  paso 5700 · perdida  0.5247 · GLOBAL 1.0000 · acierto 1.0000 · vigente nan · nose 1.0000 (rel 1.00/aus nan) · invento 0.0000 · 0.2 s/paso
  paso 5725 · perdida  1.2968 · GLOBAL 0.5000 · acierto 0.5000 · vigente 0.5000 · nose 0.5000 (rel 0.00/aus 1.00) · invento 0.5000 · 0.2 s/paso
  paso 5750 · perdida  0.7473 · GLOBAL 0.5000 · acierto 0.3333 · vigente 0.3333 · nose 1.0000 (rel nan/aus 1.00) · invento 0.0000 · 0.2 s/paso
  paso 5775 · perdida  1.2680 · GLOBAL 0.2500 · acierto 0.0000 · vigente 0.0000 · nose 1.0000 (rel nan/aus 1.00) · invento 0.0000 · 0.2 s/paso
  paso 5800 · perdida  0.8707 · GLOBAL 0.5000 · acierto 0.5000 · vigente 0.0000 · nose 0.5000 (rel 0.50/aus nan) · invento 0.5000 · 0.2 s/paso
  paso 5825 · perdida  0.7679 · GLOBAL 0.7500 · acierto 0.7500 · vigente 0.5000 · nose nan (rel nan/aus nan) · invento 0.0000 · 0.2 s/paso
  paso 5850 · perdida  0.4099 · GLOBAL 1.0000 · acierto 1.0000 · vigente nan · nose 1.0000 (rel 1.00/aus nan) · invento 0.0000 · 0.2 s/paso
  paso 5875 · perdida  1.8807 · GLOBAL 0.5000 · acierto 0.3333 · vigente 0.0000 · nose 1.0000 (rel nan/aus 1.00) · invento 0.0000 · 0.2 s/paso
  paso 5900 · perdida  1.3113 · GLOBAL 0.7500 · acierto 0.5000 · vigente 0.0000 · nose 1.0000 (rel 1.00/aus nan) · invento 0.0000 · 0.2 s/paso
  paso 5925 · perdida  0.3164 · GLOBAL 1.0000 · acierto 1.0000 · vigente nan · nose 1.0000 (rel nan/aus 1.00) · invento 0.0000 · 0.2 s/paso
  paso 5950 · perdida  1.8939 · GLOBAL 0.2500 · acierto nan · vigente nan · nose 0.2500 (rel 0.00/aus 1.00) · invento 0.7500 · 0.2 s/paso
  paso 5975 · perdida  1.2095 · GLOBAL 0.5000 · acierto 0.5000 · vigente 0.0000 · nose nan (rel nan/aus nan) · invento 0.0000 · 0.2 s/paso
  paso 6000 · perdida  0.7479 · GLOBAL 1.0000 · acierto 1.0000 · vigente 1.0000 · nose 1.0000 (rel 1.00/aus 1.00) · invento 0.0000 · 0.2 s/paso
  paso 6025 · perdida  0.3293 · GLOBAL 1.0000 · acierto 1.0000 · vigente 1.0000 · nose nan (rel nan/aus nan) · invento 0.0000 · 0.2 s/paso
  paso 6050 · perdida  1.6207 · GLOBAL 0.0000 · acierto 0.0000 · vigente 0.0000 · nose 0.0000 (rel 0.00/aus 0.00) · invento 1.0000 · 0.2 s/paso
  paso 6075 · perdida  1.1364 · GLOBAL 0.5000 · acierto 0.5000 · vigente 0.0000 · nose 0.5000 (rel 0.00/aus 1.00) · invento 0.5000 · 0.2 s/paso
  paso 6100 · perdida  2.2490 · GLOBAL 0.2500 · acierto 0.2500 · vigente 0.0000 · nose nan (rel nan/aus nan) · invento 0.0000 · 0.2 s/paso
  paso 6125 · perdida  0.9268 · GLOBAL 0.5000 · acierto 0.6667 · vigente 0.5000 · nose 0.0000 (rel nan/aus 0.00) · invento 1.0000 · 0.2 s/paso
  paso 6150 · perdida  0.6326 · GLOBAL 0.7500 · acierto 0.6667 · vigente 0.0000 · nose 1.0000 (rel 1.00/aus nan) · invento 0.0000 · 0.2 s/paso
  paso 6175 · perdida  0.8394 · GLOBAL 0.2500 · acierto 0.3333 · vigente 0.5000 · nose 0.0000 (rel nan/aus 0.00) · invento 1.0000 · 0.2 s/paso
  paso 6200 · perdida  0.6843 · GLOBAL 0.7500 · acierto 1.0000 · vigente nan · nose 0.5000 (rel 0.00/aus 1.00) · invento 0.5000 · 0.2 s/paso
  paso 6225 · perdida  1.5196 · GLOBAL 0.2500 · acierto 0.0000 · vigente 0.0000 · nose 0.5000 (rel 0.00/aus 1.00) · invento 0.5000 · 0.2 s/paso
  paso 6250 · perdida  0.6572 · GLOBAL 0.7500 · acierto 1.0000 · vigente 1.0000 · nose 0.0000 (rel nan/aus 0.00) · invento 1.0000 · 0.2 s/paso
  paso 6275 · perdida  0.8688 · GLOBAL 0.5000 · acierto 0.3333 · vigente 1.0000 · nose 1.0000 (rel nan/aus 1.00) · invento 0.0000 · 0.2 s/paso
  paso 6300 · perdida  1.2960 · GLOBAL 0.7500 · acierto 0.6667 · vigente 0.0000 · nose 1.0000 (rel nan/aus 1.00) · invento 0.0000 · 0.2 s/paso
  paso 6325 · perdida  1.0475 · GLOBAL 0.2500 · acierto 0.5000 · vigente 0.0000 · nose 0.0000 (rel 0.00/aus 0.00) · invento 1.0000 · 0.2 s/paso
  paso 6350 · perdida  0.5827 · GLOBAL 0.7500 · acierto 0.5000 · vigente nan · nose 1.0000 (rel 1.00/aus nan) · invento 0.0000 · 0.2 s/paso
  paso 6375 · perdida  0.7586 · GLOBAL 0.5000 · acierto 1.0000 · vigente nan · nose 0.3333 (rel 0.33/aus nan) · invento 0.6667 · 0.2 s/paso
  paso 6400 · perdida  0.3532 · GLOBAL 1.0000 · acierto 1.0000 · vigente 1.0000 · nose 1.0000 (rel nan/aus 1.00) · invento 0.0000 · 0.2 s/paso
  paso 6425 · perdida  0.9515 · GLOBAL 0.5000 · acierto 1.0000 · vigente nan · nose 0.3333 (rel 0.00/aus 0.50) · invento 0.6667 · 0.2 s/paso
  paso 6450 · perdida  0.8147 · GLOBAL 0.7500 · acierto 0.6667 · vigente 0.5000 · nose 1.0000 (rel nan/aus 1.00) · invento 0.0000 · 0.2 s/paso
  paso 6475 · perdida  0.2461 · GLOBAL 1.0000 · acierto 1.0000 · vigente 1.0000 · nose 1.0000 (rel nan/aus 1.00) · invento 0.0000 · 0.2 s/paso
  paso 6500 · perdida  0.8321 · GLOBAL 0.7500 · acierto 0.5000 · vigente 0.0000 · nose 1.0000 (rel 1.00/aus nan) · invento 0.0000 · 0.2 s/paso
  paso 6525 · perdida  1.9491 · GLOBAL 0.2500 · acierto 0.5000 · vigente 0.0000 · nose 0.0000 (rel nan/aus 0.00) · invento 1.0000 · 0.2 s/paso
  paso 6550 · perdida  1.7509 · GLOBAL 0.0000 · acierto 0.0000 · vigente 0.0000 · nose 0.0000 (rel nan/aus 0.00) · invento 1.0000 · 0.2 s/paso
  paso 6575 · perdida  1.0275 · GLOBAL 0.7500 · acierto 1.0000 · vigente nan · nose 0.6667 (rel 0.50/aus 1.00) · invento 0.3333 · 0.2 s/paso
  paso 6600 · perdida  1.4775 · GLOBAL 0.2500 · acierto 0.5000 · vigente 0.0000 · nose 0.0000 (rel 0.00/aus 0.00) · invento 1.0000 · 0.2 s/paso
  paso 6625 · perdida  2.0405 · GLOBAL 0.2500 · acierto 0.5000 · vigente 0.0000 · nose 0.0000 (rel 0.00/aus 0.00) · invento 1.0000 · 0.2 s/paso
  paso 6650 · perdida  0.9264 · GLOBAL 0.5000 · acierto 0.5000 · vigente 0.0000 · nose nan (rel nan/aus nan) · invento 0.0000 · 0.2 s/paso
  paso 6675 · perdida  0.2496 · GLOBAL 1.0000 · acierto 1.0000 · vigente 1.0000 · nose nan (rel nan/aus nan) · invento 0.0000 · 0.2 s/paso
  paso 6700 · perdida  0.5897 · GLOBAL 0.5000 · acierto 0.0000 · vigente 0.0000 · nose 0.6667 (rel 0.50/aus 1.00) · invento 0.3333 · 0.2 s/paso
  paso 6725 · perdida  0.6058 · GLOBAL 0.7500 · acierto 0.5000 · vigente nan · nose 1.0000 (rel nan/aus 1.00) · invento 0.0000 · 0.2 s/paso
  paso 6750 · perdida  1.2296 · GLOBAL 0.5000 · acierto 1.0000 · vigente 1.0000 · nose 0.0000 (rel 0.00/aus nan) · invento 1.0000 · 0.2 s/paso
  paso 6775 · perdida  1.1320 · GLOBAL 0.5000 · acierto 0.3333 · vigente 0.0000 · nose 1.0000 (rel nan/aus 1.00) · invento 0.0000 · 0.2 s/paso
  paso 6800 · perdida  2.0741 · GLOBAL 0.2500 · acierto 1.0000 · vigente nan · nose 0.0000 (rel 0.00/aus 0.00) · invento 1.0000 · 0.2 s/paso
  paso 6825 · perdida  0.6262 · GLOBAL 0.7500 · acierto 1.0000 · vigente 1.0000 · nose 0.5000 (rel 0.50/aus nan) · invento 0.5000 · 0.2 s/paso
  paso 6850 · perdida  0.6444 · GLOBAL 0.5000 · acierto 0.6667 · vigente 0.0000 · nose 0.0000 (rel nan/aus 0.00) · invento 1.0000 · 0.2 s/paso
  paso 6875 · perdida  1.1070 · GLOBAL 0.5000 · acierto 0.3333 · vigente nan · nose 1.0000 (rel nan/aus 1.00) · invento 0.0000 · 0.2 s/paso
  paso 6900 · perdida  1.1833 · GLOBAL 0.5000 · acierto 1.0000 · vigente 1.0000 · nose 0.0000 (rel nan/aus 0.00) · invento 1.0000 · 0.2 s/paso
  paso 6925 · perdida  1.6354 · GLOBAL 0.5000 · acierto 0.5000 · vigente 0.3333 · nose nan (rel nan/aus nan) · invento 0.0000 · 0.2 s/paso
  paso 6950 · perdida  1.0099 · GLOBAL 0.5000 · acierto 0.5000 · vigente 0.5000 · nose 0.5000 (rel 0.00/aus 1.00) · invento 0.5000 · 0.2 s/paso
  paso 6975 · perdida  1.4606 · GLOBAL 0.2500 · acierto 0.0000 · vigente nan · nose 0.3333 (rel 1.00/aus 0.00) · invento 0.6667 · 0.2 s/paso
  paso 7000 · perdida  1.1253 · GLOBAL 0.5000 · acierto 0.0000 · vigente nan · nose 0.6667 (rel 0.50/aus 1.00) · invento 0.3333 · 0.2 s/paso
  paso 7025 · perdida  1.1087 · GLOBAL 0.7500 · acierto 1.0000 · vigente 1.0000 · nose 0.5000 (rel 0.50/aus nan) · invento 0.5000 · 0.2 s/paso
  paso 7050 · perdida  1.0691 · GLOBAL 0.2500 · acierto 0.0000 · vigente 0.0000 · nose 0.5000 (rel 1.00/aus 0.00) · invento 0.5000 · 0.2 s/paso
  paso 7075 · perdida  0.3327 · GLOBAL 1.0000 · acierto 1.0000 · vigente nan · nose 1.0000 (rel 1.00/aus nan) · invento 0.0000 · 0.2 s/paso
  paso 7100 · perdida  0.6876 · GLOBAL 0.7500 · acierto 1.0000 · vigente 1.0000 · nose 0.5000 (rel nan/aus 0.50) · invento 0.5000 · 0.2 s/paso
  paso 7125 · perdida  0.4675 · GLOBAL 0.7500 · acierto 0.6667 · vigente 0.5000 · nose 1.0000 (rel 1.00/aus nan) · invento 0.0000 · 0.2 s/paso
  paso 7150 · perdida  0.4425 · GLOBAL 0.7500 · acierto 0.7500 · vigente 1.0000 · nose nan (rel nan/aus nan) · invento 0.0000 · 0.2 s/paso
  paso 7175 · perdida  0.7681 · GLOBAL 0.5000 · acierto 0.5000 · vigente 0.0000 · nose 0.5000 (rel 0.50/aus nan) · invento 0.5000 · 0.2 s/paso
  paso 7200 · perdida  0.3301 · GLOBAL 1.0000 · acierto 1.0000 · vigente nan · nose 1.0000 (rel 1.00/aus 1.00) · invento 0.0000 · 0.2 s/paso
  paso 7225 · perdida  1.3183 · GLOBAL 0.7500 · acierto 0.7500 · vigente 1.0000 · nose nan (rel nan/aus nan) · invento 0.0000 · 0.2 s/paso
  paso 7250 · perdida  1.6415 · GLOBAL 0.5000 · acierto 0.0000 · vigente 0.0000 · nose 0.6667 (rel 0.50/aus 1.00) · invento 0.3333 · 0.2 s/paso
  paso 7275 · perdida  0.7531 · GLOBAL 0.5000 · acierto 0.0000 · vigente 0.0000 · nose 0.6667 (rel 1.00/aus 0.00) · invento 0.3333 · 0.2 s/paso
  paso 7300 · perdida  1.1985 · GLOBAL 0.5000 · acierto 0.3333 · vigente 0.0000 · nose 1.0000 (rel 1.00/aus nan) · invento 0.0000 · 0.2 s/paso
  paso 7325 · perdida  1.8043 · GLOBAL 0.2500 · acierto 0.5000 · vigente 0.0000 · nose 0.0000 (rel nan/aus 0.00) · invento 1.0000 · 0.2 s/paso
  paso 7350 · perdida  0.7426 · GLOBAL 0.7500 · acierto 0.6667 · vigente 0.5000 · nose 1.0000 (rel nan/aus 1.00) · invento 0.0000 · 0.2 s/paso
  paso 7375 · perdida  0.3309 · GLOBAL 1.0000 · acierto 1.0000 · vigente nan · nose 1.0000 (rel 1.00/aus nan) · invento 0.0000 · 0.2 s/paso
  paso 7400 · perdida  1.3325 · GLOBAL 0.2500 · acierto 0.0000 · vigente 0.0000 · nose 0.5000 (rel nan/aus 0.50) · invento 0.5000 · 0.2 s/paso
  paso 7425 · perdida  0.1995 · GLOBAL 1.0000 · acierto 1.0000 · vigente nan · nose 1.0000 (rel nan/aus 1.00) · invento 0.0000 · 0.2 s/paso
  paso 7450 · perdida  0.6801 · GLOBAL 0.7500 · acierto 1.0000 · vigente nan · nose 0.6667 (rel 0.50/aus 1.00) · invento 0.3333 · 0.2 s/paso
  paso 7475 · perdida  0.4935 · GLOBAL 0.7500 · acierto 0.5000 · vigente nan · nose 1.0000 (rel 1.00/aus 1.00) · invento 0.0000 · 0.2 s/paso
  paso 7500 · perdida  0.6319 · GLOBAL 0.5000 · acierto 1.0000 · vigente nan · nose 0.3333 (rel 0.00/aus 0.50) · invento 0.6667 · 0.2 s/paso
  paso 7525 · perdida  1.4419 · GLOBAL 0.5000 · acierto 0.0000 · vigente 0.0000 · nose 1.0000 (rel nan/aus 1.00) · invento 0.0000 · 0.2 s/paso
  paso 7550 · perdida  1.1279 · GLOBAL 0.5000 · acierto 0.5000 · vigente 0.0000 · nose 0.5000 (rel 0.50/aus nan) · invento 0.5000 · 0.2 s/paso
  paso 7575 · perdida  0.4813 · GLOBAL 1.0000 · acierto 1.0000 · vigente 1.0000 · nose 1.0000 (rel 1.00/aus nan) · invento 0.0000 · 0.2 s/paso
  paso 7600 · perdida  2.2662 · GLOBAL 0.2500 · acierto 0.0000 · vigente 0.0000 · nose 0.3333 (rel 1.00/aus 0.00) · invento 0.6667 · 0.2 s/paso
  paso 7625 · perdida  0.5271 · GLOBAL 0.7500 · acierto 1.0000 · vigente nan · nose 0.6667 (rel 1.00/aus 0.50) · invento 0.3333 · 0.2 s/paso
  paso 7650 · perdida  0.7042 · GLOBAL 0.5000 · acierto 1.0000 · vigente 1.0000 · nose 0.0000 (rel 0.00/aus 0.00) · invento 1.0000 · 0.2 s/paso
  paso 7675 · perdida  0.6449 · GLOBAL 0.5000 · acierto 0.3333 · vigente 0.0000 · nose 1.0000 (rel 1.00/aus nan) · invento 0.0000 · 0.2 s/paso
  paso 7700 · perdida  0.8945 · GLOBAL 0.7500 · acierto 0.5000 · vigente 0.5000 · nose 1.0000 (rel 1.00/aus 1.00) · invento 0.0000 · 0.2 s/paso
  paso 7725 · perdida  0.2489 · GLOBAL 1.0000 · acierto 1.0000 · vigente nan · nose 1.0000 (rel nan/aus 1.00) · invento 0.0000 · 0.2 s/paso
  paso 7750 · perdida  1.2062 · GLOBAL 0.2500 · acierto 0.0000 · vigente 0.0000 · nose 1.0000 (rel nan/aus 1.00) · invento 0.0000 · 0.2 s/paso
  paso 7775 · perdida  1.6046 · GLOBAL 0.5000 · acierto 0.0000 · vigente 0.0000 · nose 0.6667 (rel 0.67/aus nan) · invento 0.3333 · 0.2 s/paso
  paso 7800 · perdida  0.7606 · GLOBAL 0.7500 · acierto 1.0000 · vigente 1.0000 · nose 0.6667 (rel nan/aus 0.67) · invento 0.3333 · 0.2 s/paso
  paso 7825 · perdida  0.6709 · GLOBAL 0.7500 · acierto 0.6667 · vigente 0.0000 · nose 1.0000 (rel nan/aus 1.00) · invento 0.0000 · 0.2 s/paso
  paso 7850 · perdida  2.3423 · GLOBAL 0.2500 · acierto 0.5000 · vigente nan · nose 0.0000 (rel nan/aus 0.00) · invento 1.0000 · 0.2 s/paso
  paso 7875 · perdida  0.4966 · GLOBAL 1.0000 · acierto 1.0000 · vigente nan · nose 1.0000 (rel 1.00/aus 1.00) · invento 0.0000 · 0.2 s/paso
  paso 7900 · perdida  0.9574 · GLOBAL 0.5000 · acierto 0.6667 · vigente 0.0000 · nose 0.0000 (rel 0.00/aus nan) · invento 1.0000 · 0.2 s/paso
  paso 7925 · perdida  2.2997 · GLOBAL 0.2500 · acierto 0.0000 · vigente 0.0000 · nose 0.5000 (rel 0.00/aus 1.00) · invento 0.5000 · 0.2 s/paso
  paso 7950 · perdida  0.4761 · GLOBAL 0.7500 · acierto 0.7500 · vigente 1.0000 · nose nan (rel nan/aus nan) · invento 0.0000 · 0.2 s/paso
  paso 7975 · perdida  0.7093 · GLOBAL 0.5000 · acierto 0.3333 · vigente 0.0000 · nose 1.0000 (rel nan/aus 1.00) · invento 0.0000 · 0.2 s/paso
  paso 8000 · perdida  1.6109 · GLOBAL 0.5000 · acierto 1.0000 · vigente nan · nose 0.0000 (rel 0.00/aus 0.00) · invento 1.0000 · 0.2 s/paso
  paso 8025 · perdida  0.8015 · GLOBAL 0.5000 · acierto 1.0000 · vigente nan · nose 0.0000 (rel 0.00/aus nan) · invento 1.0000 · 0.2 s/paso
  paso 8050 · perdida  0.4727 · GLOBAL 0.7500 · acierto 1.0000 · vigente nan · nose 0.5000 (rel 0.50/aus nan) · invento 0.5000 · 0.2 s/paso
  paso 8075 · perdida  1.0204 · GLOBAL 0.5000 · acierto 1.0000 · vigente nan · nose 0.0000 (rel 0.00/aus 0.00) · invento 1.0000 · 0.2 s/paso
  paso 8100 · perdida  0.3742 · GLOBAL 1.0000 · acierto 1.0000 · vigente 1.0000 · nose 1.0000 (rel nan/aus 1.00) · invento 0.0000 · 0.2 s/paso
  paso 8125 · perdida  0.5453 · GLOBAL 0.7500 · acierto 0.6667 · vigente 0.0000 · nose 1.0000 (rel 1.00/aus nan) · invento 0.0000 · 0.2 s/paso
  paso 8150 · perdida  0.5427 · GLOBAL 1.0000 · acierto 1.0000 · vigente nan · nose 1.0000 (rel 1.00/aus nan) · invento 0.0000 · 0.2 s/paso
  paso 8175 · perdida  1.3736 · GLOBAL 0.2500 · acierto 0.0000 · vigente 0.0000 · nose 1.0000 (rel 1.00/aus nan) · invento 0.0000 · 0.2 s/paso
  paso 8200 · perdida  0.3621 · GLOBAL 0.7500 · acierto 0.5000 · vigente 0.5000 · nose 1.0000 (rel 1.00/aus 1.00) · invento 0.0000 · 0.2 s/paso
  paso 8225 · perdida  1.2164 · GLOBAL 0.2500 · acierto 0.3333 · vigente nan · nose 0.0000 (rel 0.00/aus nan) · invento 1.0000 · 0.2 s/paso
  paso 8250 · perdida  1.4950 · GLOBAL 0.2500 · acierto 0.0000 · vigente nan · nose 0.3333 (rel 0.00/aus 0.50) · invento 0.6667 · 0.2 s/paso
  paso 8275 · perdida  1.4548 · GLOBAL 0.5000 · acierto 0.6667 · vigente 0.0000 · nose 0.0000 (rel 0.00/aus nan) · invento 1.0000 · 0.2 s/paso
  paso 8300 · perdida  0.3195 · GLOBAL 1.0000 · acierto 1.0000 · vigente 1.0000 · nose 1.0000 (rel 1.00/aus 1.00) · invento 0.0000 · 0.2 s/paso
  paso 8325 · perdida  1.1881 · GLOBAL 0.2500 · acierto 0.3333 · vigente 0.5000 · nose 0.0000 (rel 0.00/aus nan) · invento 1.0000 · 0.2 s/paso
  paso 8350 · perdida  0.8924 · GLOBAL 0.7500 · acierto 0.6667 · vigente 0.0000 · nose 1.0000 (rel nan/aus 1.00) · invento 0.0000 · 0.2 s/paso
  paso 8375 · perdida  0.7841 · GLOBAL 0.7500 · acierto 0.6667 · vigente 0.0000 · nose 1.0000 (rel nan/aus 1.00) · invento 0.0000 · 0.2 s/paso
  paso 8400 · perdida  0.8302 · GLOBAL 0.5000 · acierto 0.3333 · vigente 0.0000 · nose 1.0000 (rel nan/aus 1.00) · invento 0.0000 · 0.2 s/paso
  paso 8425 · perdida  2.0403 · GLOBAL 0.2500 · acierto 0.0000 · vigente 0.0000 · nose 0.3333 (rel 1.00/aus 0.00) · invento 0.6667 · 0.2 s/paso
  paso 8450 · perdida  0.3419 · GLOBAL 1.0000 · acierto 1.0000 · vigente nan · nose 1.0000 (rel 1.00/aus nan) · invento 0.0000 · 0.2 s/paso
  paso 8475 · perdida  0.3011 · GLOBAL 1.0000 · acierto 1.0000 · vigente 1.0000 · nose nan (rel nan/aus nan) · invento 0.0000 · 0.2 s/paso
  paso 8500 · perdida  0.6488 · GLOBAL 0.7500 · acierto 1.0000 · vigente 1.0000 · nose 0.0000 (rel nan/aus 0.00) · invento 1.0000 · 0.2 s/paso
  paso 8525 · perdida  0.3516 · GLOBAL 0.7500 · acierto 0.7500 · vigente nan · nose nan (rel nan/aus nan) · invento 0.0000 · 0.2 s/paso
  paso 8550 · perdida  1.8871 · GLOBAL 0.0000 · acierto 0.0000 · vigente 0.0000 · nose 0.0000 (rel 0.00/aus nan) · invento 1.0000 · 0.2 s/paso
  paso 8575 · perdida  1.8455 · GLOBAL 0.0000 · acierto 0.0000 · vigente 0.0000 · nose 0.0000 (rel 0.00/aus 0.00) · invento 1.0000 · 0.2 s/paso
  paso 8600 · perdida  0.8725 · GLOBAL 0.2500 · acierto 0.3333 · vigente nan · nose 0.0000 (rel nan/aus 0.00) · invento 1.0000 · 0.2 s/paso
  paso 8625 · perdida  0.6451 · GLOBAL 0.7500 · acierto 0.0000 · vigente nan · nose 1.0000 (rel 1.00/aus 1.00) · invento 0.0000 · 0.2 s/paso
  paso 8650 · perdida  0.7579 · GLOBAL 0.5000 · acierto 0.5000 · vigente 0.0000 · nose nan (rel nan/aus nan) · invento 0.0000 · 0.2 s/paso
  paso 8675 · perdida  0.8843 · GLOBAL 0.5000 · acierto 0.5000 · vigente 0.0000 · nose 0.5000 (rel 1.00/aus 0.00) · invento 0.5000 · 0.2 s/paso
  paso 8700 · perdida  1.2603 · GLOBAL 0.5000 · acierto 0.0000 · vigente 0.0000 · nose 1.0000 (rel 1.00/aus 1.00) · invento 0.0000 · 0.2 s/paso
  paso 8725 · perdida  0.9842 · GLOBAL 0.7500 · acierto 0.6667 · vigente 0.5000 · nose 1.0000 (rel nan/aus 1.00) · invento 0.0000 · 0.2 s/paso
  paso 8750 · perdida  0.9192 · GLOBAL 0.5000 · acierto 0.3333 · vigente 0.0000 · nose 1.0000 (rel nan/aus 1.00) · invento 0.0000 · 0.2 s/paso
  paso 8775 · perdida  0.9199 · GLOBAL 0.7500 · acierto 0.5000 · vigente 0.0000 · nose 1.0000 (rel 1.00/aus 1.00) · invento 0.0000 · 0.2 s/paso
  paso 8800 · perdida  0.7295 · GLOBAL 0.5000 · acierto 0.0000 · vigente nan · nose 0.6667 (rel 0.00/aus 1.00) · invento 0.3333 · 0.2 s/paso
  paso 8825 · perdida  0.9747 · GLOBAL 0.5000 · acierto 0.3333 · vigente 0.0000 · nose 1.0000 (rel 1.00/aus nan) · invento 0.0000 · 0.2 s/paso
  paso 8850 · perdida  0.8131 · GLOBAL 0.7500 · acierto 1.0000 · vigente nan · nose 0.0000 (rel nan/aus 0.00) · invento 1.0000 · 0.2 s/paso
  paso 8875 · perdida  0.6305 · GLOBAL 0.5000 · acierto 1.0000 · vigente nan · nose 0.3333 (rel 0.50/aus 0.00) · invento 0.6667 · 0.2 s/paso
  paso 8900 · perdida  0.4520 · GLOBAL 1.0000 · acierto 1.0000 · vigente 1.0000 · nose 1.0000 (rel 1.00/aus 1.00) · invento 0.0000 · 0.2 s/paso
  paso 8925 · perdida  0.7444 · GLOBAL 0.5000 · acierto 0.0000 · vigente 0.0000 · nose 0.6667 (rel 0.00/aus 1.00) · invento 0.3333 · 0.2 s/paso
  paso 8950 · perdida  0.2996 · GLOBAL 1.0000 · acierto 1.0000 · vigente 1.0000 · nose 1.0000 (rel nan/aus 1.00) · invento 0.0000 · 0.2 s/paso
  paso 8975 · perdida  0.6616 · GLOBAL 0.7500 · acierto 0.5000 · vigente nan · nose 1.0000 (rel nan/aus 1.00) · invento 0.0000 · 0.2 s/paso
  paso 9000 · perdida  0.6920 · GLOBAL 0.7500 · acierto 0.7500 · vigente 1.0000 · nose nan (rel nan/aus nan) · invento 0.0000 · 0.2 s/paso
  paso 9025 · perdida  0.4737 · GLOBAL 1.0000 · acierto 1.0000 · vigente 1.0000 · nose nan (rel nan/aus nan) · invento 0.0000 · 0.2 s/paso
  paso 9050 · perdida  1.1454 · GLOBAL 0.5000 · acierto 0.6667 · vigente 0.0000 · nose 0.0000 (rel nan/aus 0.00) · invento 1.0000 · 0.2 s/paso
  paso 9075 · perdida  1.3187 · GLOBAL 0.5000 · acierto 0.3333 · vigente 0.3333 · nose 1.0000 (rel nan/aus 1.00) · invento 0.0000 · 0.2 s/paso
  paso 9100 · perdida  0.5603 · GLOBAL 0.7500 · acierto 0.6667 · vigente 0.6667 · nose 1.0000 (rel 1.00/aus nan) · invento 0.0000 · 0.2 s/paso
  paso 9125 · perdida  0.6063 · GLOBAL 0.7500 · acierto nan · vigente nan · nose 0.7500 (rel 0.67/aus 1.00) · invento 0.2500 · 0.2 s/paso
  paso 9150 · perdida  0.9209 · GLOBAL 0.5000 · acierto 0.0000 · vigente 0.0000 · nose 1.0000 (rel 1.00/aus nan) · invento 0.0000 · 0.2 s/paso
  paso 9175 · perdida  1.3974 · GLOBAL 0.5000 · acierto 0.6667 · vigente 0.6667 · nose 0.0000 (rel 0.00/aus nan) · invento 1.0000 · 0.2 s/paso
  paso 9200 · perdida  1.2537 · GLOBAL 0.5000 · acierto 0.6667 · vigente 0.0000 · nose 0.0000 (rel nan/aus 0.00) · invento 1.0000 · 0.2 s/paso
  paso 9225 · perdida  1.8845 · GLOBAL 0.5000 · acierto 0.5000 · vigente 0.5000 · nose 0.5000 (rel nan/aus 0.50) · invento 0.5000 · 0.2 s/paso
  paso 9250 · perdida  1.1532 · GLOBAL 0.2500 · acierto 0.3333 · vigente 0.0000 · nose 0.0000 (rel nan/aus 0.00) · invento 1.0000 · 0.2 s/paso
  paso 9275 · perdida  0.5513 · GLOBAL 0.7500 · acierto 1.0000 · vigente nan · nose 0.6667 (rel 0.00/aus 1.00) · invento 0.3333 · 0.2 s/paso
  paso 9300 · perdida  0.2598 · GLOBAL 1.0000 · acierto 1.0000 · vigente nan · nose 1.0000 (rel nan/aus 1.00) · invento 0.0000 · 0.2 s/paso
  paso 9325 · perdida  0.7540 · GLOBAL 0.5000 · acierto 0.6667 · vigente 0.5000 · nose 0.0000 (rel 0.00/aus nan) · invento 1.0000 · 0.2 s/paso
  paso 9350 · perdida  1.9677 · GLOBAL 0.2500 · acierto 0.2500 · vigente 0.0000 · nose nan (rel nan/aus nan) · invento 0.0000 · 0.2 s/paso
  paso 9375 · perdida  0.3871 · GLOBAL 0.7500 · acierto 0.6667 · vigente nan · nose 1.0000 (rel nan/aus 1.00) · invento 0.0000 · 0.2 s/paso
  paso 9400 · perdida  0.7014 · GLOBAL 0.5000 · acierto 0.5000 · vigente 0.0000 · nose nan (rel nan/aus nan) · invento 0.0000 · 0.2 s/paso
  paso 9425 · perdida  0.4332 · GLOBAL 0.7500 · acierto 1.0000 · vigente nan · nose 0.5000 (rel 0.00/aus 1.00) · invento 0.5000 · 0.2 s/paso
  paso 9450 · perdida  0.2774 · GLOBAL 1.0000 · acierto 1.0000 · vigente 1.0000 · nose 1.0000 (rel nan/aus 1.00) · invento 0.0000 · 0.2 s/paso
  paso 9475 · perdida  0.5150 · GLOBAL 0.7500 · acierto 0.6667 · vigente 1.0000 · nose 1.0000 (rel nan/aus 1.00) · invento 0.0000 · 0.2 s/paso
  paso 9500 · perdida  0.8874 · GLOBAL 0.5000 · acierto 1.0000 · vigente 1.0000 · nose 0.0000 (rel 0.00/aus nan) · invento 1.0000 · 0.2 s/paso
  paso 9525 · perdida  0.7933 · GLOBAL 0.5000 · acierto 0.6667 · vigente 0.5000 · nose 0.0000 (rel nan/aus 0.00) · invento 1.0000 · 0.2 s/paso
  paso 9550 · perdida  0.6070 · GLOBAL 0.5000 · acierto 0.3333 · vigente 0.0000 · nose 1.0000 (rel 1.00/aus nan) · invento 0.0000 · 0.2 s/paso
  paso 9575 · perdida  0.8183 · GLOBAL 0.5000 · acierto 0.5000 · vigente 0.5000 · nose nan (rel nan/aus nan) · invento 0.0000 · 0.2 s/paso
  paso 9600 · perdida  0.2700 · GLOBAL 0.7500 · acierto nan · vigente nan · nose 0.7500 (rel 0.67/aus 1.00) · invento 0.2500 · 0.2 s/paso
  paso 9625 · perdida  1.1548 · GLOBAL 0.7500 · acierto 0.6667 · vigente 0.0000 · nose 1.0000 (rel 1.00/aus nan) · invento 0.0000 · 0.2 s/paso
  paso 9650 · perdida  1.2378 · GLOBAL 0.2500 · acierto 0.5000 · vigente 0.0000 · nose 0.0000 (rel 0.00/aus 0.00) · invento 1.0000 · 0.2 s/paso
  paso 9675 · perdida  1.2709 · GLOBAL 0.5000 · acierto 0.3333 · vigente 0.0000 · nose 1.0000 (rel 1.00/aus nan) · invento 0.0000 · 0.2 s/paso
  paso 9700 · perdida  1.9036 · GLOBAL 0.2500 · acierto 0.0000 · vigente 0.0000 · nose 0.5000 (rel nan/aus 0.50) · invento 0.5000 · 0.2 s/paso
  paso 9725 · perdida  0.2889 · GLOBAL 1.0000 · acierto 1.0000 · vigente nan · nose nan (rel nan/aus nan) · invento 0.0000 · 0.2 s/paso
  paso 9750 · perdida  2.0455 · GLOBAL 0.0000 · acierto 0.0000 · vigente 0.0000 · nose 0.0000 (rel 0.00/aus 0.00) · invento 1.0000 · 0.2 s/paso
  paso 9775 · perdida  0.9803 · GLOBAL 0.5000 · acierto 0.3333 · vigente nan · nose 1.0000 (rel 1.00/aus nan) · invento 0.0000 · 0.2 s/paso
  paso 9800 · perdida  0.4512 · GLOBAL 0.7500 · acierto 1.0000 · vigente nan · nose 0.5000 (rel 1.00/aus 0.00) · invento 0.5000 · 0.2 s/paso
  paso 9825 · perdida  0.4306 · GLOBAL 1.0000 · acierto 1.0000 · vigente nan · nose 1.0000 (rel nan/aus 1.00) · invento 0.0000 · 0.2 s/paso
  paso 9850 · perdida  1.0156 · GLOBAL 0.5000 · acierto 1.0000 · vigente nan · nose 0.0000 (rel 0.00/aus 0.00) · invento 1.0000 · 0.2 s/paso
  paso 9875 · perdida  1.3041 · GLOBAL 0.5000 · acierto 0.3333 · vigente 0.0000 · nose 1.0000 (rel nan/aus 1.00) · invento 0.0000 · 0.2 s/paso
  paso 9900 · perdida  0.5721 · GLOBAL 0.7500 · acierto 1.0000 · vigente 1.0000 · nose 0.0000 (rel 0.00/aus nan) · invento 1.0000 · 0.2 s/paso
  paso 9925 · perdida  2.1290 · GLOBAL 0.5000 · acierto 0.5000 · vigente 0.0000 · nose 0.5000 (rel 1.00/aus 0.00) · invento 0.5000 · 0.2 s/paso
  paso 9950 · perdida  0.9682 · GLOBAL 0.2500 · acierto 0.5000 · vigente nan · nose 0.0000 (rel nan/aus 0.00) · invento 1.0000 · 0.2 s/paso
  paso 9975 · perdida  0.4065 · GLOBAL 0.7500 · acierto 0.6667 · vigente 0.0000 · nose 1.0000 (rel nan/aus 1.00) · invento 0.0000 · 0.2 s/paso
  paso 10000 · perdida  0.5276 · GLOBAL 0.7500 · acierto 1.0000 · vigente 1.0000 · nose 0.5000 (rel nan/aus 0.50) · invento 0.5000 · 0.2 s/paso
  paso 10025 · perdida  0.8563 · GLOBAL 0.5000 · acierto 0.0000 · vigente 0.0000 · nose 1.0000 (rel 1.00/aus 1.00) · invento 0.0000 · 0.2 s/paso
  paso 10050 · perdida  0.3540 · GLOBAL 0.7500 · acierto 1.0000 · vigente nan · nose 0.6667 (rel 1.00/aus 0.00) · invento 0.3333 · 0.2 s/paso
  paso 10075 · perdida  0.8762 · GLOBAL 0.2500 · acierto 0.5000 · vigente 0.5000 · nose 0.0000 (rel 0.00/aus 0.00) · invento 1.0000 · 0.2 s/paso
  paso 10100 · perdida  1.3927 · GLOBAL 0.0000 · acierto 0.0000 · vigente 0.0000 · nose 0.0000 (rel nan/aus 0.00) · invento 1.0000 · 0.2 s/paso
  paso 10125 · perdida  0.7172 · GLOBAL 0.7500 · acierto 1.0000 · vigente 1.0000 · nose 0.5000 (rel nan/aus 0.50) · invento 0.5000 · 0.2 s/paso
  paso 10150 · perdida  0.8797 · GLOBAL 0.5000 · acierto 0.6667 · vigente 1.0000 · nose 0.0000 (rel 0.00/aus nan) · invento 1.0000 · 0.2 s/paso
  paso 10175 · perdida  1.0052 · GLOBAL 0.5000 · acierto 0.5000 · vigente nan · nose 0.5000 (rel 0.50/aus nan) · invento 0.5000 · 0.2 s/paso
  paso 10200 · perdida  1.4231 · GLOBAL 0.2500 · acierto 0.5000 · vigente nan · nose 0.0000 (rel 0.00/aus nan) · invento 1.0000 · 0.2 s/paso
  paso 10225 · perdida  2.0774 · GLOBAL 0.0000 · acierto 0.0000 · vigente 0.0000 · nose 0.0000 (rel 0.00/aus nan) · invento 1.0000 · 0.2 s/paso
  paso 10250 · perdida  0.9912 · GLOBAL 0.5000 · acierto 0.6667 · vigente 0.5000 · nose 0.0000 (rel 0.00/aus nan) · invento 1.0000 · 0.2 s/paso
  paso 10275 · perdida  0.6195 · GLOBAL 0.7500 · acierto 1.0000 · vigente nan · nose 0.0000 (rel nan/aus 0.00) · invento 1.0000 · 0.2 s/paso
  paso 10300 · perdida  1.3022 · GLOBAL 0.2500 · acierto 0.0000 · vigente 0.0000 · nose 1.0000 (rel nan/aus 1.00) · invento 0.0000 · 0.2 s/paso
  paso 10325 · perdida  1.4737 · GLOBAL 0.2500 · acierto 0.0000 · vigente 0.0000 · nose 0.5000 (rel 0.00/aus 1.00) · invento 0.5000 · 0.2 s/paso
  paso 10350 · perdida  0.4391 · GLOBAL 1.0000 · acierto 1.0000 · vigente 1.0000 · nose 1.0000 (rel 1.00/aus nan) · invento 0.0000 · 0.2 s/paso
  paso 10375 · perdida  0.8894 · GLOBAL 0.5000 · acierto 0.6667 · vigente 0.5000 · nose 0.0000 (rel nan/aus 0.00) · invento 1.0000 · 0.2 s/paso
  paso 10400 · perdida  0.4906 · GLOBAL 1.0000 · acierto 1.0000 · vigente 1.0000 · nose nan (rel nan/aus nan) · invento 0.0000 · 0.2 s/paso
  paso 10425 · perdida  0.4524 · GLOBAL 0.7500 · acierto 0.6667 · vigente 0.0000 · nose 1.0000 (rel nan/aus 1.00) · invento 0.0000 · 0.2 s/paso
  paso 10450 · perdida  0.2679 · GLOBAL 0.7500 · acierto 0.7500 · vigente 0.0000 · nose nan (rel nan/aus nan) · invento 0.0000 · 0.2 s/paso
  paso 10475 · perdida  0.5346 · GLOBAL 0.5000 · acierto 0.3333 · vigente 0.0000 · nose 1.0000 (rel nan/aus 1.00) · invento 0.0000 · 0.2 s/paso
  paso 10500 · perdida  0.9186 · GLOBAL 0.5000 · acierto 0.0000 · vigente 0.0000 · nose 0.6667 (rel 0.67/aus nan) · invento 0.3333 · 0.2 s/paso
  paso 10525 · perdida  1.4265 · GLOBAL 0.5000 · acierto 0.0000 · vigente 0.0000 · nose 1.0000 (rel 1.00/aus 1.00) · invento 0.0000 · 0.2 s/paso
  paso 10550 · perdida  1.2363 · GLOBAL 0.2500 · acierto 0.0000 · vigente 0.0000 · nose 0.5000 (rel 1.00/aus 0.00) · invento 0.5000 · 0.2 s/paso
  paso 10575 · perdida  0.4562 · GLOBAL 0.7500 · acierto 0.5000 · vigente 0.0000 · nose 1.0000 (rel 1.00/aus 1.00) · invento 0.0000 · 0.2 s/paso
  paso 10600 · perdida  0.2874 · GLOBAL 1.0000 · acierto 1.0000 · vigente 1.0000 · nose 1.0000 (rel nan/aus 1.00) · invento 0.0000 · 0.2 s/paso
  paso 10625 · perdida  1.5327 · GLOBAL 0.5000 · acierto 1.0000 · vigente 1.0000 · nose 0.0000 (rel 0.00/aus 0.00) · invento 1.0000 · 0.2 s/paso
  paso 10650 · perdida  0.4083 · GLOBAL 0.7500 · acierto 1.0000 · vigente nan · nose 0.5000 (rel 0.00/aus 1.00) · invento 0.5000 · 0.2 s/paso
  paso 10675 · perdida  1.3940 · GLOBAL 0.5000 · acierto 0.3333 · vigente 0.5000 · nose 1.0000 (rel 1.00/aus nan) · invento 0.0000 · 0.2 s/paso
  paso 10700 · perdida  0.3414 · GLOBAL 1.0000 · acierto 1.0000 · vigente nan · nose 1.0000 (rel 1.00/aus nan) · invento 0.0000 · 0.2 s/paso
  paso 10725 · perdida  0.5986 · GLOBAL 0.7500 · acierto 1.0000 · vigente nan · nose 0.5000 (rel 0.50/aus nan) · invento 0.5000 · 0.2 s/paso
  paso 10750 · perdida  0.1368 · GLOBAL 1.0000 · acierto 1.0000 · vigente 1.0000 · nose nan (rel nan/aus nan) · invento 0.0000 · 0.2 s/paso
  paso 10775 · perdida  0.2507 · GLOBAL 1.0000 · acierto 1.0000 · vigente 1.0000 · nose 1.0000 (rel 1.00/aus nan) · invento 0.0000 · 0.2 s/paso
  paso 10800 · perdida  0.2206 · GLOBAL 1.0000 · acierto 1.0000 · vigente nan · nose 1.0000 (rel nan/aus 1.00) · invento 0.0000 · 0.2 s/paso
  paso 10825 · perdida  1.1426 · GLOBAL 0.2500 · acierto 0.5000 · vigente 0.0000 · nose 0.0000 (rel 0.00/aus 0.00) · invento 1.0000 · 0.2 s/paso
  paso 10850 · perdida  1.0811 · GLOBAL 0.2500 · acierto 0.2500 · vigente 0.5000 · nose nan (rel nan/aus nan) · invento 0.0000 · 0.2 s/paso
  paso 10875 · perdida  1.5917 · GLOBAL 0.2500 · acierto 0.5000 · vigente 0.0000 · nose 0.0000 (rel nan/aus 0.00) · invento 1.0000 · 0.2 s/paso
  paso 10900 · perdida  1.0463 · GLOBAL 0.7500 · acierto 1.0000 · vigente 1.0000 · nose 0.6667 (rel 1.00/aus 0.00) · invento 0.3333 · 0.2 s/paso
  paso 10925 · perdida  1.2666 · GLOBAL 0.5000 · acierto 1.0000 · vigente 1.0000 · nose 0.0000 (rel 0.00/aus 0.00) · invento 1.0000 · 0.2 s/paso
  paso 10950 · perdida  1.7601 · GLOBAL 0.2500 · acierto 0.0000 · vigente 0.0000 · nose 0.5000 (rel 0.00/aus 1.00) · invento 0.5000 · 0.2 s/paso
  paso 10975 · perdida  1.2085 · GLOBAL 0.5000 · acierto 0.5000 · vigente 0.0000 · nose 0.5000 (rel 0.50/aus nan) · invento 0.5000 · 0.2 s/paso
  paso 11000 · perdida  0.4710 · GLOBAL 0.7500 · acierto 1.0000 · vigente nan · nose 0.5000 (rel 1.00/aus 0.00) · invento 0.5000 · 0.2 s/paso
  paso 11025 · perdida  0.7139 · GLOBAL 0.5000 · acierto 0.3333 · vigente 0.0000 · nose 1.0000 (rel 1.00/aus nan) · invento 0.0000 · 0.2 s/paso
  paso 11050 · perdida  1.1017 · GLOBAL 0.5000 · acierto 0.3333 · vigente nan · nose 1.0000 (rel nan/aus 1.00) · invento 0.0000 · 0.2 s/paso
  paso 11075 · perdida  0.8402 · GLOBAL 0.5000 · acierto nan · vigente nan · nose 0.5000 (rel 0.50/aus 0.50) · invento 0.5000 · 0.2 s/paso
  paso 11100 · perdida  1.2166 · GLOBAL 0.5000 · acierto 0.0000 · vigente 0.0000 · nose 0.6667 (rel 0.50/aus 1.00) · invento 0.3333 · 0.2 s/paso
  paso 11125 · perdida  0.3130 · GLOBAL 1.0000 · acierto 1.0000 · vigente 1.0000 · nose 1.0000 (rel 1.00/aus nan) · invento 0.0000 · 0.2 s/paso
  paso 11150 · perdida  1.0066 · GLOBAL 0.5000 · acierto 0.6667 · vigente 0.5000 · nose 0.0000 (rel nan/aus 0.00) · invento 1.0000 · 0.2 s/paso
  paso 11175 · perdida  0.6196 · GLOBAL 0.5000 · acierto 1.0000 · vigente 1.0000 · nose 0.3333 (rel 0.50/aus 0.00) · invento 0.6667 · 0.2 s/paso
  paso 11200 · perdida  0.6271 · GLOBAL 0.7500 · acierto 0.7500 · vigente 0.0000 · nose nan (rel nan/aus nan) · invento 0.0000 · 0.2 s/paso
  paso 11225 · perdida  0.1794 · GLOBAL 1.0000 · acierto 1.0000 · vigente nan · nose 1.0000 (rel 1.00/aus 1.00) · invento 0.0000 · 0.2 s/paso
  paso 11250 · perdida  0.7143 · GLOBAL 0.5000 · acierto 1.0000 · vigente nan · nose 0.3333 (rel 0.00/aus 1.00) · invento 0.6667 · 0.2 s/paso
  paso 11275 · perdida  0.2334 · GLOBAL 1.0000 · acierto 1.0000 · vigente 1.0000 · nose 1.0000 (rel 1.00/aus 1.00) · invento 0.0000 · 0.2 s/paso
  paso 11300 · perdida  0.7472 · GLOBAL 0.7500 · acierto 1.0000 · vigente nan · nose 0.6667 (rel 1.00/aus 0.50) · invento 0.3333 · 0.2 s/paso
  paso 11325 · perdida  0.2472 · GLOBAL 1.0000 · acierto 1.0000 · vigente nan · nose 1.0000 (rel 1.00/aus nan) · invento 0.0000 · 0.2 s/paso
  paso 11350 · perdida  1.2718 · GLOBAL 0.5000 · acierto 0.6667 · vigente 0.0000 · nose 0.0000 (rel nan/aus 0.00) · invento 1.0000 · 0.2 s/paso
  paso 11375 · perdida  0.8662 · GLOBAL 0.7500 · acierto 1.0000 · vigente nan · nose 0.6667 (rel 1.00/aus 0.50) · invento 0.3333 · 0.2 s/paso
  paso 11400 · perdida  1.5824 · GLOBAL 0.2500 · acierto 0.0000 · vigente 0.0000 · nose 0.3333 (rel 0.50/aus 0.00) · invento 0.6667 · 0.2 s/paso
  paso 11425 · perdida  0.5999 · GLOBAL 0.7500 · acierto 0.5000 · vigente 0.0000 · nose 1.0000 (rel nan/aus 1.00) · invento 0.0000 · 0.2 s/paso
  paso 11450 · perdida  1.9140 · GLOBAL 0.5000 · acierto 0.3333 · vigente 0.0000 · nose 1.0000 (rel nan/aus 1.00) · invento 0.0000 · 0.2 s/paso
  paso 11475 · perdida  0.3470 · GLOBAL 0.7500 · acierto 1.0000 · vigente nan · nose 0.5000 (rel 1.00/aus 0.00) · invento 0.5000 · 0.2 s/paso
  paso 11500 · perdida  0.5777 · GLOBAL 0.7500 · acierto 0.6667 · vigente nan · nose 1.0000 (rel 1.00/aus nan) · invento 0.0000 · 0.2 s/paso
  paso 11525 · perdida  1.3318 · GLOBAL 0.2500 · acierto 0.0000 · vigente 0.0000 · nose 0.3333 (rel 0.50/aus 0.00) · invento 0.6667 · 0.2 s/paso
  paso 11550 · perdida  0.2829 · GLOBAL 1.0000 · acierto 1.0000 · vigente nan · nose 1.0000 (rel 1.00/aus 1.00) · invento 0.0000 · 0.2 s/paso
  paso 11575 · perdida  0.2414 · GLOBAL 1.0000 · acierto 1.0000 · vigente nan · nose 1.0000 (rel 1.00/aus 1.00) · invento 0.0000 · 0.2 s/paso
  paso 11600 · perdida  1.5079 · GLOBAL 0.2500 · acierto 0.5000 · vigente 0.0000 · nose 0.0000 (rel 0.00/aus 0.00) · invento 1.0000 · 0.2 s/paso
  paso 11625 · perdida  0.4510 · GLOBAL 1.0000 · acierto 1.0000 · vigente 1.0000 · nose 1.0000 (rel 1.00/aus nan) · invento 0.0000 · 0.2 s/paso
  paso 11650 · perdida  0.2761 · GLOBAL 1.0000 · acierto 1.0000 · vigente 1.0000 · nose 1.0000 (rel 1.00/aus nan) · invento 0.0000 · 0.2 s/paso
  paso 11675 · perdida  0.4652 · GLOBAL 0.7500 · acierto 1.0000 · vigente 1.0000 · nose 0.5000 (rel 0.00/aus 1.00) · invento 0.5000 · 0.2 s/paso
  paso 11700 · perdida  0.3686 · GLOBAL 1.0000 · acierto 1.0000 · vigente 1.0000 · nose 1.0000 (rel nan/aus 1.00) · invento 0.0000 · 0.2 s/paso
  paso 11725 · perdida  1.2498 · GLOBAL 0.5000 · acierto 0.6667 · vigente 0.5000 · nose 0.0000 (rel nan/aus 0.00) · invento 1.0000 · 0.2 s/paso
  paso 11750 · perdida  0.5206 · GLOBAL 0.7500 · acierto 1.0000 · vigente nan · nose 0.6667 (rel nan/aus 0.67) · invento 0.3333 · 0.2 s/paso
  paso 11775 · perdida  0.4389 · GLOBAL 0.7500 · acierto 1.0000 · vigente nan · nose 0.5000 (rel nan/aus 0.50) · invento 0.5000 · 0.2 s/paso
  paso 11800 · perdida  0.9594 · GLOBAL 0.5000 · acierto 0.0000 · vigente 0.0000 · nose 0.6667 (rel 0.67/aus nan) · invento 0.3333 · 0.2 s/paso
  paso 11825 · perdida  1.4379 · GLOBAL 0.5000 · acierto 0.3333 · vigente 0.0000 · nose 1.0000 (rel nan/aus 1.00) · invento 0.0000 · 0.2 s/paso
  paso 11850 · perdida  0.4793 · GLOBAL 0.7500 · acierto 0.6667 · vigente nan · nose 1.0000 (rel nan/aus 1.00) · invento 0.0000 · 0.2 s/paso
  paso 11875 · perdida  1.3126 · GLOBAL 0.5000 · acierto 0.3333 · vigente 0.0000 · nose 1.0000 (rel nan/aus 1.00) · invento 0.0000 · 0.2 s/paso
  paso 11900 · perdida  0.3143 · GLOBAL 1.0000 · acierto 1.0000 · vigente 1.0000 · nose 1.0000 (rel 1.00/aus 1.00) · invento 0.0000 · 0.2 s/paso
  paso 11925 · perdida  0.2730 · GLOBAL 1.0000 · acierto 1.0000 · vigente nan · nose 1.0000 (rel 1.00/aus nan) · invento 0.0000 · 0.2 s/paso
  paso 11950 · perdida  0.8675 · GLOBAL 0.7500 · acierto 1.0000 · vigente nan · nose 0.0000 (rel nan/aus 0.00) · invento 1.0000 · 0.2 s/paso
  paso 11975 · perdida  2.0221 · GLOBAL 0.0000 · acierto 0.0000 · vigente 0.0000 · nose nan (rel nan/aus nan) · invento 0.0000 · 0.2 s/paso
  paso 12000 · perdida  0.8858 · GLOBAL 0.5000 · acierto 0.0000 · vigente nan · nose 0.6667 (rel 0.67/aus nan) · invento 0.3333 · 0.2 s/paso
  paso 12025 · perdida  1.5140 · GLOBAL 0.2500 · acierto 0.5000 · vigente 0.0000 · nose 0.0000 (rel nan/aus 0.00) · invento 1.0000 · 0.2 s/paso
  paso 12050 · perdida  2.0303 · GLOBAL 0.2500 · acierto 0.0000 · vigente 0.0000 · nose 1.0000 (rel 1.00/aus nan) · invento 0.0000 · 0.2 s/paso
  paso 12075 · perdida  0.6980 · GLOBAL 0.7500 · acierto 1.0000 · vigente nan · nose 0.5000 (rel 0.00/aus 1.00) · invento 0.5000 · 0.2 s/paso
  paso 12100 · perdida  0.5692 · GLOBAL 0.7500 · acierto 0.6667 · vigente 0.5000 · nose 1.0000 (rel 1.00/aus nan) · invento 0.0000 · 0.2 s/paso
  paso 12125 · perdida  0.6777 · GLOBAL 0.7500 · acierto 0.6667 · vigente 0.0000 · nose 1.0000 (rel nan/aus 1.00) · invento 0.0000 · 0.2 s/paso
  paso 12150 · perdida  0.6932 · GLOBAL 0.7500 · acierto 1.0000 · vigente 1.0000 · nose 0.5000 (rel nan/aus 0.50) · invento 0.5000 · 0.2 s/paso
  paso 12175 · perdida  0.2259 · GLOBAL 1.0000 · acierto 1.0000 · vigente nan · nose 1.0000 (rel 1.00/aus nan) · invento 0.0000 · 0.2 s/paso
  paso 12200 · perdida  0.6002 · GLOBAL 0.7500 · acierto 0.7500 · vigente 0.5000 · nose nan (rel nan/aus nan) · invento 0.0000 · 0.2 s/paso
  paso 12225 · perdida  0.6080 · GLOBAL 0.5000 · acierto 0.5000 · vigente 0.3333 · nose nan (rel nan/aus nan) · invento 0.0000 · 0.2 s/paso
  paso 12250 · perdida  1.1907 · GLOBAL 0.2500 · acierto 0.0000 · vigente 0.0000 · nose 1.0000 (rel nan/aus 1.00) · invento 0.0000 · 0.2 s/paso
  paso 12275 · perdida  1.8304 · GLOBAL 0.2500 · acierto 0.3333 · vigente 0.0000 · nose 0.0000 (rel nan/aus 0.00) · invento 1.0000 · 0.2 s/paso
  paso 12300 · perdida  1.1247 · GLOBAL 0.7500 · acierto 0.5000 · vigente 0.0000 · nose 1.0000 (rel 1.00/aus 1.00) · invento 0.0000 · 0.2 s/paso
  paso 12325 · perdida  0.2086 · GLOBAL 1.0000 · acierto 1.0000 · vigente 1.0000 · nose 1.0000 (rel nan/aus 1.00) · invento 0.0000 · 0.2 s/paso
  paso 12350 · perdida  0.5457 · GLOBAL 0.5000 · acierto 0.5000 · vigente 0.0000 · nose 0.5000 (rel 0.00/aus 1.00) · invento 0.5000 · 0.2 s/paso
  paso 12375 · perdida  0.4124 · GLOBAL 1.0000 · acierto 1.0000 · vigente nan · nose 1.0000 (rel nan/aus 1.00) · invento 0.0000 · 0.2 s/paso
  paso 12400 · perdida  1.6778 · GLOBAL 0.0000 · acierto 0.0000 · vigente 0.0000 · nose 0.0000 (rel nan/aus 0.00) · invento 1.0000 · 0.2 s/paso
  paso 12425 · perdida  1.8341 · GLOBAL 0.2500 · acierto 0.2500 · vigente 0.0000 · nose nan (rel nan/aus nan) · invento 0.0000 · 0.2 s/paso
  paso 12450 · perdida  0.2889 · GLOBAL 1.0000 · acierto 1.0000 · vigente 1.0000 · nose 1.0000 (rel nan/aus 1.00) · invento 0.0000 · 0.2 s/paso
  paso 12475 · perdida  1.7061 · GLOBAL 0.5000 · acierto 1.0000 · vigente 1.0000 · nose 0.0000 (rel 0.00/aus 0.00) · invento 1.0000 · 0.2 s/paso
  paso 12500 · perdida  0.9163 · GLOBAL 0.5000 · acierto 0.3333 · vigente nan · nose 1.0000 (rel nan/aus 1.00) · invento 0.0000 · 0.2 s/paso
  paso 12525 · perdida  0.4666 · GLOBAL 0.5000 · acierto 0.6667 · vigente nan · nose 0.0000 (rel nan/aus 0.00) · invento 1.0000 · 0.2 s/paso
  paso 12550 · perdida  0.5379 · GLOBAL 0.7500 · acierto 0.7500 · vigente 0.5000 · nose nan (rel nan/aus nan) · invento 0.0000 · 0.2 s/paso
  paso 12575 · perdida  0.1738 · GLOBAL 1.0000 · acierto 1.0000 · vigente nan · nose 1.0000 (rel 1.00/aus nan) · invento 0.0000 · 0.2 s/paso
  paso 12600 · perdida  0.3055 · GLOBAL 0.7500 · acierto 1.0000 · vigente nan · nose 0.5000 (rel 0.50/aus nan) · invento 0.5000 · 0.2 s/paso
  paso 12625 · perdida  1.5523 · GLOBAL 0.7500 · acierto 0.6667 · vigente 0.5000 · nose 1.0000 (rel nan/aus 1.00) · invento 0.0000 · 0.2 s/paso
  paso 12650 · perdida  0.1358 · GLOBAL 1.0000 · acierto 1.0000 · vigente 1.0000 · nose nan (rel nan/aus nan) · invento 0.0000 · 0.2 s/paso
  paso 12675 · perdida  0.4160 · GLOBAL 0.7500 · acierto 0.7500 · vigente 1.0000 · nose nan (rel nan/aus nan) · invento 0.0000 · 0.2 s/paso
  paso 12700 · perdida  0.8664 · GLOBAL 0.7500 · acierto 0.6667 · vigente 0.0000 · nose 1.0000 (rel 1.00/aus nan) · invento 0.0000 · 0.2 s/paso
  paso 12725 · perdida  0.3053 · GLOBAL 1.0000 · acierto 1.0000 · vigente nan · nose 1.0000 (rel 1.00/aus nan) · invento 0.0000 · 0.2 s/paso
  paso 12750 · perdida  2.2029 · GLOBAL 0.2500 · acierto 0.2500 · vigente 0.0000 · nose nan (rel nan/aus nan) · invento 0.0000 · 0.2 s/paso
  paso 12775 · perdida  0.0716 · GLOBAL 1.0000 · acierto 1.0000 · vigente 1.0000 · nose nan (rel nan/aus nan) · invento 0.0000 · 0.2 s/paso
  paso 12800 · perdida  1.5804 · GLOBAL 0.5000 · acierto 0.6667 · vigente 0.0000 · nose 0.0000 (rel nan/aus 0.00) · invento 1.0000 · 0.2 s/paso
  paso 12825 · perdida  1.0069 · GLOBAL 0.5000 · acierto 0.0000 · vigente 0.0000 · nose 1.0000 (rel nan/aus 1.00) · invento 0.0000 · 0.2 s/paso
  paso 12850 · perdida  0.7578 · GLOBAL 0.7500 · acierto 0.6667 · vigente 0.0000 · nose 1.0000 (rel 1.00/aus nan) · invento 0.0000 · 0.2 s/paso
  paso 12875 · perdida  0.5808 · GLOBAL 0.7500 · acierto 0.5000 · vigente 0.0000 · nose 1.0000 (rel 1.00/aus nan) · invento 0.0000 · 0.2 s/paso
  paso 12900 · perdida  0.2066 · GLOBAL 1.0000 · acierto 1.0000 · vigente 1.0000 · nose 1.0000 (rel 1.00/aus nan) · invento 0.0000 · 0.2 s/paso
  paso 12925 · perdida  0.7894 · GLOBAL 0.5000 · acierto 0.3333 · vigente 0.0000 · nose 1.0000 (rel 1.00/aus nan) · invento 0.0000 · 0.2 s/paso
  paso 12950 · perdida  0.5690 · GLOBAL 0.7500 · acierto 0.6667 · vigente nan · nose 1.0000 (rel 1.00/aus nan) · invento 0.0000 · 0.2 s/paso
  paso 12975 · perdida  0.6411 · GLOBAL 0.7500 · acierto 1.0000 · vigente nan · nose 0.6667 (rel 1.00/aus 0.50) · invento 0.3333 · 0.2 s/paso
  paso 13000 · perdida  1.3102 · GLOBAL 0.7500 · acierto 0.6667 · vigente 0.0000 · nose 1.0000 (rel 1.00/aus nan) · invento 0.0000 · 0.2 s/paso
  paso 13025 · perdida  1.1666 · GLOBAL 0.5000 · acierto 0.0000 · vigente 0.0000 · nose 0.6667 (rel 0.50/aus 1.00) · invento 0.3333 · 0.2 s/paso
  paso 13050 · perdida  0.6157 · GLOBAL 0.7500 · acierto 1.0000 · vigente nan · nose 0.0000 (rel 0.00/aus nan) · invento 1.0000 · 0.2 s/paso
  paso 13075 · perdida  1.3987 · GLOBAL 0.5000 · acierto 0.0000 · vigente 0.0000 · nose 1.0000 (rel 1.00/aus 1.00) · invento 0.0000 · 0.2 s/paso
  paso 13100 · perdida  0.8715 · GLOBAL 0.5000 · acierto 0.0000 · vigente 0.0000 · nose 1.0000 (rel nan/aus 1.00) · invento 0.0000 · 0.2 s/paso
  paso 13125 · perdida  0.5905 · GLOBAL 0.5000 · acierto 0.5000 · vigente nan · nose 0.5000 (rel 1.00/aus 0.00) · invento 0.5000 · 0.2 s/paso
  paso 13150 · perdida  1.1394 · GLOBAL 0.5000 · acierto 1.0000 · vigente 1.0000 · nose 0.0000 (rel 0.00/aus 0.00) · invento 1.0000 · 0.2 s/paso
  paso 13175 · perdida  1.2065 · GLOBAL 0.5000 · acierto 0.0000 · vigente 0.0000 · nose 0.6667 (rel 1.00/aus 0.50) · invento 0.3333 · 0.2 s/paso
  paso 13200 · perdida  0.8401 · GLOBAL 0.7500 · acierto 0.5000 · vigente 0.0000 · nose 1.0000 (rel nan/aus 1.00) · invento 0.0000 · 0.2 s/paso
  paso 13225 · perdida  1.6542 · GLOBAL 0.7500 · acierto 0.6667 · vigente nan · nose 1.0000 (rel nan/aus 1.00) · invento 0.0000 · 0.2 s/paso
  paso 13250 · perdida  2.8911 · GLOBAL 0.5000 · acierto 0.5000 · vigente 0.3333 · nose nan (rel nan/aus nan) · invento 0.0000 · 0.2 s/paso
  paso 13275 · perdida  0.4708 · GLOBAL 0.7500 · acierto 0.6667 · vigente 0.0000 · nose 1.0000 (rel 1.00/aus nan) · invento 0.0000 · 0.2 s/paso
  paso 13300 · perdida  1.4448 · GLOBAL 0.5000 · acierto 0.0000 · vigente 0.0000 · nose 0.6667 (rel 0.67/aus nan) · invento 0.3333 · 0.2 s/paso
  paso 13325 · perdida  1.0864 · GLOBAL 0.7500 · acierto 0.5000 · vigente 0.0000 · nose 1.0000 (rel 1.00/aus 1.00) · invento 0.0000 · 0.2 s/paso
  paso 13350 · perdida  1.0950 · GLOBAL 0.5000 · acierto 0.0000 · vigente 0.0000 · nose 1.0000 (rel 1.00/aus 1.00) · invento 0.0000 · 0.2 s/paso
  paso 13375 · perdida  1.0453 · GLOBAL 0.7500 · acierto 1.0000 · vigente nan · nose 0.6667 (rel 0.50/aus 1.00) · invento 0.3333 · 0.2 s/paso
  paso 13400 · perdida  1.6826 · GLOBAL 0.5000 · acierto 1.0000 · vigente nan · nose 0.3333 (rel 0.50/aus 0.00) · invento 0.6667 · 0.2 s/paso
  paso 13425 · perdida  0.4309 · GLOBAL 0.7500 · acierto 1.0000 · vigente nan · nose 0.5000 (rel 0.00/aus 1.00) · invento 0.5000 · 0.2 s/paso
  paso 13450 · perdida  0.7097 · GLOBAL 0.7500 · acierto 0.5000 · vigente nan · nose 1.0000 (rel nan/aus 1.00) · invento 0.0000 · 0.2 s/paso
  paso 13475 · perdida  1.2140 · GLOBAL 0.2500 · acierto 0.3333 · vigente 0.3333 · nose 0.0000 (rel nan/aus 0.00) · invento 1.0000 · 0.2 s/paso
  paso 13500 · perdida  0.4678 · GLOBAL 0.7500 · acierto 1.0000 · vigente 1.0000 · nose 0.6667 (rel 1.00/aus 0.00) · invento 0.3333 · 0.2 s/paso
  paso 13525 · perdida  0.6488 · GLOBAL 0.5000 · acierto 0.5000 · vigente 0.0000 · nose 0.5000 (rel 0.00/aus 1.00) · invento 0.5000 · 0.2 s/paso
  paso 13550 · perdida  0.5990 · GLOBAL 1.0000 · acierto 1.0000 · vigente 1.0000 · nose 1.0000 (rel nan/aus 1.00) · invento 0.0000 · 0.2 s/paso
  paso 13575 · perdida  0.5022 · GLOBAL 0.7500 · acierto 0.6667 · vigente 0.0000 · nose 1.0000 (rel nan/aus 1.00) · invento 0.0000 · 0.2 s/paso
  paso 13600 · perdida  1.4135 · GLOBAL 0.5000 · acierto 0.5000 · vigente 0.3333 · nose nan (rel nan/aus nan) · invento 0.0000 · 0.2 s/paso
  paso 13625 · perdida  0.9257 · GLOBAL 0.7500 · acierto 0.6667 · vigente 0.5000 · nose 1.0000 (rel 1.00/aus nan) · invento 0.0000 · 0.2 s/paso
  paso 13650 · perdida  1.0620 · GLOBAL 0.5000 · acierto 0.6667 · vigente nan · nose 0.0000 (rel nan/aus 0.00) · invento 1.0000 · 0.2 s/paso
  paso 13675 · perdida  0.5761 · GLOBAL 0.7500 · acierto 1.0000 · vigente 1.0000 · nose 0.5000 (rel nan/aus 0.50) · invento 0.5000 · 0.2 s/paso
  paso 13700 · perdida  0.3412 · GLOBAL 1.0000 · acierto 1.0000 · vigente 1.0000 · nose nan (rel nan/aus nan) · invento 0.0000 · 0.2 s/paso
  paso 13725 · perdida  0.3914 · GLOBAL 0.7500 · acierto 1.0000 · vigente nan · nose 0.5000 (rel 1.00/aus 0.00) · invento 0.5000 · 0.2 s/paso
  paso 13750 · perdida  0.2392 · GLOBAL 1.0000 · acierto 1.0000 · vigente 1.0000 · nose nan (rel nan/aus nan) · invento 0.0000 · 0.2 s/paso
  paso 13775 · perdida  0.5065 · GLOBAL 0.7500 · acierto 1.0000 · vigente 1.0000 · nose 0.6667 (rel nan/aus 0.67) · invento 0.3333 · 0.2 s/paso
  paso 13800 · perdida  1.9361 · GLOBAL 0.0000 · acierto 0.0000 · vigente 0.0000 · nose 0.0000 (rel 0.00/aus nan) · invento 1.0000 · 0.2 s/paso
  paso 13825 · perdida  0.8459 · GLOBAL 0.5000 · acierto 0.3333 · vigente 0.0000 · nose 1.0000 (rel 1.00/aus nan) · invento 0.0000 · 0.2 s/paso
  paso 13850 · perdida  0.9905 · GLOBAL 0.5000 · acierto 0.5000 · vigente 0.0000 · nose 0.5000 (rel 0.00/aus 1.00) · invento 0.5000 · 0.2 s/paso
  paso 13875 · perdida  0.5216 · GLOBAL 0.7500 · acierto 1.0000 · vigente nan · nose 0.5000 (rel 0.00/aus 1.00) · invento 0.5000 · 0.2 s/paso
  paso 13900 · perdida  0.2719 · GLOBAL 1.0000 · acierto 1.0000 · vigente 1.0000 · nose 1.0000 (rel 1.00/aus nan) · invento 0.0000 · 0.2 s/paso
  paso 13925 · perdida  1.4003 · GLOBAL 0.2500 · acierto 0.0000 · vigente 0.0000 · nose 0.3333 (rel 0.00/aus 1.00) · invento 0.6667 · 0.2 s/paso
  paso 13950 · perdida  0.3615 · GLOBAL 0.7500 · acierto 1.0000 · vigente nan · nose 0.5000 (rel 0.50/aus nan) · invento 0.5000 · 0.2 s/paso
  paso 13975 · perdida  2.3041 · GLOBAL 0.5000 · acierto 0.0000 · vigente 0.0000 · nose 0.6667 (rel 1.00/aus 0.00) · invento 0.3333 · 0.2 s/paso
  paso 14000 · perdida  0.1720 · GLOBAL 1.0000 · acierto 1.0000 · vigente 1.0000 · nose 1.0000 (rel nan/aus 1.00) · invento 0.0000 · 0.2 s/paso
  paso 14025 · perdida  0.3661 · GLOBAL 0.7500 · acierto 1.0000 · vigente nan · nose 0.5000 (rel nan/aus 0.50) · invento 0.5000 · 0.2 s/paso
  paso 14050 · perdida  0.4449 · GLOBAL 0.7500 · acierto 0.7500 · vigente nan · nose nan (rel nan/aus nan) · invento 0.0000 · 0.2 s/paso
  paso 14075 · perdida  1.1530 · GLOBAL 0.2500 · acierto 1.0000 · vigente nan · nose 0.0000 (rel nan/aus 0.00) · invento 1.0000 · 0.2 s/paso
  paso 14100 · perdida  0.7453 · GLOBAL 0.5000 · acierto 0.3333 · vigente 0.0000 · nose 1.0000 (rel nan/aus 1.00) · invento 0.0000 · 0.2 s/paso
  paso 14125 · perdida  0.2475 · GLOBAL 1.0000 · acierto 1.0000 · vigente nan · nose 1.0000 (rel nan/aus 1.00) · invento 0.0000 · 0.2 s/paso
  paso 14150 · perdida  1.0250 · GLOBAL 0.5000 · acierto 0.0000 · vigente nan · nose 0.6667 (rel 0.50/aus 1.00) · invento 0.3333 · 0.2 s/paso
  paso 14175 · perdida  0.6325 · GLOBAL 0.7500 · acierto 0.0000 · vigente 0.0000 · nose 1.0000 (rel 1.00/aus nan) · invento 0.0000 · 0.2 s/paso
  paso 14200 · perdida  0.4040 · GLOBAL 0.7500 · acierto 0.7500 · vigente 0.0000 · nose nan (rel nan/aus nan) · invento 0.0000 · 0.2 s/paso
  paso 14225 · perdida  0.4895 · GLOBAL 0.7500 · acierto 0.6667 · vigente nan · nose 1.0000 (rel nan/aus 1.00) · invento 0.0000 · 0.2 s/paso
  paso 14250 · perdida  1.4189 · GLOBAL 0.2500 · acierto 0.3333 · vigente 0.3333 · nose 0.0000 (rel nan/aus 0.00) · invento 1.0000 · 0.2 s/paso
  paso 14275 · perdida  0.4585 · GLOBAL 1.0000 · acierto 1.0000 · vigente 1.0000 · nose 1.0000 (rel nan/aus 1.00) · invento 0.0000 · 0.2 s/paso
  paso 14300 · perdida  0.6408 · GLOBAL 0.7500 · acierto 0.5000 · vigente 0.0000 · nose 1.0000 (rel 1.00/aus nan) · invento 0.0000 · 0.2 s/paso
  paso 14325 · perdida  0.2050 · GLOBAL 1.0000 · acierto 1.0000 · vigente 1.0000 · nose 1.0000 (rel 1.00/aus 1.00) · invento 0.0000 · 0.2 s/paso
  paso 14350 · perdida  0.2607 · GLOBAL 1.0000 · acierto 1.0000 · vigente 1.0000 · nose 1.0000 (rel 1.00/aus 1.00) · invento 0.0000 · 0.2 s/paso
  paso 14375 · perdida  1.1351 · GLOBAL 0.5000 · acierto 0.5000 · vigente 0.5000 · nose nan (rel nan/aus nan) · invento 0.0000 · 0.2 s/paso
  paso 14400 · perdida  1.7382 · GLOBAL 0.2500 · acierto 0.2500 · vigente 0.0000 · nose nan (rel nan/aus nan) · invento 0.0000 · 0.2 s/paso
  paso 14425 · perdida  1.4455 · GLOBAL 0.2500 · acierto 0.5000 · vigente nan · nose 0.0000 (rel nan/aus 0.00) · invento 1.0000 · 0.2 s/paso
  paso 14450 · perdida  0.6813 · GLOBAL 0.7500 · acierto 0.5000 · vigente 1.0000 · nose 1.0000 (rel nan/aus 1.00) · invento 0.0000 · 0.2 s/paso
  paso 14475 · perdida  0.9278 · GLOBAL 0.7500 · acierto 1.0000 · vigente 1.0000 · nose 0.5000 (rel 0.50/aus nan) · invento 0.5000 · 0.2 s/paso
  paso 14500 · perdida  1.4723 · GLOBAL 0.5000 · acierto 1.0000 · vigente 1.0000 · nose 0.0000 (rel 0.00/aus 0.00) · invento 1.0000 · 0.2 s/paso
  paso 14525 · perdida  1.0265 · GLOBAL 0.5000 · acierto 1.0000 · vigente nan · nose 0.0000 (rel 0.00/aus nan) · invento 1.0000 · 0.2 s/paso
  paso 14550 · perdida  0.8324 · GLOBAL 0.7500 · acierto 1.0000 · vigente 1.0000 · nose 0.0000 (rel nan/aus 0.00) · invento 1.0000 · 0.2 s/paso
  paso 14575 · perdida  0.6666 · GLOBAL 0.7500 · acierto nan · vigente nan · nose 0.7500 (rel 0.67/aus 1.00) · invento 0.2500 · 0.2 s/paso
  paso 14600 · perdida  0.1603 · GLOBAL 1.0000 · acierto 1.0000 · vigente 1.0000 · nose 1.0000 (rel 1.00/aus 1.00) · invento 0.0000 · 0.2 s/paso
  paso 14625 · perdida  1.6077 · GLOBAL 0.2500 · acierto 0.0000 · vigente 0.0000 · nose 1.0000 (rel nan/aus 1.00) · invento 0.0000 · 0.2 s/paso
  paso 14650 · perdida  0.7514 · GLOBAL 0.7500 · acierto 0.7500 · vigente 0.6667 · nose nan (rel nan/aus nan) · invento 0.0000 · 0.2 s/paso
  paso 14675 · perdida  0.6032 · GLOBAL 0.7500 · acierto 0.6667 · vigente 0.5000 · nose 1.0000 (rel nan/aus 1.00) · invento 0.0000 · 0.2 s/paso
  paso 14700 · perdida  1.0487 · GLOBAL 0.5000 · acierto 0.3333 · vigente 0.0000 · nose 1.0000 (rel nan/aus 1.00) · invento 0.0000 · 0.2 s/paso
  paso 14725 · perdida  0.5238 · GLOBAL 0.5000 · acierto 0.3333 · vigente 0.0000 · nose 1.0000 (rel nan/aus 1.00) · invento 0.0000 · 0.2 s/paso
  paso 14750 · perdida  0.9957 · GLOBAL 0.5000 · acierto 0.5000 · vigente 0.0000 · nose 0.5000 (rel 0.00/aus 1.00) · invento 0.5000 · 0.2 s/paso
  paso 14775 · perdida  1.7229 · GLOBAL 0.5000 · acierto 0.5000 · vigente 0.0000 · nose 0.5000 (rel 0.00/aus 1.00) · invento 0.5000 · 0.2 s/paso
  paso 14800 · perdida  0.1630 · GLOBAL 1.0000 · acierto 1.0000 · vigente 1.0000 · nose 1.0000 (rel 1.00/aus 1.00) · invento 0.0000 · 0.2 s/paso
  paso 14825 · perdida  0.3309 · GLOBAL 1.0000 · acierto 1.0000 · vigente 1.0000 · nose 1.0000 (rel nan/aus 1.00) · invento 0.0000 · 0.2 s/paso
  paso 14850 · perdida  0.1383 · GLOBAL 1.0000 · acierto 1.0000 · vigente nan · nose 1.0000 (rel 1.00/aus nan) · invento 0.0000 · 0.2 s/paso
  paso 14875 · perdida  0.8554 · GLOBAL 0.7500 · acierto 0.6667 · vigente 0.6667 · nose 1.0000 (rel nan/aus 1.00) · invento 0.0000 · 0.2 s/paso
  paso 14900 · perdida  0.7858 · GLOBAL 0.7500 · acierto 0.7500 · vigente 0.0000 · nose nan (rel nan/aus nan) · invento 0.0000 · 0.2 s/paso
  paso 14925 · perdida  0.1620 · GLOBAL 1.0000 · acierto 1.0000 · vigente 1.0000 · nose 1.0000 (rel nan/aus 1.00) · invento 0.0000 · 0.2 s/paso
  paso 14950 · perdida  0.4260 · GLOBAL 0.7500 · acierto 1.0000 · vigente nan · nose 0.6667 (rel 0.67/aus nan) · invento 0.3333 · 0.2 s/paso
  paso 14975 · perdida  0.3232 · GLOBAL 0.7500 · acierto 0.6667 · vigente 0.5000 · nose 1.0000 (rel nan/aus 1.00) · invento 0.0000 · 0.2 s/paso
  paso 15000 · perdida  1.9667 · GLOBAL 0.2500 · acierto 0.5000 · vigente 0.0000 · nose 0.0000 (rel nan/aus 0.00) · invento 1.0000 · 0.2 s/paso
  paso 15025 · perdida  0.9627 · GLOBAL 0.5000 · acierto 0.3333 · vigente 0.3333 · nose 1.0000 (rel 1.00/aus nan) · invento 0.0000 · 0.2 s/paso
  paso 15050 · perdida  0.7990 · GLOBAL 0.5000 · acierto 0.0000 · vigente 0.0000 · nose 1.0000 (rel 1.00/aus 1.00) · invento 0.0000 · 0.2 s/paso
  paso 15075 · perdida  0.0748 · GLOBAL 1.0000 · acierto 1.0000 · vigente nan · nose 1.0000 (rel nan/aus 1.00) · invento 0.0000 · 0.2 s/paso
  paso 15100 · perdida  0.2568 · GLOBAL 1.0000 · acierto 1.0000 · vigente nan · nose 1.0000 (rel 1.00/aus 1.00) · invento 0.0000 · 0.2 s/paso
  paso 15125 · perdida  0.6159 · GLOBAL 0.7500 · acierto 0.5000 · vigente 0.5000 · nose 1.0000 (rel 1.00/aus 1.00) · invento 0.0000 · 0.2 s/paso
  paso 15150 · perdida  0.0559 · GLOBAL 1.0000 · acierto 1.0000 · vigente nan · nose 1.0000 (rel 1.00/aus 1.00) · invento 0.0000 · 0.2 s/paso
  paso 15175 · perdida  0.9830 · GLOBAL 0.7500 · acierto 0.7500 · vigente 0.5000 · nose nan (rel nan/aus nan) · invento 0.0000 · 0.2 s/paso
  paso 15200 · perdida  0.7596 · GLOBAL 0.7500 · acierto 1.0000 · vigente 1.0000 · nose 0.0000 (rel nan/aus 0.00) · invento 1.0000 · 0.2 s/paso
  paso 15225 · perdida  1.1372 · GLOBAL 0.5000 · acierto 0.5000 · vigente 0.0000 · nose nan (rel nan/aus nan) · invento 0.0000 · 0.2 s/paso
  paso 15250 · perdida  0.0181 · GLOBAL 1.0000 · acierto 1.0000 · vigente nan · nose 1.0000 (rel 1.00/aus nan) · invento 0.0000 · 0.2 s/paso
  paso 15275 · perdida  0.0979 · GLOBAL 1.0000 · acierto 1.0000 · vigente nan · nose 1.0000 (rel 1.00/aus 1.00) · invento 0.0000 · 0.2 s/paso
  paso 15300 · perdida  0.2296 · GLOBAL 1.0000 · acierto 1.0000 · vigente nan · nose nan (rel nan/aus nan) · invento 0.0000 · 0.2 s/paso
  paso 15325 · perdida  1.6346 · GLOBAL 0.5000 · acierto 0.5000 · vigente 0.3333 · nose nan (rel nan/aus nan) · invento 0.0000 · 0.2 s/paso
  paso 15350 · perdida  1.1523 · GLOBAL 0.7500 · acierto 1.0000 · vigente 1.0000 · nose 0.0000 (rel 0.00/aus nan) · invento 1.0000 · 0.2 s/paso
  paso 15375 · perdida  0.0307 · GLOBAL 1.0000 · acierto 1.0000 · vigente nan · nose 1.0000 (rel 1.00/aus 1.00) · invento 0.0000 · 0.2 s/paso
  paso 15400 · perdida  0.1445 · GLOBAL 1.0000 · acierto nan · vigente nan · nose 1.0000 (rel 1.00/aus 1.00) · invento 0.0000 · 0.2 s/paso
  paso 15425 · perdida  1.1887 · GLOBAL 0.5000 · acierto 0.6667 · vigente 0.5000 · nose 0.0000 (rel nan/aus 0.00) · invento 1.0000 · 0.2 s/paso
  paso 15450 · perdida  0.1015 · GLOBAL 1.0000 · acierto 1.0000 · vigente nan · nose 1.0000 (rel 1.00/aus 1.00) · invento 0.0000 · 0.2 s/paso
  paso 15475 · perdida  0.4295 · GLOBAL 0.7500 · acierto 0.7500 · vigente 0.0000 · nose nan (rel nan/aus nan) · invento 0.0000 · 0.2 s/paso
  paso 15500 · perdida  0.3190 · GLOBAL 0.7500 · acierto 0.6667 · vigente 0.0000 · nose 1.0000 (rel 1.00/aus nan) · invento 0.0000 · 0.2 s/paso
  paso 15525 · perdida  0.4525 · GLOBAL 0.7500 · acierto 0.7500 · vigente 0.5000 · nose nan (rel nan/aus nan) · invento 0.0000 · 0.2 s/paso
  paso 15550 · perdida  0.3599 · GLOBAL 0.7500 · acierto 0.6667 · vigente 0.0000 · nose 1.0000 (rel 1.00/aus nan) · invento 0.0000 · 0.2 s/paso
  paso 15575 · perdida  0.7763 · GLOBAL 0.7500 · acierto nan · vigente nan · nose 0.7500 (rel 0.00/aus 1.00) · invento 0.2500 · 0.2 s/paso
  paso 15600 · perdida  0.2616 · GLOBAL 0.7500 · acierto 1.0000 · vigente nan · nose 0.6667 (rel 0.67/aus nan) · invento 0.3333 · 0.2 s/paso
  paso 15625 · perdida  1.5210 · GLOBAL 0.2500 · acierto 0.5000 · vigente 0.0000 · nose 0.0000 (rel nan/aus 0.00) · invento 1.0000 · 0.2 s/paso
  paso 15650 · perdida  0.5569 · GLOBAL 0.7500 · acierto 1.0000 · vigente nan · nose 0.6667 (rel 0.50/aus 1.00) · invento 0.3333 · 0.2 s/paso
  paso 15675 · perdida  0.3838 · GLOBAL 0.7500 · acierto 0.7500 · vigente nan · nose nan (rel nan/aus nan) · invento 0.0000 · 0.2 s/paso
  paso 15700 · perdida  0.5476 · GLOBAL 0.7500 · acierto 0.5000 · vigente 0.0000 · nose 1.0000 (rel 1.00/aus 1.00) · invento 0.0000 · 0.2 s/paso
  paso 15725 · perdida  1.6353 · GLOBAL 0.5000 · acierto 1.0000 · vigente nan · nose 0.3333 (rel nan/aus 0.33) · invento 0.6667 · 0.2 s/paso
  paso 15750 · perdida  0.1725 · GLOBAL 1.0000 · acierto 1.0000 · vigente nan · nose 1.0000 (rel nan/aus 1.00) · invento 0.0000 · 0.2 s/paso
  paso 15775 · perdida  0.3608 · GLOBAL 0.7500 · acierto 1.0000 · vigente 1.0000 · nose 0.0000 (rel nan/aus 0.00) · invento 1.0000 · 0.2 s/paso
  paso 15800 · perdida  0.5321 · GLOBAL 0.7500 · acierto 0.7500 · vigente 0.5000 · nose nan (rel nan/aus nan) · invento 0.0000 · 0.2 s/paso
  paso 15825 · perdida  0.2940 · GLOBAL 1.0000 · acierto 1.0000 · vigente 1.0000 · nose 1.0000 (rel 1.00/aus nan) · invento 0.0000 · 0.2 s/paso
  paso 15850 · perdida  0.1020 · GLOBAL 1.0000 · acierto 1.0000 · vigente 1.0000 · nose 1.0000 (rel nan/aus 1.00) · invento 0.0000 · 0.2 s/paso
  paso 15875 · perdida  0.2722 · GLOBAL 1.0000 · acierto 1.0000 · vigente 1.0000 · nose 1.0000 (rel nan/aus 1.00) · invento 0.0000 · 0.2 s/paso
  paso 15900 · perdida  0.4283 · GLOBAL 0.7500 · acierto 1.0000 · vigente nan · nose 0.0000 (rel nan/aus 0.00) · invento 1.0000 · 0.2 s/paso
  paso 15925 · perdida  0.3700 · GLOBAL 0.7500 · acierto 0.6667 · vigente nan · nose 1.0000 (rel nan/aus 1.00) · invento 0.0000 · 0.2 s/paso
  paso 15950 · perdida  0.4373 · GLOBAL 0.7500 · acierto 0.6667 · vigente 0.0000 · nose 1.0000 (rel 1.00/aus nan) · invento 0.0000 · 0.2 s/paso
  paso 15975 · perdida  0.6826 · GLOBAL 0.5000 · acierto 0.5000 · vigente 0.0000 · nose nan (rel nan/aus nan) · invento 0.0000 · 0.2 s/paso
  paso 16000 · perdida  0.0726 · GLOBAL 1.0000 · acierto 1.0000 · vigente 1.0000 · nose 1.0000 (rel 1.00/aus nan) · invento 0.0000 · 0.2 s/paso

  CONTROLES sobre el ultimo lote:
    con archivo        GLOBAL 1.0000 · acierto 1.0000 · vigente 1.0000 · nose 1.0000 · invento 0.0000
    BARAJADO           GLOBAL 0.2500 · acierto 0.0000 · vigente 0.0000 · nose 1.0000 · invento 0.0000
    VACIO (ceros)      GLOBAL 0.0000 · acierto 0.0000 · vigente 0.0000 · nose 0.0000 · invento 0.0000
    lectura APAGADA    GLOBAL 0.0000 · acierto 0.0000 · vigente 0.0000 · nose 0.0000 · invento 0.0000

    BARAJADO alto = no lee el archivo · VACIO alto = contesta desde el preentrenamiento
    (VACIO es el control que pedia el plan por vocabulario abierto)

  escrito /content/banco_abstcal_s0.json

listo en 43.7 min
