== banco_ent15_s2 en la cuenta L · sesion NUEVA banco_l_1702 · 20000 pasos
[colab] Creating session 'banco_l_1702'...
[colab] Session READY.
[colab] Uploaded '/tmp/tmp.NB0hQgprda/banco.tgz' to '/content/banco.tgz'
entorno 2.11.0+cu128 5.16.1 True 
cmd /usr/bin/python3 -u banco_escalado.py --semilla 2 --pasos 20000 --cada 25 --salida /content/banco_ent15_s2.json --n-ent 15 --n-val 8 --n-rel 1 --batch 4 --distractores 4 --arch 4 --p-dos 0 --p-una 1
lanzado pid 1981
VIVO= True
ULTIMO= paso  700 · perdida  1.5992 · GLOBAL 0.2500 · acierto 0.2500 · vigente nan · nose nan · invento 0.0000 · 0.1 s/paso
VIVO= True
ULTIMO= paso 1600 · perdida  2.3388 · GLOBAL 0.2500 · acierto 0.2500 · vigente nan · nose nan · invento 0.0000 · 0.1 s/paso
VIVO= True
ULTIMO= paso 2500 · perdida  1.2731 · GLOBAL 0.7500 · acierto 0.7500 · vigente nan · nose nan · invento 0.0000 · 0.1 s/paso
VIVO= True
ULTIMO= paso 3400 · perdida  0.6293 · GLOBAL 0.7500 · acierto 0.7500 · vigente nan · nose nan · invento 0.0000 · 0.1 s/paso
VIVO= True
ULTIMO= paso 4325 · perdida  0.0004 · GLOBAL 1.0000 · acierto 1.0000 · vigente nan · nose nan · invento 0.0000 · 0.1 s/paso
VIVO= True
ULTIMO= paso 5300 · perdida  0.0002 · GLOBAL 1.0000 · acierto 1.0000 · vigente nan · nose nan · invento 0.0000 · 0.1 s/paso
VIVO= True
ULTIMO= paso 6200 · perdida  0.0000 · GLOBAL 1.0000 · acierto 1.0000 · vigente nan · nose nan · invento 0.0000 · 0.1 s/paso
VIVO= True
ULTIMO= paso 7100 · perdida  0.0000 · GLOBAL 1.0000 · acierto 1.0000 · vigente nan · nose nan · invento 0.0000 · 0.1 s/paso
