MUNDO REAL · 23 hitos · confianza previa del modelo 0.5543 a 0.9797 (media 0.8783)
Warning: You are sending unauthenticated requests to the HF Hub. Please set a HF_TOKEN to enable higher rate limits and faster downloads.
Loading weights:   0%|          | 0/201 [00:00<?, ?it/s]Loading weights:   0%|          | 1/201 [00:00<00:42,  4.66it/s]Loading weights:   6%|▋         | 13/201 [00:00<00:03, 48.47it/s]Loading weights:  12%|█▏        | 24/201 [00:00<00:02, 67.90it/s]Loading weights:  20%|█▉        | 40/201 [00:00<00:01, 91.16it/s]Loading weights:  25%|██▌       | 51/201 [00:00<00:01, 90.74it/s]Loading weights:  32%|███▏      | 64/201 [00:00<00:01, 102.04it/s]Loading weights:  37%|███▋      | 75/201 [00:00<00:01, 96.46it/s] Loading weights:  43%|████▎     | 86/201 [00:01<00:01, 87.10it/s]Loading weights:  48%|████▊     | 96/201 [00:01<00:01, 87.98it/s]Loading weights:  54%|█████▍    | 109/201 [00:01<00:00, 97.41it/s]Loading weights:  60%|██████    | 121/201 [00:01<00:00, 101.23it/s]Loading weights:  66%|██████▌   | 132/201 [00:01<00:00, 93.55it/s] Loading weights:  72%|███████▏  | 145/201 [00:01<00:00, 99.89it/s]Loading weights:  78%|███████▊  | 157/201 [00:01<00:00, 91.01it/s]Loading weights:  84%|████████▎ | 168/201 [00:01<00:00, 95.63it/s]Loading weights:  90%|████████▉ | 180/201 [00:02<00:00, 101.53it/s]Loading weights:  95%|█████████▌| 191/201 [00:02<00:00, 100.94it/s]Loading weights: 100%|██████████| 201/201 [00:02<00:00, 91.42it/s] 
DENSO · atencion completa en las 22 capas · sin conv corta
TinyLlama/TinyLlama-1.1B-Chat-v1.0 · 1.10 B CONGELADOS · entrenables 2.11 M (0.192 %) · rango 256 · cuda
escritura capa 11 · lectura capa 2 · 23 entidades · 8 valores · 1 relaciones · batch 4 · archivo 4 · 22 bloques
abstencion 'None' -> 6213 · piso trivial de responder al azar 1/8 = 0.1250
PISO DEL MUDO: abstenerse SIEMPRE da GLOBAL 0.0000. Por debajo de eso el modelo es peor que el silencio.
  paso    1 · perdida 11.2641 · GLOBAL 0.0000 · acierto 0.0000 · vigente nan · nose nan · invento 0.0000 · 1.7 s/paso
  paso   25 · perdida  2.2096 · GLOBAL 0.2500 · acierto 0.2500 · vigente nan · nose nan · invento 0.0000 · 0.2 s/paso
  paso   50 · perdida  2.7436 · GLOBAL 0.0000 · acierto 0.0000 · vigente nan · nose nan · invento 0.0000 · 0.2 s/paso
  paso   75 · perdida  2.8752 · GLOBAL 0.0000 · acierto 0.0000 · vigente nan · nose nan · invento 0.0000 · 0.2 s/paso
  paso  100 · perdida  2.0864 · GLOBAL 0.0000 · acierto 0.0000 · vigente nan · nose nan · invento 0.0000 · 0.2 s/paso
  paso  125 · perdida  2.6667 · GLOBAL 0.0000 · acierto 0.0000 · vigente nan · nose nan · invento 0.0000 · 0.2 s/paso
  paso  150 · perdida  2.3342 · GLOBAL 0.5000 · acierto 0.5000 · vigente nan · nose nan · invento 0.0000 · 0.2 s/paso
  paso  175 · perdida  2.5872 · GLOBAL 0.0000 · acierto 0.0000 · vigente nan · nose nan · invento 0.0000 · 0.2 s/paso
  paso  200 · perdida  2.4114 · GLOBAL 0.0000 · acierto 0.0000 · vigente nan · nose nan · invento 0.0000 · 0.2 s/paso
  paso  225 · perdida  2.4403 · GLOBAL 0.0000 · acierto 0.0000 · vigente nan · nose nan · invento 0.0000 · 0.2 s/paso
  paso  250 · perdida  2.1264 · GLOBAL 0.2500 · acierto 0.2500 · vigente nan · nose nan · invento 0.0000 · 0.2 s/paso
  paso  275 · perdida  2.5397 · GLOBAL 0.0000 · acierto 0.0000 · vigente nan · nose nan · invento 0.0000 · 0.2 s/paso
  paso  300 · perdida  2.1321 · GLOBAL 0.2500 · acierto 0.2500 · vigente nan · nose nan · invento 0.0000 · 0.2 s/paso
  paso  325 · perdida  2.6469 · GLOBAL 0.0000 · acierto 0.0000 · vigente nan · nose nan · invento 0.0000 · 0.2 s/paso
  paso  350 · perdida  2.2424 · GLOBAL 0.0000 · acierto 0.0000 · vigente nan · nose nan · invento 0.0000 · 0.2 s/paso
  paso  375 · perdida  2.1812 · GLOBAL 0.0000 · acierto 0.0000 · vigente nan · nose nan · invento 0.0000 · 0.2 s/paso
  paso  400 · perdida  1.9889 · GLOBAL 0.2500 · acierto 0.2500 · vigente nan · nose nan · invento 0.0000 · 0.2 s/paso
  paso  425 · perdida  1.9750 · GLOBAL 0.0000 · acierto 0.0000 · vigente nan · nose nan · invento 0.0000 · 0.2 s/paso
  paso  450 · perdida  2.2362 · GLOBAL 0.0000 · acierto 0.0000 · vigente nan · nose nan · invento 0.0000 · 0.2 s/paso
  paso  475 · perdida  2.5296 · GLOBAL 0.0000 · acierto 0.0000 · vigente nan · nose nan · invento 0.0000 · 0.2 s/paso
  paso  500 · perdida  2.2608 · GLOBAL 0.0000 · acierto 0.0000 · vigente nan · nose nan · invento 0.0000 · 0.2 s/paso
  paso  525 · perdida  2.5017 · GLOBAL 0.0000 · acierto 0.0000 · vigente nan · nose nan · invento 0.0000 · 0.2 s/paso
  paso  550 · perdida  1.8861 · GLOBAL 0.2500 · acierto 0.2500 · vigente nan · nose nan · invento 0.0000 · 0.2 s/paso
  paso  575 · perdida  2.0316 · GLOBAL 0.5000 · acierto 0.5000 · vigente nan · nose nan · invento 0.0000 · 0.2 s/paso
  paso  600 · perdida  2.1579 · GLOBAL 0.0000 · acierto 0.0000 · vigente nan · nose nan · invento 0.0000 · 0.2 s/paso
  paso  625 · perdida  1.9305 · GLOBAL 0.5000 · acierto 0.5000 · vigente nan · nose nan · invento 0.0000 · 0.2 s/paso
  paso  650 · perdida  2.3427 · GLOBAL 0.0000 · acierto 0.0000 · vigente nan · nose nan · invento 0.0000 · 0.2 s/paso
  paso  675 · perdida  2.4368 · GLOBAL 0.0000 · acierto 0.0000 · vigente nan · nose nan · invento 0.0000 · 0.2 s/paso
  paso  700 · perdida  2.3253 · GLOBAL 0.0000 · acierto 0.0000 · vigente nan · nose nan · invento 0.0000 · 0.2 s/paso
  paso  725 · perdida  2.0660 · GLOBAL 0.0000 · acierto 0.0000 · vigente nan · nose nan · invento 0.0000 · 0.2 s/paso
  paso  750 · perdida  1.8901 · GLOBAL 0.5000 · acierto 0.5000 · vigente nan · nose nan · invento 0.0000 · 0.2 s/paso
  paso  775 · perdida  2.2136 · GLOBAL 0.2500 · acierto 0.2500 · vigente nan · nose nan · invento 0.0000 · 0.2 s/paso
  paso  800 · perdida  1.9417 · GLOBAL 0.5000 · acierto 0.5000 · vigente nan · nose nan · invento 0.0000 · 0.2 s/paso
  paso  825 · perdida  2.3956 · GLOBAL 0.0000 · acierto 0.0000 · vigente nan · nose nan · invento 0.0000 · 0.2 s/paso
  paso  850 · perdida  2.4475 · GLOBAL 0.0000 · acierto 0.0000 · vigente nan · nose nan · invento 0.0000 · 0.2 s/paso
  paso  875 · perdida  2.3682 · GLOBAL 0.0000 · acierto 0.0000 · vigente nan · nose nan · invento 0.0000 · 0.2 s/paso
  paso  900 · perdida  2.1746 · GLOBAL 0.2500 · acierto 0.2500 · vigente nan · nose nan · invento 0.0000 · 0.2 s/paso
  paso  925 · perdida  2.0685 · GLOBAL 0.0000 · acierto 0.0000 · vigente nan · nose nan · invento 0.0000 · 0.2 s/paso
  paso  950 · perdida  1.9873 · GLOBAL 0.0000 · acierto 0.0000 · vigente nan · nose nan · invento 0.0000 · 0.2 s/paso
  paso  975 · perdida  1.8801 · GLOBAL 0.5000 · acierto 0.5000 · vigente nan · nose nan · invento 0.0000 · 0.2 s/paso
  paso 1000 · perdida  2.0895 · GLOBAL 0.0000 · acierto 0.0000 · vigente nan · nose nan · invento 0.0000 · 0.2 s/paso
  paso 1025 · perdida  2.0813 · GLOBAL 0.0000 · acierto 0.0000 · vigente nan · nose nan · invento 0.0000 · 0.2 s/paso
  paso 1050 · perdida  2.0273 · GLOBAL 0.5000 · acierto 0.5000 · vigente nan · nose nan · invento 0.0000 · 0.2 s/paso
  paso 1075 · perdida  2.5433 · GLOBAL 0.0000 · acierto 0.0000 · vigente nan · nose nan · invento 0.0000 · 0.2 s/paso
  paso 1100 · perdida  2.1224 · GLOBAL 0.2500 · acierto 0.2500 · vigente nan · nose nan · invento 0.0000 · 0.2 s/paso
  paso 1125 · perdida  2.2263 · GLOBAL 0.0000 · acierto 0.0000 · vigente nan · nose nan · invento 0.0000 · 0.2 s/paso
  paso 1150 · perdida  1.8495 · GLOBAL 0.0000 · acierto 0.0000 · vigente nan · nose nan · invento 0.0000 · 0.2 s/paso
  paso 1175 · perdida  1.7388 · GLOBAL 0.0000 · acierto 0.0000 · vigente nan · nose nan · invento 0.0000 · 0.2 s/paso
  paso 1200 · perdida  1.9878 · GLOBAL 0.0000 · acierto 0.0000 · vigente nan · nose nan · invento 0.0000 · 0.2 s/paso
  paso 1225 · perdida  2.0501 · GLOBAL 0.0000 · acierto 0.0000 · vigente nan · nose nan · invento 0.0000 · 0.2 s/paso
  paso 1250 · perdida  2.2129 · GLOBAL 0.0000 · acierto 0.0000 · vigente nan · nose nan · invento 0.0000 · 0.2 s/paso
  paso 1275 · perdida  2.2699 · GLOBAL 0.0000 · acierto 0.0000 · vigente nan · nose nan · invento 0.0000 · 0.2 s/paso
  paso 1300 · perdida  2.8172 · GLOBAL 0.0000 · acierto 0.0000 · vigente nan · nose nan · invento 0.0000 · 0.2 s/paso
  paso 1325 · perdida  1.7939 · GLOBAL 0.5000 · acierto 0.5000 · vigente nan · nose nan · invento 0.0000 · 0.2 s/paso
  paso 1350 · perdida  2.0410 · GLOBAL 0.2500 · acierto 0.2500 · vigente nan · nose nan · invento 0.0000 · 0.2 s/paso
  paso 1375 · perdida  1.2862 · GLOBAL 0.7500 · acierto 0.7500 · vigente nan · nose nan · invento 0.0000 · 0.2 s/paso
  paso 1400 · perdida  1.9246 · GLOBAL 0.5000 · acierto 0.5000 · vigente nan · nose nan · invento 0.0000 · 0.2 s/paso
  paso 1425 · perdida  1.9350 · GLOBAL 0.2500 · acierto 0.2500 · vigente nan · nose nan · invento 0.0000 · 0.2 s/paso
  paso 1450 · perdida  2.3368 · GLOBAL 0.0000 · acierto 0.0000 · vigente nan · nose nan · invento 0.0000 · 0.2 s/paso
  paso 1475 · perdida  2.1337 · GLOBAL 0.5000 · acierto 0.5000 · vigente nan · nose nan · invento 0.0000 · 0.2 s/paso
  paso 1500 · perdida  2.1155 · GLOBAL 0.0000 · acierto 0.0000 · vigente nan · nose nan · invento 0.0000 · 0.2 s/paso
  paso 1525 · perdida  2.5055 · GLOBAL 0.0000 · acierto 0.0000 · vigente nan · nose nan · invento 0.0000 · 0.2 s/paso
  paso 1550 · perdida  2.3857 · GLOBAL 0.0000 · acierto 0.0000 · vigente nan · nose nan · invento 0.0000 · 0.2 s/paso
  paso 1575 · perdida  2.1278 · GLOBAL 0.2500 · acierto 0.2500 · vigente nan · nose nan · invento 0.0000 · 0.2 s/paso
  paso 1600 · perdida  1.5571 · GLOBAL 0.5000 · acierto 0.5000 · vigente nan · nose nan · invento 0.0000 · 0.2 s/paso
  paso 1625 · perdida  2.4142 · GLOBAL 0.0000 · acierto 0.0000 · vigente nan · nose nan · invento 0.0000 · 0.2 s/paso
  paso 1650 · perdida  2.3088 · GLOBAL 0.0000 · acierto 0.0000 · vigente nan · nose nan · invento 0.0000 · 0.2 s/paso
  paso 1675 · perdida  2.1654 · GLOBAL 0.2500 · acierto 0.2500 · vigente nan · nose nan · invento 0.0000 · 0.2 s/paso
  paso 1700 · perdida  2.1373 · GLOBAL 0.0000 · acierto 0.0000 · vigente nan · nose nan · invento 0.0000 · 0.2 s/paso
  paso 1725 · perdida  2.1519 · GLOBAL 0.2500 · acierto 0.2500 · vigente nan · nose nan · invento 0.0000 · 0.2 s/paso
  paso 1750 · perdida  1.6651 · GLOBAL 0.7500 · acierto 0.7500 · vigente nan · nose nan · invento 0.0000 · 0.2 s/paso
  paso 1775 · perdida  1.8640 · GLOBAL 0.2500 · acierto 0.2500 · vigente nan · nose nan · invento 0.0000 · 0.2 s/paso
  paso 1800 · perdida  2.2557 · GLOBAL 0.5000 · acierto 0.5000 · vigente nan · nose nan · invento 0.0000 · 0.2 s/paso
  paso 1825 · perdida  2.1961 · GLOBAL 0.0000 · acierto 0.0000 · vigente nan · nose nan · invento 0.0000 · 0.2 s/paso
  paso 1850 · perdida  2.7262 · GLOBAL 0.0000 · acierto 0.0000 · vigente nan · nose nan · invento 0.0000 · 0.2 s/paso
  paso 1875 · perdida  1.9580 · GLOBAL 0.2500 · acierto 0.2500 · vigente nan · nose nan · invento 0.0000 · 0.2 s/paso
  paso 1900 · perdida  2.2229 · GLOBAL 0.0000 · acierto 0.0000 · vigente nan · nose nan · invento 0.0000 · 0.2 s/paso
  paso 1925 · perdida  2.1551 · GLOBAL 0.2500 · acierto 0.2500 · vigente nan · nose nan · invento 0.0000 · 0.2 s/paso
  paso 1950 · perdida  2.2103 · GLOBAL 0.0000 · acierto 0.0000 · vigente nan · nose nan · invento 0.0000 · 0.2 s/paso
  paso 1975 · perdida  2.0484 · GLOBAL 0.0000 · acierto 0.0000 · vigente nan · nose nan · invento 0.0000 · 0.2 s/paso
  paso 2000 · perdida  1.8986 · GLOBAL 0.2500 · acierto 0.2500 · vigente nan · nose nan · invento 0.0000 · 0.2 s/paso
  paso 2025 · perdida  1.9492 · GLOBAL 0.0000 · acierto 0.0000 · vigente nan · nose nan · invento 0.0000 · 0.2 s/paso
  paso 2050 · perdida  2.1502 · GLOBAL 0.0000 · acierto 0.0000 · vigente nan · nose nan · invento 0.0000 · 0.2 s/paso
  paso 2075 · perdida  2.0179 · GLOBAL 0.0000 · acierto 0.0000 · vigente nan · nose nan · invento 0.0000 · 0.2 s/paso
  paso 2100 · perdida  1.9636 · GLOBAL 0.5000 · acierto 0.5000 · vigente nan · nose nan · invento 0.0000 · 0.2 s/paso
  paso 2125 · perdida  1.9529 · GLOBAL 0.2500 · acierto 0.2500 · vigente nan · nose nan · invento 0.0000 · 0.2 s/paso
  paso 2150 · perdida  4.0831 · GLOBAL 0.0000 · acierto 0.0000 · vigente nan · nose nan · invento 0.0000 · 0.2 s/paso
  paso 2175 · perdida  3.4069 · GLOBAL 0.0000 · acierto 0.0000 · vigente nan · nose nan · invento 0.0000 · 0.2 s/paso
  paso 2200 · perdida  2.9912 · GLOBAL 0.0000 · acierto 0.0000 · vigente nan · nose nan · invento 0.0000 · 0.2 s/paso
  paso 2225 · perdida  2.9279 · GLOBAL 0.0000 · acierto 0.0000 · vigente nan · nose nan · invento 0.0000 · 0.2 s/paso
  paso 2250 · perdida  2.1147 · GLOBAL 0.2500 · acierto 0.2500 · vigente nan · nose nan · invento 0.0000 · 0.2 s/paso
  paso 2275 · perdida  2.2733 · GLOBAL 0.0000 · acierto 0.0000 · vigente nan · nose nan · invento 0.0000 · 0.2 s/paso
  paso 2300 · perdida  2.4840 · GLOBAL 0.0000 · acierto 0.0000 · vigente nan · nose nan · invento 0.0000 · 0.2 s/paso
  paso 2325 · perdida  1.9737 · GLOBAL 0.2500 · acierto 0.2500 · vigente nan · nose nan · invento 0.0000 · 0.2 s/paso
  paso 2350 · perdida  2.2609 · GLOBAL 0.0000 · acierto 0.0000 · vigente nan · nose nan · invento 0.0000 · 0.2 s/paso
  paso 2375 · perdida  1.8518 · GLOBAL 0.0000 · acierto 0.0000 · vigente nan · nose nan · invento 0.0000 · 0.2 s/paso
  paso 2400 · perdida  2.1475 · GLOBAL 0.2500 · acierto 0.2500 · vigente nan · nose nan · invento 0.0000 · 0.2 s/paso
  paso 2425 · perdida  2.4422 · GLOBAL 0.0000 · acierto 0.0000 · vigente nan · nose nan · invento 0.0000 · 0.2 s/paso
  paso 2450 · perdida  2.4726 · GLOBAL 0.0000 · acierto 0.0000 · vigente nan · nose nan · invento 0.0000 · 0.2 s/paso
  paso 2475 · perdida  2.4202 · GLOBAL 0.0000 · acierto 0.0000 · vigente nan · nose nan · invento 0.0000 · 0.2 s/paso
  paso 2500 · perdida  2.2168 · GLOBAL 0.0000 · acierto 0.0000 · vigente nan · nose nan · invento 0.0000 · 0.2 s/paso
  paso 2525 · perdida  2.3998 · GLOBAL 0.0000 · acierto 0.0000 · vigente nan · nose nan · invento 0.0000 · 0.2 s/paso
  paso 2550 · perdida  1.6654 · GLOBAL 0.2500 · acierto 0.2500 · vigente nan · nose nan · invento 0.0000 · 0.2 s/paso
  paso 2575 · perdida  1.9459 · GLOBAL 0.2500 · acierto 0.2500 · vigente nan · nose nan · invento 0.0000 · 0.2 s/paso
  paso 2600 · perdida  1.7472 · GLOBAL 0.5000 · acierto 0.5000 · vigente nan · nose nan · invento 0.0000 · 0.2 s/paso
  paso 2625 · perdida  2.9091 · GLOBAL 0.0000 · acierto 0.0000 · vigente nan · nose nan · invento 0.0000 · 0.2 s/paso
  paso 2650 · perdida  2.0324 · GLOBAL 0.2500 · acierto 0.2500 · vigente nan · nose nan · invento 0.0000 · 0.2 s/paso
  paso 2675 · perdida  2.2213 · GLOBAL 0.0000 · acierto 0.0000 · vigente nan · nose nan · invento 0.0000 · 0.2 s/paso
  paso 2700 · perdida  2.1996 · GLOBAL 0.2500 · acierto 0.2500 · vigente nan · nose nan · invento 0.0000 · 0.2 s/paso
  paso 2725 · perdida  2.4803 · GLOBAL 0.2500 · acierto 0.2500 · vigente nan · nose nan · invento 0.0000 · 0.2 s/paso
  paso 2750 · perdida  2.4474 · GLOBAL 0.0000 · acierto 0.0000 · vigente nan · nose nan · invento 0.0000 · 0.2 s/paso
  paso 2775 · perdida  1.7539 · GLOBAL 0.2500 · acierto 0.2500 · vigente nan · nose nan · invento 0.0000 · 0.2 s/paso
  paso 2800 · perdida  2.0488 · GLOBAL 0.2500 · acierto 0.2500 · vigente nan · nose nan · invento 0.0000 · 0.2 s/paso
  paso 2825 · perdida  2.0202 · GLOBAL 0.0000 · acierto 0.0000 · vigente nan · nose nan · invento 0.0000 · 0.2 s/paso
  paso 2850 · perdida  2.2057 · GLOBAL 0.0000 · acierto 0.0000 · vigente nan · nose nan · invento 0.0000 · 0.2 s/paso
  paso 2875 · perdida  2.4246 · GLOBAL 0.5000 · acierto 0.5000 · vigente nan · nose nan · invento 0.0000 · 0.2 s/paso
  paso 2900 · perdida  2.3611 · GLOBAL 0.0000 · acierto 0.0000 · vigente nan · nose nan · invento 0.0000 · 0.2 s/paso
  paso 2925 · perdida  2.1584 · GLOBAL 0.0000 · acierto 0.0000 · vigente nan · nose nan · invento 0.0000 · 0.2 s/paso
  paso 2950 · perdida  1.8220 · GLOBAL 0.5000 · acierto 0.5000 · vigente nan · nose nan · invento 0.0000 · 0.2 s/paso
  paso 2975 · perdida  1.9139 · GLOBAL 0.2500 · acierto 0.2500 · vigente nan · nose nan · invento 0.0000 · 0.2 s/paso
  paso 3000 · perdida  1.8623 · GLOBAL 0.5000 · acierto 0.5000 · vigente nan · nose nan · invento 0.0000 · 0.2 s/paso
  paso 3025 · perdida  1.4551 · GLOBAL 0.5000 · acierto 0.5000 · vigente nan · nose nan · invento 0.0000 · 0.2 s/paso
  paso 3050 · perdida  2.3799 · GLOBAL 0.0000 · acierto 0.0000 · vigente nan · nose nan · invento 0.0000 · 0.2 s/paso
  paso 3075 · perdida  2.1537 · GLOBAL 0.0000 · acierto 0.0000 · vigente nan · nose nan · invento 0.0000 · 0.2 s/paso
  paso 3100 · perdida  2.1555 · GLOBAL 0.2500 · acierto 0.2500 · vigente nan · nose nan · invento 0.0000 · 0.2 s/paso
  paso 3125 · perdida  2.2867 · GLOBAL 0.0000 · acierto 0.0000 · vigente nan · nose nan · invento 0.0000 · 0.2 s/paso
  paso 3150 · perdida  2.2449 · GLOBAL 0.2500 · acierto 0.2500 · vigente nan · nose nan · invento 0.0000 · 0.2 s/paso
  paso 3175 · perdida  3.1957 · GLOBAL 0.0000 · acierto 0.0000 · vigente nan · nose nan · invento 0.0000 · 0.2 s/paso
  paso 3200 · perdida  1.6724 · GLOBAL 0.2500 · acierto 0.2500 · vigente nan · nose nan · invento 0.0000 · 0.2 s/paso
  paso 3225 · perdida  2.0576 · GLOBAL 0.2500 · acierto 0.2500 · vigente nan · nose nan · invento 0.0000 · 0.2 s/paso
  paso 3250 · perdida  2.1072 · GLOBAL 0.2500 · acierto 0.2500 · vigente nan · nose nan · invento 0.0000 · 0.2 s/paso
  paso 3275 · perdida  1.7155 · GLOBAL 0.2500 · acierto 0.2500 · vigente nan · nose nan · invento 0.0000 · 0.2 s/paso
  paso 3300 · perdida  1.8630 · GLOBAL 0.2500 · acierto 0.2500 · vigente nan · nose nan · invento 0.0000 · 0.2 s/paso
  paso 3325 · perdida  2.0673 · GLOBAL 0.0000 · acierto 0.0000 · vigente nan · nose nan · invento 0.0000 · 0.2 s/paso
  paso 3350 · perdida  1.8270 · GLOBAL 0.2500 · acierto 0.2500 · vigente nan · nose nan · invento 0.0000 · 0.2 s/paso
  paso 3375 · perdida  1.9467 · GLOBAL 0.0000 · acierto 0.0000 · vigente nan · nose nan · invento 0.0000 · 0.2 s/paso
  paso 3400 · perdida  1.6386 · GLOBAL 0.7500 · acierto 0.7500 · vigente nan · nose nan · invento 0.0000 · 0.2 s/paso
  paso 3425 · perdida  1.8011 · GLOBAL 0.5000 · acierto 0.5000 · vigente nan · nose nan · invento 0.0000 · 0.2 s/paso
  paso 3450 · perdida  2.1335 · GLOBAL 0.2500 · acierto 0.2500 · vigente nan · nose nan · invento 0.0000 · 0.2 s/paso
  paso 3475 · perdida  1.9522 · GLOBAL 0.0000 · acierto 0.0000 · vigente nan · nose nan · invento 0.0000 · 0.2 s/paso
  paso 3500 · perdida  2.1072 · GLOBAL 0.2500 · acierto 0.2500 · vigente nan · nose nan · invento 0.0000 · 0.2 s/paso
  paso 3525 · perdida  2.0843 · GLOBAL 0.2500 · acierto 0.2500 · vigente nan · nose nan · invento 0.0000 · 0.2 s/paso
  paso 3550 · perdida  1.5201 · GLOBAL 0.2500 · acierto 0.2500 · vigente nan · nose nan · invento 0.0000 · 0.2 s/paso
  paso 3575 · perdida  1.9823 · GLOBAL 0.2500 · acierto 0.2500 · vigente nan · nose nan · invento 0.0000 · 0.2 s/paso
  paso 3600 · perdida  2.0965 · GLOBAL 0.2500 · acierto 0.2500 · vigente nan · nose nan · invento 0.0000 · 0.2 s/paso
  paso 3625 · perdida  1.7374 · GLOBAL 0.5000 · acierto 0.5000 · vigente nan · nose nan · invento 0.0000 · 0.2 s/paso
  paso 3650 · perdida  2.1740 · GLOBAL 0.2500 · acierto 0.2500 · vigente nan · nose nan · invento 0.0000 · 0.2 s/paso
  paso 3675 · perdida  1.6852 · GLOBAL 0.2500 · acierto 0.2500 · vigente nan · nose nan · invento 0.0000 · 0.2 s/paso
  paso 3700 · perdida  1.3973 · GLOBAL 0.7500 · acierto 0.7500 · vigente nan · nose nan · invento 0.0000 · 0.2 s/paso
  paso 3725 · perdida  2.9913 · GLOBAL 0.0000 · acierto 0.0000 · vigente nan · nose nan · invento 0.0000 · 0.2 s/paso
  paso 3750 · perdida  1.9413 · GLOBAL 0.2500 · acierto 0.2500 · vigente nan · nose nan · invento 0.0000 · 0.2 s/paso
  paso 3775 · perdida  2.2129 · GLOBAL 0.0000 · acierto 0.0000 · vigente nan · nose nan · invento 0.0000 · 0.2 s/paso
  paso 3800 · perdida  2.0189 · GLOBAL 0.5000 · acierto 0.5000 · vigente nan · nose nan · invento 0.0000 · 0.2 s/paso
  paso 3825 · perdida  1.7249 · GLOBAL 0.2500 · acierto 0.2500 · vigente nan · nose nan · invento 0.0000 · 0.2 s/paso
  paso 3850 · perdida  2.2440 · GLOBAL 0.0000 · acierto 0.0000 · vigente nan · nose nan · invento 0.0000 · 0.2 s/paso
  paso 3875 · perdida  2.5900 · GLOBAL 0.2500 · acierto 0.2500 · vigente nan · nose nan · invento 0.0000 · 0.2 s/paso
  paso 3900 · perdida  2.0022 · GLOBAL 0.2500 · acierto 0.2500 · vigente nan · nose nan · invento 0.0000 · 0.2 s/paso
  paso 3925 · perdida  2.7170 · GLOBAL 0.2500 · acierto 0.2500 · vigente nan · nose nan · invento 0.0000 · 0.2 s/paso
  paso 3950 · perdida  1.7421 · GLOBAL 0.5000 · acierto 0.5000 · vigente nan · nose nan · invento 0.0000 · 0.2 s/paso
  paso 3975 · perdida  2.2991 · GLOBAL 0.0000 · acierto 0.0000 · vigente nan · nose nan · invento 0.0000 · 0.2 s/paso
  paso 4000 · perdida  1.4368 · GLOBAL 0.5000 · acierto 0.5000 · vigente nan · nose nan · invento 0.0000 · 0.2 s/paso
  paso 4025 · perdida  2.0713 · GLOBAL 0.2500 · acierto 0.2500 · vigente nan · nose nan · invento 0.0000 · 0.2 s/paso
  paso 4050 · perdida  1.4896 · GLOBAL 0.2500 · acierto 0.2500 · vigente nan · nose nan · invento 0.0000 · 0.2 s/paso
  paso 4075 · perdida  1.9614 · GLOBAL 0.0000 · acierto 0.0000 · vigente nan · nose nan · invento 0.0000 · 0.2 s/paso
  paso 4100 · perdida  2.0241 · GLOBAL 0.5000 · acierto 0.5000 · vigente nan · nose nan · invento 0.0000 · 0.2 s/paso
  paso 4125 · perdida  2.1072 · GLOBAL 0.2500 · acierto 0.2500 · vigente nan · nose nan · invento 0.0000 · 0.2 s/paso
  paso 4150 · perdida  1.7375 · GLOBAL 0.2500 · acierto 0.2500 · vigente nan · nose nan · invento 0.0000 · 0.2 s/paso
  paso 4175 · perdida  2.4090 · GLOBAL 0.0000 · acierto 0.0000 · vigente nan · nose nan · invento 0.0000 · 0.2 s/paso
  paso 4200 · perdida  2.2811 · GLOBAL 0.0000 · acierto 0.0000 · vigente nan · nose nan · invento 0.0000 · 0.2 s/paso
  paso 4225 · perdida  2.7145 · GLOBAL 0.0000 · acierto 0.0000 · vigente nan · nose nan · invento 0.0000 · 0.2 s/paso
  paso 4250 · perdida  1.7082 · GLOBAL 0.2500 · acierto 0.2500 · vigente nan · nose nan · invento 0.0000 · 0.2 s/paso
  paso 4275 · perdida  3.1351 · GLOBAL 0.0000 · acierto 0.0000 · vigente nan · nose nan · invento 0.0000 · 0.2 s/paso
  paso 4300 · perdida  2.4578 · GLOBAL 0.0000 · acierto 0.0000 · vigente nan · nose nan · invento 0.0000 · 0.2 s/paso
  paso 4325 · perdida  1.8627 · GLOBAL 0.5000 · acierto 0.5000 · vigente nan · nose nan · invento 0.0000 · 0.2 s/paso
  paso 4350 · perdida  1.1632 · GLOBAL 0.5000 · acierto 0.5000 · vigente nan · nose nan · invento 0.0000 · 0.2 s/paso
  paso 4375 · perdida  2.0346 · GLOBAL 0.5000 · acierto 0.5000 · vigente nan · nose nan · invento 0.0000 · 0.2 s/paso
  paso 4400 · perdida  2.4659 · GLOBAL 0.0000 · acierto 0.0000 · vigente nan · nose nan · invento 0.0000 · 0.2 s/paso
  paso 4425 · perdida  2.4484 · GLOBAL 0.0000 · acierto 0.0000 · vigente nan · nose nan · invento 0.0000 · 0.2 s/paso
  paso 4450 · perdida  2.0491 · GLOBAL 0.2500 · acierto 0.2500 · vigente nan · nose nan · invento 0.0000 · 0.2 s/paso
  paso 4475 · perdida  2.1198 · GLOBAL 0.0000 · acierto 0.0000 · vigente nan · nose nan · invento 0.0000 · 0.2 s/paso
  paso 4500 · perdida  1.8945 · GLOBAL 0.2500 · acierto 0.2500 · vigente nan · nose nan · invento 0.0000 · 0.2 s/paso
  paso 4525 · perdida  2.1406 · GLOBAL 0.0000 · acierto 0.0000 · vigente nan · nose nan · invento 0.0000 · 0.2 s/paso
  paso 4550 · perdida  2.5417 · GLOBAL 0.0000 · acierto 0.0000 · vigente nan · nose nan · invento 0.0000 · 0.2 s/paso
  paso 4575 · perdida  2.6072 · GLOBAL 0.0000 · acierto 0.0000 · vigente nan · nose nan · invento 0.0000 · 0.2 s/paso
  paso 4600 · perdida  2.6984 · GLOBAL 0.2500 · acierto 0.2500 · vigente nan · nose nan · invento 0.0000 · 0.2 s/paso
  paso 4625 · perdida  2.1652 · GLOBAL 0.0000 · acierto 0.0000 · vigente nan · nose nan · invento 0.0000 · 0.2 s/paso
  paso 4650 · perdida  2.2583 · GLOBAL 0.2500 · acierto 0.2500 · vigente nan · nose nan · invento 0.0000 · 0.2 s/paso
  paso 4675 · perdida  2.3446 · GLOBAL 0.2500 · acierto 0.2500 · vigente nan · nose nan · invento 0.0000 · 0.2 s/paso
  paso 4700 · perdida  2.2921 · GLOBAL 0.2500 · acierto 0.2500 · vigente nan · nose nan · invento 0.0000 · 0.2 s/paso
  paso 4725 · perdida  3.2250 · GLOBAL 0.0000 · acierto 0.0000 · vigente nan · nose nan · invento 0.0000 · 0.2 s/paso
  paso 4750 · perdida  1.9344 · GLOBAL 0.2500 · acierto 0.2500 · vigente nan · nose nan · invento 0.0000 · 0.2 s/paso
  paso 4775 · perdida  1.8989 · GLOBAL 0.2500 · acierto 0.2500 · vigente nan · nose nan · invento 0.0000 · 0.2 s/paso
  paso 4800 · perdida  1.9329 · GLOBAL 0.5000 · acierto 0.5000 · vigente nan · nose nan · invento 0.0000 · 0.2 s/paso
  paso 4825 · perdida  2.4979 · GLOBAL 0.0000 · acierto 0.0000 · vigente nan · nose nan · invento 0.0000 · 0.2 s/paso
  paso 4850 · perdida  2.2141 · GLOBAL 0.2500 · acierto 0.2500 · vigente nan · nose nan · invento 0.0000 · 0.2 s/paso
  paso 4875 · perdida  1.7651 · GLOBAL 0.5000 · acierto 0.5000 · vigente nan · nose nan · invento 0.0000 · 0.2 s/paso
  paso 4900 · perdida  1.7979 · GLOBAL 0.5000 · acierto 0.5000 · vigente nan · nose nan · invento 0.0000 · 0.2 s/paso
  paso 4925 · perdida  1.6279 · GLOBAL 0.5000 · acierto 0.5000 · vigente nan · nose nan · invento 0.0000 · 0.2 s/paso
  paso 4950 · perdida  2.7933 · GLOBAL 0.0000 · acierto 0.0000 · vigente nan · nose nan · invento 0.0000 · 0.2 s/paso
  paso 4975 · perdida  2.5955 · GLOBAL 0.0000 · acierto 0.0000 · vigente nan · nose nan · invento 0.0000 · 0.2 s/paso
  paso 5000 · perdida  1.7411 · GLOBAL 0.5000 · acierto 0.5000 · vigente nan · nose nan · invento 0.0000 · 0.2 s/paso
  paso 5025 · perdida  2.0370 · GLOBAL 0.0000 · acierto 0.0000 · vigente nan · nose nan · invento 0.0000 · 0.2 s/paso
  paso 5050 · perdida  2.4768 · GLOBAL 0.0000 · acierto 0.0000 · vigente nan · nose nan · invento 0.0000 · 0.2 s/paso
  paso 5075 · perdida  2.2738 · GLOBAL 0.2500 · acierto 0.2500 · vigente nan · nose nan · invento 0.0000 · 0.2 s/paso
  paso 5100 · perdida  2.3991 · GLOBAL 0.2500 · acierto 0.2500 · vigente nan · nose nan · invento 0.0000 · 0.2 s/paso
  paso 5125 · perdida  2.2507 · GLOBAL 0.0000 · acierto 0.0000 · vigente nan · nose nan · invento 0.0000 · 0.2 s/paso
  paso 5150 · perdida  1.8573 · GLOBAL 0.2500 · acierto 0.2500 · vigente nan · nose nan · invento 0.0000 · 0.2 s/paso
  paso 5175 · perdida  2.6127 · GLOBAL 0.0000 · acierto 0.0000 · vigente nan · nose nan · invento 0.0000 · 0.2 s/paso
  paso 5200 · perdida  1.8825 · GLOBAL 0.2500 · acierto 0.2500 · vigente nan · nose nan · invento 0.0000 · 0.2 s/paso
  paso 5225 · perdida  1.6534 · GLOBAL 0.5000 · acierto 0.5000 · vigente nan · nose nan · invento 0.0000 · 0.2 s/paso
  paso 5250 · perdida  1.7170 · GLOBAL 0.5000 · acierto 0.5000 · vigente nan · nose nan · invento 0.0000 · 0.2 s/paso
  paso 5275 · perdida  2.0636 · GLOBAL 0.2500 · acierto 0.2500 · vigente nan · nose nan · invento 0.0000 · 0.2 s/paso
  paso 5300 · perdida  2.1611 · GLOBAL 0.2500 · acierto 0.2500 · vigente nan · nose nan · invento 0.0000 · 0.2 s/paso
  paso 5325 · perdida  1.9828 · GLOBAL 0.2500 · acierto 0.2500 · vigente nan · nose nan · invento 0.0000 · 0.2 s/paso
  paso 5350 · perdida  2.1171 · GLOBAL 0.0000 · acierto 0.0000 · vigente nan · nose nan · invento 0.0000 · 0.2 s/paso
  paso 5375 · perdida  2.5639 · GLOBAL 0.2500 · acierto 0.2500 · vigente nan · nose nan · invento 0.0000 · 0.2 s/paso
  paso 5400 · perdida  2.0756 · GLOBAL 0.2500 · acierto 0.2500 · vigente nan · nose nan · invento 0.0000 · 0.2 s/paso
  paso 5425 · perdida  2.4909 · GLOBAL 0.0000 · acierto 0.0000 · vigente nan · nose nan · invento 0.0000 · 0.2 s/paso
  paso 5450 · perdida  2.0526 · GLOBAL 0.2500 · acierto 0.2500 · vigente nan · nose nan · invento 0.0000 · 0.2 s/paso
  paso 5475 · perdida  1.8857 · GLOBAL 0.0000 · acierto 0.0000 · vigente nan · nose nan · invento 0.0000 · 0.2 s/paso
  paso 5500 · perdida  1.8454 · GLOBAL 0.5000 · acierto 0.5000 · vigente nan · nose nan · invento 0.0000 · 0.2 s/paso
  paso 5525 · perdida  1.8404 · GLOBAL 0.7500 · acierto 0.7500 · vigente nan · nose nan · invento 0.0000 · 0.2 s/paso
  paso 5550 · perdida  1.7373 · GLOBAL 0.2500 · acierto 0.2500 · vigente nan · nose nan · invento 0.0000 · 0.2 s/paso
  paso 5575 · perdida  1.6802 · GLOBAL 0.2500 · acierto 0.2500 · vigente nan · nose nan · invento 0.0000 · 0.2 s/paso
  paso 5600 · perdida  2.3125 · GLOBAL 0.0000 · acierto 0.0000 · vigente nan · nose nan · invento 0.0000 · 0.2 s/paso
  paso 5625 · perdida  2.4982 · GLOBAL 0.0000 · acierto 0.0000 · vigente nan · nose nan · invento 0.0000 · 0.2 s/paso
  paso 5650 · perdida  1.8042 · GLOBAL 0.5000 · acierto 0.5000 · vigente nan · nose nan · invento 0.0000 · 0.2 s/paso
  paso 5675 · perdida  1.8226 · GLOBAL 0.7500 · acierto 0.7500 · vigente nan · nose nan · invento 0.0000 · 0.2 s/paso
  paso 5700 · perdida  1.8847 · GLOBAL 0.5000 · acierto 0.5000 · vigente nan · nose nan · invento 0.0000 · 0.2 s/paso
  paso 5725 · perdida  2.2557 · GLOBAL 0.2500 · acierto 0.2500 · vigente nan · nose nan · invento 0.0000 · 0.2 s/paso
  paso 5750 · perdida  1.9958 · GLOBAL 0.0000 · acierto 0.0000 · vigente nan · nose nan · invento 0.0000 · 0.2 s/paso
  paso 5775 · perdida  2.3565 · GLOBAL 0.2500 · acierto 0.2500 · vigente nan · nose nan · invento 0.0000 · 0.2 s/paso
  paso 5800 · perdida  1.8283 · GLOBAL 0.2500 · acierto 0.2500 · vigente nan · nose nan · invento 0.0000 · 0.2 s/paso
  paso 5825 · perdida  2.2511 · GLOBAL 0.0000 · acierto 0.0000 · vigente nan · nose nan · invento 0.0000 · 0.2 s/paso
  paso 5850 · perdida  1.7446 · GLOBAL 0.0000 · acierto 0.0000 · vigente nan · nose nan · invento 0.0000 · 0.2 s/paso
  paso 5875 · perdida  1.9115 · GLOBAL 0.2500 · acierto 0.2500 · vigente nan · nose nan · invento 0.0000 · 0.2 s/paso
  paso 5900 · perdida  1.9823 · GLOBAL 0.2500 · acierto 0.2500 · vigente nan · nose nan · invento 0.0000 · 0.2 s/paso
  paso 5925 · perdida  1.4807 · GLOBAL 0.5000 · acierto 0.5000 · vigente nan · nose nan · invento 0.0000 · 0.2 s/paso
  paso 5950 · perdida  2.0857 · GLOBAL 0.5000 · acierto 0.5000 · vigente nan · nose nan · invento 0.0000 · 0.2 s/paso
  paso 5975 · perdida  2.2921 · GLOBAL 0.0000 · acierto 0.0000 · vigente nan · nose nan · invento 0.0000 · 0.2 s/paso
  paso 6000 · perdida  1.5933 · GLOBAL 0.5000 · acierto 0.5000 · vigente nan · nose nan · invento 0.0000 · 0.2 s/paso
  paso 6025 · perdida  2.3162 · GLOBAL 0.0000 · acierto 0.0000 · vigente nan · nose nan · invento 0.0000 · 0.2 s/paso
  paso 6050 · perdida  2.9573 · GLOBAL 0.0000 · acierto 0.0000 · vigente nan · nose nan · invento 0.0000 · 0.2 s/paso
  paso 6075 · perdida  2.0672 · GLOBAL 0.2500 · acierto 0.2500 · vigente nan · nose nan · invento 0.0000 · 0.2 s/paso
  paso 6100 · perdida  1.6731 · GLOBAL 0.5000 · acierto 0.5000 · vigente nan · nose nan · invento 0.0000 · 0.2 s/paso
  paso 6125 · perdida  2.1662 · GLOBAL 0.0000 · acierto 0.0000 · vigente nan · nose nan · invento 0.0000 · 0.2 s/paso
  paso 6150 · perdida  1.7217 · GLOBAL 0.5000 · acierto 0.5000 · vigente nan · nose nan · invento 0.0000 · 0.2 s/paso
  paso 6175 · perdida  2.5031 · GLOBAL 0.5000 · acierto 0.5000 · vigente nan · nose nan · invento 0.0000 · 0.2 s/paso
  paso 6200 · perdida  1.4881 · GLOBAL 0.2500 · acierto 0.2500 · vigente nan · nose nan · invento 0.0000 · 0.2 s/paso
  paso 6225 · perdida  1.9236 · GLOBAL 0.5000 · acierto 0.5000 · vigente nan · nose nan · invento 0.0000 · 0.2 s/paso
  paso 6250 · perdida  1.7619 · GLOBAL 0.2500 · acierto 0.2500 · vigente nan · nose nan · invento 0.0000 · 0.2 s/paso
  paso 6275 · perdida  2.6299 · GLOBAL 0.0000 · acierto 0.0000 · vigente nan · nose nan · invento 0.0000 · 0.2 s/paso
  paso 6300 · perdida  1.7232 · GLOBAL 0.2500 · acierto 0.2500 · vigente nan · nose nan · invento 0.0000 · 0.2 s/paso
  paso 6325 · perdida  1.8415 · GLOBAL 0.2500 · acierto 0.2500 · vigente nan · nose nan · invento 0.0000 · 0.2 s/paso
  paso 6350 · perdida  2.9094 · GLOBAL 0.0000 · acierto 0.0000 · vigente nan · nose nan · invento 0.0000 · 0.2 s/paso
  paso 6375 · perdida  2.0393 · GLOBAL 0.2500 · acierto 0.2500 · vigente nan · nose nan · invento 0.0000 · 0.2 s/paso
  paso 6400 · perdida  1.5331 · GLOBAL 0.2500 · acierto 0.2500 · vigente nan · nose nan · invento 0.0000 · 0.2 s/paso
  paso 6425 · perdida  3.1864 · GLOBAL 0.0000 · acierto 0.0000 · vigente nan · nose nan · invento 0.0000 · 0.2 s/paso
  paso 6450 · perdida  2.7470 · GLOBAL 0.0000 · acierto 0.0000 · vigente nan · nose nan · invento 0.0000 · 0.2 s/paso
  paso 6475 · perdida  1.8692 · GLOBAL 0.0000 · acierto 0.0000 · vigente nan · nose nan · invento 0.0000 · 0.2 s/paso
  paso 6500 · perdida  2.2036 · GLOBAL 0.0000 · acierto 0.0000 · vigente nan · nose nan · invento 0.0000 · 0.2 s/paso
  paso 6525 · perdida  1.7758 · GLOBAL 0.5000 · acierto 0.5000 · vigente nan · nose nan · invento 0.0000 · 0.2 s/paso
  paso 6550 · perdida  2.8392 · GLOBAL 0.0000 · acierto 0.0000 · vigente nan · nose nan · invento 0.0000 · 0.2 s/paso
  paso 6575 · perdida  1.7458 · GLOBAL 0.5000 · acierto 0.5000 · vigente nan · nose nan · invento 0.0000 · 0.2 s/paso
  paso 6600 · perdida  2.4462 · GLOBAL 0.0000 · acierto 0.0000 · vigente nan · nose nan · invento 0.0000 · 0.2 s/paso
  paso 6625 · perdida  0.9659 · GLOBAL 1.0000 · acierto 1.0000 · vigente nan · nose nan · invento 0.0000 · 0.2 s/paso
  paso 6650 · perdida  2.0788 · GLOBAL 0.2500 · acierto 0.2500 · vigente nan · nose nan · invento 0.0000 · 0.2 s/paso
  paso 6675 · perdida  2.1244 · GLOBAL 0.0000 · acierto 0.0000 · vigente nan · nose nan · invento 0.0000 · 0.2 s/paso
  paso 6700 · perdida  1.6408 · GLOBAL 0.5000 · acierto 0.5000 · vigente nan · nose nan · invento 0.0000 · 0.2 s/paso
  paso 6725 · perdida  1.6038 · GLOBAL 0.5000 · acierto 0.5000 · vigente nan · nose nan · invento 0.0000 · 0.2 s/paso
  paso 6750 · perdida  2.2048 · GLOBAL 0.0000 · acierto 0.0000 · vigente nan · nose nan · invento 0.0000 · 0.2 s/paso
  paso 6775 · perdida  2.4880 · GLOBAL 0.0000 · acierto 0.0000 · vigente nan · nose nan · invento 0.0000 · 0.2 s/paso
  paso 6800 · perdida  1.6129 · GLOBAL 0.2500 · acierto 0.2500 · vigente nan · nose nan · invento 0.0000 · 0.2 s/paso
  paso 6825 · perdida  2.5256 · GLOBAL 0.0000 · acierto 0.0000 · vigente nan · nose nan · invento 0.0000 · 0.2 s/paso
  paso 6850 · perdida  2.2088 · GLOBAL 0.0000 · acierto 0.0000 · vigente nan · nose nan · invento 0.0000 · 0.2 s/paso
  paso 6875 · perdida  2.0138 · GLOBAL 0.0000 · acierto 0.0000 · vigente nan · nose nan · invento 0.0000 · 0.2 s/paso
  paso 6900 · perdida  3.2097 · GLOBAL 0.0000 · acierto 0.0000 · vigente nan · nose nan · invento 0.0000 · 0.2 s/paso
  paso 6925 · perdida  1.7443 · GLOBAL 0.5000 · acierto 0.5000 · vigente nan · nose nan · invento 0.0000 · 0.2 s/paso
  paso 6950 · perdida  2.0369 · GLOBAL 0.0000 · acierto 0.0000 · vigente nan · nose nan · invento 0.0000 · 0.2 s/paso
  paso 6975 · perdida  2.3312 · GLOBAL 0.2500 · acierto 0.2500 · vigente nan · nose nan · invento 0.0000 · 0.2 s/paso
  paso 7000 · perdida  1.6728 · GLOBAL 0.5000 · acierto 0.5000 · vigente nan · nose nan · invento 0.0000 · 0.2 s/paso
  paso 7025 · perdida  1.5917 · GLOBAL 0.5000 · acierto 0.5000 · vigente nan · nose nan · invento 0.0000 · 0.2 s/paso
  paso 7050 · perdida  1.8132 · GLOBAL 0.5000 · acierto 0.5000 · vigente nan · nose nan · invento 0.0000 · 0.2 s/paso
  paso 7075 · perdida  2.3483 · GLOBAL 0.0000 · acierto 0.0000 · vigente nan · nose nan · invento 0.0000 · 0.2 s/paso
  paso 7100 · perdida  1.8126 · GLOBAL 0.2500 · acierto 0.2500 · vigente nan · nose nan · invento 0.0000 · 0.2 s/paso
  paso 7125 · perdida  2.9464 · GLOBAL 0.0000 · acierto 0.0000 · vigente nan · nose nan · invento 0.0000 · 0.2 s/paso
  paso 7150 · perdida  2.0084 · GLOBAL 0.0000 · acierto 0.0000 · vigente nan · nose nan · invento 0.0000 · 0.2 s/paso
  paso 7175 · perdida  1.8885 · GLOBAL 0.0000 · acierto 0.0000 · vigente nan · nose nan · invento 0.0000 · 0.2 s/paso
  paso 7200 · perdida  2.2953 · GLOBAL 0.0000 · acierto 0.0000 · vigente nan · nose nan · invento 0.0000 · 0.2 s/paso
  paso 7225 · perdida  1.8835 · GLOBAL 0.5000 · acierto 0.5000 · vigente nan · nose nan · invento 0.0000 · 0.2 s/paso
  paso 7250 · perdida  1.5888 · GLOBAL 0.2500 · acierto 0.2500 · vigente nan · nose nan · invento 0.0000 · 0.2 s/paso
  paso 7275 · perdida  2.7556 · GLOBAL 0.0000 · acierto 0.0000 · vigente nan · nose nan · invento 0.0000 · 0.2 s/paso
  paso 7300 · perdida  1.8620 · GLOBAL 0.0000 · acierto 0.0000 · vigente nan · nose nan · invento 0.0000 · 0.2 s/paso
  paso 7325 · perdida  1.6859 · GLOBAL 0.5000 · acierto 0.5000 · vigente nan · nose nan · invento 0.0000 · 0.2 s/paso
  paso 7350 · perdida  2.7050 · GLOBAL 0.0000 · acierto 0.0000 · vigente nan · nose nan · invento 0.0000 · 0.2 s/paso
  paso 7375 · perdida  2.6068 · GLOBAL 0.0000 · acierto 0.0000 · vigente nan · nose nan · invento 0.0000 · 0.2 s/paso
  paso 7400 · perdida  2.1483 · GLOBAL 0.0000 · acierto 0.0000 · vigente nan · nose nan · invento 0.0000 · 0.2 s/paso
  paso 7425 · perdida  2.2841 · GLOBAL 0.0000 · acierto 0.0000 · vigente nan · nose nan · invento 0.0000 · 0.2 s/paso
  paso 7450 · perdida  1.8116 · GLOBAL 0.2500 · acierto 0.2500 · vigente nan · nose nan · invento 0.0000 · 0.2 s/paso
  paso 7475 · perdida  2.1787 · GLOBAL 0.2500 · acierto 0.2500 · vigente nan · nose nan · invento 0.0000 · 0.2 s/paso
  paso 7500 · perdida  2.1822 · GLOBAL 0.2500 · acierto 0.2500 · vigente nan · nose nan · invento 0.0000 · 0.2 s/paso
  paso 7525 · perdida  1.8025 · GLOBAL 0.2500 · acierto 0.2500 · vigente nan · nose nan · invento 0.0000 · 0.2 s/paso
  paso 7550 · perdida  1.5085 · GLOBAL 0.5000 · acierto 0.5000 · vigente nan · nose nan · invento 0.0000 · 0.2 s/paso
  paso 7575 · perdida  1.7434 · GLOBAL 0.2500 · acierto 0.2500 · vigente nan · nose nan · invento 0.0000 · 0.2 s/paso
  paso 7600 · perdida  1.1592 · GLOBAL 0.7500 · acierto 0.7500 · vigente nan · nose nan · invento 0.0000 · 0.2 s/paso
  paso 7625 · perdida  2.0564 · GLOBAL 0.0000 · acierto 0.0000 · vigente nan · nose nan · invento 0.0000 · 0.2 s/paso
  paso 7650 · perdida  2.0647 · GLOBAL 0.0000 · acierto 0.0000 · vigente nan · nose nan · invento 0.0000 · 0.2 s/paso
  paso 7675 · perdida  1.4813 · GLOBAL 0.7500 · acierto 0.7500 · vigente nan · nose nan · invento 0.0000 · 0.2 s/paso
  paso 7700 · perdida  2.3136 · GLOBAL 0.0000 · acierto 0.0000 · vigente nan · nose nan · invento 0.0000 · 0.2 s/paso
  paso 7725 · perdida  3.0290 · GLOBAL 0.2500 · acierto 0.2500 · vigente nan · nose nan · invento 0.0000 · 0.2 s/paso
  paso 7750 · perdida  2.0113 · GLOBAL 0.2500 · acierto 0.2500 · vigente nan · nose nan · invento 0.0000 · 0.2 s/paso
  paso 7775 · perdida  2.5576 · GLOBAL 0.2500 · acierto 0.2500 · vigente nan · nose nan · invento 0.0000 · 0.2 s/paso
  paso 7800 · perdida  1.5544 · GLOBAL 0.5000 · acierto 0.5000 · vigente nan · nose nan · invento 0.0000 · 0.2 s/paso
  paso 7825 · perdida  1.9847 · GLOBAL 0.2500 · acierto 0.2500 · vigente nan · nose nan · invento 0.0000 · 0.2 s/paso
  paso 7850 · perdida  4.3689 · GLOBAL 0.0000 · acierto 0.0000 · vigente nan · nose nan · invento 0.0000 · 0.2 s/paso
  paso 7875 · perdida  1.3913 · GLOBAL 0.5000 · acierto 0.5000 · vigente nan · nose nan · invento 0.0000 · 0.2 s/paso
  paso 7900 · perdida  2.7190 · GLOBAL 0.0000 · acierto 0.0000 · vigente nan · nose nan · invento 0.0000 · 0.2 s/paso
  paso 7925 · perdida  2.9189 · GLOBAL 0.0000 · acierto 0.0000 · vigente nan · nose nan · invento 0.0000 · 0.2 s/paso
  paso 7950 · perdida  1.6726 · GLOBAL 0.2500 · acierto 0.2500 · vigente nan · nose nan · invento 0.0000 · 0.2 s/paso
  paso 7975 · perdida  1.6569 · GLOBAL 0.5000 · acierto 0.5000 · vigente nan · nose nan · invento 0.0000 · 0.2 s/paso
  paso 8000 · perdida  2.0582 · GLOBAL 0.0000 · acierto 0.0000 · vigente nan · nose nan · invento 0.0000 · 0.2 s/paso
  paso 8025 · perdida  1.5722 · GLOBAL 0.2500 · acierto 0.2500 · vigente nan · nose nan · invento 0.0000 · 0.2 s/paso
  paso 8050 · perdida  2.2338 · GLOBAL 0.2500 · acierto 0.2500 · vigente nan · nose nan · invento 0.0000 · 0.2 s/paso
  paso 8075 · perdida  2.3348 · GLOBAL 0.0000 · acierto 0.0000 · vigente nan · nose nan · invento 0.0000 · 0.2 s/paso
  paso 8100 · perdida  2.0593 · GLOBAL 0.0000 · acierto 0.0000 · vigente nan · nose nan · invento 0.0000 · 0.2 s/paso
  paso 8125 · perdida  1.8178 · GLOBAL 0.2500 · acierto 0.2500 · vigente nan · nose nan · invento 0.0000 · 0.2 s/paso
  paso 8150 · perdida  1.4569 · GLOBAL 0.5000 · acierto 0.5000 · vigente nan · nose nan · invento 0.0000 · 0.2 s/paso
  paso 8175 · perdida  1.8214 · GLOBAL 0.2500 · acierto 0.2500 · vigente nan · nose nan · invento 0.0000 · 0.2 s/paso
  paso 8200 · perdida  1.7542 · GLOBAL 0.5000 · acierto 0.5000 · vigente nan · nose nan · invento 0.0000 · 0.2 s/paso
  paso 8225 · perdida  1.8240 · GLOBAL 0.2500 · acierto 0.2500 · vigente nan · nose nan · invento 0.0000 · 0.2 s/paso
  paso 8250 · perdida  2.0231 · GLOBAL 0.0000 · acierto 0.0000 · vigente nan · nose nan · invento 0.0000 · 0.2 s/paso
  paso 8275 · perdida  1.7186 · GLOBAL 0.2500 · acierto 0.2500 · vigente nan · nose nan · invento 0.0000 · 0.2 s/paso
  paso 8300 · perdida  1.5653 · GLOBAL 0.5000 · acierto 0.5000 · vigente nan · nose nan · invento 0.0000 · 0.2 s/paso
  paso 8325 · perdida  2.2997 · GLOBAL 0.0000 · acierto 0.0000 · vigente nan · nose nan · invento 0.0000 · 0.2 s/paso
  paso 8350 · perdida  2.3593 · GLOBAL 0.0000 · acierto 0.0000 · vigente nan · nose nan · invento 0.0000 · 0.2 s/paso
  paso 8375 · perdida  2.0660 · GLOBAL 0.2500 · acierto 0.2500 · vigente nan · nose nan · invento 0.0000 · 0.2 s/paso
  paso 8400 · perdida  1.6150 · GLOBAL 0.5000 · acierto 0.5000 · vigente nan · nose nan · invento 0.0000 · 0.2 s/paso
  paso 8425 · perdida  1.5570 · GLOBAL 0.5000 · acierto 0.5000 · vigente nan · nose nan · invento 0.0000 · 0.2 s/paso
  paso 8450 · perdida  1.5121 · GLOBAL 0.2500 · acierto 0.2500 · vigente nan · nose nan · invento 0.0000 · 0.2 s/paso
  paso 8475 · perdida  1.7055 · GLOBAL 0.5000 · acierto 0.5000 · vigente nan · nose nan · invento 0.0000 · 0.2 s/paso
  paso 8500 · perdida  1.7366 · GLOBAL 0.0000 · acierto 0.0000 · vigente nan · nose nan · invento 0.0000 · 0.2 s/paso
  paso 8525 · perdida  1.9834 · GLOBAL 0.2500 · acierto 0.2500 · vigente nan · nose nan · invento 0.0000 · 0.2 s/paso
  paso 8550 · perdida  1.7583 · GLOBAL 0.5000 · acierto 0.5000 · vigente nan · nose nan · invento 0.0000 · 0.2 s/paso
  paso 8575 · perdida  2.0414 · GLOBAL 0.0000 · acierto 0.0000 · vigente nan · nose nan · invento 0.0000 · 0.2 s/paso
  paso 8600 · perdida  1.3991 · GLOBAL 0.2500 · acierto 0.2500 · vigente nan · nose nan · invento 0.0000 · 0.2 s/paso
  paso 8625 · perdida  2.5773 · GLOBAL 0.0000 · acierto 0.0000 · vigente nan · nose nan · invento 0.0000 · 0.2 s/paso
  paso 8650 · perdida  1.5334 · GLOBAL 0.5000 · acierto 0.5000 · vigente nan · nose nan · invento 0.0000 · 0.2 s/paso
  paso 8675 · perdida  1.3736 · GLOBAL 0.5000 · acierto 0.5000 · vigente nan · nose nan · invento 0.0000 · 0.2 s/paso
  paso 8700 · perdida  2.0027 · GLOBAL 0.0000 · acierto 0.0000 · vigente nan · nose nan · invento 0.0000 · 0.2 s/paso
  paso 8725 · perdida  1.8911 · GLOBAL 0.2500 · acierto 0.2500 · vigente nan · nose nan · invento 0.0000 · 0.2 s/paso
  paso 8750 · perdida  1.5673 · GLOBAL 0.5000 · acierto 0.5000 · vigente nan · nose nan · invento 0.0000 · 0.2 s/paso
  paso 8775 · perdida  1.5659 · GLOBAL 0.2500 · acierto 0.2500 · vigente nan · nose nan · invento 0.0000 · 0.2 s/paso
  paso 8800 · perdida  1.7692 · GLOBAL 0.2500 · acierto 0.2500 · vigente nan · nose nan · invento 0.0000 · 0.2 s/paso
  paso 8825 · perdida  2.2174 · GLOBAL 0.2500 · acierto 0.2500 · vigente nan · nose nan · invento 0.0000 · 0.2 s/paso
  paso 8850 · perdida  1.0974 · GLOBAL 0.5000 · acierto 0.5000 · vigente nan · nose nan · invento 0.0000 · 0.2 s/paso
  paso 8875 · perdida  2.4386 · GLOBAL 0.0000 · acierto 0.0000 · vigente nan · nose nan · invento 0.0000 · 0.2 s/paso
  paso 8900 · perdida  3.6546 · GLOBAL 0.0000 · acierto 0.0000 · vigente nan · nose nan · invento 0.0000 · 0.2 s/paso
  paso 8925 · perdida  1.8221 · GLOBAL 0.2500 · acierto 0.2500 · vigente nan · nose nan · invento 0.0000 · 0.2 s/paso
  paso 8950 · perdida  1.7073 · GLOBAL 0.2500 · acierto 0.2500 · vigente nan · nose nan · invento 0.0000 · 0.2 s/paso
  paso 8975 · perdida  0.9612 · GLOBAL 0.7500 · acierto 0.7500 · vigente nan · nose nan · invento 0.0000 · 0.2 s/paso
  paso 9000 · perdida  1.6130 · GLOBAL 0.2500 · acierto 0.2500 · vigente nan · nose nan · invento 0.0000 · 0.2 s/paso
  paso 9025 · perdida  0.7685 · GLOBAL 0.7500 · acierto 0.7500 · vigente nan · nose nan · invento 0.0000 · 0.2 s/paso
  paso 9050 · perdida  1.9163 · GLOBAL 0.2500 · acierto 0.2500 · vigente nan · nose nan · invento 0.0000 · 0.2 s/paso
  paso 9075 · perdida  0.8180 · GLOBAL 0.7500 · acierto 0.7500 · vigente nan · nose nan · invento 0.0000 · 0.2 s/paso
  paso 9100 · perdida  1.7105 · GLOBAL 0.5000 · acierto 0.5000 · vigente nan · nose nan · invento 0.0000 · 0.2 s/paso
  paso 9125 · perdida  1.0558 · GLOBAL 0.7500 · acierto 0.7500 · vigente nan · nose nan · invento 0.0000 · 0.2 s/paso
  paso 9150 · perdida  1.4076 · GLOBAL 0.5000 · acierto 0.5000 · vigente nan · nose nan · invento 0.0000 · 0.2 s/paso
  paso 9175 · perdida  2.1071 · GLOBAL 0.0000 · acierto 0.0000 · vigente nan · nose nan · invento 0.0000 · 0.2 s/paso
  paso 9200 · perdida  2.1005 · GLOBAL 0.0000 · acierto 0.0000 · vigente nan · nose nan · invento 0.0000 · 0.2 s/paso
  paso 9225 · perdida  2.0123 · GLOBAL 0.0000 · acierto 0.0000 · vigente nan · nose nan · invento 0.0000 · 0.2 s/paso
  paso 9250 · perdida  1.9889 · GLOBAL 0.0000 · acierto 0.0000 · vigente nan · nose nan · invento 0.0000 · 0.2 s/paso
  paso 9275 · perdida  1.6056 · GLOBAL 0.5000 · acierto 0.5000 · vigente nan · nose nan · invento 0.0000 · 0.2 s/paso
  paso 9300 · perdida  1.9513 · GLOBAL 0.0000 · acierto 0.0000 · vigente nan · nose nan · invento 0.0000 · 0.2 s/paso
  paso 9325 · perdida  1.2828 · GLOBAL 0.7500 · acierto 0.7500 · vigente nan · nose nan · invento 0.0000 · 0.2 s/paso
  paso 9350 · perdida  1.0080 · GLOBAL 0.5000 · acierto 0.5000 · vigente nan · nose nan · invento 0.0000 · 0.2 s/paso
  paso 9375 · perdida  1.1732 · GLOBAL 0.7500 · acierto 0.7500 · vigente nan · nose nan · invento 0.0000 · 0.2 s/paso
  paso 9400 · perdida  1.1970 · GLOBAL 0.5000 · acierto 0.5000 · vigente nan · nose nan · invento 0.0000 · 0.2 s/paso
  paso 9425 · perdida  1.2545 · GLOBAL 0.7500 · acierto 0.7500 · vigente nan · nose nan · invento 0.0000 · 0.2 s/paso
  paso 9450 · perdida  1.3483 · GLOBAL 0.5000 · acierto 0.5000 · vigente nan · nose nan · invento 0.0000 · 0.2 s/paso
  paso 9475 · perdida  1.4434 · GLOBAL 0.2500 · acierto 0.2500 · vigente nan · nose nan · invento 0.0000 · 0.2 s/paso
  paso 9500 · perdida  1.1319 · GLOBAL 0.2500 · acierto 0.2500 · vigente nan · nose nan · invento 0.0000 · 0.2 s/paso
  paso 9525 · perdida  0.5726 · GLOBAL 0.7500 · acierto 0.7500 · vigente nan · nose nan · invento 0.0000 · 0.2 s/paso
  paso 9550 · perdida  0.7999 · GLOBAL 0.7500 · acierto 0.7500 · vigente nan · nose nan · invento 0.0000 · 0.2 s/paso
  paso 9575 · perdida  1.3154 · GLOBAL 0.2500 · acierto 0.2500 · vigente nan · nose nan · invento 0.0000 · 0.2 s/paso
  paso 9600 · perdida  0.5985 · GLOBAL 0.7500 · acierto 0.7500 · vigente nan · nose nan · invento 0.0000 · 0.2 s/paso
  paso 9625 · perdida  0.9077 · GLOBAL 0.5000 · acierto 0.5000 · vigente nan · nose nan · invento 0.0000 · 0.2 s/paso
  paso 9650 · perdida  1.2277 · GLOBAL 0.5000 · acierto 0.5000 · vigente nan · nose nan · invento 0.0000 · 0.2 s/paso
  paso 9675 · perdida  0.3341 · GLOBAL 1.0000 · acierto 1.0000 · vigente nan · nose nan · invento 0.0000 · 0.2 s/paso
  paso 9700 · perdida  0.5019 · GLOBAL 0.7500 · acierto 0.7500 · vigente nan · nose nan · invento 0.0000 · 0.2 s/paso
  paso 9725 · perdida  0.1740 · GLOBAL 1.0000 · acierto 1.0000 · vigente nan · nose nan · invento 0.0000 · 0.2 s/paso
  paso 9750 · perdida  1.3667 · GLOBAL 0.5000 · acierto 0.5000 · vigente nan · nose nan · invento 0.0000 · 0.2 s/paso
  paso 9775 · perdida  0.9930 · GLOBAL 0.7500 · acierto 0.7500 · vigente nan · nose nan · invento 0.0000 · 0.2 s/paso
  paso 9800 · perdida  0.2970 · GLOBAL 1.0000 · acierto 1.0000 · vigente nan · nose nan · invento 0.0000 · 0.2 s/paso
  paso 9825 · perdida  1.4599 · GLOBAL 0.5000 · acierto 0.5000 · vigente nan · nose nan · invento 0.0000 · 0.2 s/paso
  paso 9850 · perdida  0.8342 · GLOBAL 0.7500 · acierto 0.7500 · vigente nan · nose nan · invento 0.0000 · 0.2 s/paso
  paso 9875 · perdida  0.3123 · GLOBAL 1.0000 · acierto 1.0000 · vigente nan · nose nan · invento 0.0000 · 0.2 s/paso
  paso 9900 · perdida  0.8201 · GLOBAL 0.5000 · acierto 0.5000 · vigente nan · nose nan · invento 0.0000 · 0.2 s/paso
  paso 9925 · perdida  1.0223 · GLOBAL 0.5000 · acierto 0.5000 · vigente nan · nose nan · invento 0.0000 · 0.2 s/paso
  paso 9950 · perdida  0.8388 · GLOBAL 0.7500 · acierto 0.7500 · vigente nan · nose nan · invento 0.0000 · 0.2 s/paso
  paso 9975 · perdida  0.0743 · GLOBAL 1.0000 · acierto 1.0000 · vigente nan · nose nan · invento 0.0000 · 0.2 s/paso
  paso 10000 · perdida  0.0163 · GLOBAL 1.0000 · acierto 1.0000 · vigente nan · nose nan · invento 0.0000 · 0.2 s/paso
  paso 10025 · perdida  0.5035 · GLOBAL 0.7500 · acierto 0.7500 · vigente nan · nose nan · invento 0.0000 · 0.2 s/paso
  paso 10050 · perdida  0.0973 · GLOBAL 1.0000 · acierto 1.0000 · vigente nan · nose nan · invento 0.0000 · 0.2 s/paso
  paso 10075 · perdida  1.1305 · GLOBAL 0.7500 · acierto 0.7500 · vigente nan · nose nan · invento 0.0000 · 0.2 s/paso
  paso 10100 · perdida  0.4991 · GLOBAL 1.0000 · acierto 1.0000 · vigente nan · nose nan · invento 0.0000 · 0.2 s/paso
  paso 10125 · perdida  0.4273 · GLOBAL 1.0000 · acierto 1.0000 · vigente nan · nose nan · invento 0.0000 · 0.2 s/paso
  paso 10150 · perdida  0.2779 · GLOBAL 1.0000 · acierto 1.0000 · vigente nan · nose nan · invento 0.0000 · 0.2 s/paso
  paso 10175 · perdida  0.5152 · GLOBAL 1.0000 · acierto 1.0000 · vigente nan · nose nan · invento 0.0000 · 0.2 s/paso
  paso 10200 · perdida  0.9423 · GLOBAL 0.5000 · acierto 0.5000 · vigente nan · nose nan · invento 0.0000 · 0.2 s/paso
  paso 10225 · perdida  0.1390 · GLOBAL 1.0000 · acierto 1.0000 · vigente nan · nose nan · invento 0.0000 · 0.2 s/paso
  paso 10250 · perdida  0.2483 · GLOBAL 1.0000 · acierto 1.0000 · vigente nan · nose nan · invento 0.0000 · 0.2 s/paso
  paso 10275 · perdida  0.0208 · GLOBAL 1.0000 · acierto 1.0000 · vigente nan · nose nan · invento 0.0000 · 0.2 s/paso
  paso 10300 · perdida  0.5107 · GLOBAL 0.7500 · acierto 0.7500 · vigente nan · nose nan · invento 0.0000 · 0.2 s/paso
  paso 10325 · perdida  0.1317 · GLOBAL 1.0000 · acierto 1.0000 · vigente nan · nose nan · invento 0.0000 · 0.2 s/paso
  paso 10350 · perdida  0.2669 · GLOBAL 0.7500 · acierto 0.7500 · vigente nan · nose nan · invento 0.0000 · 0.2 s/paso
  paso 10375 · perdida  0.9035 · GLOBAL 0.7500 · acierto 0.7500 · vigente nan · nose nan · invento 0.0000 · 0.2 s/paso
  paso 10400 · perdida  1.2142 · GLOBAL 0.2500 · acierto 0.2500 · vigente nan · nose nan · invento 0.0000 · 0.2 s/paso
  paso 10425 · perdida  0.2279 · GLOBAL 1.0000 · acierto 1.0000 · vigente nan · nose nan · invento 0.0000 · 0.2 s/paso
  paso 10450 · perdida  3.7041 · GLOBAL 0.5000 · acierto 0.5000 · vigente nan · nose nan · invento 0.0000 · 0.2 s/paso
  paso 10475 · perdida  0.0977 · GLOBAL 1.0000 · acierto 1.0000 · vigente nan · nose nan · invento 0.0000 · 0.2 s/paso
  paso 10500 · perdida  0.0042 · GLOBAL 1.0000 · acierto 1.0000 · vigente nan · nose nan · invento 0.0000 · 0.2 s/paso
  paso 10525 · perdida  0.0523 · GLOBAL 1.0000 · acierto 1.0000 · vigente nan · nose nan · invento 0.0000 · 0.2 s/paso
  paso 10550 · perdida  1.1099 · GLOBAL 0.7500 · acierto 0.7500 · vigente nan · nose nan · invento 0.0000 · 0.2 s/paso
  paso 10575 · perdida  1.0536 · GLOBAL 0.5000 · acierto 0.5000 · vigente nan · nose nan · invento 0.0000 · 0.2 s/paso
  paso 10600 · perdida  0.1044 · GLOBAL 1.0000 · acierto 1.0000 · vigente nan · nose nan · invento 0.0000 · 0.2 s/paso
  paso 10625 · perdida  0.5772 · GLOBAL 0.7500 · acierto 0.7500 · vigente nan · nose nan · invento 0.0000 · 0.2 s/paso
  paso 10650 · perdida  0.2685 · GLOBAL 1.0000 · acierto 1.0000 · vigente nan · nose nan · invento 0.0000 · 0.2 s/paso
  paso 10675 · perdida  0.1466 · GLOBAL 1.0000 · acierto 1.0000 · vigente nan · nose nan · invento 0.0000 · 0.2 s/paso
  paso 10700 · perdida  0.0361 · GLOBAL 1.0000 · acierto 1.0000 · vigente nan · nose nan · invento 0.0000 · 0.2 s/paso
  paso 10725 · perdida  0.0339 · GLOBAL 1.0000 · acierto 1.0000 · vigente nan · nose nan · invento 0.0000 · 0.2 s/paso
  paso 10750 · perdida  0.0300 · GLOBAL 1.0000 · acierto 1.0000 · vigente nan · nose nan · invento 0.0000 · 0.2 s/paso
  paso 10775 · perdida  1.1088 · GLOBAL 0.5000 · acierto 0.5000 · vigente nan · nose nan · invento 0.0000 · 0.2 s/paso
  paso 10800 · perdida  0.6076 · GLOBAL 0.5000 · acierto 0.5000 · vigente nan · nose nan · invento 0.0000 · 0.2 s/paso
  paso 10825 · perdida  0.0073 · GLOBAL 1.0000 · acierto 1.0000 · vigente nan · nose nan · invento 0.0000 · 0.2 s/paso
  paso 10850 · perdida  0.0173 · GLOBAL 1.0000 · acierto 1.0000 · vigente nan · nose nan · invento 0.0000 · 0.2 s/paso
  paso 10875 · perdida  0.0371 · GLOBAL 1.0000 · acierto 1.0000 · vigente nan · nose nan · invento 0.0000 · 0.2 s/paso
  paso 10900 · perdida  0.0864 · GLOBAL 1.0000 · acierto 1.0000 · vigente nan · nose nan · invento 0.0000 · 0.2 s/paso
  paso 10925 · perdida  0.5083 · GLOBAL 0.7500 · acierto 0.7500 · vigente nan · nose nan · invento 0.0000 · 0.2 s/paso
  paso 10950 · perdida  0.0160 · GLOBAL 1.0000 · acierto 1.0000 · vigente nan · nose nan · invento 0.0000 · 0.2 s/paso
  paso 10975 · perdida  0.1934 · GLOBAL 1.0000 · acierto 1.0000 · vigente nan · nose nan · invento 0.0000 · 0.2 s/paso
  paso 11000 · perdida  0.0087 · GLOBAL 1.0000 · acierto 1.0000 · vigente nan · nose nan · invento 0.0000 · 0.2 s/paso
  paso 11025 · perdida  0.0664 · GLOBAL 1.0000 · acierto 1.0000 · vigente nan · nose nan · invento 0.0000 · 0.2 s/paso
  paso 11050 · perdida  0.0006 · GLOBAL 1.0000 · acierto 1.0000 · vigente nan · nose nan · invento 0.0000 · 0.2 s/paso
  paso 11075 · perdida  0.1410 · GLOBAL 1.0000 · acierto 1.0000 · vigente nan · nose nan · invento 0.0000 · 0.2 s/paso
  paso 11100 · perdida  0.0022 · GLOBAL 1.0000 · acierto 1.0000 · vigente nan · nose nan · invento 0.0000 · 0.2 s/paso
  paso 11125 · perdida  0.0034 · GLOBAL 1.0000 · acierto 1.0000 · vigente nan · nose nan · invento 0.0000 · 0.2 s/paso
  paso 11150 · perdida  0.0023 · GLOBAL 1.0000 · acierto 1.0000 · vigente nan · nose nan · invento 0.0000 · 0.2 s/paso
  paso 11175 · perdida  0.0256 · GLOBAL 1.0000 · acierto 1.0000 · vigente nan · nose nan · invento 0.0000 · 0.2 s/paso
  paso 11200 · perdida  0.0066 · GLOBAL 1.0000 · acierto 1.0000 · vigente nan · nose nan · invento 0.0000 · 0.2 s/paso
  paso 11225 · perdida  0.0012 · GLOBAL 1.0000 · acierto 1.0000 · vigente nan · nose nan · invento 0.0000 · 0.2 s/paso
  paso 11250 · perdida  0.0004 · GLOBAL 1.0000 · acierto 1.0000 · vigente nan · nose nan · invento 0.0000 · 0.2 s/paso
  paso 11275 · perdida  0.0245 · GLOBAL 1.0000 · acierto 1.0000 · vigente nan · nose nan · invento 0.0000 · 0.2 s/paso
  paso 11300 · perdida  0.0007 · GLOBAL 1.0000 · acierto 1.0000 · vigente nan · nose nan · invento 0.0000 · 0.2 s/paso
  paso 11325 · perdida  0.0079 · GLOBAL 1.0000 · acierto 1.0000 · vigente nan · nose nan · invento 0.0000 · 0.2 s/paso
  paso 11350 · perdida  0.0028 · GLOBAL 1.0000 · acierto 1.0000 · vigente nan · nose nan · invento 0.0000 · 0.2 s/paso
  paso 11375 · perdida  0.0097 · GLOBAL 1.0000 · acierto 1.0000 · vigente nan · nose nan · invento 0.0000 · 0.2 s/paso
  paso 11400 · perdida  0.0002 · GLOBAL 1.0000 · acierto 1.0000 · vigente nan · nose nan · invento 0.0000 · 0.2 s/paso
  paso 11425 · perdida  0.3500 · GLOBAL 0.7500 · acierto 0.7500 · vigente nan · nose nan · invento 0.0000 · 0.2 s/paso
  paso 11450 · perdida  1.4469 · GLOBAL 0.7500 · acierto 0.7500 · vigente nan · nose nan · invento 0.0000 · 0.2 s/paso
  paso 11475 · perdida  0.0054 · GLOBAL 1.0000 · acierto 1.0000 · vigente nan · nose nan · invento 0.0000 · 0.2 s/paso
  paso 11500 · perdida  1.1409 · GLOBAL 0.7500 · acierto 0.7500 · vigente nan · nose nan · invento 0.0000 · 0.2 s/paso
  paso 11525 · perdida  0.0006 · GLOBAL 1.0000 · acierto 1.0000 · vigente nan · nose nan · invento 0.0000 · 0.2 s/paso
  paso 11550 · perdida  0.0003 · GLOBAL 1.0000 · acierto 1.0000 · vigente nan · nose nan · invento 0.0000 · 0.2 s/paso
  paso 11575 · perdida  0.1536 · GLOBAL 1.0000 · acierto 1.0000 · vigente nan · nose nan · invento 0.0000 · 0.2 s/paso
  paso 11600 · perdida  0.9304 · GLOBAL 0.7500 · acierto 0.7500 · vigente nan · nose nan · invento 0.0000 · 0.2 s/paso
  paso 11625 · perdida  0.3971 · GLOBAL 1.0000 · acierto 1.0000 · vigente nan · nose nan · invento 0.0000 · 0.2 s/paso
  paso 11650 · perdida  0.2358 · GLOBAL 1.0000 · acierto 1.0000 · vigente nan · nose nan · invento 0.0000 · 0.2 s/paso
  paso 11675 · perdida  0.0028 · GLOBAL 1.0000 · acierto 1.0000 · vigente nan · nose nan · invento 0.0000 · 0.2 s/paso
  paso 11700 · perdida  0.2139 · GLOBAL 0.7500 · acierto 0.7500 · vigente nan · nose nan · invento 0.0000 · 0.2 s/paso
  paso 11725 · perdida  0.0630 · GLOBAL 1.0000 · acierto 1.0000 · vigente nan · nose nan · invento 0.0000 · 0.2 s/paso
  paso 11750 · perdida  0.0038 · GLOBAL 1.0000 · acierto 1.0000 · vigente nan · nose nan · invento 0.0000 · 0.2 s/paso
  paso 11775 · perdida  0.0006 · GLOBAL 1.0000 · acierto 1.0000 · vigente nan · nose nan · invento 0.0000 · 0.2 s/paso
  paso 11800 · perdida  0.3056 · GLOBAL 1.0000 · acierto 1.0000 · vigente nan · nose nan · invento 0.0000 · 0.2 s/paso
  paso 11825 · perdida  0.6788 · GLOBAL 0.7500 · acierto 0.7500 · vigente nan · nose nan · invento 0.0000 · 0.2 s/paso
  paso 11850 · perdida  1.6968 · GLOBAL 0.7500 · acierto 0.7500 · vigente nan · nose nan · invento 0.0000 · 0.2 s/paso
  paso 11875 · perdida  0.0003 · GLOBAL 1.0000 · acierto 1.0000 · vigente nan · nose nan · invento 0.0000 · 0.2 s/paso
  paso 11900 · perdida  0.0065 · GLOBAL 1.0000 · acierto 1.0000 · vigente nan · nose nan · invento 0.0000 · 0.2 s/paso
  paso 11925 · perdida  0.0028 · GLOBAL 1.0000 · acierto 1.0000 · vigente nan · nose nan · invento 0.0000 · 0.2 s/paso
  paso 11950 · perdida  0.0666 · GLOBAL 1.0000 · acierto 1.0000 · vigente nan · nose nan · invento 0.0000 · 0.2 s/paso
  paso 11975 · perdida  0.0307 · GLOBAL 1.0000 · acierto 1.0000 · vigente nan · nose nan · invento 0.0000 · 0.2 s/paso
  paso 12000 · perdida  0.0005 · GLOBAL 1.0000 · acierto 1.0000 · vigente nan · nose nan · invento 0.0000 · 0.2 s/paso
  paso 12025 · perdida  0.0007 · GLOBAL 1.0000 · acierto 1.0000 · vigente nan · nose nan · invento 0.0000 · 0.2 s/paso
  paso 12050 · perdida  0.0008 · GLOBAL 1.0000 · acierto 1.0000 · vigente nan · nose nan · invento 0.0000 · 0.2 s/paso
  paso 12075 · perdida  0.0005 · GLOBAL 1.0000 · acierto 1.0000 · vigente nan · nose nan · invento 0.0000 · 0.2 s/paso
  paso 12100 · perdida  0.0001 · GLOBAL 1.0000 · acierto 1.0000 · vigente nan · nose nan · invento 0.0000 · 0.2 s/paso
  paso 12125 · perdida  0.0004 · GLOBAL 1.0000 · acierto 1.0000 · vigente nan · nose nan · invento 0.0000 · 0.2 s/paso
  paso 12150 · perdida  0.7957 · GLOBAL 0.5000 · acierto 0.5000 · vigente nan · nose nan · invento 0.0000 · 0.2 s/paso
  paso 12175 · perdida  0.0014 · GLOBAL 1.0000 · acierto 1.0000 · vigente nan · nose nan · invento 0.0000 · 0.2 s/paso
  paso 12200 · perdida  0.4115 · GLOBAL 0.7500 · acierto 0.7500 · vigente nan · nose nan · invento 0.0000 · 0.2 s/paso
  paso 12225 · perdida  0.0264 · GLOBAL 1.0000 · acierto 1.0000 · vigente nan · nose nan · invento 0.0000 · 0.2 s/paso
  paso 12250 · perdida  0.0015 · GLOBAL 1.0000 · acierto 1.0000 · vigente nan · nose nan · invento 0.0000 · 0.2 s/paso
  paso 12275 · perdida  0.0004 · GLOBAL 1.0000 · acierto 1.0000 · vigente nan · nose nan · invento 0.0000 · 0.2 s/paso
  paso 12300 · perdida  0.0056 · GLOBAL 1.0000 · acierto 1.0000 · vigente nan · nose nan · invento 0.0000 · 0.2 s/paso
  paso 12325 · perdida  0.0023 · GLOBAL 1.0000 · acierto 1.0000 · vigente nan · nose nan · invento 0.0000 · 0.2 s/paso
  paso 12350 · perdida  0.0034 · GLOBAL 1.0000 · acierto 1.0000 · vigente nan · nose nan · invento 0.0000 · 0.2 s/paso
  paso 12375 · perdida  0.0001 · GLOBAL 1.0000 · acierto 1.0000 · vigente nan · nose nan · invento 0.0000 · 0.2 s/paso
  paso 12400 · perdida  0.0003 · GLOBAL 1.0000 · acierto 1.0000 · vigente nan · nose nan · invento 0.0000 · 0.2 s/paso
  paso 12425 · perdida  0.0004 · GLOBAL 1.0000 · acierto 1.0000 · vigente nan · nose nan · invento 0.0000 · 0.2 s/paso
  paso 12450 · perdida  0.0002 · GLOBAL 1.0000 · acierto 1.0000 · vigente nan · nose nan · invento 0.0000 · 0.2 s/paso
  paso 12475 · perdida  0.0003 · GLOBAL 1.0000 · acierto 1.0000 · vigente nan · nose nan · invento 0.0000 · 0.2 s/paso
  paso 12500 · perdida  0.0005 · GLOBAL 1.0000 · acierto 1.0000 · vigente nan · nose nan · invento 0.0000 · 0.2 s/paso
  paso 12525 · perdida  0.0005 · GLOBAL 1.0000 · acierto 1.0000 · vigente nan · nose nan · invento 0.0000 · 0.2 s/paso
  paso 12550 · perdida  0.0004 · GLOBAL 1.0000 · acierto 1.0000 · vigente nan · nose nan · invento 0.0000 · 0.2 s/paso
  paso 12575 · perdida  0.0000 · GLOBAL 1.0000 · acierto 1.0000 · vigente nan · nose nan · invento 0.0000 · 0.2 s/paso
  paso 12600 · perdida  0.0003 · GLOBAL 1.0000 · acierto 1.0000 · vigente nan · nose nan · invento 0.0000 · 0.2 s/paso
  paso 12625 · perdida  0.0011 · GLOBAL 1.0000 · acierto 1.0000 · vigente nan · nose nan · invento 0.0000 · 0.2 s/paso
  paso 12650 · perdida  0.0002 · GLOBAL 1.0000 · acierto 1.0000 · vigente nan · nose nan · invento 0.0000 · 0.2 s/paso
  paso 12675 · perdida  0.0007 · GLOBAL 1.0000 · acierto 1.0000 · vigente nan · nose nan · invento 0.0000 · 0.2 s/paso
  paso 12700 · perdida  0.0016 · GLOBAL 1.0000 · acierto 1.0000 · vigente nan · nose nan · invento 0.0000 · 0.2 s/paso
  paso 12725 · perdida  0.0001 · GLOBAL 1.0000 · acierto 1.0000 · vigente nan · nose nan · invento 0.0000 · 0.2 s/paso
  paso 12750 · perdida  0.0003 · GLOBAL 1.0000 · acierto 1.0000 · vigente nan · nose nan · invento 0.0000 · 0.2 s/paso
  paso 12775 · perdida  0.0001 · GLOBAL 1.0000 · acierto 1.0000 · vigente nan · nose nan · invento 0.0000 · 0.2 s/paso
  paso 12800 · perdida  0.0000 · GLOBAL 1.0000 · acierto 1.0000 · vigente nan · nose nan · invento 0.0000 · 0.2 s/paso
  paso 12825 · perdida  0.0002 · GLOBAL 1.0000 · acierto 1.0000 · vigente nan · nose nan · invento 0.0000 · 0.2 s/paso
  paso 12850 · perdida  0.0004 · GLOBAL 1.0000 · acierto 1.0000 · vigente nan · nose nan · invento 0.0000 · 0.2 s/paso
  paso 12875 · perdida  0.0002 · GLOBAL 1.0000 · acierto 1.0000 · vigente nan · nose nan · invento 0.0000 · 0.2 s/paso
  paso 12900 · perdida  0.0001 · GLOBAL 1.0000 · acierto 1.0000 · vigente nan · nose nan · invento 0.0000 · 0.2 s/paso
  paso 12925 · perdida  0.0000 · GLOBAL 1.0000 · acierto 1.0000 · vigente nan · nose nan · invento 0.0000 · 0.2 s/paso
  paso 12950 · perdida  0.0128 · GLOBAL 1.0000 · acierto 1.0000 · vigente nan · nose nan · invento 0.0000 · 0.2 s/paso
  paso 12975 · perdida  0.0015 · GLOBAL 1.0000 · acierto 1.0000 · vigente nan · nose nan · invento 0.0000 · 0.2 s/paso
  paso 13000 · perdida  0.5765 · GLOBAL 0.7500 · acierto 0.7500 · vigente nan · nose nan · invento 0.0000 · 0.2 s/paso
  paso 13025 · perdida  0.0279 · GLOBAL 1.0000 · acierto 1.0000 · vigente nan · nose nan · invento 0.0000 · 0.2 s/paso
  paso 13050 · perdida  0.0076 · GLOBAL 1.0000 · acierto 1.0000 · vigente nan · nose nan · invento 0.0000 · 0.2 s/paso
  paso 13075 · perdida  0.0665 · GLOBAL 1.0000 · acierto 1.0000 · vigente nan · nose nan · invento 0.0000 · 0.2 s/paso
  paso 13100 · perdida  0.0125 · GLOBAL 1.0000 · acierto 1.0000 · vigente nan · nose nan · invento 0.0000 · 0.2 s/paso
  paso 13125 · perdida  0.0111 · GLOBAL 1.0000 · acierto 1.0000 · vigente nan · nose nan · invento 0.0000 · 0.2 s/paso
  paso 13150 · perdida  1.5939 · GLOBAL 0.5000 · acierto 0.5000 · vigente nan · nose nan · invento 0.0000 · 0.2 s/paso
  paso 13175 · perdida  0.0645 · GLOBAL 1.0000 · acierto 1.0000 · vigente nan · nose nan · invento 0.0000 · 0.2 s/paso
  paso 13200 · perdida  0.0045 · GLOBAL 1.0000 · acierto 1.0000 · vigente nan · nose nan · invento 0.0000 · 0.2 s/paso
  paso 13225 · perdida  0.4533 · GLOBAL 0.7500 · acierto 0.7500 · vigente nan · nose nan · invento 0.0000 · 0.2 s/paso
  paso 13250 · perdida  0.0006 · GLOBAL 1.0000 · acierto 1.0000 · vigente nan · nose nan · invento 0.0000 · 0.2 s/paso
  paso 13275 · perdida  0.1045 · GLOBAL 1.0000 · acierto 1.0000 · vigente nan · nose nan · invento 0.0000 · 0.2 s/paso
  paso 13300 · perdida  0.0036 · GLOBAL 1.0000 · acierto 1.0000 · vigente nan · nose nan · invento 0.0000 · 0.2 s/paso
  paso 13325 · perdida  0.3281 · GLOBAL 0.7500 · acierto 0.7500 · vigente nan · nose nan · invento 0.0000 · 0.2 s/paso
  paso 13350 · perdida  0.0014 · GLOBAL 1.0000 · acierto 1.0000 · vigente nan · nose nan · invento 0.0000 · 0.2 s/paso
  paso 13375 · perdida  0.0013 · GLOBAL 1.0000 · acierto 1.0000 · vigente nan · nose nan · invento 0.0000 · 0.2 s/paso
  paso 13400 · perdida  0.4471 · GLOBAL 1.0000 · acierto 1.0000 · vigente nan · nose nan · invento 0.0000 · 0.2 s/paso
  paso 13425 · perdida  0.0150 · GLOBAL 1.0000 · acierto 1.0000 · vigente nan · nose nan · invento 0.0000 · 0.2 s/paso
  paso 13450 · perdida  0.2376 · GLOBAL 0.7500 · acierto 0.7500 · vigente nan · nose nan · invento 0.0000 · 0.2 s/paso
  paso 13475 · perdida  0.0013 · GLOBAL 1.0000 · acierto 1.0000 · vigente nan · nose nan · invento 0.0000 · 0.2 s/paso
  paso 13500 · perdida  0.0002 · GLOBAL 1.0000 · acierto 1.0000 · vigente nan · nose nan · invento 0.0000 · 0.2 s/paso
  paso 13525 · perdida  0.0007 · GLOBAL 1.0000 · acierto 1.0000 · vigente nan · nose nan · invento 0.0000 · 0.2 s/paso
  paso 13550 · perdida  0.0001 · GLOBAL 1.0000 · acierto 1.0000 · vigente nan · nose nan · invento 0.0000 · 0.2 s/paso
  paso 13575 · perdida  0.0092 · GLOBAL 1.0000 · acierto 1.0000 · vigente nan · nose nan · invento 0.0000 · 0.2 s/paso
  paso 13600 · perdida  0.0405 · GLOBAL 1.0000 · acierto 1.0000 · vigente nan · nose nan · invento 0.0000 · 0.2 s/paso
  paso 13625 · perdida  0.0033 · GLOBAL 1.0000 · acierto 1.0000 · vigente nan · nose nan · invento 0.0000 · 0.2 s/paso
  paso 13650 · perdida  0.0019 · GLOBAL 1.0000 · acierto 1.0000 · vigente nan · nose nan · invento 0.0000 · 0.2 s/paso
  paso 13675 · perdida  0.0001 · GLOBAL 1.0000 · acierto 1.0000 · vigente nan · nose nan · invento 0.0000 · 0.2 s/paso
  paso 13700 · perdida  0.0001 · GLOBAL 1.0000 · acierto 1.0000 · vigente nan · nose nan · invento 0.0000 · 0.2 s/paso
  paso 13725 · perdida  0.0003 · GLOBAL 1.0000 · acierto 1.0000 · vigente nan · nose nan · invento 0.0000 · 0.2 s/paso
  paso 13750 · perdida  0.0002 · GLOBAL 1.0000 · acierto 1.0000 · vigente nan · nose nan · invento 0.0000 · 0.2 s/paso
  paso 13775 · perdida  0.0003 · GLOBAL 1.0000 · acierto 1.0000 · vigente nan · nose nan · invento 0.0000 · 0.2 s/paso
  paso 13800 · perdida  0.0002 · GLOBAL 1.0000 · acierto 1.0000 · vigente nan · nose nan · invento 0.0000 · 0.2 s/paso
  paso 13825 · perdida  0.0018 · GLOBAL 1.0000 · acierto 1.0000 · vigente nan · nose nan · invento 0.0000 · 0.2 s/paso
  paso 13850 · perdida  1.5228 · GLOBAL 0.7500 · acierto 0.7500 · vigente nan · nose nan · invento 0.0000 · 0.2 s/paso
  paso 13875 · perdida  0.0040 · GLOBAL 1.0000 · acierto 1.0000 · vigente nan · nose nan · invento 0.0000 · 0.2 s/paso
  paso 13900 · perdida  0.2545 · GLOBAL 0.7500 · acierto 0.7500 · vigente nan · nose nan · invento 0.0000 · 0.2 s/paso
  paso 13925 · perdida  0.0031 · GLOBAL 1.0000 · acierto 1.0000 · vigente nan · nose nan · invento 0.0000 · 0.2 s/paso
  paso 13950 · perdida  0.0003 · GLOBAL 1.0000 · acierto 1.0000 · vigente nan · nose nan · invento 0.0000 · 0.2 s/paso
  paso 13975 · perdida  0.0040 · GLOBAL 1.0000 · acierto 1.0000 · vigente nan · nose nan · invento 0.0000 · 0.2 s/paso
  paso 14000 · perdida  0.0003 · GLOBAL 1.0000 · acierto 1.0000 · vigente nan · nose nan · invento 0.0000 · 0.2 s/paso
  paso 14025 · perdida  0.0006 · GLOBAL 1.0000 · acierto 1.0000 · vigente nan · nose nan · invento 0.0000 · 0.2 s/paso
  paso 14050 · perdida  0.0012 · GLOBAL 1.0000 · acierto 1.0000 · vigente nan · nose nan · invento 0.0000 · 0.2 s/paso
  paso 14075 · perdida  0.0004 · GLOBAL 1.0000 · acierto 1.0000 · vigente nan · nose nan · invento 0.0000 · 0.2 s/paso
  paso 14100 · perdida  0.0003 · GLOBAL 1.0000 · acierto 1.0000 · vigente nan · nose nan · invento 0.0000 · 0.2 s/paso
  paso 14125 · perdida  0.0015 · GLOBAL 1.0000 · acierto 1.0000 · vigente nan · nose nan · invento 0.0000 · 0.2 s/paso
  paso 14150 · perdida  0.0005 · GLOBAL 1.0000 · acierto 1.0000 · vigente nan · nose nan · invento 0.0000 · 0.2 s/paso
  paso 14175 · perdida  0.0004 · GLOBAL 1.0000 · acierto 1.0000 · vigente nan · nose nan · invento 0.0000 · 0.2 s/paso
  paso 14200 · perdida  0.0001 · GLOBAL 1.0000 · acierto 1.0000 · vigente nan · nose nan · invento 0.0000 · 0.2 s/paso
  paso 14225 · perdida  0.0007 · GLOBAL 1.0000 · acierto 1.0000 · vigente nan · nose nan · invento 0.0000 · 0.2 s/paso
  paso 14250 · perdida  0.0002 · GLOBAL 1.0000 · acierto 1.0000 · vigente nan · nose nan · invento 0.0000 · 0.2 s/paso
  paso 14275 · perdida  0.0027 · GLOBAL 1.0000 · acierto 1.0000 · vigente nan · nose nan · invento 0.0000 · 0.2 s/paso
  paso 14300 · perdida  0.0004 · GLOBAL 1.0000 · acierto 1.0000 · vigente nan · nose nan · invento 0.0000 · 0.2 s/paso
  paso 14325 · perdida  0.0004 · GLOBAL 1.0000 · acierto 1.0000 · vigente nan · nose nan · invento 0.0000 · 0.2 s/paso
  paso 14350 · perdida  0.0002 · GLOBAL 1.0000 · acierto 1.0000 · vigente nan · nose nan · invento 0.0000 · 0.2 s/paso
  paso 14375 · perdida  0.0002 · GLOBAL 1.0000 · acierto 1.0000 · vigente nan · nose nan · invento 0.0000 · 0.2 s/paso
  paso 14400 · perdida  0.0007 · GLOBAL 1.0000 · acierto 1.0000 · vigente nan · nose nan · invento 0.0000 · 0.2 s/paso
  paso 14425 · perdida  0.0000 · GLOBAL 1.0000 · acierto 1.0000 · vigente nan · nose nan · invento 0.0000 · 0.2 s/paso
  paso 14450 · perdida  0.0001 · GLOBAL 1.0000 · acierto 1.0000 · vigente nan · nose nan · invento 0.0000 · 0.2 s/paso
  paso 14475 · perdida  0.0003 · GLOBAL 1.0000 · acierto 1.0000 · vigente nan · nose nan · invento 0.0000 · 0.2 s/paso
  paso 14500 · perdida  0.0001 · GLOBAL 1.0000 · acierto 1.0000 · vigente nan · nose nan · invento 0.0000 · 0.2 s/paso
  paso 14525 · perdida  0.0004 · GLOBAL 1.0000 · acierto 1.0000 · vigente nan · nose nan · invento 0.0000 · 0.2 s/paso
  paso 14550 · perdida  0.0002 · GLOBAL 1.0000 · acierto 1.0000 · vigente nan · nose nan · invento 0.0000 · 0.2 s/paso
  paso 14575 · perdida  0.0008 · GLOBAL 1.0000 · acierto 1.0000 · vigente nan · nose nan · invento 0.0000 · 0.2 s/paso
  paso 14600 · perdida  0.0006 · GLOBAL 1.0000 · acierto 1.0000 · vigente nan · nose nan · invento 0.0000 · 0.2 s/paso
  paso 14625 · perdida  0.0004 · GLOBAL 1.0000 · acierto 1.0000 · vigente nan · nose nan · invento 0.0000 · 0.2 s/paso
  paso 14650 · perdida  0.0000 · GLOBAL 1.0000 · acierto 1.0000 · vigente nan · nose nan · invento 0.0000 · 0.2 s/paso
  paso 14675 · perdida  0.0003 · GLOBAL 1.0000 · acierto 1.0000 · vigente nan · nose nan · invento 0.0000 · 0.2 s/paso
  paso 14700 · perdida  0.0000 · GLOBAL 1.0000 · acierto 1.0000 · vigente nan · nose nan · invento 0.0000 · 0.2 s/paso
  paso 14725 · perdida  0.0002 · GLOBAL 1.0000 · acierto 1.0000 · vigente nan · nose nan · invento 0.0000 · 0.2 s/paso
  paso 14750 · perdida  0.0001 · GLOBAL 1.0000 · acierto 1.0000 · vigente nan · nose nan · invento 0.0000 · 0.2 s/paso
  paso 14775 · perdida  0.0003 · GLOBAL 1.0000 · acierto 1.0000 · vigente nan · nose nan · invento 0.0000 · 0.2 s/paso
  paso 14800 · perdida  0.0000 · GLOBAL 1.0000 · acierto 1.0000 · vigente nan · nose nan · invento 0.0000 · 0.2 s/paso
  paso 14825 · perdida  0.0002 · GLOBAL 1.0000 · acierto 1.0000 · vigente nan · nose nan · invento 0.0000 · 0.2 s/paso
  paso 14850 · perdida  0.0004 · GLOBAL 1.0000 · acierto 1.0000 · vigente nan · nose nan · invento 0.0000 · 0.2 s/paso
  paso 14875 · perdida  0.0002 · GLOBAL 1.0000 · acierto 1.0000 · vigente nan · nose nan · invento 0.0000 · 0.2 s/paso
  paso 14900 · perdida  0.0003 · GLOBAL 1.0000 · acierto 1.0000 · vigente nan · nose nan · invento 0.0000 · 0.2 s/paso
  paso 14925 · perdida  0.0001 · GLOBAL 1.0000 · acierto 1.0000 · vigente nan · nose nan · invento 0.0000 · 0.2 s/paso
  paso 14950 · perdida  0.0003 · GLOBAL 1.0000 · acierto 1.0000 · vigente nan · nose nan · invento 0.0000 · 0.2 s/paso
  paso 14975 · perdida  0.0002 · GLOBAL 1.0000 · acierto 1.0000 · vigente nan · nose nan · invento 0.0000 · 0.2 s/paso
  paso 15000 · perdida  0.0002 · GLOBAL 1.0000 · acierto 1.0000 · vigente nan · nose nan · invento 0.0000 · 0.2 s/paso
  paso 15025 · perdida  0.0001 · GLOBAL 1.0000 · acierto 1.0000 · vigente nan · nose nan · invento 0.0000 · 0.2 s/paso
  paso 15050 · perdida  0.0000 · GLOBAL 1.0000 · acierto 1.0000 · vigente nan · nose nan · invento 0.0000 · 0.2 s/paso
  paso 15075 · perdida  0.0001 · GLOBAL 1.0000 · acierto 1.0000 · vigente nan · nose nan · invento 0.0000 · 0.2 s/paso
  paso 15100 · perdida  0.0000 · GLOBAL 1.0000 · acierto 1.0000 · vigente nan · nose nan · invento 0.0000 · 0.2 s/paso
  paso 15125 · perdida  0.0001 · GLOBAL 1.0000 · acierto 1.0000 · vigente nan · nose nan · invento 0.0000 · 0.2 s/paso
  paso 15150 · perdida  0.0001 · GLOBAL 1.0000 · acierto 1.0000 · vigente nan · nose nan · invento 0.0000 · 0.2 s/paso
  paso 15175 · perdida  0.0001 · GLOBAL 1.0000 · acierto 1.0000 · vigente nan · nose nan · invento 0.0000 · 0.2 s/paso
  paso 15200 · perdida  0.0000 · GLOBAL 1.0000 · acierto 1.0000 · vigente nan · nose nan · invento 0.0000 · 0.2 s/paso
  paso 15225 · perdida  0.0000 · GLOBAL 1.0000 · acierto 1.0000 · vigente nan · nose nan · invento 0.0000 · 0.2 s/paso
  paso 15250 · perdida  0.0000 · GLOBAL 1.0000 · acierto 1.0000 · vigente nan · nose nan · invento 0.0000 · 0.2 s/paso
  paso 15275 · perdida  0.0005 · GLOBAL 1.0000 · acierto 1.0000 · vigente nan · nose nan · invento 0.0000 · 0.2 s/paso
  paso 15300 · perdida  0.0007 · GLOBAL 1.0000 · acierto 1.0000 · vigente nan · nose nan · invento 0.0000 · 0.2 s/paso
  paso 15325 · perdida  0.0001 · GLOBAL 1.0000 · acierto 1.0000 · vigente nan · nose nan · invento 0.0000 · 0.2 s/paso
  paso 15350 · perdida  0.0000 · GLOBAL 1.0000 · acierto 1.0000 · vigente nan · nose nan · invento 0.0000 · 0.2 s/paso
  paso 15375 · perdida  0.0001 · GLOBAL 1.0000 · acierto 1.0000 · vigente nan · nose nan · invento 0.0000 · 0.2 s/paso
  paso 15400 · perdida  0.0001 · GLOBAL 1.0000 · acierto 1.0000 · vigente nan · nose nan · invento 0.0000 · 0.2 s/paso
  paso 15425 · perdida  0.0002 · GLOBAL 1.0000 · acierto 1.0000 · vigente nan · nose nan · invento 0.0000 · 0.2 s/paso
  paso 15450 · perdida  0.0000 · GLOBAL 1.0000 · acierto 1.0000 · vigente nan · nose nan · invento 0.0000 · 0.2 s/paso
  paso 15475 · perdida  0.0024 · GLOBAL 1.0000 · acierto 1.0000 · vigente nan · nose nan · invento 0.0000 · 0.2 s/paso
  paso 15500 · perdida  0.0003 · GLOBAL 1.0000 · acierto 1.0000 · vigente nan · nose nan · invento 0.0000 · 0.2 s/paso
  paso 15525 · perdida  0.0003 · GLOBAL 1.0000 · acierto 1.0000 · vigente nan · nose nan · invento 0.0000 · 0.2 s/paso
  paso 15550 · perdida  0.0000 · GLOBAL 1.0000 · acierto 1.0000 · vigente nan · nose nan · invento 0.0000 · 0.2 s/paso
  paso 15575 · perdida  0.0002 · GLOBAL 1.0000 · acierto 1.0000 · vigente nan · nose nan · invento 0.0000 · 0.2 s/paso
  paso 15600 · perdida  0.0002 · GLOBAL 1.0000 · acierto 1.0000 · vigente nan · nose nan · invento 0.0000 · 0.2 s/paso
  paso 15625 · perdida  0.0001 · GLOBAL 1.0000 · acierto 1.0000 · vigente nan · nose nan · invento 0.0000 · 0.2 s/paso
  paso 15650 · perdida  0.0000 · GLOBAL 1.0000 · acierto 1.0000 · vigente nan · nose nan · invento 0.0000 · 0.2 s/paso
  paso 15675 · perdida  0.0001 · GLOBAL 1.0000 · acierto 1.0000 · vigente nan · nose nan · invento 0.0000 · 0.2 s/paso
  paso 15700 · perdida  0.0030 · GLOBAL 1.0000 · acierto 1.0000 · vigente nan · nose nan · invento 0.0000 · 0.2 s/paso
  paso 15725 · perdida  0.0004 · GLOBAL 1.0000 · acierto 1.0000 · vigente nan · nose nan · invento 0.0000 · 0.2 s/paso
  paso 15750 · perdida  0.2198 · GLOBAL 0.7500 · acierto 0.7500 · vigente nan · nose nan · invento 0.0000 · 0.2 s/paso
  paso 15775 · perdida  0.2018 · GLOBAL 0.7500 · acierto 0.7500 · vigente nan · nose nan · invento 0.0000 · 0.2 s/paso
  paso 15800 · perdida  0.1190 · GLOBAL 1.0000 · acierto 1.0000 · vigente nan · nose nan · invento 0.0000 · 0.2 s/paso
  paso 15825 · perdida  1.9360 · GLOBAL 0.2500 · acierto 0.2500 · vigente nan · nose nan · invento 0.0000 · 0.2 s/paso
  paso 15850 · perdida  0.7980 · GLOBAL 0.7500 · acierto 0.7500 · vigente nan · nose nan · invento 0.0000 · 0.2 s/paso
  paso 15875 · perdida  0.4551 · GLOBAL 0.7500 · acierto 0.7500 · vigente nan · nose nan · invento 0.0000 · 0.2 s/paso
  paso 15900 · perdida  0.0879 · GLOBAL 1.0000 · acierto 1.0000 · vigente nan · nose nan · invento 0.0000 · 0.2 s/paso
  paso 15925 · perdida  0.0009 · GLOBAL 1.0000 · acierto 1.0000 · vigente nan · nose nan · invento 0.0000 · 0.2 s/paso
  paso 15950 · perdida  0.0002 · GLOBAL 1.0000 · acierto 1.0000 · vigente nan · nose nan · invento 0.0000 · 0.2 s/paso
  paso 15975 · perdida  0.0006 · GLOBAL 1.0000 · acierto 1.0000 · vigente nan · nose nan · invento 0.0000 · 0.2 s/paso
  paso 16000 · perdida  0.0019 · GLOBAL 1.0000 · acierto 1.0000 · vigente nan · nose nan · invento 0.0000 · 0.2 s/paso

  CONTROLES sobre el ultimo lote:
    con archivo        GLOBAL 1.0000 · acierto 1.0000 · vigente nan · nose nan · invento 0.0000
    BARAJADO           GLOBAL 0.2500 · acierto 0.2500 · vigente nan · nose nan · invento 0.0000
    VACIO (ceros)      GLOBAL 0.0000 · acierto 0.0000 · vigente nan · nose nan · invento 0.0000
    lectura APAGADA    GLOBAL 0.0000 · acierto 0.0000 · vigente nan · nose nan · invento 0.0000

    BARAJADO alto = no lee el archivo · VACIO alto = contesta desde el preentrenamiento
    (VACIO es el control que pedia el plan por vocabulario abierto)

  POR ENTIDAD (40 repeticiones cada una):
    c=0.9797  acierto 0.900  The Rijksmuseum
    c=0.9771  acierto 0.925  The Tower Bridge
    c=0.9671  acierto 0.975  The Sagrada Familia
    c=0.9657  acierto 0.925  The Uffizi Gallery
    c=0.9574  acierto 0.875  The Pantheon
    c=0.9555  acierto 0.925  The Prado Museum
    c=0.9528  acierto 0.900  The Trevi Fountain
    c=0.9480  acierto 0.925  The Sydney Opera House
    c=0.9270  acierto 1.000  The Eiffel Tower
    c=0.9197  acierto 0.825  The White House
    c=0.9058  acierto 1.000  The Sorbonne
    c=0.8952  acierto 0.825  The Reichstag
    c=0.8836  acierto 1.000  The Louvre
    c=0.8792  acierto 0.875  The Kremlin
    c=0.8637  acierto 1.000  The Arc de Triomphe
    c=0.8519  acierto 0.875  The Empire State Building
    c=0.8457  acierto 0.700  The Brandenburg Gate
    c=0.8280  acierto 0.825  The Colosseum
    c=0.8194  acierto 0.850  The Big Ben
    c=0.7844  acierto 0.875  The Vatican
    c=0.7838  acierto 0.875  The Bolshoi Theatre
    c=0.7564  acierto 0.875  The Buckingham Palace
    c=0.5543  acierto 0.875  The Shibuya Crossing

  escrito /content/banco_mundoreal_s0.json

listo en 53.5 min
