== banco_arch8largo_s0 en la cuenta O · sesion NUEVA banco_o_1426 · 20000 pasos
[colab] Creating session 'banco_o_1426'...
[colab] Session READY.
[colab] Uploaded '/tmp/tmp.XdpcWrClUf/banco.tgz' to '/content/banco.tgz'
entorno 2.11.0+cu128 5.16.1 True 
cmd /usr/bin/python3 -u banco_escalado.py --semilla 0 --pasos 20000 --cada 25 --salida /content/banco_arch8largo_s0.json --n-ent 60 --n-val 8 --n-rel 1 --batch 4 --distractores 8 --arch 8 --p-dos 0 --p-una 1
lanzado pid 2304
VIVO= True
ULTIMO= paso  450 · perdida  2.1920 · GLOBAL 0.0000 · acierto 0.0000 · vigente nan · nose nan · invento 0.0000 · 0.2 s/paso
VIVO= True
ULTIMO= paso 1175 · perdida  1.5037 · GLOBAL 0.7500 · acierto 0.7500 · vigente nan · nose nan · invento 0.0000 · 0.2 s/paso
VIVO= True
ULTIMO= paso 1900 · perdida  1.9483 · GLOBAL 0.5000 · acierto 0.5000 · vigente nan · nose nan · invento 0.0000 · 0.2 s/paso
VIVO= True
ULTIMO= paso 2700 · perdida  2.1399 · GLOBAL 0.0000 · acierto 0.0000 · vigente nan · nose nan · invento 0.0000 · 0.2 s/paso
╰──────────────────────────────────────────────────────────────────────────────╯
RuntimeError: Connection was lost.
VIVO= True
ULTIMO= paso 5225 · perdida  0.1152 · GLOBAL 1.0000 · acierto 1.0000 · vigente nan · nose nan · invento 0.0000 · 0.2 s/paso
VIVO= True
ULTIMO= paso 5975 · perdida  0.0437 · GLOBAL 1.0000 · acierto 1.0000 · vigente nan · nose nan · invento 0.0000 · 0.2 s/paso
VIVO= True
ULTIMO= paso 6725 · perdida  0.2805 · GLOBAL 1.0000 · acierto 1.0000 · vigente nan · nose nan · invento 0.0000 · 0.2 s/paso
VIVO= True
ULTIMO= paso 7450 · perdida  0.0907 · GLOBAL 1.0000 · acierto 1.0000 · vigente nan · nose nan · invento 0.0000 · 0.2 s/paso
VIVO= True
ULTIMO= paso 8250 · perdida  0.1625 · GLOBAL 1.0000 · acierto 1.0000 · vigente nan · nose nan · invento 0.0000 · 0.2 s/paso
VIVO= True
ULTIMO= paso 9075 · perdida  0.0174 · GLOBAL 1.0000 · acierto 1.0000 · vigente nan · nose nan · invento 0.0000 · 0.2 s/paso
VIVO= True
ULTIMO= paso 9825 · perdida  0.0154 · GLOBAL 1.0000 · acierto 1.0000 · vigente nan · nose nan · invento 0.0000 · 0.2 s/paso
╰──────────────────────────────────────────────────────────────────────────────╯
RuntimeError: Connection was lost.
VIVO= True
ULTIMO= paso 12375 · perdida  0.0024 · GLOBAL 1.0000 · acierto 1.0000 · vigente nan · nose nan · invento 0.0000 · 0.2 s/paso
VIVO= True
ULTIMO= paso 13125 · perdida  0.6211 · GLOBAL 0.5000 · acierto 0.5000 · vigente nan · nose nan · invento 0.0000 · 0.2 s/paso
VIVO= True
ULTIMO= paso 13850 · perdida  0.0021 · GLOBAL 1.0000 · acierto 1.0000 · vigente nan · nose nan · invento 0.0000 · 0.2 s/paso
VIVO= True
ULTIMO= paso 14600 · perdida  0.0986 · GLOBAL 1.0000 · acierto 1.0000 · vigente nan · nose nan · invento 0.0000 · 0.2 s/paso
VIVO= True
ULTIMO= paso 15325 · perdida  0.0002 · GLOBAL 1.0000 · acierto 1.0000 · vigente nan · nose nan · invento 0.0000 · 0.2 s/paso
VIVO= True
ULTIMO= paso 16275 · perdida  0.3786 · GLOBAL 0.7500 · acierto 0.7500 · vigente nan · nose nan · invento 0.0000 · 0.2 s/paso
VIVO= True
ULTIMO= paso 17025 · perdida  0.0009 · GLOBAL 1.0000 · acierto 1.0000 · vigente nan · nose nan · invento 0.0000 · 0.2 s/paso
VIVO= True
ULTIMO= paso 17775 · perdida  0.0013 · GLOBAL 1.0000 · acierto 1.0000 · vigente nan · nose nan · invento 0.0000 · 0.2 s/paso
VIVO= True
ULTIMO= paso 18525 · perdida  0.0029 · GLOBAL 1.0000 · acierto 1.0000 · vigente nan · nose nan · invento 0.0000 · 0.2 s/paso
VIVO= True
ULTIMO= paso 19325 · perdida  0.1869 · GLOBAL 0.7500 · acierto 0.7500 · vigente nan · nose nan · invento 0.0000 · 0.2 s/paso
VIVO= False
ULTIMO= listo en 55.7 min
[colab] Downloaded '/content/banco_arch8largo_s0.json' to '/home/maxi/Disco_de_Guardado/Carpetas_Usuario/Documentos/Nuevo Transformer/delta-archivo/modelo_real/banco_arch8largo_s0.json'
[colab] Downloaded '/content/banco.log' to '/home/maxi/Disco_de_Guardado/Carpetas_Usuario/Documentos/Nuevo Transformer/delta-archivo/modelo_real/banco_arch8largo_s0.log'
== banco_arch8largo_s0 LISTO
