Warning: You are sending unauthenticated requests to the HF Hub. Please set a HF_TOKEN to enable higher rate limits and faster downloads.
Loading weights:   0%|          | 0/201 [00:00<?, ?it/s]Loading weights:   0%|          | 1/201 [00:00<00:36,  5.48it/s]Loading weights:   6%|▋         | 13/201 [00:00<00:03, 54.32it/s]Loading weights:  15%|█▌        | 31/201 [00:00<00:01, 92.88it/s]Loading weights:  23%|██▎       | 46/201 [00:00<00:01, 108.84it/s]Loading weights:  29%|██▉       | 58/201 [00:00<00:01, 108.64it/s]Loading weights:  35%|███▍      | 70/201 [00:00<00:01, 104.51it/s]Loading weights:  42%|████▏     | 85/201 [00:00<00:01, 115.24it/s]Loading weights:  48%|████▊     | 97/201 [00:00<00:00, 109.35it/s]Loading weights:  56%|█████▌    | 112/201 [00:01<00:00, 114.58it/s]Loading weights:  62%|██████▏   | 124/201 [00:01<00:00, 111.78it/s]Loading weights:  69%|██████▉   | 139/201 [00:01<00:00, 118.68it/s]Loading weights:  75%|███████▌  | 151/201 [00:01<00:00, 114.33it/s]Loading weights:  81%|████████  | 163/201 [00:01<00:00, 112.56it/s]Loading weights:  88%|████████▊ | 176/201 [00:01<00:00, 101.99it/s]Loading weights:  96%|█████████▌| 193/201 [00:01<00:00, 114.97it/s]Loading weights: 100%|██████████| 201/201 [00:01<00:00, 107.13it/s]
DENSO · atencion completa en las 22 capas · sin conv corta
TinyLlama/TinyLlama-1.1B-Chat-v1.0 · 1.10 B CONGELADOS · entrenables 2.11 M (0.192 %) · rango 256 · cuda
escritura capa 11 · lectura capa 2 · 15 entidades · 8 valores · 2 relaciones · batch 4 · archivo 8 · 22 bloques
abstencion 'None' -> 6213 · piso trivial de responder al azar 1/8 = 0.1250
PISO DEL MUDO: abstenerse SIEMPRE da GLOBAL 0.4000. Por debajo de eso el modelo es peor que el silencio.
  paso    1 · perdida 10.4736 · GLOBAL 0.0000 · acierto 0.0000 · vigente 0.0000 · nose 0.0000 (rel 0.00/aus nan) · invento 0.0000 · 1.4 s/paso
  paso   25 · perdida  1.2754 · GLOBAL 0.7500 · acierto 0.0000 · vigente nan · nose 1.0000 (rel 1.00/aus nan) · invento 0.0000 · 0.2 s/paso
  paso   50 · perdida  1.8353 · GLOBAL 0.5000 · acierto 0.0000 · vigente 0.0000 · nose 1.0000 (rel 1.00/aus 1.00) · invento 0.0000 · 0.2 s/paso
  paso   75 · perdida  2.2289 · GLOBAL 0.2500 · acierto 0.0000 · vigente 0.0000 · nose 1.0000 (rel 1.00/aus nan) · invento 0.0000 · 0.2 s/paso
  paso  100 · perdida  1.4612 · GLOBAL 0.5000 · acierto 0.0000 · vigente 0.0000 · nose 1.0000 (rel 1.00/aus nan) · invento 0.0000 · 0.2 s/paso
  paso  125 · perdida  1.9890 · GLOBAL 0.5000 · acierto 0.0000 · vigente nan · nose 1.0000 (rel nan/aus 1.00) · invento 0.0000 · 0.1 s/paso
  paso  150 · perdida  2.5268 · GLOBAL 0.0000 · acierto 0.0000 · vigente nan · nose nan (rel nan/aus nan) · invento 0.0000 · 0.1 s/paso
  paso  175 · perdida  2.7757 · GLOBAL 0.2500 · acierto 0.0000 · vigente nan · nose 1.0000 (rel 1.00/aus nan) · invento 0.0000 · 0.1 s/paso
  paso  200 · perdida  2.8429 · GLOBAL 0.2500 · acierto 0.0000 · vigente nan · nose 1.0000 (rel 1.00/aus nan) · invento 0.0000 · 0.1 s/paso
  paso  225 · perdida  2.2668 · GLOBAL 0.5000 · acierto 0.0000 · vigente nan · nose 1.0000 (rel 1.00/aus nan) · invento 0.0000 · 0.1 s/paso
  paso  250 · perdida  2.0511 · GLOBAL 0.2500 · acierto 0.0000 · vigente 0.0000 · nose 1.0000 (rel 1.00/aus nan) · invento 0.0000 · 0.1 s/paso
  paso  275 · perdida  2.4762 · GLOBAL 0.2500 · acierto 0.0000 · vigente 0.0000 · nose 1.0000 (rel 1.00/aus nan) · invento 0.0000 · 0.1 s/paso
  paso  300 · perdida  2.9760 · GLOBAL 0.2500 · acierto 0.0000 · vigente 0.0000 · nose 1.0000 (rel 1.00/aus nan) · invento 0.0000 · 0.1 s/paso
  paso  325 · perdida  2.0666 · GLOBAL 0.5000 · acierto 0.0000 · vigente 0.0000 · nose 1.0000 (rel 1.00/aus 1.00) · invento 0.0000 · 0.1 s/paso
  paso  350 · perdida  1.9353 · GLOBAL 0.5000 · acierto 0.0000 · vigente nan · nose 1.0000 (rel nan/aus 1.00) · invento 0.0000 · 0.1 s/paso
  paso  375 · perdida  2.5051 · GLOBAL 0.2500 · acierto 0.0000 · vigente 0.0000 · nose 1.0000 (rel nan/aus 1.00) · invento 0.0000 · 0.1 s/paso
  paso  400 · perdida  2.0301 · GLOBAL 0.5000 · acierto 0.0000 · vigente 0.0000 · nose 1.0000 (rel nan/aus 1.00) · invento 0.0000 · 0.1 s/paso
  paso  425 · perdida  2.2967 · GLOBAL 0.2500 · acierto 0.0000 · vigente 0.0000 · nose 1.0000 (rel nan/aus 1.00) · invento 0.0000 · 0.1 s/paso
  paso  450 · perdida  2.4002 · GLOBAL 0.2500 · acierto 0.0000 · vigente 0.0000 · nose 1.0000 (rel 1.00/aus nan) · invento 0.0000 · 0.1 s/paso
  paso  475 · perdida  3.0262 · GLOBAL 0.0000 · acierto 0.0000 · vigente 0.0000 · nose nan (rel nan/aus nan) · invento 0.0000 · 0.1 s/paso
  paso  500 · perdida  1.4422 · GLOBAL 0.7500 · acierto 0.0000 · vigente 0.0000 · nose 1.0000 (rel 1.00/aus 1.00) · invento 0.0000 · 0.1 s/paso
  paso  525 · perdida  1.4912 · GLOBAL 0.7500 · acierto 0.0000 · vigente nan · nose 1.0000 (rel nan/aus 1.00) · invento 0.0000 · 0.1 s/paso
  paso  550 · perdida  1.3516 · GLOBAL 0.7500 · acierto 0.0000 · vigente 0.0000 · nose 1.0000 (rel 1.00/aus 1.00) · invento 0.0000 · 0.1 s/paso
  paso  575 · perdida  0.4877 · GLOBAL 1.0000 · acierto nan · vigente nan · nose 1.0000 (rel 1.00/aus 1.00) · invento 0.0000 · 0.1 s/paso
  paso  600 · perdida  2.2851 · GLOBAL 0.5000 · acierto 0.0000 · vigente 0.0000 · nose 1.0000 (rel 1.00/aus 1.00) · invento 0.0000 · 0.1 s/paso
  paso  625 · perdida  2.6642 · GLOBAL 0.2500 · acierto 0.0000 · vigente 0.0000 · nose 1.0000 (rel nan/aus 1.00) · invento 0.0000 · 0.1 s/paso
  paso  650 · perdida  1.5285 · GLOBAL 0.5000 · acierto 0.0000 · vigente 0.0000 · nose 1.0000 (rel 1.00/aus 1.00) · invento 0.0000 · 0.1 s/paso
  paso  675 · perdida  1.7857 · GLOBAL 0.5000 · acierto 0.0000 · vigente nan · nose 1.0000 (rel 1.00/aus nan) · invento 0.0000 · 0.1 s/paso
  paso  700 · perdida  2.6567 · GLOBAL 0.2500 · acierto 0.0000 · vigente 0.0000 · nose 1.0000 (rel nan/aus 1.00) · invento 0.0000 · 0.1 s/paso
  paso  725 · perdida  1.7548 · GLOBAL 0.5000 · acierto 0.0000 · vigente 0.0000 · nose 1.0000 (rel 1.00/aus nan) · invento 0.0000 · 0.1 s/paso
  paso  750 · perdida  2.0371 · GLOBAL 0.0000 · acierto 0.0000 · vigente nan · nose 0.0000 (rel nan/aus 0.00) · invento 1.0000 · 0.1 s/paso
  paso  775 · perdida  2.3651 · GLOBAL 0.2500 · acierto 0.0000 · vigente 0.0000 · nose 1.0000 (rel nan/aus 1.00) · invento 0.0000 · 0.1 s/paso
  paso  800 · perdida  1.6181 · GLOBAL 0.5000 · acierto 0.0000 · vigente 0.0000 · nose 1.0000 (rel nan/aus 1.00) · invento 0.0000 · 0.1 s/paso
  paso  825 · perdida  2.4937 · GLOBAL 0.2500 · acierto 0.0000 · vigente nan · nose 1.0000 (rel 1.00/aus nan) · invento 0.0000 · 0.1 s/paso
  paso  850 · perdida  2.4620 · GLOBAL 0.2500 · acierto 0.0000 · vigente 0.0000 · nose 1.0000 (rel nan/aus 1.00) · invento 0.0000 · 0.1 s/paso
  paso  875 · perdida  1.5543 · GLOBAL 0.5000 · acierto 0.0000 · vigente nan · nose 1.0000 (rel 1.00/aus 1.00) · invento 0.0000 · 0.1 s/paso
  paso  900 · perdida  1.7021 · GLOBAL 0.5000 · acierto 0.0000 · vigente nan · nose 1.0000 (rel nan/aus 1.00) · invento 0.0000 · 0.1 s/paso
  paso  925 · perdida  2.4181 · GLOBAL 0.2500 · acierto 0.0000 · vigente 0.0000 · nose 1.0000 (rel 1.00/aus nan) · invento 0.0000 · 0.1 s/paso
  paso  950 · perdida  1.8924 · GLOBAL 0.5000 · acierto 0.0000 · vigente nan · nose 1.0000 (rel nan/aus 1.00) · invento 0.0000 · 0.1 s/paso
  paso  975 · perdida  2.2187 · GLOBAL 0.0000 · acierto 0.0000 · vigente 0.0000 · nose 0.0000 (rel nan/aus 0.00) · invento 1.0000 · 0.1 s/paso
  paso 1000 · perdida  2.4789 · GLOBAL 0.2500 · acierto 0.0000 · vigente 0.0000 · nose 1.0000 (rel 1.00/aus nan) · invento 0.0000 · 0.1 s/paso
  paso 1025 · perdida  4.3572 · GLOBAL 0.0000 · acierto 0.0000 · vigente 0.0000 · nose nan (rel nan/aus nan) · invento 0.0000 · 0.1 s/paso
  paso 1050 · perdida  1.7419 · GLOBAL 0.5000 · acierto 0.0000 · vigente 0.0000 · nose 1.0000 (rel 1.00/aus nan) · invento 0.0000 · 0.1 s/paso
  paso 1075 · perdida  1.6177 · GLOBAL 0.5000 · acierto 0.0000 · vigente 0.0000 · nose 1.0000 (rel 1.00/aus 1.00) · invento 0.0000 · 0.1 s/paso
  paso 1100 · perdida  2.1124 · GLOBAL 0.5000 · acierto 0.0000 · vigente nan · nose 1.0000 (rel nan/aus 1.00) · invento 0.0000 · 0.1 s/paso
  paso 1125 · perdida  1.7402 · GLOBAL 0.5000 · acierto 0.0000 · vigente 0.0000 · nose 1.0000 (rel 1.00/aus nan) · invento 0.0000 · 0.1 s/paso
  paso 1150 · perdida  2.1204 · GLOBAL 0.2500 · acierto 0.0000 · vigente nan · nose 1.0000 (rel 1.00/aus nan) · invento 0.0000 · 0.1 s/paso
  paso 1175 · perdida  2.0612 · GLOBAL 0.5000 · acierto 0.0000 · vigente 0.0000 · nose 1.0000 (rel nan/aus 1.00) · invento 0.0000 · 0.1 s/paso
  paso 1200 · perdida  1.4296 · GLOBAL 0.7500 · acierto 0.0000 · vigente nan · nose 1.0000 (rel 1.00/aus 1.00) · invento 0.0000 · 0.1 s/paso
  paso 1225 · perdida  2.2134 · GLOBAL 0.2500 · acierto 0.0000 · vigente 0.0000 · nose 1.0000 (rel nan/aus 1.00) · invento 0.0000 · 0.1 s/paso
  paso 1250 · perdida  1.9053 · GLOBAL 0.5000 · acierto 0.0000 · vigente 0.0000 · nose 1.0000 (rel 1.00/aus 1.00) · invento 0.0000 · 0.1 s/paso
  paso 1275 · perdida  2.0840 · GLOBAL 0.2500 · acierto 0.0000 · vigente 0.0000 · nose 1.0000 (rel nan/aus 1.00) · invento 0.0000 · 0.1 s/paso
  paso 1300 · perdida  2.3327 · GLOBAL 0.2500 · acierto 0.0000 · vigente 0.0000 · nose 1.0000 (rel nan/aus 1.00) · invento 0.0000 · 0.1 s/paso
  paso 1325 · perdida  2.2944 · GLOBAL 0.2500 · acierto 0.0000 · vigente 0.0000 · nose 1.0000 (rel nan/aus 1.00) · invento 0.0000 · 0.1 s/paso
  paso 1350 · perdida  1.1130 · GLOBAL 1.0000 · acierto nan · vigente nan · nose 1.0000 (rel 1.00/aus 1.00) · invento 0.0000 · 0.1 s/paso
  paso 1375 · perdida  1.8039 · GLOBAL 0.5000 · acierto 0.0000 · vigente nan · nose 1.0000 (rel nan/aus 1.00) · invento 0.0000 · 0.1 s/paso
  paso 1400 · perdida  2.0697 · GLOBAL 0.5000 · acierto 0.0000 · vigente nan · nose 1.0000 (rel 1.00/aus nan) · invento 0.0000 · 0.1 s/paso
  paso 1425 · perdida  1.3149 · GLOBAL 0.7500 · acierto 0.0000 · vigente nan · nose 1.0000 (rel 1.00/aus 1.00) · invento 0.0000 · 0.1 s/paso
  paso 1450 · perdida  2.4718 · GLOBAL 0.2500 · acierto 0.0000 · vigente 0.0000 · nose 1.0000 (rel nan/aus 1.00) · invento 0.0000 · 0.1 s/paso
  paso 1475 · perdida  2.5360 · GLOBAL 0.2500 · acierto 0.0000 · vigente 0.0000 · nose 1.0000 (rel nan/aus 1.00) · invento 0.0000 · 0.1 s/paso
  paso 1500 · perdida  1.2553 · GLOBAL 0.7500 · acierto 0.0000 · vigente nan · nose 1.0000 (rel 1.00/aus nan) · invento 0.0000 · 0.1 s/paso
  paso 1525 · perdida  2.1428 · GLOBAL 0.2500 · acierto 0.0000 · vigente 0.0000 · nose 1.0000 (rel 1.00/aus nan) · invento 0.0000 · 0.1 s/paso
  paso 1550 · perdida  2.1647 · GLOBAL 0.2500 · acierto 0.0000 · vigente nan · nose 1.0000 (rel 1.00/aus nan) · invento 0.0000 · 0.1 s/paso
  paso 1575 · perdida  0.9817 · GLOBAL 0.7500 · acierto 0.0000 · vigente nan · nose 1.0000 (rel 1.00/aus 1.00) · invento 0.0000 · 0.1 s/paso
  paso 1600 · perdida  1.5370 · GLOBAL 0.7500 · acierto 0.0000 · vigente 0.0000 · nose 1.0000 (rel 1.00/aus nan) · invento 0.0000 · 0.1 s/paso
  paso 1625 · perdida  2.5894 · GLOBAL 0.2500 · acierto 0.0000 · vigente 0.0000 · nose 1.0000 (rel 1.00/aus nan) · invento 0.0000 · 0.1 s/paso
  paso 1650 · perdida  1.8260 · GLOBAL 0.2500 · acierto 0.0000 · vigente 0.0000 · nose 1.0000 (rel 1.00/aus nan) · invento 0.0000 · 0.1 s/paso
  paso 1675 · perdida  2.5735 · GLOBAL 0.2500 · acierto 0.3333 · vigente 0.0000 · nose 0.0000 (rel nan/aus 0.00) · invento 1.0000 · 0.1 s/paso
  paso 1700 · perdida  2.7181 · GLOBAL 0.0000 · acierto 0.0000 · vigente 0.0000 · nose 0.0000 (rel nan/aus 0.00) · invento 1.0000 · 0.1 s/paso
  paso 1725 · perdida  2.1173 · GLOBAL 0.0000 · acierto 0.0000 · vigente 0.0000 · nose 0.0000 (rel 0.00/aus nan) · invento 1.0000 · 0.1 s/paso
  paso 1750 · perdida  2.5055 · GLOBAL 0.2500 · acierto 0.0000 · vigente 0.0000 · nose 1.0000 (rel nan/aus 1.00) · invento 0.0000 · 0.1 s/paso
  paso 1775 · perdida  2.7879 · GLOBAL 0.2500 · acierto 0.0000 · vigente 0.0000 · nose 1.0000 (rel nan/aus 1.00) · invento 0.0000 · 0.1 s/paso
  paso 1800 · perdida  2.3819 · GLOBAL 0.2500 · acierto 0.0000 · vigente 0.0000 · nose 1.0000 (rel 1.00/aus nan) · invento 0.0000 · 0.1 s/paso
  paso 1825 · perdida  2.1581 · GLOBAL 0.0000 · acierto 0.0000 · vigente 0.0000 · nose nan (rel nan/aus nan) · invento 0.0000 · 0.1 s/paso
  paso 1850 · perdida  2.5166 · GLOBAL 0.0000 · acierto 0.0000 · vigente 0.0000 · nose nan (rel nan/aus nan) · invento 0.0000 · 0.1 s/paso
  paso 1875 · perdida  1.8282 · GLOBAL 0.2500 · acierto 0.0000 · vigente 0.0000 · nose 1.0000 (rel 1.00/aus nan) · invento 0.0000 · 0.1 s/paso
  paso 1900 · perdida  0.9353 · GLOBAL 1.0000 · acierto nan · vigente nan · nose 1.0000 (rel 1.00/aus 1.00) · invento 0.0000 · 0.1 s/paso
  paso 1925 · perdida  1.8338 · GLOBAL 0.5000 · acierto 0.0000 · vigente nan · nose 1.0000 (rel 1.00/aus nan) · invento 0.0000 · 0.1 s/paso
  paso 1950 · perdida  2.2266 · GLOBAL 0.2500 · acierto 0.0000 · vigente 0.0000 · nose 1.0000 (rel 1.00/aus nan) · invento 0.0000 · 0.1 s/paso
  paso 1975 · perdida  2.7227 · GLOBAL 0.2500 · acierto 0.0000 · vigente 0.0000 · nose 1.0000 (rel nan/aus 1.00) · invento 0.0000 · 0.1 s/paso
  paso 2000 · perdida  2.7326 · GLOBAL 0.2500 · acierto 0.0000 · vigente nan · nose 1.0000 (rel 1.00/aus nan) · invento 0.0000 · 0.1 s/paso
  paso 2025 · perdida  2.2266 · GLOBAL 0.2500 · acierto 0.0000 · vigente 0.0000 · nose 1.0000 (rel nan/aus 1.00) · invento 0.0000 · 0.1 s/paso
  paso 2050 · perdida  2.0583 · GLOBAL 0.2500 · acierto 0.0000 · vigente nan · nose 1.0000 (rel 1.00/aus nan) · invento 0.0000 · 0.1 s/paso
  paso 2075 · perdida  2.7513 · GLOBAL 0.2500 · acierto 0.0000 · vigente nan · nose 1.0000 (rel 1.00/aus nan) · invento 0.0000 · 0.1 s/paso
  paso 2100 · perdida  2.4337 · GLOBAL 0.0000 · acierto 0.0000 · vigente 0.0000 · nose nan (rel nan/aus nan) · invento 0.0000 · 0.1 s/paso
  paso 2125 · perdida  1.6591 · GLOBAL 0.5000 · acierto 0.0000 · vigente 0.0000 · nose 1.0000 (rel 1.00/aus nan) · invento 0.0000 · 0.1 s/paso
  paso 2150 · perdida  1.6631 · GLOBAL 0.7500 · acierto 0.0000 · vigente 0.0000 · nose 1.0000 (rel 1.00/aus 1.00) · invento 0.0000 · 0.1 s/paso
  paso 2175 · perdida  2.2780 · GLOBAL 0.2500 · acierto 0.0000 · vigente 0.0000 · nose 1.0000 (rel nan/aus 1.00) · invento 0.0000 · 0.1 s/paso
  paso 2200 · perdida  1.6774 · GLOBAL 0.5000 · acierto 0.0000 · vigente 0.0000 · nose 1.0000 (rel nan/aus 1.00) · invento 0.0000 · 0.1 s/paso
  paso 2225 · perdida  2.0825 · GLOBAL 0.2500 · acierto 0.0000 · vigente nan · nose 0.5000 (rel 0.00/aus 1.00) · invento 0.5000 · 0.1 s/paso
  paso 2250 · perdida  1.1656 · GLOBAL 0.7500 · acierto 0.0000 · vigente nan · nose 1.0000 (rel 1.00/aus 1.00) · invento 0.0000 · 0.1 s/paso
  paso 2275 · perdida  1.9903 · GLOBAL 0.5000 · acierto 0.0000 · vigente nan · nose 1.0000 (rel 1.00/aus nan) · invento 0.0000 · 0.1 s/paso
  paso 2300 · perdida  2.3867 · GLOBAL 0.0000 · acierto 0.0000 · vigente 0.0000 · nose nan (rel nan/aus nan) · invento 0.0000 · 0.1 s/paso
  paso 2325 · perdida  1.5518 · GLOBAL 0.5000 · acierto 0.0000 · vigente 0.0000 · nose 1.0000 (rel nan/aus 1.00) · invento 0.0000 · 0.1 s/paso
  paso 2350 · perdida  1.4026 · GLOBAL 0.7500 · acierto 0.0000 · vigente nan · nose 1.0000 (rel 1.00/aus 1.00) · invento 0.0000 · 0.1 s/paso
  paso 2375 · perdida  1.7619 · GLOBAL 0.2500 · acierto 0.3333 · vigente 0.0000 · nose 0.0000 (rel 0.00/aus nan) · invento 1.0000 · 0.1 s/paso
  paso 2400 · perdida  2.3481 · GLOBAL 0.5000 · acierto 0.0000 · vigente 0.0000 · nose 1.0000 (rel nan/aus 1.00) · invento 0.0000 · 0.1 s/paso
  paso 2425 · perdida  1.7791 · GLOBAL 0.5000 · acierto 0.0000 · vigente 0.0000 · nose 1.0000 (rel 1.00/aus 1.00) · invento 0.0000 · 0.1 s/paso
  paso 2450 · perdida  1.6452 · GLOBAL 0.7500 · acierto 0.0000 · vigente 0.0000 · nose 1.0000 (rel 1.00/aus 1.00) · invento 0.0000 · 0.1 s/paso
  paso 2475 · perdida  2.5057 · GLOBAL 0.2500 · acierto 0.0000 · vigente 0.0000 · nose 1.0000 (rel 1.00/aus nan) · invento 0.0000 · 0.1 s/paso
  paso 2500 · perdida  2.0868 · GLOBAL 0.0000 · acierto 0.0000 · vigente nan · nose 0.0000 (rel 0.00/aus 0.00) · invento 1.0000 · 0.1 s/paso
  paso 2525 · perdida  1.8145 · GLOBAL 0.2500 · acierto 0.5000 · vigente 0.0000 · nose 0.0000 (rel 0.00/aus 0.00) · invento 1.0000 · 0.1 s/paso
  paso 2550 · perdida  2.1097 · GLOBAL 0.2500 · acierto 0.0000 · vigente 0.0000 · nose 1.0000 (rel 1.00/aus nan) · invento 0.0000 · 0.1 s/paso
  paso 2575 · perdida  2.6401 · GLOBAL 0.0000 · acierto 0.0000 · vigente 0.0000 · nose nan (rel nan/aus nan) · invento 0.0000 · 0.1 s/paso
  paso 2600 · perdida  2.0421 · GLOBAL 0.2500 · acierto 0.0000 · vigente 0.0000 · nose 1.0000 (rel nan/aus 1.00) · invento 0.0000 · 0.1 s/paso
  paso 2625 · perdida  2.1622 · GLOBAL 0.2500 · acierto 0.0000 · vigente 0.0000 · nose 1.0000 (rel nan/aus 1.00) · invento 0.0000 · 0.1 s/paso
  paso 2650 · perdida  1.9207 · GLOBAL 0.7500 · acierto 0.0000 · vigente nan · nose 1.0000 (rel 1.00/aus 1.00) · invento 0.0000 · 0.1 s/paso
  paso 2675 · perdida  2.8275 · GLOBAL 0.0000 · acierto 0.0000 · vigente 0.0000 · nose nan (rel nan/aus nan) · invento 0.0000 · 0.1 s/paso
  paso 2700 · perdida  2.0864 · GLOBAL 0.5000 · acierto 0.0000 · vigente 0.0000 · nose 1.0000 (rel 1.00/aus 1.00) · invento 0.0000 · 0.1 s/paso
  paso 2725 · perdida  2.9018 · GLOBAL 0.2500 · acierto 0.0000 · vigente 0.0000 · nose 1.0000 (rel 1.00/aus nan) · invento 0.0000 · 0.1 s/paso
  paso 2750 · perdida  2.4750 · GLOBAL 0.0000 · acierto 0.0000 · vigente 0.0000 · nose 0.0000 (rel 0.00/aus nan) · invento 1.0000 · 0.1 s/paso
  paso 2775 · perdida  2.5531 · GLOBAL 0.0000 · acierto 0.0000 · vigente 0.0000 · nose 0.0000 (rel nan/aus 0.00) · invento 1.0000 · 0.1 s/paso
  paso 2800 · perdida  1.6727 · GLOBAL 0.5000 · acierto 0.0000 · vigente 0.0000 · nose 1.0000 (rel 1.00/aus nan) · invento 0.0000 · 0.1 s/paso
  paso 2825 · perdida  1.7943 · GLOBAL 0.5000 · acierto 0.0000 · vigente nan · nose 1.0000 (rel 1.00/aus 1.00) · invento 0.0000 · 0.1 s/paso
  paso 2850 · perdida  2.1338 · GLOBAL 0.2500 · acierto 0.0000 · vigente 0.0000 · nose 1.0000 (rel 1.00/aus nan) · invento 0.0000 · 0.1 s/paso
  paso 2875 · perdida  2.3012 · GLOBAL 0.2500 · acierto 0.0000 · vigente 0.0000 · nose 1.0000 (rel nan/aus 1.00) · invento 0.0000 · 0.1 s/paso
  paso 2900 · perdida  1.9990 · GLOBAL 0.2500 · acierto 0.3333 · vigente 1.0000 · nose 0.0000 (rel nan/aus 0.00) · invento 1.0000 · 0.1 s/paso
  paso 2925 · perdida  1.8974 · GLOBAL 0.5000 · acierto 0.0000 · vigente nan · nose 1.0000 (rel nan/aus 1.00) · invento 0.0000 · 0.1 s/paso
  paso 2950 · perdida  2.0960 · GLOBAL 0.0000 · acierto 0.0000 · vigente 0.0000 · nose 0.0000 (rel 0.00/aus nan) · invento 1.0000 · 0.1 s/paso
  paso 2975 · perdida  0.4336 · GLOBAL 1.0000 · acierto nan · vigente nan · nose 1.0000 (rel 1.00/aus 1.00) · invento 0.0000 · 0.1 s/paso
  paso 3000 · perdida  2.0838 · GLOBAL 0.5000 · acierto 0.0000 · vigente nan · nose 1.0000 (rel 1.00/aus 1.00) · invento 0.0000 · 0.1 s/paso
  paso 3025 · perdida  2.5096 · GLOBAL 0.2500 · acierto 0.0000 · vigente 0.0000 · nose 1.0000 (rel 1.00/aus nan) · invento 0.0000 · 0.1 s/paso
  paso 3050 · perdida  2.6289 · GLOBAL 0.0000 · acierto 0.0000 · vigente nan · nose 0.0000 (rel nan/aus 0.00) · invento 1.0000 · 0.1 s/paso
  paso 3075 · perdida  1.8031 · GLOBAL 0.5000 · acierto 0.0000 · vigente 0.0000 · nose 1.0000 (rel 1.00/aus 1.00) · invento 0.0000 · 0.1 s/paso
  paso 3100 · perdida  2.4916 · GLOBAL 0.2500 · acierto 0.0000 · vigente 0.0000 · nose 1.0000 (rel nan/aus 1.00) · invento 0.0000 · 0.1 s/paso
  paso 3125 · perdida  2.1791 · GLOBAL 0.2500 · acierto 0.0000 · vigente 0.0000 · nose 1.0000 (rel nan/aus 1.00) · invento 0.0000 · 0.1 s/paso
  paso 3150 · perdida  1.7459 · GLOBAL 0.7500 · acierto 0.0000 · vigente nan · nose 1.0000 (rel 1.00/aus 1.00) · invento 0.0000 · 0.1 s/paso
  paso 3175 · perdida  2.9569 · GLOBAL 0.2500 · acierto 0.0000 · vigente 0.0000 · nose 1.0000 (rel 1.00/aus nan) · invento 0.0000 · 0.1 s/paso
  paso 3200 · perdida  1.7901 · GLOBAL 0.5000 · acierto 0.0000 · vigente 0.0000 · nose 1.0000 (rel 1.00/aus nan) · invento 0.0000 · 0.1 s/paso
  paso 3225 · perdida  2.7691 · GLOBAL 0.0000 · acierto 0.0000 · vigente 0.0000 · nose nan (rel nan/aus nan) · invento 0.0000 · 0.1 s/paso
  paso 3250 · perdida  2.0317 · GLOBAL 0.2500 · acierto 0.0000 · vigente 0.0000 · nose 1.0000 (rel nan/aus 1.00) · invento 0.0000 · 0.1 s/paso
  paso 3275 · perdida  3.1655 · GLOBAL 0.0000 · acierto 0.0000 · vigente 0.0000 · nose nan (rel nan/aus nan) · invento 0.0000 · 0.1 s/paso
  paso 3300 · perdida  2.3889 · GLOBAL 0.2500 · acierto 0.0000 · vigente 0.0000 · nose 1.0000 (rel nan/aus 1.00) · invento 0.0000 · 0.1 s/paso
  paso 3325 · perdida  1.6155 · GLOBAL 0.7500 · acierto 0.0000 · vigente nan · nose 1.0000 (rel 1.00/aus 1.00) · invento 0.0000 · 0.1 s/paso
  paso 3350 · perdida  1.7705 · GLOBAL 0.5000 · acierto 0.0000 · vigente nan · nose 1.0000 (rel 1.00/aus nan) · invento 0.0000 · 0.1 s/paso
  paso 3375 · perdida  2.4248 · GLOBAL 0.0000 · acierto 0.0000 · vigente 0.0000 · nose nan (rel nan/aus nan) · invento 0.0000 · 0.1 s/paso
  paso 3400 · perdida  2.2740 · GLOBAL 0.2500 · acierto 0.0000 · vigente 0.0000 · nose 1.0000 (rel nan/aus 1.00) · invento 0.0000 · 0.1 s/paso
  paso 3425 · perdida  2.5502 · GLOBAL 0.0000 · acierto 0.0000 · vigente 0.0000 · nose nan (rel nan/aus nan) · invento 0.0000 · 0.1 s/paso
  paso 3450 · perdida  1.9598 · GLOBAL 0.5000 · acierto 0.0000 · vigente nan · nose 1.0000 (rel 1.00/aus 1.00) · invento 0.0000 · 0.1 s/paso
  paso 3475 · perdida  1.8680 · GLOBAL 0.2500 · acierto 0.3333 · vigente nan · nose 0.0000 (rel 0.00/aus nan) · invento 1.0000 · 0.1 s/paso
  paso 3500 · perdida  2.4184 · GLOBAL 0.0000 · acierto 0.0000 · vigente 0.0000 · nose nan (rel nan/aus nan) · invento 0.0000 · 0.1 s/paso
  paso 3525 · perdida  2.0199 · GLOBAL 0.0000 · acierto 0.0000 · vigente nan · nose 0.0000 (rel 0.00/aus 0.00) · invento 1.0000 · 0.1 s/paso
  paso 3550 · perdida  2.4383 · GLOBAL 0.0000 · acierto 0.0000 · vigente 0.0000 · nose 0.0000 (rel nan/aus 0.00) · invento 1.0000 · 0.1 s/paso
  paso 3575 · perdida  1.9550 · GLOBAL 0.5000 · acierto 0.0000 · vigente 0.0000 · nose 1.0000 (rel 1.00/aus nan) · invento 0.0000 · 0.1 s/paso
  paso 3600 · perdida  1.9739 · GLOBAL 0.5000 · acierto 0.0000 · vigente 0.0000 · nose 1.0000 (rel 1.00/aus 1.00) · invento 0.0000 · 0.1 s/paso
  paso 3625 · perdida  1.4134 · GLOBAL 0.7500 · acierto 0.5000 · vigente 0.0000 · nose 1.0000 (rel nan/aus 1.00) · invento 0.0000 · 0.1 s/paso
  paso 3650 · perdida  2.4636 · GLOBAL 0.0000 · acierto 0.0000 · vigente 0.0000 · nose nan (rel nan/aus nan) · invento 0.0000 · 0.1 s/paso
  paso 3675 · perdida  2.3009 · GLOBAL 0.2500 · acierto 0.0000 · vigente 0.0000 · nose 1.0000 (rel 1.00/aus nan) · invento 0.0000 · 0.1 s/paso
  paso 3700 · perdida  2.6238 · GLOBAL 0.2500 · acierto 0.0000 · vigente 0.0000 · nose 1.0000 (rel 1.00/aus nan) · invento 0.0000 · 0.1 s/paso
  paso 3725 · perdida  1.3876 · GLOBAL 0.7500 · acierto 0.0000 · vigente 0.0000 · nose 1.0000 (rel 1.00/aus 1.00) · invento 0.0000 · 0.1 s/paso
  paso 3750 · perdida  1.4763 · GLOBAL 0.5000 · acierto 0.0000 · vigente 0.0000 · nose 1.0000 (rel 1.00/aus 1.00) · invento 0.0000 · 0.1 s/paso
  paso 3775 · perdida  1.7193 · GLOBAL 0.5000 · acierto 0.0000 · vigente nan · nose 1.0000 (rel nan/aus 1.00) · invento 0.0000 · 0.1 s/paso
  paso 3800 · perdida  2.1825 · GLOBAL 0.0000 · acierto 0.0000 · vigente nan · nose nan (rel nan/aus nan) · invento 0.0000 · 0.1 s/paso
  paso 3825 · perdida  1.4567 · GLOBAL 0.7500 · acierto 0.0000 · vigente nan · nose 1.0000 (rel 1.00/aus 1.00) · invento 0.0000 · 0.1 s/paso
  paso 3850 · perdida  1.2300 · GLOBAL 0.5000 · acierto 0.0000 · vigente 0.0000 · nose 1.0000 (rel 1.00/aus 1.00) · invento 0.0000 · 0.1 s/paso
  paso 3875 · perdida  1.1795 · GLOBAL 0.7500 · acierto 0.0000 · vigente nan · nose 1.0000 (rel 1.00/aus 1.00) · invento 0.0000 · 0.1 s/paso
  paso 3900 · perdida  2.5290 · GLOBAL 0.2500 · acierto 0.0000 · vigente 0.0000 · nose 1.0000 (rel nan/aus 1.00) · invento 0.0000 · 0.1 s/paso
  paso 3925 · perdida  2.7935 · GLOBAL 0.2500 · acierto 0.0000 · vigente 0.0000 · nose 1.0000 (rel 1.00/aus nan) · invento 0.0000 · 0.1 s/paso
  paso 3950 · perdida  1.6498 · GLOBAL 0.5000 · acierto 0.6667 · vigente 1.0000 · nose 0.0000 (rel 0.00/aus nan) · invento 1.0000 · 0.1 s/paso
  paso 3975 · perdida  2.0297 · GLOBAL 0.0000 · acierto 0.0000 · vigente 0.0000 · nose 0.0000 (rel nan/aus 0.00) · invento 1.0000 · 0.1 s/paso
  paso 4000 · perdida  2.4581 · GLOBAL 0.0000 · acierto 0.0000 · vigente 0.0000 · nose nan (rel nan/aus nan) · invento 0.0000 · 0.1 s/paso
  paso 4025 · perdida  2.2848 · GLOBAL 0.0000 · acierto 0.0000 · vigente 0.0000 · nose nan (rel nan/aus nan) · invento 0.0000 · 0.1 s/paso
  paso 4050 · perdida  2.3625 · GLOBAL 0.2500 · acierto 0.0000 · vigente 0.0000 · nose 1.0000 (rel 1.00/aus nan) · invento 0.0000 · 0.1 s/paso
  paso 4075 · perdida  1.6585 · GLOBAL 0.2500 · acierto 0.0000 · vigente 0.0000 · nose 0.5000 (rel 0.00/aus 1.00) · invento 0.5000 · 0.1 s/paso
  paso 4100 · perdida  1.9811 · GLOBAL 0.5000 · acierto 0.0000 · vigente nan · nose 1.0000 (rel 1.00/aus 1.00) · invento 0.0000 · 0.1 s/paso
  paso 4125 · perdida  1.8802 · GLOBAL 0.2500 · acierto 0.0000 · vigente 0.0000 · nose 1.0000 (rel 1.00/aus nan) · invento 0.0000 · 0.1 s/paso
  paso 4150 · perdida  2.2975 · GLOBAL 0.2500 · acierto 0.0000 · vigente 0.0000 · nose 1.0000 (rel nan/aus 1.00) · invento 0.0000 · 0.1 s/paso
  paso 4175 · perdida  1.5351 · GLOBAL 0.5000 · acierto 0.0000 · vigente 0.0000 · nose 1.0000 (rel 1.00/aus 1.00) · invento 0.0000 · 0.1 s/paso
  paso 4200 · perdida  2.5997 · GLOBAL 0.2500 · acierto 0.0000 · vigente 0.0000 · nose 1.0000 (rel nan/aus 1.00) · invento 0.0000 · 0.1 s/paso
  paso 4225 · perdida  1.5586 · GLOBAL 0.5000 · acierto 0.0000 · vigente nan · nose 1.0000 (rel 1.00/aus 1.00) · invento 0.0000 · 0.1 s/paso
  paso 4250 · perdida  2.6152 · GLOBAL 0.0000 · acierto 0.0000 · vigente 0.0000 · nose 0.0000 (rel 0.00/aus nan) · invento 1.0000 · 0.1 s/paso
  paso 4275 · perdida  2.3090 · GLOBAL 0.0000 · acierto 0.0000 · vigente 0.0000 · nose nan (rel nan/aus nan) · invento 0.0000 · 0.1 s/paso
  paso 4300 · perdida  1.6919 · GLOBAL 0.2500 · acierto 0.0000 · vigente 0.0000 · nose 1.0000 (rel 1.00/aus nan) · invento 0.0000 · 0.1 s/paso
  paso 4325 · perdida  1.7485 · GLOBAL 0.5000 · acierto 0.0000 · vigente 0.0000 · nose 1.0000 (rel 1.00/aus nan) · invento 0.0000 · 0.1 s/paso
  paso 4350 · perdida  3.1781 · GLOBAL 0.2500 · acierto 0.0000 · vigente nan · nose 1.0000 (rel nan/aus 1.00) · invento 0.0000 · 0.1 s/paso
  paso 4375 · perdida  2.3073 · GLOBAL 0.2500 · acierto 0.0000 · vigente 0.0000 · nose 1.0000 (rel 1.00/aus nan) · invento 0.0000 · 0.1 s/paso
  paso 4400 · perdida  1.6451 · GLOBAL 0.2500 · acierto 0.0000 · vigente nan · nose 0.3333 (rel 0.00/aus 1.00) · invento 0.6667 · 0.1 s/paso
  paso 4425 · perdida  2.3674 · GLOBAL 0.0000 · acierto 0.0000 · vigente 0.0000 · nose nan (rel nan/aus nan) · invento 0.0000 · 0.1 s/paso
  paso 4450 · perdida  1.7000 · GLOBAL 0.5000 · acierto 0.3333 · vigente nan · nose 1.0000 (rel 1.00/aus nan) · invento 0.0000 · 0.1 s/paso
  paso 4475 · perdida  1.3372 · GLOBAL 0.7500 · acierto 0.0000 · vigente 0.0000 · nose 1.0000 (rel 1.00/aus 1.00) · invento 0.0000 · 0.1 s/paso
  paso 4500 · perdida  1.5441 · GLOBAL 0.5000 · acierto 0.3333 · vigente 0.0000 · nose 1.0000 (rel nan/aus 1.00) · invento 0.0000 · 0.1 s/paso
  paso 4525 · perdida  2.0853 · GLOBAL 0.2500 · acierto 0.3333 · vigente 0.0000 · nose 0.0000 (rel nan/aus 0.00) · invento 1.0000 · 0.1 s/paso
  paso 4550 · perdida  1.8065 · GLOBAL 0.2500 · acierto 0.0000 · vigente 0.0000 · nose 0.5000 (rel 0.00/aus 1.00) · invento 0.5000 · 0.1 s/paso
  paso 4575 · perdida  0.9492 · GLOBAL 0.7500 · acierto 0.0000 · vigente 0.0000 · nose 1.0000 (rel 1.00/aus 1.00) · invento 0.0000 · 0.1 s/paso
  paso 4600 · perdida  2.2517 · GLOBAL 0.2500 · acierto 0.0000 · vigente 0.0000 · nose 1.0000 (rel nan/aus 1.00) · invento 0.0000 · 0.1 s/paso
  paso 4625 · perdida  1.4625 · GLOBAL 0.7500 · acierto 0.0000 · vigente 0.0000 · nose 1.0000 (rel 1.00/aus 1.00) · invento 0.0000 · 0.1 s/paso
  paso 4650 · perdida  1.6671 · GLOBAL 0.0000 · acierto 0.0000 · vigente nan · nose 0.0000 (rel 0.00/aus 0.00) · invento 1.0000 · 0.1 s/paso
  paso 4675 · perdida  1.9334 · GLOBAL 0.5000 · acierto 0.0000 · vigente nan · nose 1.0000 (rel nan/aus 1.00) · invento 0.0000 · 0.1 s/paso
  paso 4700 · perdida  2.2440 · GLOBAL 0.5000 · acierto 0.0000 · vigente 0.0000 · nose 1.0000 (rel nan/aus 1.00) · invento 0.0000 · 0.1 s/paso
  paso 4725 · perdida  2.2592 · GLOBAL 0.5000 · acierto 0.0000 · vigente nan · nose 1.0000 (rel 1.00/aus 1.00) · invento 0.0000 · 0.1 s/paso
  paso 4750 · perdida  1.3622 · GLOBAL 0.5000 · acierto 0.5000 · vigente 1.0000 · nose 0.5000 (rel 0.00/aus 1.00) · invento 0.5000 · 0.1 s/paso
  paso 4775 · perdida  1.9230 · GLOBAL 0.2500 · acierto 0.0000 · vigente nan · nose 1.0000 (rel nan/aus 1.00) · invento 0.0000 · 0.1 s/paso
  paso 4800 · perdida  1.6853 · GLOBAL 0.0000 · acierto 0.0000 · vigente 0.0000 · nose nan (rel nan/aus nan) · invento 0.0000 · 0.1 s/paso
  paso 4825 · perdida  1.8236 · GLOBAL 0.2500 · acierto 0.2500 · vigente 0.5000 · nose nan (rel nan/aus nan) · invento 0.0000 · 0.1 s/paso
  paso 4850 · perdida  1.6265 · GLOBAL 0.2500 · acierto 0.3333 · vigente nan · nose 0.0000 (rel nan/aus 0.00) · invento 1.0000 · 0.1 s/paso
  paso 4875 · perdida  2.4278 · GLOBAL 0.0000 · acierto 0.0000 · vigente 0.0000 · nose 0.0000 (rel 0.00/aus nan) · invento 1.0000 · 0.1 s/paso
  paso 4900 · perdida  3.1610 · GLOBAL 0.0000 · acierto 0.0000 · vigente 0.0000 · nose nan (rel nan/aus nan) · invento 0.0000 · 0.1 s/paso
  paso 4925 · perdida  2.1674 · GLOBAL 0.2500 · acierto 0.0000 · vigente 0.0000 · nose 1.0000 (rel nan/aus 1.00) · invento 0.0000 · 0.1 s/paso
  paso 4950 · perdida  3.4635 · GLOBAL 0.0000 · acierto 0.0000 · vigente 0.0000 · nose nan (rel nan/aus nan) · invento 0.0000 · 0.1 s/paso
  paso 4975 · perdida  1.4699 · GLOBAL 0.5000 · acierto 0.0000 · vigente 0.0000 · nose 1.0000 (rel 1.00/aus nan) · invento 0.0000 · 0.1 s/paso
  paso 5000 · perdida  1.9298 · GLOBAL 0.5000 · acierto 0.0000 · vigente 0.0000 · nose 1.0000 (rel 1.00/aus 1.00) · invento 0.0000 · 0.1 s/paso
  paso 5025 · perdida  2.3289 · GLOBAL 0.5000 · acierto 0.0000 · vigente 0.0000 · nose 1.0000 (rel 1.00/aus 1.00) · invento 0.0000 · 0.1 s/paso
  paso 5050 · perdida  1.3639 · GLOBAL 0.7500 · acierto 0.5000 · vigente 0.5000 · nose 1.0000 (rel 1.00/aus 1.00) · invento 0.0000 · 0.1 s/paso
  paso 5075 · perdida  1.3232 · GLOBAL 0.5000 · acierto 0.5000 · vigente 0.0000 · nose 0.5000 (rel nan/aus 0.50) · invento 0.5000 · 0.1 s/paso
  paso 5100 · perdida  1.3302 · GLOBAL 0.7500 · acierto 0.0000 · vigente 0.0000 · nose 1.0000 (rel 1.00/aus nan) · invento 0.0000 · 0.1 s/paso
  paso 5125 · perdida  1.5360 · GLOBAL 0.5000 · acierto 0.0000 · vigente 0.0000 · nose 1.0000 (rel 1.00/aus 1.00) · invento 0.0000 · 0.1 s/paso
  paso 5150 · perdida  2.7913 · GLOBAL 0.0000 · acierto 0.0000 · vigente 0.0000 · nose nan (rel nan/aus nan) · invento 0.0000 · 0.1 s/paso
  paso 5175 · perdida  2.7047 · GLOBAL 0.0000 · acierto 0.0000 · vigente 0.0000 · nose 0.0000 (rel 0.00/aus 0.00) · invento 1.0000 · 0.1 s/paso
  paso 5200 · perdida  1.4005 · GLOBAL 0.5000 · acierto 0.0000 · vigente nan · nose 1.0000 (rel nan/aus 1.00) · invento 0.0000 · 0.1 s/paso
  paso 5225 · perdida  1.1645 · GLOBAL 0.7500 · acierto 0.0000 · vigente nan · nose 1.0000 (rel 1.00/aus 1.00) · invento 0.0000 · 0.1 s/paso
  paso 5250 · perdida  2.2427 · GLOBAL 0.2500 · acierto 0.0000 · vigente 0.0000 · nose 1.0000 (rel nan/aus 1.00) · invento 0.0000 · 0.1 s/paso
  paso 5275 · perdida  1.6286 · GLOBAL 0.7500 · acierto 0.6667 · vigente 0.5000 · nose 1.0000 (rel 1.00/aus nan) · invento 0.0000 · 0.1 s/paso
  paso 5300 · perdida  0.8513 · GLOBAL 0.7500 · acierto 0.0000 · vigente 0.0000 · nose 1.0000 (rel 1.00/aus 1.00) · invento 0.0000 · 0.1 s/paso
  paso 5325 · perdida  1.3705 · GLOBAL 0.5000 · acierto 0.0000 · vigente 0.0000 · nose 1.0000 (rel 1.00/aus 1.00) · invento 0.0000 · 0.1 s/paso
  paso 5350 · perdida  1.9737 · GLOBAL 0.5000 · acierto 0.0000 · vigente 0.0000 · nose 1.0000 (rel 1.00/aus 1.00) · invento 0.0000 · 0.1 s/paso
  paso 5375 · perdida  2.1245 · GLOBAL 0.5000 · acierto 0.3333 · vigente 0.0000 · nose 1.0000 (rel nan/aus 1.00) · invento 0.0000 · 0.1 s/paso
  paso 5400 · perdida  2.1936 · GLOBAL 0.2500 · acierto 0.0000 · vigente 0.0000 · nose 1.0000 (rel 1.00/aus nan) · invento 0.0000 · 0.1 s/paso
  paso 5425 · perdida  1.2908 · GLOBAL 0.5000 · acierto 0.0000 · vigente nan · nose 1.0000 (rel 1.00/aus 1.00) · invento 0.0000 · 0.1 s/paso
  paso 5450 · perdida  1.0586 · GLOBAL 0.7500 · acierto 0.5000 · vigente 0.0000 · nose 1.0000 (rel 1.00/aus nan) · invento 0.0000 · 0.1 s/paso
  paso 5475 · perdida  1.6006 · GLOBAL 0.2500 · acierto 0.0000 · vigente 0.0000 · nose 1.0000 (rel 1.00/aus nan) · invento 0.0000 · 0.1 s/paso
  paso 5500 · perdida  0.6690 · GLOBAL 1.0000 · acierto 1.0000 · vigente 1.0000 · nose 1.0000 (rel 1.00/aus nan) · invento 0.0000 · 0.1 s/paso
  paso 5525 · perdida  1.2989 · GLOBAL 0.7500 · acierto 1.0000 · vigente 1.0000 · nose 0.5000 (rel 0.50/aus nan) · invento 0.5000 · 0.1 s/paso
  paso 5550 · perdida  3.8040 · GLOBAL 0.0000 · acierto 0.0000 · vigente 0.0000 · nose 0.0000 (rel nan/aus 0.00) · invento 1.0000 · 0.1 s/paso
  paso 5575 · perdida  1.1974 · GLOBAL 0.5000 · acierto 0.0000 · vigente 0.0000 · nose 1.0000 (rel 1.00/aus 1.00) · invento 0.0000 · 0.1 s/paso
  paso 5600 · perdida  1.4806 · GLOBAL 0.5000 · acierto 0.5000 · vigente nan · nose 0.5000 (rel 1.00/aus 0.00) · invento 0.5000 · 0.1 s/paso
  paso 5625 · perdida  1.4521 · GLOBAL 0.5000 · acierto 0.0000 · vigente nan · nose 1.0000 (rel 1.00/aus 1.00) · invento 0.0000 · 0.1 s/paso
  paso 5650 · perdida  3.1587 · GLOBAL 0.0000 · acierto 0.0000 · vigente 0.0000 · nose nan (rel nan/aus nan) · invento 0.0000 · 0.1 s/paso
  paso 5675 · perdida  1.8775 · GLOBAL 0.2500 · acierto 0.0000 · vigente 0.0000 · nose 1.0000 (rel nan/aus 1.00) · invento 0.0000 · 0.1 s/paso
  paso 5700 · perdida  2.1208 · GLOBAL 0.5000 · acierto 0.0000 · vigente 0.0000 · nose 1.0000 (rel nan/aus 1.00) · invento 0.0000 · 0.1 s/paso
  paso 5725 · perdida  1.2394 · GLOBAL 1.0000 · acierto nan · vigente nan · nose 1.0000 (rel 1.00/aus 1.00) · invento 0.0000 · 0.1 s/paso
  paso 5750 · perdida  1.6991 · GLOBAL 0.5000 · acierto 0.6667 · vigente nan · nose 0.0000 (rel 0.00/aus nan) · invento 1.0000 · 0.1 s/paso
  paso 5775 · perdida  1.0568 · GLOBAL 0.7500 · acierto 0.0000 · vigente nan · nose 1.0000 (rel 1.00/aus 1.00) · invento 0.0000 · 0.1 s/paso
  paso 5800 · perdida  2.2433 · GLOBAL 0.2500 · acierto 0.0000 · vigente 0.0000 · nose 1.0000 (rel 1.00/aus nan) · invento 0.0000 · 0.1 s/paso
  paso 5825 · perdida  1.0236 · GLOBAL 0.7500 · acierto 0.0000 · vigente nan · nose 1.0000 (rel 1.00/aus 1.00) · invento 0.0000 · 0.1 s/paso
  paso 5850 · perdida  1.6532 · GLOBAL 0.5000 · acierto 0.5000 · vigente 0.0000 · nose nan (rel nan/aus nan) · invento 0.0000 · 0.1 s/paso
  paso 5875 · perdida  2.2975 · GLOBAL 0.0000 · acierto 0.0000 · vigente nan · nose nan (rel nan/aus nan) · invento 0.0000 · 0.1 s/paso
  paso 5900 · perdida  1.4741 · GLOBAL 0.2500 · acierto 0.0000 · vigente 0.0000 · nose 0.3333 (rel 0.00/aus 0.50) · invento 0.6667 · 0.1 s/paso
  paso 5925 · perdida  0.7325 · GLOBAL 1.0000 · acierto 1.0000 · vigente nan · nose 1.0000 (rel 1.00/aus 1.00) · invento 0.0000 · 0.1 s/paso
  paso 5950 · perdida  2.1957 · GLOBAL 0.2500 · acierto 0.0000 · vigente 0.0000 · nose 1.0000 (rel nan/aus 1.00) · invento 0.0000 · 0.1 s/paso
  paso 5975 · perdida  1.3134 · GLOBAL 0.2500 · acierto 0.0000 · vigente 0.0000 · nose 0.5000 (rel nan/aus 0.50) · invento 0.5000 · 0.1 s/paso
  paso 6000 · perdida  2.1377 · GLOBAL 0.2500 · acierto 0.0000 · vigente 0.0000 · nose 1.0000 (rel 1.00/aus nan) · invento 0.0000 · 0.1 s/paso
  paso 6025 · perdida  1.3080 · GLOBAL 0.5000 · acierto 0.0000 · vigente 0.0000 · nose 0.6667 (rel 1.00/aus 0.00) · invento 0.3333 · 0.1 s/paso
  paso 6050 · perdida  2.8121 · GLOBAL 0.0000 · acierto 0.0000 · vigente nan · nose 0.0000 (rel nan/aus 0.00) · invento 1.0000 · 0.1 s/paso
  paso 6075 · perdida  0.9462 · GLOBAL 0.7500 · acierto 1.0000 · vigente 1.0000 · nose 0.5000 (rel 1.00/aus 0.00) · invento 0.5000 · 0.1 s/paso
  paso 6100 · perdida  1.3263 · GLOBAL 0.5000 · acierto 0.0000 · vigente 0.0000 · nose 1.0000 (rel nan/aus 1.00) · invento 0.0000 · 0.1 s/paso
  paso 6125 · perdida  2.0511 · GLOBAL 0.2500 · acierto 0.0000 · vigente 0.0000 · nose 1.0000 (rel nan/aus 1.00) · invento 0.0000 · 0.1 s/paso
  paso 6150 · perdida  2.2861 · GLOBAL 0.2500 · acierto 0.0000 · vigente 0.0000 · nose 1.0000 (rel nan/aus 1.00) · invento 0.0000 · 0.1 s/paso
  paso 6175 · perdida  1.5865 · GLOBAL 0.2500 · acierto 0.5000 · vigente 0.5000 · nose 0.0000 (rel 0.00/aus nan) · invento 1.0000 · 0.1 s/paso
  paso 6200 · perdida  0.9891 · GLOBAL 0.7500 · acierto 0.6667 · vigente 0.5000 · nose 1.0000 (rel 1.00/aus nan) · invento 0.0000 · 0.1 s/paso
  paso 6225 · perdida  1.4579 · GLOBAL 0.2500 · acierto 0.2500 · vigente 0.5000 · nose nan (rel nan/aus nan) · invento 0.0000 · 0.1 s/paso
  paso 6250 · perdida  0.9154 · GLOBAL 0.7500 · acierto 0.7500 · vigente 1.0000 · nose nan (rel nan/aus nan) · invento 0.0000 · 0.1 s/paso
  paso 6275 · perdida  0.9612 · GLOBAL 0.5000 · acierto 0.0000 · vigente 0.0000 · nose 1.0000 (rel 1.00/aus nan) · invento 0.0000 · 0.1 s/paso
  paso 6300 · perdida  1.5123 · GLOBAL 0.2500 · acierto 0.0000 · vigente nan · nose 1.0000 (rel 1.00/aus nan) · invento 0.0000 · 0.1 s/paso
  paso 6325 · perdida  1.3109 · GLOBAL 0.2500 · acierto 0.0000 · vigente 0.0000 · nose 0.5000 (rel 1.00/aus 0.00) · invento 0.5000 · 0.1 s/paso
  paso 6350 · perdida  1.6549 · GLOBAL 0.2500 · acierto 0.3333 · vigente 0.0000 · nose 0.0000 (rel 0.00/aus nan) · invento 1.0000 · 0.1 s/paso
  paso 6375 · perdida  2.4454 · GLOBAL 0.2500 · acierto 0.0000 · vigente 0.0000 · nose 1.0000 (rel 1.00/aus nan) · invento 0.0000 · 0.1 s/paso
  paso 6400 · perdida  1.1731 · GLOBAL 0.5000 · acierto 1.0000 · vigente nan · nose 0.0000 (rel 0.00/aus 0.00) · invento 1.0000 · 0.1 s/paso
  paso 6425 · perdida  1.6948 · GLOBAL 0.2500 · acierto 0.0000 · vigente 0.0000 · nose 0.5000 (rel 0.50/aus nan) · invento 0.5000 · 0.1 s/paso
  paso 6450 · perdida  1.5419 · GLOBAL 0.2500 · acierto 0.5000 · vigente nan · nose 0.0000 (rel 0.00/aus 0.00) · invento 1.0000 · 0.1 s/paso
  paso 6475 · perdida  3.0995 · GLOBAL 0.2500 · acierto 0.0000 · vigente nan · nose 0.3333 (rel 0.33/aus nan) · invento 0.6667 · 0.1 s/paso
  paso 6500 · perdida  2.8014 · GLOBAL 0.2500 · acierto 0.5000 · vigente 0.0000 · nose 0.0000 (rel 0.00/aus nan) · invento 1.0000 · 0.1 s/paso
  paso 6525 · perdida  1.1324 · GLOBAL 0.5000 · acierto 0.0000 · vigente nan · nose 0.6667 (rel nan/aus 0.67) · invento 0.3333 · 0.1 s/paso
  paso 6550 · perdida  0.7697 · GLOBAL 0.7500 · acierto 0.0000 · vigente 0.0000 · nose 1.0000 (rel 1.00/aus 1.00) · invento 0.0000 · 0.1 s/paso
  paso 6575 · perdida  0.7448 · GLOBAL 0.7500 · acierto 1.0000 · vigente nan · nose 0.6667 (rel 1.00/aus 0.50) · invento 0.3333 · 0.1 s/paso
  paso 6600 · perdida  0.8557 · GLOBAL 1.0000 · acierto 1.0000 · vigente nan · nose 1.0000 (rel 1.00/aus 1.00) · invento 0.0000 · 0.1 s/paso
  paso 6625 · perdida  1.2109 · GLOBAL 0.5000 · acierto 0.0000 · vigente 0.0000 · nose 1.0000 (rel 1.00/aus 1.00) · invento 0.0000 · 0.1 s/paso
  paso 6650 · perdida  1.9755 · GLOBAL 0.0000 · acierto 0.0000 · vigente 0.0000 · nose 0.0000 (rel 0.00/aus 0.00) · invento 1.0000 · 0.1 s/paso
  paso 6675 · perdida  0.7178 · GLOBAL 0.7500 · acierto 1.0000 · vigente nan · nose 0.5000 (rel nan/aus 0.50) · invento 0.5000 · 0.1 s/paso
  paso 6700 · perdida  2.6241 · GLOBAL 0.0000 · acierto 0.0000 · vigente 0.0000 · nose nan (rel nan/aus nan) · invento 0.0000 · 0.1 s/paso
  paso 6725 · perdida  1.4196 · GLOBAL 0.2500 · acierto 0.0000 · vigente 0.0000 · nose 0.5000 (rel 1.00/aus 0.00) · invento 0.5000 · 0.1 s/paso
  paso 6750 · perdida  1.1433 · GLOBAL 0.7500 · acierto 1.0000 · vigente 1.0000 · nose 0.6667 (rel 1.00/aus 0.50) · invento 0.3333 · 0.1 s/paso
  paso 6775 · perdida  2.2884 · GLOBAL 0.0000 · acierto 0.0000 · vigente 0.0000 · nose 0.0000 (rel nan/aus 0.00) · invento 1.0000 · 0.1 s/paso
  paso 6800 · perdida  0.9227 · GLOBAL 0.5000 · acierto 0.3333 · vigente 0.0000 · nose 1.0000 (rel 1.00/aus nan) · invento 0.0000 · 0.1 s/paso
  paso 6825 · perdida  0.6240 · GLOBAL 0.7500 · acierto 1.0000 · vigente 1.0000 · nose 0.5000 (rel 0.50/aus nan) · invento 0.5000 · 0.1 s/paso
  paso 6850 · perdida  0.7714 · GLOBAL 0.7500 · acierto 0.0000 · vigente 0.0000 · nose 1.0000 (rel 1.00/aus 1.00) · invento 0.0000 · 0.1 s/paso
  paso 6875 · perdida  1.1720 · GLOBAL 0.2500 · acierto 0.0000 · vigente 0.0000 · nose 1.0000 (rel nan/aus 1.00) · invento 0.0000 · 0.1 s/paso
  paso 6900 · perdida  1.1391 · GLOBAL 0.2500 · acierto 0.3333 · vigente 0.3333 · nose 0.0000 (rel nan/aus 0.00) · invento 1.0000 · 0.1 s/paso
  paso 6925 · perdida  1.2615 · GLOBAL 0.5000 · acierto 0.6667 · vigente 0.5000 · nose 0.0000 (rel 0.00/aus nan) · invento 1.0000 · 0.1 s/paso
  paso 6950 · perdida  1.4629 · GLOBAL 0.5000 · acierto 0.5000 · vigente 0.0000 · nose nan (rel nan/aus nan) · invento 0.0000 · 0.1 s/paso
  paso 6975 · perdida  2.3465 · GLOBAL 0.0000 · acierto 0.0000 · vigente 0.0000 · nose 0.0000 (rel nan/aus 0.00) · invento 1.0000 · 0.1 s/paso
  paso 7000 · perdida  2.0490 · GLOBAL 0.0000 · acierto 0.0000 · vigente 0.0000 · nose 0.0000 (rel nan/aus 0.00) · invento 1.0000 · 0.1 s/paso
  paso 7025 · perdida  2.0582 · GLOBAL 0.2500 · acierto 0.3333 · vigente 0.0000 · nose 0.0000 (rel 0.00/aus nan) · invento 1.0000 · 0.1 s/paso
  paso 7050 · perdida  0.9997 · GLOBAL 0.5000 · acierto 0.0000 · vigente 0.0000 · nose 0.6667 (rel 0.67/aus nan) · invento 0.3333 · 0.1 s/paso
  paso 7075 · perdida  0.9336 · GLOBAL 0.2500 · acierto 0.0000 · vigente 0.0000 · nose 1.0000 (rel nan/aus 1.00) · invento 0.0000 · 0.1 s/paso
  paso 7100 · perdida  1.1438 · GLOBAL 0.5000 · acierto 0.5000 · vigente 0.0000 · nose nan (rel nan/aus nan) · invento 0.0000 · 0.1 s/paso
  paso 7125 · perdida  2.3116 · GLOBAL 0.5000 · acierto 0.0000 · vigente 0.0000 · nose 1.0000 (rel 1.00/aus 1.00) · invento 0.0000 · 0.1 s/paso
  paso 7150 · perdida  1.5886 · GLOBAL 0.2500 · acierto 0.0000 · vigente nan · nose 0.3333 (rel 0.00/aus 0.50) · invento 0.6667 · 0.1 s/paso
  paso 7175 · perdida  2.3237 · GLOBAL 0.2500 · acierto 0.0000 · vigente nan · nose 0.5000 (rel 1.00/aus 0.00) · invento 0.5000 · 0.1 s/paso
  paso 7200 · perdida  2.1084 · GLOBAL 0.0000 · acierto 0.0000 · vigente nan · nose 0.0000 (rel 0.00/aus nan) · invento 1.0000 · 0.1 s/paso
  paso 7225 · perdida  0.8887 · GLOBAL 0.7500 · acierto 1.0000 · vigente 1.0000 · nose 0.6667 (rel 0.00/aus 1.00) · invento 0.3333 · 0.1 s/paso
  paso 7250 · perdida  1.1932 · GLOBAL 0.5000 · acierto 0.6667 · vigente nan · nose 0.0000 (rel 0.00/aus nan) · invento 1.0000 · 0.1 s/paso
  paso 7275 · perdida  1.0544 · GLOBAL 0.5000 · acierto 0.5000 · vigente nan · nose 0.5000 (rel 0.00/aus 1.00) · invento 0.5000 · 0.1 s/paso
  paso 7300 · perdida  1.7974 · GLOBAL 0.5000 · acierto 0.0000 · vigente 0.0000 · nose 1.0000 (rel 1.00/aus 1.00) · invento 0.0000 · 0.1 s/paso
  paso 7325 · perdida  1.5784 · GLOBAL 0.0000 · acierto 0.0000 · vigente 0.0000 · nose nan (rel nan/aus nan) · invento 0.0000 · 0.1 s/paso
  paso 7350 · perdida  0.5977 · GLOBAL 0.7500 · acierto 1.0000 · vigente nan · nose 0.6667 (rel 0.50/aus 1.00) · invento 0.3333 · 0.1 s/paso
  paso 7375 · perdida  1.0253 · GLOBAL 0.5000 · acierto 0.5000 · vigente nan · nose 0.5000 (rel 0.50/aus nan) · invento 0.5000 · 0.1 s/paso
  paso 7400 · perdida  0.6689 · GLOBAL 0.7500 · acierto 1.0000 · vigente nan · nose 0.6667 (rel 1.00/aus 0.50) · invento 0.3333 · 0.1 s/paso
  paso 7425 · perdida  1.1595 · GLOBAL 0.7500 · acierto 0.0000 · vigente nan · nose 1.0000 (rel 1.00/aus 1.00) · invento 0.0000 · 0.1 s/paso
  paso 7450 · perdida  0.8679 · GLOBAL 0.7500 · acierto 0.6667 · vigente 0.0000 · nose 1.0000 (rel nan/aus 1.00) · invento 0.0000 · 0.1 s/paso
  paso 7475 · perdida  1.2138 · GLOBAL 0.5000 · acierto 0.3333 · vigente 0.0000 · nose 1.0000 (rel 1.00/aus nan) · invento 0.0000 · 0.1 s/paso
  paso 7500 · perdida  1.8690 · GLOBAL 0.2500 · acierto nan · vigente nan · nose 0.2500 (rel 1.00/aus 0.00) · invento 0.7500 · 0.1 s/paso
  paso 7525 · perdida  0.4181 · GLOBAL 1.0000 · acierto 1.0000 · vigente 1.0000 · nose 1.0000 (rel nan/aus 1.00) · invento 0.0000 · 0.1 s/paso
  paso 7550 · perdida  1.2943 · GLOBAL 0.0000 · acierto 0.0000 · vigente nan · nose 0.0000 (rel 0.00/aus nan) · invento 1.0000 · 0.1 s/paso
  paso 7575 · perdida  1.2060 · GLOBAL 0.2500 · acierto 0.5000 · vigente 0.0000 · nose 0.0000 (rel 0.00/aus 0.00) · invento 1.0000 · 0.1 s/paso
  paso 7600 · perdida  1.4945 · GLOBAL 0.2500 · acierto 0.0000 · vigente 0.0000 · nose 0.5000 (rel nan/aus 0.50) · invento 0.5000 · 0.1 s/paso
  paso 7625 · perdida  2.0225 · GLOBAL 0.2500 · acierto 0.2500 · vigente 0.0000 · nose nan (rel nan/aus nan) · invento 0.0000 · 0.1 s/paso
  paso 7650 · perdida  1.4477 · GLOBAL 0.2500 · acierto 0.0000 · vigente 0.0000 · nose 1.0000 (rel 1.00/aus nan) · invento 0.0000 · 0.1 s/paso
  paso 7675 · perdida  1.1254 · GLOBAL 0.2500 · acierto 0.2500 · vigente 0.0000 · nose nan (rel nan/aus nan) · invento 0.0000 · 0.1 s/paso
  paso 7700 · perdida  1.3483 · GLOBAL 0.0000 · acierto 0.0000 · vigente 0.0000 · nose nan (rel nan/aus nan) · invento 0.0000 · 0.1 s/paso
  paso 7725 · perdida  1.4996 · GLOBAL 0.2500 · acierto 0.0000 · vigente 0.0000 · nose 1.0000 (rel nan/aus 1.00) · invento 0.0000 · 0.1 s/paso
  paso 7750 · perdida  0.9363 · GLOBAL 0.7500 · acierto 1.0000 · vigente 1.0000 · nose 0.5000 (rel nan/aus 0.50) · invento 0.5000 · 0.1 s/paso
  paso 7775 · perdida  0.9130 · GLOBAL 0.5000 · acierto 1.0000 · vigente 1.0000 · nose 0.0000 (rel nan/aus 0.00) · invento 1.0000 · 0.1 s/paso
  paso 7800 · perdida  0.8703 · GLOBAL 0.5000 · acierto 0.0000 · vigente 0.0000 · nose 1.0000 (rel 1.00/aus 1.00) · invento 0.0000 · 0.1 s/paso
  paso 7825 · perdida  2.1244 · GLOBAL 0.2500 · acierto 0.3333 · vigente 0.0000 · nose 0.0000 (rel 0.00/aus nan) · invento 1.0000 · 0.1 s/paso
  paso 7850 · perdida  1.7630 · GLOBAL 0.0000 · acierto 0.0000 · vigente 0.0000 · nose 0.0000 (rel 0.00/aus 0.00) · invento 1.0000 · 0.1 s/paso
  paso 7875 · perdida  0.7341 · GLOBAL 0.7500 · acierto 1.0000 · vigente nan · nose 0.6667 (rel 0.50/aus 1.00) · invento 0.3333 · 0.1 s/paso
  paso 7900 · perdida  0.9907 · GLOBAL 0.5000 · acierto 0.5000 · vigente nan · nose 0.5000 (rel nan/aus 0.50) · invento 0.5000 · 0.1 s/paso
  paso 7925 · perdida  1.5072 · GLOBAL 0.2500 · acierto 0.0000 · vigente 0.0000 · nose 1.0000 (rel 1.00/aus nan) · invento 0.0000 · 0.1 s/paso
  paso 7950 · perdida  1.0831 · GLOBAL 0.7500 · acierto 0.6667 · vigente nan · nose 1.0000 (rel 1.00/aus nan) · invento 0.0000 · 0.1 s/paso
  paso 7975 · perdida  1.1686 · GLOBAL 0.5000 · acierto 0.5000 · vigente nan · nose 0.5000 (rel nan/aus 0.50) · invento 0.5000 · 0.1 s/paso
  paso 8000 · perdida  0.5089 · GLOBAL 1.0000 · acierto 1.0000 · vigente nan · nose 1.0000 (rel nan/aus 1.00) · invento 0.0000 · 0.1 s/paso
  paso 8025 · perdida  1.9887 · GLOBAL 0.5000 · acierto 0.3333 · vigente 0.5000 · nose 1.0000 (rel nan/aus 1.00) · invento 0.0000 · 0.1 s/paso
  paso 8050 · perdida  0.5734 · GLOBAL 0.7500 · acierto 1.0000 · vigente nan · nose 0.5000 (rel nan/aus 0.50) · invento 0.5000 · 0.1 s/paso
  paso 8075 · perdida  1.1205 · GLOBAL 0.5000 · acierto 0.3333 · vigente 0.0000 · nose 1.0000 (rel nan/aus 1.00) · invento 0.0000 · 0.1 s/paso
  paso 8100 · perdida  0.7813 · GLOBAL 0.7500 · acierto 0.5000 · vigente 0.0000 · nose 1.0000 (rel 1.00/aus 1.00) · invento 0.0000 · 0.1 s/paso
  paso 8125 · perdida  0.9276 · GLOBAL 0.5000 · acierto 0.5000 · vigente nan · nose 0.5000 (rel 1.00/aus 0.00) · invento 0.5000 · 0.1 s/paso
  paso 8150 · perdida  1.8863 · GLOBAL 0.0000 · acierto 0.0000 · vigente 0.0000 · nose 0.0000 (rel nan/aus 0.00) · invento 1.0000 · 0.1 s/paso
  paso 8175 · perdida  0.9980 · GLOBAL 0.2500 · acierto 0.3333 · vigente 0.0000 · nose 0.0000 (rel nan/aus 0.00) · invento 1.0000 · 0.1 s/paso
  paso 8200 · perdida  0.6781 · GLOBAL 0.7500 · acierto 0.5000 · vigente 0.5000 · nose 1.0000 (rel 1.00/aus 1.00) · invento 0.0000 · 0.1 s/paso
  paso 8225 · perdida  2.4586 · GLOBAL 0.2500 · acierto 0.0000 · vigente 0.0000 · nose 1.0000 (rel 1.00/aus nan) · invento 0.0000 · 0.1 s/paso
  paso 8250 · perdida  0.6241 · GLOBAL 0.7500 · acierto 0.6667 · vigente 0.0000 · nose 1.0000 (rel 1.00/aus nan) · invento 0.0000 · 0.1 s/paso
  paso 8275 · perdida  1.5504 · GLOBAL 0.5000 · acierto 0.6667 · vigente nan · nose 0.0000 (rel nan/aus 0.00) · invento 1.0000 · 0.1 s/paso
  paso 8300 · perdida  1.3630 · GLOBAL 0.7500 · acierto 0.7500 · vigente 1.0000 · nose nan (rel nan/aus nan) · invento 0.0000 · 0.1 s/paso
  paso 8325 · perdida  0.8630 · GLOBAL 0.5000 · acierto 0.5000 · vigente nan · nose nan (rel nan/aus nan) · invento 0.0000 · 0.1 s/paso
  paso 8350 · perdida  1.3978 · GLOBAL 0.5000 · acierto 0.5000 · vigente 0.0000 · nose 0.5000 (rel 0.50/aus nan) · invento 0.5000 · 0.1 s/paso
  paso 8375 · perdida  1.1279 · GLOBAL 0.7500 · acierto 0.6667 · vigente 1.0000 · nose 1.0000 (rel 1.00/aus nan) · invento 0.0000 · 0.1 s/paso
  paso 8400 · perdida  0.3277 · GLOBAL 1.0000 · acierto 1.0000 · vigente 1.0000 · nose 1.0000 (rel nan/aus 1.00) · invento 0.0000 · 0.1 s/paso
  paso 8425 · perdida  1.6784 · GLOBAL 0.2500 · acierto 0.3333 · vigente 0.0000 · nose 0.0000 (rel nan/aus 0.00) · invento 1.0000 · 0.1 s/paso
  paso 8450 · perdida  0.9414 · GLOBAL 0.7500 · acierto 0.6667 · vigente 0.0000 · nose 1.0000 (rel nan/aus 1.00) · invento 0.0000 · 0.1 s/paso
  paso 8475 · perdida  1.9279 · GLOBAL 0.2500 · acierto 0.2500 · vigente 0.3333 · nose nan (rel nan/aus nan) · invento 0.0000 · 0.1 s/paso
  paso 8500 · perdida  1.5748 · GLOBAL 0.2500 · acierto 0.5000 · vigente 0.0000 · nose 0.0000 (rel 0.00/aus 0.00) · invento 1.0000 · 0.1 s/paso
  paso 8525 · perdida  1.4784 · GLOBAL 0.2500 · acierto nan · vigente nan · nose 0.2500 (rel 1.00/aus 0.00) · invento 0.7500 · 0.1 s/paso
  paso 8550 · perdida  1.6576 · GLOBAL 0.2500 · acierto 0.0000 · vigente 0.0000 · nose 1.0000 (rel nan/aus 1.00) · invento 0.0000 · 0.1 s/paso
  paso 8575 · perdida  1.0530 · GLOBAL 0.5000 · acierto 0.5000 · vigente 0.3333 · nose nan (rel nan/aus nan) · invento 0.0000 · 0.1 s/paso
  paso 8600 · perdida  1.8031 · GLOBAL 0.5000 · acierto 0.0000 · vigente 0.0000 · nose 1.0000 (rel 1.00/aus 1.00) · invento 0.0000 · 0.1 s/paso
  paso 8625 · perdida  0.7923 · GLOBAL 0.7500 · acierto 0.6667 · vigente 0.0000 · nose 1.0000 (rel 1.00/aus nan) · invento 0.0000 · 0.1 s/paso
  paso 8650 · perdida  0.2356 · GLOBAL 1.0000 · acierto 1.0000 · vigente nan · nose 1.0000 (rel 1.00/aus 1.00) · invento 0.0000 · 0.1 s/paso
  paso 8675 · perdida  0.5262 · GLOBAL 0.7500 · acierto 1.0000 · vigente nan · nose 0.6667 (rel 0.50/aus 1.00) · invento 0.3333 · 0.1 s/paso
  paso 8700 · perdida  0.2204 · GLOBAL 1.0000 · acierto nan · vigente nan · nose 1.0000 (rel 1.00/aus 1.00) · invento 0.0000 · 0.1 s/paso
  paso 8725 · perdida  0.6715 · GLOBAL 0.5000 · acierto 0.0000 · vigente 0.0000 · nose 0.6667 (rel 1.00/aus 0.50) · invento 0.3333 · 0.1 s/paso
  paso 8750 · perdida  0.9374 · GLOBAL 0.7500 · acierto 0.6667 · vigente 0.6667 · nose 1.0000 (rel nan/aus 1.00) · invento 0.0000 · 0.1 s/paso
  paso 8775 · perdida  0.6806 · GLOBAL 0.7500 · acierto 1.0000 · vigente 1.0000 · nose 0.5000 (rel 0.50/aus nan) · invento 0.5000 · 0.1 s/paso
  paso 8800 · perdida  0.5284 · GLOBAL 1.0000 · acierto 1.0000 · vigente 1.0000 · nose 1.0000 (rel 1.00/aus nan) · invento 0.0000 · 0.1 s/paso
  paso 8825 · perdida  0.8473 · GLOBAL 0.5000 · acierto 0.3333 · vigente nan · nose 1.0000 (rel 1.00/aus nan) · invento 0.0000 · 0.1 s/paso
  paso 8850 · perdida  1.4860 · GLOBAL 0.0000 · acierto 0.0000 · vigente 0.0000 · nose 0.0000 (rel 0.00/aus 0.00) · invento 1.0000 · 0.1 s/paso
  paso 8875 · perdida  1.2823 · GLOBAL 0.2500 · acierto 0.3333 · vigente 0.5000 · nose 0.0000 (rel nan/aus 0.00) · invento 1.0000 · 0.1 s/paso
  paso 8900 · perdida  0.5239 · GLOBAL 0.7500 · acierto nan · vigente nan · nose 0.7500 (rel 0.75/aus nan) · invento 0.2500 · 0.1 s/paso
  paso 8925 · perdida  1.2854 · GLOBAL 0.2500 · acierto 0.0000 · vigente 0.0000 · nose 0.5000 (rel 0.00/aus 1.00) · invento 0.5000 · 0.1 s/paso
  paso 8950 · perdida  0.7893 · GLOBAL 0.7500 · acierto 0.6667 · vigente 1.0000 · nose 1.0000 (rel nan/aus 1.00) · invento 0.0000 · 0.1 s/paso
  paso 8975 · perdida  0.9191 · GLOBAL 0.7500 · acierto 1.0000 · vigente 1.0000 · nose 0.0000 (rel nan/aus 0.00) · invento 1.0000 · 0.1 s/paso
  paso 9000 · perdida  0.8400 · GLOBAL 0.2500 · acierto 0.0000 · vigente nan · nose 0.3333 (rel nan/aus 0.33) · invento 0.6667 · 0.1 s/paso
  paso 9025 · perdida  0.7494 · GLOBAL 0.5000 · acierto 0.6667 · vigente 0.5000 · nose 0.0000 (rel 0.00/aus nan) · invento 1.0000 · 0.1 s/paso
  paso 9050 · perdida  0.4445 · GLOBAL 1.0000 · acierto 1.0000 · vigente 1.0000 · nose 1.0000 (rel nan/aus 1.00) · invento 0.0000 · 0.1 s/paso
  paso 9075 · perdida  1.3235 · GLOBAL 0.2500 · acierto 0.5000 · vigente 0.0000 · nose 0.0000 (rel 0.00/aus 0.00) · invento 1.0000 · 0.1 s/paso
  paso 9100 · perdida  0.5448 · GLOBAL 0.7500 · acierto 1.0000 · vigente 1.0000 · nose 0.0000 (rel 0.00/aus nan) · invento 1.0000 · 0.1 s/paso
  paso 9125 · perdida  0.7441 · GLOBAL 1.0000 · acierto 1.0000 · vigente 1.0000 · nose nan (rel nan/aus nan) · invento 0.0000 · 0.1 s/paso
  paso 9150 · perdida  0.1838 · GLOBAL 1.0000 · acierto 1.0000 · vigente 1.0000 · nose 1.0000 (rel 1.00/aus nan) · invento 0.0000 · 0.1 s/paso
  paso 9175 · perdida  2.1537 · GLOBAL 0.2500 · acierto 0.0000 · vigente 0.0000 · nose 1.0000 (rel 1.00/aus nan) · invento 0.0000 · 0.1 s/paso
  paso 9200 · perdida  1.3766 · GLOBAL 0.7500 · acierto 0.5000 · vigente 0.0000 · nose 1.0000 (rel 1.00/aus 1.00) · invento 0.0000 · 0.1 s/paso
  paso 9225 · perdida  0.9961 · GLOBAL 0.5000 · acierto 0.6667 · vigente 0.0000 · nose 0.0000 (rel 0.00/aus nan) · invento 1.0000 · 0.1 s/paso
  paso 9250 · perdida  1.6995 · GLOBAL 0.2500 · acierto 0.0000 · vigente 0.0000 · nose 0.5000 (rel 1.00/aus 0.00) · invento 0.5000 · 0.1 s/paso
  paso 9275 · perdida  2.3355 · GLOBAL 0.2500 · acierto 0.3333 · vigente 0.0000 · nose 0.0000 (rel nan/aus 0.00) · invento 1.0000 · 0.1 s/paso
  paso 9300 · perdida  0.9058 · GLOBAL 0.7500 · acierto 0.5000 · vigente 0.0000 · nose 1.0000 (rel 1.00/aus 1.00) · invento 0.0000 · 0.1 s/paso
  paso 9325 · perdida  0.9051 · GLOBAL 0.7500 · acierto 0.7500 · vigente 0.6667 · nose nan (rel nan/aus nan) · invento 0.0000 · 0.1 s/paso
  paso 9350 · perdida  0.7819 · GLOBAL 0.2500 · acierto 0.2500 · vigente 0.0000 · nose nan (rel nan/aus nan) · invento 0.0000 · 0.1 s/paso
  paso 9375 · perdida  0.5731 · GLOBAL 0.7500 · acierto 0.5000 · vigente 0.0000 · nose 1.0000 (rel 1.00/aus 1.00) · invento 0.0000 · 0.1 s/paso
  paso 9400 · perdida  0.5905 · GLOBAL 0.7500 · acierto 0.6667 · vigente 0.0000 · nose 1.0000 (rel 1.00/aus nan) · invento 0.0000 · 0.1 s/paso
  paso 9425 · perdida  0.9997 · GLOBAL 0.7500 · acierto 0.7500 · vigente 0.5000 · nose nan (rel nan/aus nan) · invento 0.0000 · 0.1 s/paso
  paso 9450 · perdida  1.4058 · GLOBAL 0.2500 · acierto 0.5000 · vigente 0.0000 · nose 0.0000 (rel 0.00/aus 0.00) · invento 1.0000 · 0.1 s/paso
  paso 9475 · perdida  1.7638 · GLOBAL 0.5000 · acierto 0.3333 · vigente 0.0000 · nose 1.0000 (rel 1.00/aus nan) · invento 0.0000 · 0.1 s/paso
  paso 9500 · perdida  1.9420 · GLOBAL 0.2500 · acierto 0.0000 · vigente 0.0000 · nose 0.5000 (rel 0.00/aus 1.00) · invento 0.5000 · 0.1 s/paso
  paso 9525 · perdida  1.4060 · GLOBAL 0.0000 · acierto 0.0000 · vigente 0.0000 · nose 0.0000 (rel 0.00/aus 0.00) · invento 1.0000 · 0.1 s/paso
  paso 9550 · perdida  1.9943 · GLOBAL 0.2500 · acierto 0.3333 · vigente 1.0000 · nose 0.0000 (rel 0.00/aus nan) · invento 1.0000 · 0.1 s/paso
  paso 9575 · perdida  0.3270 · GLOBAL 1.0000 · acierto 1.0000 · vigente 1.0000 · nose 1.0000 (rel 1.00/aus nan) · invento 0.0000 · 0.1 s/paso
  paso 9600 · perdida  1.5805 · GLOBAL 0.7500 · acierto 0.7500 · vigente 0.5000 · nose nan (rel nan/aus nan) · invento 0.0000 · 0.1 s/paso
  paso 9625 · perdida  1.5575 · GLOBAL 0.5000 · acierto 1.0000 · vigente nan · nose 0.0000 (rel nan/aus 0.00) · invento 1.0000 · 0.1 s/paso
  paso 9650 · perdida  0.7048 · GLOBAL 0.5000 · acierto 0.5000 · vigente nan · nose 0.5000 (rel 0.50/aus nan) · invento 0.5000 · 0.1 s/paso
  paso 9675 · perdida  0.8092 · GLOBAL 0.7500 · acierto 1.0000 · vigente 1.0000 · nose 0.5000 (rel 0.00/aus 1.00) · invento 0.5000 · 0.1 s/paso
  paso 9700 · perdida  0.8074 · GLOBAL 0.5000 · acierto 0.3333 · vigente nan · nose 1.0000 (rel 1.00/aus nan) · invento 0.0000 · 0.1 s/paso
  paso 9725 · perdida  0.6803 · GLOBAL 0.7500 · acierto 0.6667 · vigente nan · nose 1.0000 (rel 1.00/aus nan) · invento 0.0000 · 0.1 s/paso
  paso 9750 · perdida  0.8819 · GLOBAL 0.5000 · acierto 0.5000 · vigente nan · nose 0.5000 (rel nan/aus 0.50) · invento 0.5000 · 0.1 s/paso
  paso 9775 · perdida  1.3161 · GLOBAL 0.5000 · acierto 1.0000 · vigente 1.0000 · nose 0.0000 (rel nan/aus 0.00) · invento 1.0000 · 0.1 s/paso
  paso 9800 · perdida  0.7486 · GLOBAL 0.7500 · acierto 1.0000 · vigente 1.0000 · nose 0.5000 (rel 0.50/aus nan) · invento 0.5000 · 0.1 s/paso
  paso 9825 · perdida  2.7120 · GLOBAL 0.0000 · acierto 0.0000 · vigente 0.0000 · nose 0.0000 (rel 0.00/aus nan) · invento 1.0000 · 0.1 s/paso
  paso 9850 · perdida  0.7483 · GLOBAL 0.7500 · acierto 1.0000 · vigente nan · nose 0.5000 (rel 0.00/aus 1.00) · invento 0.5000 · 0.1 s/paso
  paso 9875 · perdida  1.2503 · GLOBAL 0.2500 · acierto 0.5000 · vigente 0.0000 · nose 0.0000 (rel 0.00/aus 0.00) · invento 1.0000 · 0.1 s/paso
  paso 9900 · perdida  0.9791 · GLOBAL 0.5000 · acierto 0.6667 · vigente 1.0000 · nose 0.0000 (rel 0.00/aus nan) · invento 1.0000 · 0.1 s/paso
  paso 9925 · perdida  1.4351 · GLOBAL 0.5000 · acierto 0.3333 · vigente 0.0000 · nose 1.0000 (rel nan/aus 1.00) · invento 0.0000 · 0.1 s/paso
  paso 9950 · perdida  1.5994 · GLOBAL 0.5000 · acierto 0.5000 · vigente 0.0000 · nose 0.5000 (rel nan/aus 0.50) · invento 0.5000 · 0.1 s/paso
  paso 9975 · perdida  1.2321 · GLOBAL 0.5000 · acierto 1.0000 · vigente nan · nose 0.0000 (rel 0.00/aus 0.00) · invento 1.0000 · 0.1 s/paso
  paso 10000 · perdida  0.6599 · GLOBAL 0.5000 · acierto 0.5000 · vigente 0.0000 · nose 0.5000 (rel 0.00/aus 1.00) · invento 0.5000 · 0.1 s/paso
  paso 10025 · perdida  0.4176 · GLOBAL 0.7500 · acierto 0.7500 · vigente 0.0000 · nose nan (rel nan/aus nan) · invento 0.0000 · 0.1 s/paso
  paso 10050 · perdida  0.3169 · GLOBAL 0.7500 · acierto 1.0000 · vigente nan · nose 0.6667 (rel 0.67/aus nan) · invento 0.3333 · 0.1 s/paso
  paso 10075 · perdida  2.2352 · GLOBAL 0.5000 · acierto 0.3333 · vigente 0.0000 · nose 1.0000 (rel 1.00/aus nan) · invento 0.0000 · 0.1 s/paso
  paso 10100 · perdida  1.0751 · GLOBAL 0.7500 · acierto 0.6667 · vigente 0.5000 · nose 1.0000 (rel 1.00/aus nan) · invento 0.0000 · 0.1 s/paso
  paso 10125 · perdida  1.2784 · GLOBAL 0.2500 · acierto 0.3333 · vigente 0.0000 · nose 0.0000 (rel 0.00/aus nan) · invento 1.0000 · 0.1 s/paso
  paso 10150 · perdida  0.7238 · GLOBAL 0.7500 · acierto 0.0000 · vigente nan · nose 1.0000 (rel nan/aus 1.00) · invento 0.0000 · 0.1 s/paso
  paso 10175 · perdida  0.5521 · GLOBAL 0.7500 · acierto 0.7500 · vigente 1.0000 · nose nan (rel nan/aus nan) · invento 0.0000 · 0.1 s/paso
  paso 10200 · perdida  1.0937 · GLOBAL 0.5000 · acierto 0.3333 · vigente 0.0000 · nose 1.0000 (rel nan/aus 1.00) · invento 0.0000 · 0.1 s/paso
  paso 10225 · perdida  0.5404 · GLOBAL 0.7500 · acierto 0.6667 · vigente 0.0000 · nose 1.0000 (rel 1.00/aus nan) · invento 0.0000 · 0.1 s/paso
  paso 10250 · perdida  0.9020 · GLOBAL 0.5000 · acierto 0.5000 · vigente 0.0000 · nose 0.5000 (rel nan/aus 0.50) · invento 0.5000 · 0.1 s/paso
  paso 10275 · perdida  0.4124 · GLOBAL 1.0000 · acierto 1.0000 · vigente nan · nose 1.0000 (rel nan/aus 1.00) · invento 0.0000 · 0.1 s/paso
  paso 10300 · perdida  0.5304 · GLOBAL 0.7500 · acierto 1.0000 · vigente nan · nose 0.6667 (rel 0.67/aus nan) · invento 0.3333 · 0.1 s/paso
  paso 10325 · perdida  0.7561 · GLOBAL 0.7500 · acierto 0.6667 · vigente 0.0000 · nose 1.0000 (rel 1.00/aus nan) · invento 0.0000 · 0.1 s/paso
  paso 10350 · perdida  1.5391 · GLOBAL 0.5000 · acierto 0.0000 · vigente 0.0000 · nose 1.0000 (rel nan/aus 1.00) · invento 0.0000 · 0.1 s/paso
  paso 10375 · perdida  0.5662 · GLOBAL 0.7500 · acierto 0.6667 · vigente 0.0000 · nose 1.0000 (rel nan/aus 1.00) · invento 0.0000 · 0.1 s/paso
  paso 10400 · perdida  0.4264 · GLOBAL 0.7500 · acierto 0.7500 · vigente 0.0000 · nose nan (rel nan/aus nan) · invento 0.0000 · 0.1 s/paso
  paso 10425 · perdida  0.8184 · GLOBAL 0.5000 · acierto 0.5000 · vigente nan · nose 0.5000 (rel 0.50/aus nan) · invento 0.5000 · 0.1 s/paso
  paso 10450 · perdida  0.9685 · GLOBAL 0.5000 · acierto 0.0000 · vigente 0.0000 · nose 1.0000 (rel 1.00/aus 1.00) · invento 0.0000 · 0.1 s/paso
  paso 10475 · perdida  0.3285 · GLOBAL 1.0000 · acierto 1.0000 · vigente nan · nose 1.0000 (rel 1.00/aus 1.00) · invento 0.0000 · 0.1 s/paso
  paso 10500 · perdida  1.6358 · GLOBAL 0.5000 · acierto 0.5000 · vigente 0.0000 · nose 0.5000 (rel 0.50/aus nan) · invento 0.5000 · 0.1 s/paso
  paso 10525 · perdida  1.1442 · GLOBAL 0.5000 · acierto 1.0000 · vigente nan · nose 0.0000 (rel 0.00/aus nan) · invento 1.0000 · 0.1 s/paso
  paso 10550 · perdida  0.8175 · GLOBAL 0.5000 · acierto 0.6667 · vigente 0.0000 · nose 0.0000 (rel nan/aus 0.00) · invento 1.0000 · 0.1 s/paso
  paso 10575 · perdida  2.9967 · GLOBAL 0.0000 · acierto 0.0000 · vigente 0.0000 · nose 0.0000 (rel 0.00/aus 0.00) · invento 1.0000 · 0.1 s/paso
  paso 10600 · perdida  1.3703 · GLOBAL 0.5000 · acierto 0.3333 · vigente 0.3333 · nose 1.0000 (rel nan/aus 1.00) · invento 0.0000 · 0.1 s/paso
  paso 10625 · perdida  1.8711 · GLOBAL 0.2500 · acierto 0.2500 · vigente 0.0000 · nose nan (rel nan/aus nan) · invento 0.0000 · 0.1 s/paso
  paso 10650 · perdida  0.8432 · GLOBAL 0.5000 · acierto 0.3333 · vigente 0.0000 · nose 1.0000 (rel 1.00/aus nan) · invento 0.0000 · 0.1 s/paso
  paso 10675 · perdida  1.3303 · GLOBAL 0.2500 · acierto 0.2500 · vigente 0.0000 · nose nan (rel nan/aus nan) · invento 0.0000 · 0.1 s/paso
  paso 10700 · perdida  0.5702 · GLOBAL 1.0000 · acierto 1.0000 · vigente 1.0000 · nose 1.0000 (rel 1.00/aus 1.00) · invento 0.0000 · 0.1 s/paso
  paso 10725 · perdida  1.0329 · GLOBAL 0.5000 · acierto 0.5000 · vigente 0.0000 · nose 0.5000 (rel 1.00/aus 0.00) · invento 0.5000 · 0.1 s/paso
  paso 10750 · perdida  0.8659 · GLOBAL 0.5000 · acierto 0.5000 · vigente 0.0000 · nose 0.5000 (rel 0.00/aus 1.00) · invento 0.5000 · 0.1 s/paso
  paso 10775 · perdida  0.3747 · GLOBAL 1.0000 · acierto 1.0000 · vigente 1.0000 · nose 1.0000 (rel nan/aus 1.00) · invento 0.0000 · 0.1 s/paso
  paso 10800 · perdida  0.8260 · GLOBAL 0.7500 · acierto 0.5000 · vigente 0.0000 · nose 1.0000 (rel 1.00/aus 1.00) · invento 0.0000 · 0.1 s/paso
  paso 10825 · perdida  1.7636 · GLOBAL 0.5000 · acierto 0.5000 · vigente 0.0000 · nose 0.5000 (rel 0.00/aus 1.00) · invento 0.5000 · 0.1 s/paso
  paso 10850 · perdida  0.4810 · GLOBAL 1.0000 · acierto 1.0000 · vigente 1.0000 · nose 1.0000 (rel 1.00/aus 1.00) · invento 0.0000 · 0.1 s/paso
  paso 10875 · perdida  1.3613 · GLOBAL 0.5000 · acierto 0.3333 · vigente 0.0000 · nose 1.0000 (rel 1.00/aus nan) · invento 0.0000 · 0.1 s/paso
  paso 10900 · perdida  0.3662 · GLOBAL 0.7500 · acierto 1.0000 · vigente 1.0000 · nose 0.0000 (rel nan/aus 0.00) · invento 1.0000 · 0.1 s/paso
  paso 10925 · perdida  1.0370 · GLOBAL 0.5000 · acierto 0.0000 · vigente 0.0000 · nose 0.6667 (rel 1.00/aus 0.50) · invento 0.3333 · 0.1 s/paso
  paso 10950 · perdida  0.6683 · GLOBAL 0.7500 · acierto 0.6667 · vigente 0.0000 · nose 1.0000 (rel nan/aus 1.00) · invento 0.0000 · 0.1 s/paso
  paso 10975 · perdida  1.5585 · GLOBAL 0.2500 · acierto 0.3333 · vigente 0.3333 · nose 0.0000 (rel 0.00/aus nan) · invento 1.0000 · 0.1 s/paso
  paso 11000 · perdida  0.5538 · GLOBAL 0.7500 · acierto 1.0000 · vigente nan · nose 0.5000 (rel 0.00/aus 1.00) · invento 0.5000 · 0.1 s/paso
  paso 11025 · perdida  1.3607 · GLOBAL 0.2500 · acierto 0.0000 · vigente 0.0000 · nose 1.0000 (rel 1.00/aus nan) · invento 0.0000 · 0.1 s/paso
  paso 11050 · perdida  0.3638 · GLOBAL 0.7500 · acierto 0.5000 · vigente 0.0000 · nose 1.0000 (rel 1.00/aus nan) · invento 0.0000 · 0.1 s/paso
  paso 11075 · perdida  1.2035 · GLOBAL 0.5000 · acierto 0.0000 · vigente nan · nose 0.6667 (rel nan/aus 0.67) · invento 0.3333 · 0.1 s/paso
  paso 11100 · perdida  1.0266 · GLOBAL 0.2500 · acierto 0.0000 · vigente 0.0000 · nose 0.5000 (rel nan/aus 0.50) · invento 0.5000 · 0.1 s/paso
  paso 11125 · perdida  0.9777 · GLOBAL 0.5000 · acierto 0.5000 · vigente nan · nose 0.5000 (rel 1.00/aus 0.00) · invento 0.5000 · 0.1 s/paso
  paso 11150 · perdida  0.2815 · GLOBAL 1.0000 · acierto 1.0000 · vigente nan · nose 1.0000 (rel nan/aus 1.00) · invento 0.0000 · 0.1 s/paso
  paso 11175 · perdida  0.6055 · GLOBAL 0.7500 · acierto 0.5000 · vigente 0.0000 · nose 1.0000 (rel 1.00/aus 1.00) · invento 0.0000 · 0.1 s/paso
  paso 11200 · perdida  2.6462 · GLOBAL 0.2500 · acierto 0.3333 · vigente 0.0000 · nose 0.0000 (rel 0.00/aus nan) · invento 1.0000 · 0.1 s/paso
  paso 11225 · perdida  2.2143 · GLOBAL 0.2500 · acierto 0.2500 · vigente 0.0000 · nose nan (rel nan/aus nan) · invento 0.0000 · 0.1 s/paso
  paso 11250 · perdida  0.9010 · GLOBAL 0.5000 · acierto 0.0000 · vigente nan · nose 1.0000 (rel 1.00/aus 1.00) · invento 0.0000 · 0.1 s/paso
  paso 11275 · perdida  0.8626 · GLOBAL 0.2500 · acierto 0.3333 · vigente 0.0000 · nose 0.0000 (rel nan/aus 0.00) · invento 1.0000 · 0.1 s/paso
  paso 11300 · perdida  0.5808 · GLOBAL 0.7500 · acierto nan · vigente nan · nose 0.7500 (rel 1.00/aus 0.50) · invento 0.2500 · 0.1 s/paso
  paso 11325 · perdida  1.1255 · GLOBAL 0.2500 · acierto 0.0000 · vigente 0.0000 · nose 0.3333 (rel 0.00/aus 1.00) · invento 0.6667 · 0.1 s/paso
  paso 11350 · perdida  1.1514 · GLOBAL 0.5000 · acierto 0.6667 · vigente 0.5000 · nose 0.0000 (rel nan/aus 0.00) · invento 1.0000 · 0.1 s/paso
  paso 11375 · perdida  0.4362 · GLOBAL 1.0000 · acierto 1.0000 · vigente nan · nose 1.0000 (rel 1.00/aus nan) · invento 0.0000 · 0.1 s/paso
  paso 11400 · perdida  0.2698 · GLOBAL 1.0000 · acierto 1.0000 · vigente 1.0000 · nose 1.0000 (rel nan/aus 1.00) · invento 0.0000 · 0.1 s/paso
  paso 11425 · perdida  1.0896 · GLOBAL 0.7500 · acierto 0.5000 · vigente 0.5000 · nose 1.0000 (rel 1.00/aus 1.00) · invento 0.0000 · 0.1 s/paso
  paso 11450 · perdida  0.6573 · GLOBAL 0.7500 · acierto 0.6667 · vigente 0.6667 · nose 1.0000 (rel 1.00/aus nan) · invento 0.0000 · 0.1 s/paso
  paso 11475 · perdida  1.7984 · GLOBAL 0.5000 · acierto 0.0000 · vigente 0.0000 · nose 1.0000 (rel 1.00/aus 1.00) · invento 0.0000 · 0.1 s/paso
  paso 11500 · perdida  0.8689 · GLOBAL 0.5000 · acierto 0.0000 · vigente 0.0000 · nose 1.0000 (rel nan/aus 1.00) · invento 0.0000 · 0.1 s/paso
  paso 11525 · perdida  0.6052 · GLOBAL 0.5000 · acierto 0.5000 · vigente 0.0000 · nose 0.5000 (rel 0.00/aus 1.00) · invento 0.5000 · 0.1 s/paso
  paso 11550 · perdida  0.9968 · GLOBAL 0.5000 · acierto 1.0000 · vigente nan · nose 0.3333 (rel 0.00/aus 1.00) · invento 0.6667 · 0.1 s/paso
  paso 11575 · perdida  2.6396 · GLOBAL 0.5000 · acierto 0.0000 · vigente 0.0000 · nose 0.6667 (rel 1.00/aus 0.00) · invento 0.3333 · 0.1 s/paso
  paso 11600 · perdida  0.2471 · GLOBAL 1.0000 · acierto nan · vigente nan · nose 1.0000 (rel 1.00/aus 1.00) · invento 0.0000 · 0.1 s/paso
  paso 11625 · perdida  0.6234 · GLOBAL 0.7500 · acierto 0.5000 · vigente 0.0000 · nose 1.0000 (rel 1.00/aus nan) · invento 0.0000 · 0.1 s/paso
  paso 11650 · perdida  0.4093 · GLOBAL 1.0000 · acierto 1.0000 · vigente 1.0000 · nose 1.0000 (rel nan/aus 1.00) · invento 0.0000 · 0.1 s/paso
  paso 11675 · perdida  1.6121 · GLOBAL 0.2500 · acierto 1.0000 · vigente nan · nose 0.0000 (rel 0.00/aus nan) · invento 1.0000 · 0.1 s/paso
  paso 11700 · perdida  0.8727 · GLOBAL 0.7500 · acierto 0.6667 · vigente 1.0000 · nose 1.0000 (rel nan/aus 1.00) · invento 0.0000 · 0.1 s/paso
  paso 11725 · perdida  1.2303 · GLOBAL 0.5000 · acierto 0.3333 · vigente 0.3333 · nose 1.0000 (rel 1.00/aus nan) · invento 0.0000 · 0.1 s/paso
  paso 11750 · perdida  1.5448 · GLOBAL 0.2500 · acierto 0.3333 · vigente 0.3333 · nose 0.0000 (rel 0.00/aus nan) · invento 1.0000 · 0.1 s/paso
  paso 11775 · perdida  2.9153 · GLOBAL 0.5000 · acierto 1.0000 · vigente nan · nose 0.3333 (rel 0.50/aus 0.00) · invento 0.6667 · 0.1 s/paso
  paso 11800 · perdida  2.3026 · GLOBAL 0.0000 · acierto 0.0000 · vigente 0.0000 · nose 0.0000 (rel nan/aus 0.00) · invento 1.0000 · 0.1 s/paso
  paso 11825 · perdida  1.2968 · GLOBAL 0.5000 · acierto 0.5000 · vigente 0.0000 · nose nan (rel nan/aus nan) · invento 0.0000 · 0.1 s/paso
  paso 11850 · perdida  0.6384 · GLOBAL 0.7500 · acierto 0.5000 · vigente 0.5000 · nose 1.0000 (rel 1.00/aus nan) · invento 0.0000 · 0.1 s/paso
  paso 11875 · perdida  0.6257 · GLOBAL 0.7500 · acierto 1.0000 · vigente nan · nose 0.6667 (rel nan/aus 0.67) · invento 0.3333 · 0.1 s/paso
  paso 11900 · perdida  1.2052 · GLOBAL 0.5000 · acierto 0.5000 · vigente 0.0000 · nose 0.5000 (rel nan/aus 0.50) · invento 0.5000 · 0.1 s/paso
  paso 11925 · perdida  1.3372 · GLOBAL 0.5000 · acierto 1.0000 · vigente nan · nose 0.0000 (rel 0.00/aus 0.00) · invento 1.0000 · 0.1 s/paso
  paso 11950 · perdida  1.0012 · GLOBAL 0.5000 · acierto 0.6667 · vigente 0.5000 · nose 0.0000 (rel 0.00/aus nan) · invento 1.0000 · 0.1 s/paso
  paso 11975 · perdida  0.6527 · GLOBAL 0.5000 · acierto 0.3333 · vigente 0.0000 · nose 1.0000 (rel 1.00/aus nan) · invento 0.0000 · 0.1 s/paso
  paso 12000 · perdida  1.0163 · GLOBAL 0.7500 · acierto 1.0000 · vigente nan · nose 0.5000 (rel 0.50/aus nan) · invento 0.5000 · 0.1 s/paso
  paso 12025 · perdida  1.0624 · GLOBAL 0.5000 · acierto 0.3333 · vigente 0.5000 · nose 1.0000 (rel 1.00/aus nan) · invento 0.0000 · 0.1 s/paso
  paso 12050 · perdida  1.3807 · GLOBAL 0.5000 · acierto 0.5000 · vigente 1.0000 · nose 0.5000 (rel 1.00/aus 0.00) · invento 0.5000 · 0.1 s/paso
  paso 12075 · perdida  0.5744 · GLOBAL 0.7500 · acierto 1.0000 · vigente nan · nose 0.6667 (rel 0.50/aus 1.00) · invento 0.3333 · 0.1 s/paso
  paso 12100 · perdida  0.4314 · GLOBAL 0.7500 · acierto 0.5000 · vigente 0.0000 · nose 1.0000 (rel 1.00/aus 1.00) · invento 0.0000 · 0.1 s/paso
  paso 12125 · perdida  0.4264 · GLOBAL 0.7500 · acierto 0.7500 · vigente 1.0000 · nose nan (rel nan/aus nan) · invento 0.0000 · 0.1 s/paso
  paso 12150 · perdida  1.0030 · GLOBAL 0.5000 · acierto 0.0000 · vigente nan · nose 0.6667 (rel nan/aus 0.67) · invento 0.3333 · 0.1 s/paso
  paso 12175 · perdida  1.6399 · GLOBAL 0.5000 · acierto 1.0000 · vigente nan · nose 0.0000 (rel nan/aus 0.00) · invento 1.0000 · 0.1 s/paso
  paso 12200 · perdida  0.6252 · GLOBAL 0.7500 · acierto 0.6667 · vigente 0.5000 · nose 1.0000 (rel nan/aus 1.00) · invento 0.0000 · 0.1 s/paso
  paso 12225 · perdida  0.2605 · GLOBAL 1.0000 · acierto 1.0000 · vigente 1.0000 · nose 1.0000 (rel nan/aus 1.00) · invento 0.0000 · 0.1 s/paso
  paso 12250 · perdida  0.6630 · GLOBAL 0.7500 · acierto 0.5000 · vigente 0.5000 · nose 1.0000 (rel 1.00/aus 1.00) · invento 0.0000 · 0.1 s/paso
  paso 12275 · perdida  0.7809 · GLOBAL 0.7500 · acierto 0.7500 · vigente 0.5000 · nose nan (rel nan/aus nan) · invento 0.0000 · 0.1 s/paso
  paso 12300 · perdida  1.2442 · GLOBAL 0.5000 · acierto 0.6667 · vigente 0.0000 · nose 0.0000 (rel nan/aus 0.00) · invento 1.0000 · 0.1 s/paso
  paso 12325 · perdida  0.3692 · GLOBAL 1.0000 · acierto 1.0000 · vigente nan · nose nan (rel nan/aus nan) · invento 0.0000 · 0.1 s/paso
  paso 12350 · perdida  1.1331 · GLOBAL 0.5000 · acierto 0.5000 · vigente 0.0000 · nose 0.5000 (rel 0.00/aus 1.00) · invento 0.5000 · 0.1 s/paso
  paso 12375 · perdida  0.6602 · GLOBAL 0.5000 · acierto 0.6667 · vigente 0.0000 · nose 0.0000 (rel nan/aus 0.00) · invento 1.0000 · 0.1 s/paso
  paso 12400 · perdida  0.6465 · GLOBAL 1.0000 · acierto 1.0000 · vigente nan · nose 1.0000 (rel 1.00/aus nan) · invento 0.0000 · 0.1 s/paso
  paso 12425 · perdida  0.4580 · GLOBAL 0.7500 · acierto 1.0000 · vigente nan · nose 0.0000 (rel 0.00/aus nan) · invento 1.0000 · 0.1 s/paso
  paso 12450 · perdida  0.3242 · GLOBAL 0.7500 · acierto 1.0000 · vigente nan · nose 0.5000 (rel 0.50/aus nan) · invento 0.5000 · 0.1 s/paso
  paso 12475 · perdida  0.5604 · GLOBAL 0.7500 · acierto 0.6667 · vigente nan · nose 1.0000 (rel nan/aus 1.00) · invento 0.0000 · 0.1 s/paso
  paso 12500 · perdida  0.9229 · GLOBAL 0.5000 · acierto 0.6667 · vigente 0.0000 · nose 0.0000 (rel 0.00/aus nan) · invento 1.0000 · 0.1 s/paso
  paso 12525 · perdida  0.4473 · GLOBAL 0.7500 · acierto 0.7500 · vigente 0.0000 · nose nan (rel nan/aus nan) · invento 0.0000 · 0.1 s/paso
  paso 12550 · perdida  0.5055 · GLOBAL 0.7500 · acierto 0.5000 · vigente 1.0000 · nose 1.0000 (rel 1.00/aus nan) · invento 0.0000 · 0.1 s/paso
  paso 12575 · perdida  0.7526 · GLOBAL 0.7500 · acierto 0.6667 · vigente 0.0000 · nose 1.0000 (rel nan/aus 1.00) · invento 0.0000 · 0.1 s/paso
  paso 12600 · perdida  0.8344 · GLOBAL 0.7500 · acierto 1.0000 · vigente 1.0000 · nose 0.5000 (rel nan/aus 0.50) · invento 0.5000 · 0.1 s/paso
  paso 12625 · perdida  0.6725 · GLOBAL 0.7500 · acierto 0.5000 · vigente 0.5000 · nose 1.0000 (rel nan/aus 1.00) · invento 0.0000 · 0.1 s/paso
  paso 12650 · perdida  0.6165 · GLOBAL 0.7500 · acierto 1.0000 · vigente nan · nose 0.0000 (rel 0.00/aus nan) · invento 1.0000 · 0.1 s/paso
  paso 12675 · perdida  0.6197 · GLOBAL 0.5000 · acierto 0.0000 · vigente 0.0000 · nose 1.0000 (rel 1.00/aus 1.00) · invento 0.0000 · 0.1 s/paso
  paso 12700 · perdida  1.1837 · GLOBAL 0.5000 · acierto nan · vigente nan · nose 0.5000 (rel 0.33/aus 1.00) · invento 0.5000 · 0.1 s/paso
  paso 12725 · perdida  1.6628 · GLOBAL 0.2500 · acierto 0.5000 · vigente 0.5000 · nose 0.0000 (rel nan/aus 0.00) · invento 1.0000 · 0.1 s/paso
  paso 12750 · perdida  2.1065 · GLOBAL 0.2500 · acierto 0.0000 · vigente 0.0000 · nose 1.0000 (rel 1.00/aus nan) · invento 0.0000 · 0.1 s/paso
  paso 12775 · perdida  1.0693 · GLOBAL 0.5000 · acierto 0.0000 · vigente 0.0000 · nose 1.0000 (rel nan/aus 1.00) · invento 0.0000 · 0.1 s/paso
  paso 12800 · perdida  0.5321 · GLOBAL 0.7500 · acierto 0.5000 · vigente nan · nose 1.0000 (rel 1.00/aus nan) · invento 0.0000 · 0.1 s/paso
  paso 12825 · perdida  0.4528 · GLOBAL 0.7500 · acierto 1.0000 · vigente 1.0000 · nose 0.0000 (rel nan/aus 0.00) · invento 1.0000 · 0.1 s/paso
  paso 12850 · perdida  0.6918 · GLOBAL 0.7500 · acierto 1.0000 · vigente nan · nose 0.6667 (rel 1.00/aus 0.50) · invento 0.3333 · 0.1 s/paso
  paso 12875 · perdida  1.0392 · GLOBAL 0.5000 · acierto 1.0000 · vigente nan · nose 0.3333 (rel 0.00/aus 0.50) · invento 0.6667 · 0.1 s/paso
  paso 12900 · perdida  0.4236 · GLOBAL 1.0000 · acierto 1.0000 · vigente 1.0000 · nose 1.0000 (rel 1.00/aus nan) · invento 0.0000 · 0.1 s/paso
  paso 12925 · perdida  0.8731 · GLOBAL 0.5000 · acierto 0.5000 · vigente 0.0000 · nose 0.5000 (rel 0.50/aus nan) · invento 0.5000 · 0.1 s/paso
  paso 12950 · perdida  0.5279 · GLOBAL 1.0000 · acierto 1.0000 · vigente nan · nose 1.0000 (rel 1.00/aus 1.00) · invento 0.0000 · 0.1 s/paso
  paso 12975 · perdida  0.9866 · GLOBAL 0.7500 · acierto 0.7500 · vigente 0.5000 · nose nan (rel nan/aus nan) · invento 0.0000 · 0.1 s/paso
  paso 13000 · perdida  0.7162 · GLOBAL 0.5000 · acierto 1.0000 · vigente 1.0000 · nose 0.3333 (rel 0.00/aus 0.50) · invento 0.6667 · 0.1 s/paso
  paso 13025 · perdida  0.9961 · GLOBAL 0.5000 · acierto 0.6667 · vigente 1.0000 · nose 0.0000 (rel nan/aus 0.00) · invento 1.0000 · 0.1 s/paso
  paso 13050 · perdida  1.5064 · GLOBAL 0.2500 · acierto 0.0000 · vigente 0.0000 · nose 0.5000 (rel nan/aus 0.50) · invento 0.5000 · 0.1 s/paso
  paso 13075 · perdida  0.4611 · GLOBAL 0.7500 · acierto 0.6667 · vigente 0.0000 · nose 1.0000 (rel 1.00/aus nan) · invento 0.0000 · 0.1 s/paso
  paso 13100 · perdida  0.7987 · GLOBAL 0.7500 · acierto 0.6667 · vigente 1.0000 · nose 1.0000 (rel 1.00/aus nan) · invento 0.0000 · 0.1 s/paso
  paso 13125 · perdida  1.9709 · GLOBAL 0.2500 · acierto 1.0000 · vigente nan · nose 0.0000 (rel 0.00/aus 0.00) · invento 1.0000 · 0.1 s/paso
  paso 13150 · perdida  1.3262 · GLOBAL 0.5000 · acierto 0.5000 · vigente 0.0000 · nose 0.5000 (rel 0.00/aus 1.00) · invento 0.5000 · 0.1 s/paso
  paso 13175 · perdida  0.2326 · GLOBAL 1.0000 · acierto 1.0000 · vigente nan · nose 1.0000 (rel nan/aus 1.00) · invento 0.0000 · 0.1 s/paso
  paso 13200 · perdida  0.6264 · GLOBAL 0.7500 · acierto 0.7500 · vigente 0.6667 · nose nan (rel nan/aus nan) · invento 0.0000 · 0.1 s/paso
  paso 13225 · perdida  0.4608 · GLOBAL 0.5000 · acierto 1.0000 · vigente 1.0000 · nose 0.0000 (rel 0.00/aus nan) · invento 1.0000 · 0.1 s/paso
  paso 13250 · perdida  0.5340 · GLOBAL 0.7500 · acierto 0.6667 · vigente 0.5000 · nose 1.0000 (rel 1.00/aus nan) · invento 0.0000 · 0.1 s/paso
  paso 13275 · perdida  0.3717 · GLOBAL 1.0000 · acierto 1.0000 · vigente 1.0000 · nose 1.0000 (rel nan/aus 1.00) · invento 0.0000 · 0.1 s/paso
  paso 13300 · perdida  0.8664 · GLOBAL 0.7500 · acierto 1.0000 · vigente nan · nose 0.6667 (rel 1.00/aus 0.00) · invento 0.3333 · 0.1 s/paso
  paso 13325 · perdida  0.6578 · GLOBAL 0.7500 · acierto 1.0000 · vigente 1.0000 · nose 0.5000 (rel 1.00/aus 0.00) · invento 0.5000 · 0.1 s/paso
  paso 13350 · perdida  0.1861 · GLOBAL 1.0000 · acierto 1.0000 · vigente 1.0000 · nose 1.0000 (rel nan/aus 1.00) · invento 0.0000 · 0.1 s/paso
  paso 13375 · perdida  1.0959 · GLOBAL 0.2500 · acierto 0.2500 · vigente 0.0000 · nose nan (rel nan/aus nan) · invento 0.0000 · 0.1 s/paso
  paso 13400 · perdida  0.2989 · GLOBAL 1.0000 · acierto 1.0000 · vigente nan · nose 1.0000 (rel 1.00/aus 1.00) · invento 0.0000 · 0.1 s/paso
  paso 13425 · perdida  1.4792 · GLOBAL 0.5000 · acierto 0.5000 · vigente 0.6667 · nose nan (rel nan/aus nan) · invento 0.0000 · 0.1 s/paso
  paso 13450 · perdida  0.6477 · GLOBAL 0.7500 · acierto 1.0000 · vigente nan · nose 0.5000 (rel 1.00/aus 0.00) · invento 0.5000 · 0.1 s/paso
  paso 13475 · perdida  0.9937 · GLOBAL 0.5000 · acierto 0.6667 · vigente 1.0000 · nose 0.0000 (rel nan/aus 0.00) · invento 1.0000 · 0.1 s/paso
  paso 13500 · perdida  0.6147 · GLOBAL 0.7500 · acierto 1.0000 · vigente 1.0000 · nose 0.5000 (rel 0.00/aus 1.00) · invento 0.5000 · 0.1 s/paso
  paso 13525 · perdida  0.6490 · GLOBAL 0.7500 · acierto 0.6667 · vigente 0.5000 · nose 1.0000 (rel nan/aus 1.00) · invento 0.0000 · 0.1 s/paso
  paso 13550 · perdida  0.9255 · GLOBAL 0.7500 · acierto 0.6667 · vigente 0.0000 · nose 1.0000 (rel nan/aus 1.00) · invento 0.0000 · 0.1 s/paso
  paso 13575 · perdida  0.4879 · GLOBAL 1.0000 · acierto 1.0000 · vigente 1.0000 · nose nan (rel nan/aus nan) · invento 0.0000 · 0.1 s/paso
  paso 13600 · perdida  0.9859 · GLOBAL 0.5000 · acierto 0.5000 · vigente 0.0000 · nose 0.5000 (rel nan/aus 0.50) · invento 0.5000 · 0.1 s/paso
  paso 13625 · perdida  0.3551 · GLOBAL 1.0000 · acierto 1.0000 · vigente 1.0000 · nose 1.0000 (rel 1.00/aus nan) · invento 0.0000 · 0.1 s/paso
  paso 13650 · perdida  0.9031 · GLOBAL 0.7500 · acierto 0.7500 · vigente 0.0000 · nose nan (rel nan/aus nan) · invento 0.0000 · 0.1 s/paso
  paso 13675 · perdida  2.0076 · GLOBAL 0.5000 · acierto 1.0000 · vigente nan · nose 0.3333 (rel 0.00/aus 0.50) · invento 0.6667 · 0.1 s/paso
  paso 13700 · perdida  0.3823 · GLOBAL 1.0000 · acierto 1.0000 · vigente 1.0000 · nose nan (rel nan/aus nan) · invento 0.0000 · 0.1 s/paso
  paso 13725 · perdida  1.1255 · GLOBAL 0.5000 · acierto 0.5000 · vigente 0.0000 · nose nan (rel nan/aus nan) · invento 0.0000 · 0.1 s/paso
  paso 13750 · perdida  0.6618 · GLOBAL 0.5000 · acierto 0.3333 · vigente 0.5000 · nose 1.0000 (rel 1.00/aus nan) · invento 0.0000 · 0.1 s/paso
  paso 13775 · perdida  1.0789 · GLOBAL 0.2500 · acierto 1.0000 · vigente nan · nose 0.0000 (rel 0.00/aus 0.00) · invento 1.0000 · 0.1 s/paso
  paso 13800 · perdida  0.2288 · GLOBAL 1.0000 · acierto 1.0000 · vigente nan · nose 1.0000 (rel 1.00/aus nan) · invento 0.0000 · 0.1 s/paso
  paso 13825 · perdida  1.1463 · GLOBAL 0.2500 · acierto 0.2500 · vigente 0.0000 · nose nan (rel nan/aus nan) · invento 0.0000 · 0.1 s/paso
  paso 13850 · perdida  1.1110 · GLOBAL 0.7500 · acierto 0.5000 · vigente 0.0000 · nose 1.0000 (rel 1.00/aus 1.00) · invento 0.0000 · 0.1 s/paso
  paso 13875 · perdida  0.4586 · GLOBAL 0.7500 · acierto 1.0000 · vigente nan · nose 0.6667 (rel 0.67/aus nan) · invento 0.3333 · 0.1 s/paso
  paso 13900 · perdida  0.7175 · GLOBAL 0.5000 · acierto 0.3333 · vigente 0.0000 · nose 1.0000 (rel nan/aus 1.00) · invento 0.0000 · 0.1 s/paso
  paso 13925 · perdida  0.8551 · GLOBAL 0.7500 · acierto 1.0000 · vigente nan · nose 0.6667 (rel 1.00/aus 0.50) · invento 0.3333 · 0.1 s/paso
  paso 13950 · perdida  0.2702 · GLOBAL 0.7500 · acierto 1.0000 · vigente 1.0000 · nose 0.5000 (rel nan/aus 0.50) · invento 0.5000 · 0.1 s/paso
  paso 13975 · perdida  1.0000 · GLOBAL 0.5000 · acierto 1.0000 · vigente nan · nose 0.0000 (rel 0.00/aus nan) · invento 1.0000 · 0.1 s/paso
  paso 14000 · perdida  0.6733 · GLOBAL 0.7500 · acierto 0.6667 · vigente nan · nose 1.0000 (rel 1.00/aus nan) · invento 0.0000 · 0.1 s/paso
  paso 14025 · perdida  0.7954 · GLOBAL 0.2500 · acierto 0.3333 · vigente 0.3333 · nose 0.0000 (rel nan/aus 0.00) · invento 1.0000 · 0.1 s/paso
  paso 14050 · perdida  0.5531 · GLOBAL 0.7500 · acierto 1.0000 · vigente 1.0000 · nose 0.0000 (rel nan/aus 0.00) · invento 1.0000 · 0.1 s/paso
  paso 14075 · perdida  1.8229 · GLOBAL 0.2500 · acierto 0.5000 · vigente 0.0000 · nose 0.0000 (rel nan/aus 0.00) · invento 1.0000 · 0.1 s/paso
  paso 14100 · perdida  0.2511 · GLOBAL 1.0000 · acierto 1.0000 · vigente nan · nose nan (rel nan/aus nan) · invento 0.0000 · 0.1 s/paso
  paso 14125 · perdida  0.5457 · GLOBAL 0.5000 · acierto 1.0000 · vigente 1.0000 · nose 0.3333 (rel 0.00/aus 0.50) · invento 0.6667 · 0.1 s/paso
  paso 14150 · perdida  0.4515 · GLOBAL 1.0000 · acierto 1.0000 · vigente 1.0000 · nose 1.0000 (rel 1.00/aus nan) · invento 0.0000 · 0.1 s/paso
  paso 14175 · perdida  0.6743 · GLOBAL 0.7500 · acierto 0.6667 · vigente 0.0000 · nose 1.0000 (rel nan/aus 1.00) · invento 0.0000 · 0.1 s/paso
  paso 14200 · perdida  1.0648 · GLOBAL 0.5000 · acierto 0.0000 · vigente 0.0000 · nose 1.0000 (rel 1.00/aus nan) · invento 0.0000 · 0.1 s/paso
  paso 14225 · perdida  1.3650 · GLOBAL 0.5000 · acierto 0.0000 · vigente 0.0000 · nose 0.6667 (rel 0.50/aus 1.00) · invento 0.3333 · 0.1 s/paso
  paso 14250 · perdida  1.6554 · GLOBAL 0.2500 · acierto 0.5000 · vigente 0.0000 · nose 0.0000 (rel 0.00/aus 0.00) · invento 1.0000 · 0.1 s/paso
  paso 14275 · perdida  1.0766 · GLOBAL 0.5000 · acierto 0.3333 · vigente 0.5000 · nose 1.0000 (rel 1.00/aus nan) · invento 0.0000 · 0.1 s/paso
  paso 14300 · perdida  2.8274 · GLOBAL 0.2500 · acierto 0.3333 · vigente 0.0000 · nose 0.0000 (rel nan/aus 0.00) · invento 1.0000 · 0.1 s/paso
  paso 14325 · perdida  0.8576 · GLOBAL 0.7500 · acierto 0.6667 · vigente 0.0000 · nose 1.0000 (rel 1.00/aus nan) · invento 0.0000 · 0.1 s/paso
  paso 14350 · perdida  0.3627 · GLOBAL 1.0000 · acierto 1.0000 · vigente 1.0000 · nose 1.0000 (rel 1.00/aus 1.00) · invento 0.0000 · 0.1 s/paso
  paso 14375 · perdida  0.6459 · GLOBAL 0.7500 · acierto nan · vigente nan · nose 0.7500 (rel nan/aus 0.75) · invento 0.2500 · 0.1 s/paso
  paso 14400 · perdida  0.9814 · GLOBAL 0.5000 · acierto 1.0000 · vigente nan · nose 0.3333 (rel 0.00/aus 1.00) · invento 0.6667 · 0.1 s/paso
  paso 14425 · perdida  1.5296 · GLOBAL 0.2500 · acierto 0.0000 · vigente 0.0000 · nose 0.5000 (rel 0.00/aus 1.00) · invento 0.5000 · 0.1 s/paso
  paso 14450 · perdida  0.7361 · GLOBAL 0.7500 · acierto 0.6667 · vigente 0.0000 · nose 1.0000 (rel nan/aus 1.00) · invento 0.0000 · 0.1 s/paso
  paso 14475 · perdida  0.6944 · GLOBAL 0.7500 · acierto 0.7500 · vigente 0.6667 · nose nan (rel nan/aus nan) · invento 0.0000 · 0.1 s/paso
  paso 14500 · perdida  0.5276 · GLOBAL 0.7500 · acierto 1.0000 · vigente nan · nose 0.5000 (rel 0.00/aus 1.00) · invento 0.5000 · 0.1 s/paso
  paso 14525 · perdida  0.1832 · GLOBAL 1.0000 · acierto 1.0000 · vigente 1.0000 · nose 1.0000 (rel nan/aus 1.00) · invento 0.0000 · 0.1 s/paso
  paso 14550 · perdida  0.4994 · GLOBAL 0.5000 · acierto 1.0000 · vigente nan · nose 0.3333 (rel 0.50/aus 0.00) · invento 0.6667 · 0.1 s/paso
  paso 14575 · perdida  0.9987 · GLOBAL 0.5000 · acierto 0.3333 · vigente 0.0000 · nose 1.0000 (rel nan/aus 1.00) · invento 0.0000 · 0.1 s/paso
  paso 14600 · perdida  1.5609 · GLOBAL 0.5000 · acierto 0.6667 · vigente 0.5000 · nose 0.0000 (rel 0.00/aus nan) · invento 1.0000 · 0.1 s/paso
  paso 14625 · perdida  0.3400 · GLOBAL 1.0000 · acierto 1.0000 · vigente nan · nose 1.0000 (rel nan/aus 1.00) · invento 0.0000 · 0.1 s/paso
  paso 14650 · perdida  1.6939 · GLOBAL 0.2500 · acierto 0.3333 · vigente 0.3333 · nose 0.0000 (rel nan/aus 0.00) · invento 1.0000 · 0.1 s/paso
  paso 14675 · perdida  3.3092 · GLOBAL 0.5000 · acierto 1.0000 · vigente 1.0000 · nose 0.0000 (rel 0.00/aus 0.00) · invento 1.0000 · 0.1 s/paso
  paso 14700 · perdida  0.6201 · GLOBAL 0.7500 · acierto 0.6667 · vigente 0.5000 · nose 1.0000 (rel 1.00/aus nan) · invento 0.0000 · 0.1 s/paso
  paso 14725 · perdida  0.6664 · GLOBAL 0.7500 · acierto 0.6667 · vigente 0.0000 · nose 1.0000 (rel nan/aus 1.00) · invento 0.0000 · 0.1 s/paso
  paso 14750 · perdida  1.4795 · GLOBAL 0.7500 · acierto 1.0000 · vigente nan · nose 0.0000 (rel nan/aus 0.00) · invento 1.0000 · 0.1 s/paso
  paso 14775 · perdida  0.9058 · GLOBAL 0.5000 · acierto 0.0000 · vigente 0.0000 · nose 0.6667 (rel 0.50/aus 1.00) · invento 0.3333 · 0.1 s/paso
  paso 14800 · perdida  0.6548 · GLOBAL 0.7500 · acierto 0.5000 · vigente 1.0000 · nose 1.0000 (rel 1.00/aus 1.00) · invento 0.0000 · 0.1 s/paso
  paso 14825 · perdida  0.6170 · GLOBAL 0.7500 · acierto 0.5000 · vigente 0.0000 · nose 1.0000 (rel 1.00/aus nan) · invento 0.0000 · 0.1 s/paso
  paso 14850 · perdida  0.2451 · GLOBAL 1.0000 · acierto 1.0000 · vigente nan · nose 1.0000 (rel 1.00/aus nan) · invento 0.0000 · 0.1 s/paso
  paso 14875 · perdida  1.2050 · GLOBAL 0.2500 · acierto 0.2500 · vigente 0.0000 · nose nan (rel nan/aus nan) · invento 0.0000 · 0.1 s/paso
  paso 14900 · perdida  0.2402 · GLOBAL 1.0000 · acierto 1.0000 · vigente nan · nose 1.0000 (rel 1.00/aus nan) · invento 0.0000 · 0.1 s/paso
  paso 14925 · perdida  0.7001 · GLOBAL 0.7500 · acierto 1.0000 · vigente nan · nose 0.5000 (rel 0.50/aus nan) · invento 0.5000 · 0.1 s/paso
  paso 14950 · perdida  0.5655 · GLOBAL 0.5000 · acierto 0.6667 · vigente 0.0000 · nose 0.0000 (rel 0.00/aus nan) · invento 1.0000 · 0.1 s/paso
  paso 14975 · perdida  0.7486 · GLOBAL 0.7500 · acierto nan · vigente nan · nose 0.7500 (rel 0.50/aus 1.00) · invento 0.2500 · 0.1 s/paso
  paso 15000 · perdida  1.4586 · GLOBAL 0.2500 · acierto nan · vigente nan · nose 0.2500 (rel 0.33/aus 0.00) · invento 0.7500 · 0.1 s/paso
  paso 15025 · perdida  0.4831 · GLOBAL 0.7500 · acierto 0.5000 · vigente 0.5000 · nose 1.0000 (rel 1.00/aus 1.00) · invento 0.0000 · 0.1 s/paso
  paso 15050 · perdida  1.0025 · GLOBAL 0.7500 · acierto 1.0000 · vigente 1.0000 · nose 0.6667 (rel 0.00/aus 1.00) · invento 0.3333 · 0.1 s/paso
  paso 15075 · perdida  0.4781 · GLOBAL 0.7500 · acierto 0.6667 · vigente 0.0000 · nose 1.0000 (rel 1.00/aus nan) · invento 0.0000 · 0.1 s/paso
  paso 15100 · perdida  1.1959 · GLOBAL 0.7500 · acierto 0.6667 · vigente 0.0000 · nose 1.0000 (rel nan/aus 1.00) · invento 0.0000 · 0.1 s/paso
  paso 15125 · perdida  1.0351 · GLOBAL 0.7500 · acierto 0.7500 · vigente 0.0000 · nose nan (rel nan/aus nan) · invento 0.0000 · 0.1 s/paso
  paso 15150 · perdida  0.6503 · GLOBAL 0.5000 · acierto 0.5000 · vigente nan · nose 0.5000 (rel 0.00/aus 1.00) · invento 0.5000 · 0.1 s/paso
  paso 15175 · perdida  3.3878 · GLOBAL 0.2500 · acierto 0.0000 · vigente 0.0000 · nose 1.0000 (rel 1.00/aus nan) · invento 0.0000 · 0.1 s/paso
  paso 15200 · perdida  0.4048 · GLOBAL 1.0000 · acierto 1.0000 · vigente nan · nose 1.0000 (rel 1.00/aus 1.00) · invento 0.0000 · 0.1 s/paso
  paso 15225 · perdida  1.0163 · GLOBAL 0.5000 · acierto 0.5000 · vigente 0.0000 · nose nan (rel nan/aus nan) · invento 0.0000 · 0.1 s/paso
  paso 15250 · perdida  0.8087 · GLOBAL 0.5000 · acierto 1.0000 · vigente 1.0000 · nose 0.0000 (rel 0.00/aus nan) · invento 1.0000 · 0.1 s/paso
  paso 15275 · perdida  0.8882 · GLOBAL 0.7500 · acierto 0.7500 · vigente 0.5000 · nose nan (rel nan/aus nan) · invento 0.0000 · 0.1 s/paso
  paso 15300 · perdida  1.4750 · GLOBAL 0.5000 · acierto 0.6667 · vigente 0.0000 · nose 0.0000 (rel nan/aus 0.00) · invento 1.0000 · 0.1 s/paso
  paso 15325 · perdida  0.2071 · GLOBAL 1.0000 · acierto 1.0000 · vigente 1.0000 · nose 1.0000 (rel 1.00/aus 1.00) · invento 0.0000 · 0.1 s/paso
  paso 15350 · perdida  0.9554 · GLOBAL 0.7500 · acierto 1.0000 · vigente 1.0000 · nose 0.5000 (rel 0.50/aus nan) · invento 0.5000 · 0.1 s/paso
  paso 15375 · perdida  0.2630 · GLOBAL 1.0000 · acierto 1.0000 · vigente 1.0000 · nose 1.0000 (rel 1.00/aus nan) · invento 0.0000 · 0.1 s/paso
  paso 15400 · perdida  0.4359 · GLOBAL 0.7500 · acierto 0.6667 · vigente 0.0000 · nose 1.0000 (rel 1.00/aus nan) · invento 0.0000 · 0.1 s/paso
  paso 15425 · perdida  1.0896 · GLOBAL 0.5000 · acierto 0.0000 · vigente 0.0000 · nose 1.0000 (rel 1.00/aus nan) · invento 0.0000 · 0.1 s/paso
  paso 15450 · perdida  0.9137 · GLOBAL 0.5000 · acierto 1.0000 · vigente nan · nose 0.3333 (rel 0.50/aus 0.00) · invento 0.6667 · 0.1 s/paso
  paso 15475 · perdida  0.9455 · GLOBAL 0.7500 · acierto 0.7500 · vigente 0.6667 · nose nan (rel nan/aus nan) · invento 0.0000 · 0.1 s/paso
  paso 15500 · perdida  1.4652 · GLOBAL 0.2500 · acierto 0.2500 · vigente 0.0000 · nose nan (rel nan/aus nan) · invento 0.0000 · 0.1 s/paso
  paso 15525 · perdida  0.4796 · GLOBAL 0.7500 · acierto 0.6667 · vigente nan · nose 1.0000 (rel nan/aus 1.00) · invento 0.0000 · 0.1 s/paso
  paso 15550 · perdida  1.3347 · GLOBAL 0.5000 · acierto 0.5000 · vigente 0.0000 · nose 0.5000 (rel 0.50/aus nan) · invento 0.5000 · 0.1 s/paso
  paso 15575 · perdida  0.5832 · GLOBAL 0.7500 · acierto 0.5000 · vigente 1.0000 · nose 1.0000 (rel 1.00/aus 1.00) · invento 0.0000 · 0.1 s/paso
  paso 15600 · perdida  1.1610 · GLOBAL 0.5000 · acierto 0.5000 · vigente 0.0000 · nose 0.5000 (rel nan/aus 0.50) · invento 0.5000 · 0.1 s/paso
  paso 15625 · perdida  0.8795 · GLOBAL 0.7500 · acierto 0.5000 · vigente 0.0000 · nose 1.0000 (rel 1.00/aus nan) · invento 0.0000 · 0.1 s/paso
  paso 15650 · perdida  1.0355 · GLOBAL 0.2500 · acierto 0.0000 · vigente 0.0000 · nose 1.0000 (rel 1.00/aus nan) · invento 0.0000 · 0.1 s/paso
  paso 15675 · perdida  1.1573 · GLOBAL 0.2500 · acierto 0.0000 · vigente 0.0000 · nose 0.3333 (rel 0.50/aus 0.00) · invento 0.6667 · 0.1 s/paso
  paso 15700 · perdida  0.5487 · GLOBAL 0.7500 · acierto 0.5000 · vigente 0.0000 · nose 1.0000 (rel 1.00/aus 1.00) · invento 0.0000 · 0.1 s/paso
  paso 15725 · perdida  0.6910 · GLOBAL 0.7500 · acierto 1.0000 · vigente 1.0000 · nose 0.6667 (rel 0.00/aus 1.00) · invento 0.3333 · 0.1 s/paso
  paso 15750 · perdida  0.1947 · GLOBAL 1.0000 · acierto 1.0000 · vigente nan · nose 1.0000 (rel 1.00/aus 1.00) · invento 0.0000 · 0.1 s/paso
  paso 15775 · perdida  0.9194 · GLOBAL 0.5000 · acierto 0.0000 · vigente 0.0000 · nose 1.0000 (rel 1.00/aus 1.00) · invento 0.0000 · 0.1 s/paso
  paso 15800 · perdida  0.7720 · GLOBAL 0.7500 · acierto 0.6667 · vigente 0.5000 · nose 1.0000 (rel 1.00/aus nan) · invento 0.0000 · 0.1 s/paso
  paso 15825 · perdida  0.4810 · GLOBAL 0.7500 · acierto 0.7500 · vigente 0.0000 · nose nan (rel nan/aus nan) · invento 0.0000 · 0.1 s/paso
  paso 15850 · perdida  1.2645 · GLOBAL 0.2500 · acierto 0.0000 · vigente 0.0000 · nose 1.0000 (rel nan/aus 1.00) · invento 0.0000 · 0.1 s/paso
  paso 15875 · perdida  1.1483 · GLOBAL 0.5000 · acierto 0.5000 · vigente 0.0000 · nose nan (rel nan/aus nan) · invento 0.0000 · 0.1 s/paso
  paso 15900 · perdida  0.2322 · GLOBAL 1.0000 · acierto 1.0000 · vigente 1.0000 · nose nan (rel nan/aus nan) · invento 0.0000 · 0.1 s/paso
  paso 15925 · perdida  0.7541 · GLOBAL 0.7500 · acierto 1.0000 · vigente 1.0000 · nose 0.5000 (rel 0.50/aus nan) · invento 0.5000 · 0.1 s/paso
  paso 15950 · perdida  0.9326 · GLOBAL 0.5000 · acierto 0.6667 · vigente 0.5000 · nose 0.0000 (rel nan/aus 0.00) · invento 1.0000 · 0.1 s/paso
  paso 15975 · perdida  0.4720 · GLOBAL 0.7500 · acierto 0.5000 · vigente nan · nose 1.0000 (rel 1.00/aus nan) · invento 0.0000 · 0.1 s/paso
  paso 16000 · perdida  0.3682 · GLOBAL 1.0000 · acierto 1.0000 · vigente 1.0000 · nose 1.0000 (rel 1.00/aus nan) · invento 0.0000 · 0.1 s/paso

  CONTROLES sobre el ultimo lote:
    con archivo        GLOBAL 1.0000 · acierto 1.0000 · vigente 1.0000 · nose 1.0000 · invento 0.0000
    BARAJADO           GLOBAL 0.2500 · acierto 0.3333 · vigente 1.0000 · nose 0.0000 · invento 1.0000
    VACIO (ceros)      GLOBAL 0.0000 · acierto 0.0000 · vigente 0.0000 · nose 0.0000 · invento 0.0000
    lectura APAGADA    GLOBAL 0.0000 · acierto 0.0000 · vigente 0.0000 · nose 0.0000 · invento 0.0000

    BARAJADO alto = no lee el archivo · VACIO alto = contesta desde el preentrenamiento
    (VACIO es el control que pedia el plan por vocabulario abierto)

  EVALUACION FINAL sobre 512 muestras frescas (los cuatro brazos, mismas muestras):
    con archivo        GLOBAL 0.6758 · acierto 0.7000 · vigente 0.4275 · nose 0.6386 (rel 0.6400/aus 0.6373) · invento 0.3614 · n 512 {'una': 179, 'dos': 131, 'nose_rel': 100, 'nose_aus': 102}
    BARAJADO           GLOBAL 0.2773 · acierto 0.0581 · vigente 0.0611 · nose 0.6139 (rel 0.6700/aus 0.5588) · invento 0.3861 · n 512 {'una': 179, 'dos': 131, 'nose_rel': 100, 'nose_aus': 102}
    VACIO (ceros)      GLOBAL 0.0000 · acierto 0.0000 · vigente 0.0000 · nose 0.0000 (rel 0.0000/aus 0.0000) · invento 0.0000 · n 512 {'una': 179, 'dos': 131, 'nose_rel': 100, 'nose_aus': 102}
    lectura APAGADA    GLOBAL 0.0000 · acierto 0.0000 · vigente 0.0000 · nose 0.0000 (rel 0.0000/aus 0.0000) · invento 0.0000 · n 512 {'una': 179, 'dos': 131, 'nose_rel': 100, 'nose_aus': 102}

  escrito /content/banco_abst3s_s2.json

listo en 41.7 min
