== banco_ent8_s0 en la cuenta H · sesion NUEVA banco_h_1702 · 20000 pasos
[colab] Creating session 'banco_h_1702'...
[colab] Session READY.
[colab] Uploaded '/tmp/tmp.lIHKp1SQh0/banco.tgz' to '/content/banco.tgz'
entorno 2.11.0+cu128 5.16.1 True 
cmd /usr/bin/python3 -u banco_escalado.py --semilla 0 --pasos 20000 --cada 25 --salida /content/banco_ent8_s0.json --n-ent 8 --n-val 8 --n-rel 1 --batch 4 --distractores 4 --arch 4 --p-dos 0 --p-una 1
lanzado pid 2433
VIVO= True
ULTIMO= paso  650 · perdida  2.4176 · GLOBAL 0.2500 · acierto 0.2500 · vigente nan · nose nan · invento 0.0000 · 0.1 s/paso
VIVO= True
ULTIMO= paso 1650 · perdida  0.0089 · GLOBAL 1.0000 · acierto 1.0000 · vigente nan · nose nan · invento 0.0000 · 0.1 s/paso
VIVO= True
ULTIMO= paso 2800 · perdida  0.0000 · GLOBAL 1.0000 · acierto 1.0000 · vigente nan · nose nan · invento 0.0000 · 0.1 s/paso
VIVO= True
ULTIMO= paso 3800 · perdida  0.0001 · GLOBAL 1.0000 · acierto 1.0000 · vigente nan · nose nan · invento 0.0000 · 0.1 s/paso
VIVO= True
ULTIMO= paso 4800 · perdida  0.0000 · GLOBAL 1.0000 · acierto 1.0000 · vigente nan · nose nan · invento 0.0000 · 0.1 s/paso
VIVO= True
ULTIMO= paso 6150 · perdida  0.0000 · GLOBAL 1.0000 · acierto 1.0000 · vigente nan · nose nan · invento 0.0000 · 0.1 s/paso
VIVO= True
ULTIMO= paso 7125 · perdida  0.0000 · GLOBAL 1.0000 · acierto 1.0000 · vigente nan · nose nan · invento 0.0000 · 0.1 s/paso
VIVO= True
ULTIMO= paso 8150 · perdida  0.0000 · GLOBAL 1.0000 · acierto 1.0000 · vigente nan · nose nan · invento 0.0000 · 0.1 s/paso
VIVO= True
ULTIMO= paso 9150 · perdida  0.0000 · GLOBAL 1.0000 · acierto 1.0000 · vigente nan · nose nan · invento 0.0000 · 0.1 s/paso
VIVO= True
ULTIMO= paso 10250 · perdida  0.0000 · GLOBAL 1.0000 · acierto 1.0000 · vigente nan · nose nan · invento 0.0000 · 0.1 s/paso
VIVO= True
ULTIMO= paso 11250 · perdida  0.0000 · GLOBAL 1.0000 · acierto 1.0000 · vigente nan · nose nan · invento 0.0000 · 0.1 s/paso
VIVO= True
ULTIMO= paso 12325 · perdida  0.0000 · GLOBAL 1.0000 · acierto 1.0000 · vigente nan · nose nan · invento 0.0000 · 0.1 s/paso
VIVO= True
ULTIMO= paso 13325 · perdida  0.0000 · GLOBAL 1.0000 · acierto 1.0000 · vigente nan · nose nan · invento 0.0000 · 0.1 s/paso
VIVO= True
ULTIMO= paso 14325 · perdida  0.0000 · GLOBAL 1.0000 · acierto 1.0000 · vigente nan · nose nan · invento 0.0000 · 0.1 s/paso
VIVO= True
ULTIMO= paso 15350 · perdida  0.0000 · GLOBAL 1.0000 · acierto 1.0000 · vigente nan · nose nan · invento 0.0000 · 0.1 s/paso
VIVO= True
ULTIMO= paso 16350 · perdida  0.0000 · GLOBAL 1.0000 · acierto 1.0000 · vigente nan · nose nan · invento 0.0000 · 0.1 s/paso
╰──────────────────────────────────────────────────────────────────────────────╯
RuntimeError: Connection was lost.
VIVO= True
ULTIMO= paso 19775 · perdida  0.0000 · GLOBAL 1.0000 · acierto 1.0000 · vigente nan · nose nan · invento 0.0000 · 0.1 s/paso
VIVO= False
ULTIMO= listo en 41.3 min
[colab] Downloaded '/content/banco_ent8_s0.json' to '/home/maxi/Disco_de_Guardado/Carpetas_Usuario/Documentos/Nuevo Transformer/delta-archivo/modelo_real/banco_ent8_s0.json'
[colab] Downloaded '/content/banco.log' to '/home/maxi/Disco_de_Guardado/Carpetas_Usuario/Documentos/Nuevo Transformer/delta-archivo/modelo_real/banco_ent8_s0.log'
== banco_ent8_s0 LISTO
