== banco_ent15_s1 en la cuenta K · sesion NUEVA banco_k_1702 · 20000 pasos
[colab] Creating session 'banco_k_1702'...
[colab] Session READY.
[colab] Uploaded '/tmp/tmp.Q1i8m8mMQL/banco.tgz' to '/content/banco.tgz'
entorno 2.11.0+cu128 5.16.1 True 
cmd /usr/bin/python3 -u banco_escalado.py --semilla 1 --pasos 20000 --cada 25 --salida /content/banco_ent15_s1.json --n-ent 15 --n-val 8 --n-rel 1 --batch 4 --distractores 4 --arch 4 --p-dos 0 --p-una 1
lanzado pid 4025
VIVO= True
ULTIMO= paso  650 · perdida  2.3430 · GLOBAL 0.0000 · acierto 0.0000 · vigente nan · nose nan · invento 0.0000 · 0.1 s/paso
VIVO= True
ULTIMO= paso 1675 · perdida  3.0427 · GLOBAL 0.0000 · acierto 0.0000 · vigente nan · nose nan · invento 0.0000 · 0.1 s/paso
VIVO= True
ULTIMO= paso 2675 · perdida  0.7645 · GLOBAL 0.7500 · acierto 0.7500 · vigente nan · nose nan · invento 0.0000 · 0.1 s/paso
VIVO= True
ULTIMO= paso 3675 · perdida  0.1087 · GLOBAL 1.0000 · acierto 1.0000 · vigente nan · nose nan · invento 0.0000 · 0.1 s/paso
VIVO= True
ULTIMO= paso 4675 · perdida  0.0017 · GLOBAL 1.0000 · acierto 1.0000 · vigente nan · nose nan · invento 0.0000 · 0.1 s/paso
VIVO= True
ULTIMO= paso 5700 · perdida  0.0000 · GLOBAL 1.0000 · acierto 1.0000 · vigente nan · nose nan · invento 0.0000 · 0.1 s/paso
VIVO= True
ULTIMO= paso 6700 · perdida  0.0089 · GLOBAL 1.0000 · acierto 1.0000 · vigente nan · nose nan · invento 0.0000 · 0.1 s/paso
VIVO= True
ULTIMO= paso 7700 · perdida  0.0000 · GLOBAL 1.0000 · acierto 1.0000 · vigente nan · nose nan · invento 0.0000 · 0.1 s/paso
