Warning: You are sending unauthenticated requests to the HF Hub. Please set a HF_TOKEN to enable higher rate limits and faster downloads.
Loading weights:   0%|          | 0/201 [00:00<?, ?it/s]Loading weights:   0%|          | 1/201 [00:00<00:36,  5.41it/s]Loading weights:   7%|▋         | 15/201 [00:00<00:03, 57.34it/s]Loading weights:  16%|█▋        | 33/201 [00:00<00:01, 92.62it/s]Loading weights:  24%|██▍       | 49/201 [00:00<00:01, 105.45it/s]Loading weights:  30%|███       | 61/201 [00:00<00:01, 105.59it/s]Loading weights:  38%|███▊      | 76/201 [00:00<00:01, 116.77it/s]Loading weights:  44%|████▍     | 89/201 [00:00<00:00, 116.03it/s]Loading weights:  50%|█████     | 101/201 [00:01<00:00, 113.87it/s]Loading weights:  56%|█████▌    | 113/201 [00:01<00:00, 108.99it/s]Loading weights:  63%|██████▎   | 126/201 [00:01<00:00, 112.46it/s]Loading weights:  69%|██████▉   | 139/201 [00:01<00:00, 108.08it/s]Loading weights:  75%|███████▍  | 150/201 [00:01<00:00, 106.14it/s]Loading weights:  81%|████████  | 163/201 [00:01<00:00, 111.72it/s]Loading weights:  87%|████████▋ | 175/201 [00:01<00:00, 112.73it/s]Loading weights:  93%|█████████▎| 187/201 [00:01<00:00, 97.70it/s] Loading weights: 100%|██████████| 201/201 [00:01<00:00, 105.41it/s]
DENSO · atencion completa en las 22 capas · sin conv corta
TinyLlama/TinyLlama-1.1B-Chat-v1.0 · 1.10 B CONGELADOS · entrenables 2.11 M (0.192 %) · rango 256 · cuda
escritura capa 11 · lectura capa 2 · 8 entidades · 8 valores · 1 relaciones · batch 4 · archivo 4 · 22 bloques
abstencion 'None' -> 6213 · piso trivial de responder al azar 1/8 = 0.1250
PISO DEL MUDO: abstenerse SIEMPRE da GLOBAL 0.0000. Por debajo de eso el modelo es peor que el silencio.
  paso    1 · perdida  6.9763 · GLOBAL 0.0000 · acierto 0.0000 · vigente 0.0000 · nose nan · invento 0.0000 · 1.5 s/paso
  paso   25 · perdida  2.1860 · GLOBAL 0.0000 · acierto 0.0000 · vigente 0.0000 · nose nan · invento 0.0000 · 0.2 s/paso
  paso   50 · perdida  1.5307 · GLOBAL 0.5000 · acierto 0.5000 · vigente 0.5000 · nose nan · invento 0.0000 · 0.2 s/paso
  paso   75 · perdida  2.6868 · GLOBAL 0.0000 · acierto 0.0000 · vigente 0.0000 · nose nan · invento 0.0000 · 0.2 s/paso
  paso  100 · perdida  1.8526 · GLOBAL 0.2500 · acierto 0.2500 · vigente 0.2500 · nose nan · invento 0.0000 · 0.2 s/paso
  paso  125 · perdida  2.3819 · GLOBAL 0.2500 · acierto 0.2500 · vigente 0.2500 · nose nan · invento 0.0000 · 0.2 s/paso
  paso  150 · perdida  2.5051 · GLOBAL 0.0000 · acierto 0.0000 · vigente 0.0000 · nose nan · invento 0.0000 · 0.2 s/paso
  paso  175 · perdida  2.3516 · GLOBAL 0.0000 · acierto 0.0000 · vigente 0.0000 · nose nan · invento 0.0000 · 0.1 s/paso
  paso  200 · perdida  2.7990 · GLOBAL 0.0000 · acierto 0.0000 · vigente 0.0000 · nose nan · invento 0.0000 · 0.1 s/paso
  paso  225 · perdida  3.0145 · GLOBAL 0.0000 · acierto 0.0000 · vigente 0.0000 · nose nan · invento 0.0000 · 0.1 s/paso
  paso  250 · perdida  2.0277 · GLOBAL 0.2500 · acierto 0.2500 · vigente 0.2500 · nose nan · invento 0.0000 · 0.1 s/paso
  paso  275 · perdida  2.9226 · GLOBAL 0.0000 · acierto 0.0000 · vigente 0.0000 · nose nan · invento 0.0000 · 0.1 s/paso
  paso  300 · perdida  2.4932 · GLOBAL 0.0000 · acierto 0.0000 · vigente 0.0000 · nose nan · invento 0.0000 · 0.1 s/paso
  paso  325 · perdida  1.9144 · GLOBAL 0.2500 · acierto 0.2500 · vigente 0.2500 · nose nan · invento 0.0000 · 0.1 s/paso
  paso  350 · perdida  2.4192 · GLOBAL 0.0000 · acierto 0.0000 · vigente 0.0000 · nose nan · invento 0.0000 · 0.1 s/paso
  paso  375 · perdida  2.0887 · GLOBAL 0.2500 · acierto 0.2500 · vigente 0.2500 · nose nan · invento 0.0000 · 0.1 s/paso
  paso  400 · perdida  2.2260 · GLOBAL 0.0000 · acierto 0.0000 · vigente 0.0000 · nose nan · invento 0.0000 · 0.1 s/paso
  paso  425 · perdida  2.0565 · GLOBAL 0.2500 · acierto 0.2500 · vigente 0.2500 · nose nan · invento 0.0000 · 0.1 s/paso
  paso  450 · perdida  1.8853 · GLOBAL 0.0000 · acierto 0.0000 · vigente 0.0000 · nose nan · invento 0.0000 · 0.1 s/paso
  paso  475 · perdida  3.0141 · GLOBAL 0.0000 · acierto 0.0000 · vigente 0.0000 · nose nan · invento 0.0000 · 0.1 s/paso
  paso  500 · perdida  2.2546 · GLOBAL 0.0000 · acierto 0.0000 · vigente 0.0000 · nose nan · invento 0.0000 · 0.1 s/paso
  paso  525 · perdida  1.6974 · GLOBAL 0.5000 · acierto 0.5000 · vigente 0.5000 · nose nan · invento 0.0000 · 0.1 s/paso
  paso  550 · perdida  2.1613 · GLOBAL 0.2500 · acierto 0.2500 · vigente 0.2500 · nose nan · invento 0.0000 · 0.1 s/paso
  paso  575 · perdida  2.8370 · GLOBAL 0.2500 · acierto 0.2500 · vigente 0.2500 · nose nan · invento 0.0000 · 0.1 s/paso
  paso  600 · perdida  2.3737 · GLOBAL 0.2500 · acierto 0.2500 · vigente 0.2500 · nose nan · invento 0.0000 · 0.1 s/paso
  paso  625 · perdida  2.5897 · GLOBAL 0.0000 · acierto 0.0000 · vigente 0.0000 · nose nan · invento 0.0000 · 0.1 s/paso
  paso  650 · perdida  1.8367 · GLOBAL 0.2500 · acierto 0.2500 · vigente 0.2500 · nose nan · invento 0.0000 · 0.1 s/paso
  paso  675 · perdida  1.5596 · GLOBAL 0.5000 · acierto 0.5000 · vigente 0.5000 · nose nan · invento 0.0000 · 0.1 s/paso
  paso  700 · perdida  1.8547 · GLOBAL 0.2500 · acierto 0.2500 · vigente 0.2500 · nose nan · invento 0.0000 · 0.1 s/paso
  paso  725 · perdida  2.6470 · GLOBAL 0.0000 · acierto 0.0000 · vigente 0.0000 · nose nan · invento 0.0000 · 0.1 s/paso
  paso  750 · perdida  2.1696 · GLOBAL 0.2500 · acierto 0.2500 · vigente 0.2500 · nose nan · invento 0.0000 · 0.1 s/paso
  paso  775 · perdida  2.0513 · GLOBAL 0.2500 · acierto 0.2500 · vigente 0.2500 · nose nan · invento 0.0000 · 0.1 s/paso
  paso  800 · perdida  2.4387 · GLOBAL 0.0000 · acierto 0.0000 · vigente 0.0000 · nose nan · invento 0.0000 · 0.1 s/paso
  paso  825 · perdida  1.3331 · GLOBAL 0.2500 · acierto 0.2500 · vigente 0.2500 · nose nan · invento 0.0000 · 0.1 s/paso
  paso  850 · perdida  1.9019 · GLOBAL 0.2500 · acierto 0.2500 · vigente 0.2500 · nose nan · invento 0.0000 · 0.1 s/paso
  paso  875 · perdida  2.2895 · GLOBAL 0.0000 · acierto 0.0000 · vigente 0.0000 · nose nan · invento 0.0000 · 0.1 s/paso
  paso  900 · perdida  1.8397 · GLOBAL 0.2500 · acierto 0.2500 · vigente 0.2500 · nose nan · invento 0.0000 · 0.1 s/paso
  paso  925 · perdida  2.2176 · GLOBAL 0.0000 · acierto 0.0000 · vigente 0.0000 · nose nan · invento 0.0000 · 0.1 s/paso
  paso  950 · perdida  1.8347 · GLOBAL 0.5000 · acierto 0.5000 · vigente 0.5000 · nose nan · invento 0.0000 · 0.1 s/paso
  paso  975 · perdida  1.8637 · GLOBAL 0.2500 · acierto 0.2500 · vigente 0.2500 · nose nan · invento 0.0000 · 0.1 s/paso
  paso 1000 · perdida  2.2282 · GLOBAL 0.2500 · acierto 0.2500 · vigente 0.2500 · nose nan · invento 0.0000 · 0.2 s/paso
  paso 1025 · perdida  1.6035 · GLOBAL 0.2500 · acierto 0.2500 · vigente 0.2500 · nose nan · invento 0.0000 · 0.2 s/paso
  paso 1050 · perdida  2.7079 · GLOBAL 0.0000 · acierto 0.0000 · vigente 0.0000 · nose nan · invento 0.0000 · 0.2 s/paso
  paso 1075 · perdida  1.4964 · GLOBAL 0.5000 · acierto 0.5000 · vigente 0.5000 · nose nan · invento 0.0000 · 0.2 s/paso
  paso 1100 · perdida  1.1876 · GLOBAL 0.7500 · acierto 0.7500 · vigente 0.7500 · nose nan · invento 0.0000 · 0.2 s/paso
  paso 1125 · perdida  2.6435 · GLOBAL 0.0000 · acierto 0.0000 · vigente 0.0000 · nose nan · invento 0.0000 · 0.2 s/paso
  paso 1150 · perdida  1.8397 · GLOBAL 0.2500 · acierto 0.2500 · vigente 0.2500 · nose nan · invento 0.0000 · 0.2 s/paso
  paso 1175 · perdida  1.7878 · GLOBAL 0.2500 · acierto 0.2500 · vigente 0.2500 · nose nan · invento 0.0000 · 0.2 s/paso
  paso 1200 · perdida  2.2763 · GLOBAL 0.0000 · acierto 0.0000 · vigente 0.0000 · nose nan · invento 0.0000 · 0.2 s/paso
  paso 1225 · perdida  1.5392 · GLOBAL 0.5000 · acierto 0.5000 · vigente 0.5000 · nose nan · invento 0.0000 · 0.2 s/paso
  paso 1250 · perdida  1.8833 · GLOBAL 0.2500 · acierto 0.2500 · vigente 0.2500 · nose nan · invento 0.0000 · 0.2 s/paso
  paso 1275 · perdida  1.9946 · GLOBAL 0.0000 · acierto 0.0000 · vigente 0.0000 · nose nan · invento 0.0000 · 0.2 s/paso
  paso 1300 · perdida  1.7064 · GLOBAL 0.5000 · acierto 0.5000 · vigente 0.5000 · nose nan · invento 0.0000 · 0.2 s/paso
  paso 1325 · perdida  2.4928 · GLOBAL 0.2500 · acierto 0.2500 · vigente 0.2500 · nose nan · invento 0.0000 · 0.2 s/paso
  paso 1350 · perdida  1.2830 · GLOBAL 0.7500 · acierto 0.7500 · vigente 0.7500 · nose nan · invento 0.0000 · 0.2 s/paso
  paso 1375 · perdida  2.4427 · GLOBAL 0.2500 · acierto 0.2500 · vigente 0.2500 · nose nan · invento 0.0000 · 0.2 s/paso
  paso 1400 · perdida  0.8940 · GLOBAL 0.7500 · acierto 0.7500 · vigente 0.7500 · nose nan · invento 0.0000 · 0.2 s/paso
  paso 1425 · perdida  1.1136 · GLOBAL 0.5000 · acierto 0.5000 · vigente 0.5000 · nose nan · invento 0.0000 · 0.2 s/paso
  paso 1450 · perdida  1.8671 · GLOBAL 0.5000 · acierto 0.5000 · vigente 0.5000 · nose nan · invento 0.0000 · 0.2 s/paso
  paso 1475 · perdida  2.2760 · GLOBAL 0.2500 · acierto 0.2500 · vigente 0.2500 · nose nan · invento 0.0000 · 0.2 s/paso
  paso 1500 · perdida  1.4213 · GLOBAL 0.5000 · acierto 0.5000 · vigente 0.5000 · nose nan · invento 0.0000 · 0.2 s/paso
  paso 1525 · perdida  1.0449 · GLOBAL 0.5000 · acierto 0.5000 · vigente 0.5000 · nose nan · invento 0.0000 · 0.2 s/paso
  paso 1550 · perdida  1.1804 · GLOBAL 0.5000 · acierto 0.5000 · vigente 0.5000 · nose nan · invento 0.0000 · 0.2 s/paso
  paso 1575 · perdida  1.0357 · GLOBAL 0.7500 · acierto 0.7500 · vigente 0.7500 · nose nan · invento 0.0000 · 0.2 s/paso
  paso 1600 · perdida  1.6482 · GLOBAL 0.5000 · acierto 0.5000 · vigente 0.5000 · nose nan · invento 0.0000 · 0.2 s/paso
  paso 1625 · perdida  0.8847 · GLOBAL 0.7500 · acierto 0.7500 · vigente 0.7500 · nose nan · invento 0.0000 · 0.2 s/paso
  paso 1650 · perdida  0.7592 · GLOBAL 1.0000 · acierto 1.0000 · vigente 1.0000 · nose nan · invento 0.0000 · 0.2 s/paso
  paso 1675 · perdida  1.0949 · GLOBAL 0.5000 · acierto 0.5000 · vigente 0.5000 · nose nan · invento 0.0000 · 0.2 s/paso
  paso 1700 · perdida  0.9875 · GLOBAL 0.7500 · acierto 0.7500 · vigente 0.7500 · nose nan · invento 0.0000 · 0.2 s/paso
  paso 1725 · perdida  1.5914 · GLOBAL 0.7500 · acierto 0.7500 · vigente 0.7500 · nose nan · invento 0.0000 · 0.2 s/paso
  paso 1750 · perdida  1.8409 · GLOBAL 0.2500 · acierto 0.2500 · vigente 0.2500 · nose nan · invento 0.0000 · 0.2 s/paso
  paso 1775 · perdida  1.4575 · GLOBAL 0.2500 · acierto 0.2500 · vigente 0.2500 · nose nan · invento 0.0000 · 0.2 s/paso
  paso 1800 · perdida  1.0053 · GLOBAL 0.5000 · acierto 0.5000 · vigente 0.5000 · nose nan · invento 0.0000 · 0.2 s/paso
  paso 1825 · perdida  0.9885 · GLOBAL 0.5000 · acierto 0.5000 · vigente 0.5000 · nose nan · invento 0.0000 · 0.2 s/paso
  paso 1850 · perdida  2.1914 · GLOBAL 0.2500 · acierto 0.2500 · vigente 0.2500 · nose nan · invento 0.0000 · 0.2 s/paso
  paso 1875 · perdida  2.4501 · GLOBAL 0.5000 · acierto 0.5000 · vigente 0.5000 · nose nan · invento 0.0000 · 0.2 s/paso
  paso 1900 · perdida  1.6585 · GLOBAL 0.5000 · acierto 0.5000 · vigente 0.5000 · nose nan · invento 0.0000 · 0.2 s/paso
  paso 1925 · perdida  2.6434 · GLOBAL 0.0000 · acierto 0.0000 · vigente 0.0000 · nose nan · invento 0.0000 · 0.2 s/paso
  paso 1950 · perdida  0.4280 · GLOBAL 1.0000 · acierto 1.0000 · vigente 1.0000 · nose nan · invento 0.0000 · 0.2 s/paso
  paso 1975 · perdida  0.7897 · GLOBAL 0.5000 · acierto 0.5000 · vigente 0.5000 · nose nan · invento 0.0000 · 0.2 s/paso
  paso 2000 · perdida  0.5013 · GLOBAL 1.0000 · acierto 1.0000 · vigente 1.0000 · nose nan · invento 0.0000 · 0.2 s/paso

  CONTROLES sobre el ultimo lote:
    con archivo        GLOBAL 1.0000 · acierto 1.0000 · vigente 1.0000 · nose nan · invento 0.0000
    BARAJADO           GLOBAL 0.2500 · acierto 0.2500 · vigente 0.2500 · nose nan · invento 0.0000
    VACIO (ceros)      GLOBAL 0.0000 · acierto 0.0000 · vigente 0.0000 · nose nan · invento 0.0000
    lectura APAGADA    GLOBAL 0.0000 · acierto 0.0000 · vigente 0.0000 · nose nan · invento 0.0000

    BARAJADO alto = no lee el archivo · VACIO alto = contesta desde el preentrenamiento
    (VACIO es el control que pedia el plan por vocabulario abierto)

  escrito /content/banco_ver_s0.json

listo en 5.2 min
