Warning: You are sending unauthenticated requests to the HF Hub. Please set a HF_TOKEN to enable higher rate limits and faster downloads.
Loading weights:   0%|          | 0/201 [00:00<?, ?it/s]Loading weights:   0%|          | 1/201 [00:00<00:42,  4.71it/s]Loading weights:   7%|▋         | 15/201 [00:00<00:03, 56.27it/s]Loading weights:  16%|█▋        | 33/201 [00:00<00:01, 92.51it/s]Loading weights:  25%|██▌       | 51/201 [00:00<00:01, 111.56it/s]Loading weights:  33%|███▎      | 67/201 [00:00<00:01, 118.77it/s]Loading weights:  40%|████      | 81/201 [00:00<00:00, 122.72it/s]Loading weights:  47%|████▋     | 94/201 [00:00<00:00, 117.60it/s]Loading weights:  53%|█████▎    | 107/201 [00:01<00:00, 117.92it/s]Loading weights:  60%|██████    | 121/201 [00:01<00:00, 118.21it/s]Loading weights:  66%|██████▌   | 133/201 [00:01<00:00, 107.64it/s]Loading weights:  74%|███████▎  | 148/201 [00:01<00:00, 114.60it/s]Loading weights:  80%|███████▉  | 160/201 [00:01<00:00, 111.56it/s]Loading weights:  86%|████████▌ | 172/201 [00:01<00:00, 111.33it/s]Loading weights:  92%|█████████▏| 185/201 [00:01<00:00, 111.38it/s]Loading weights:  99%|█████████▊| 198/201 [00:01<00:00, 111.89it/s]Loading weights: 100%|██████████| 201/201 [00:01<00:00, 108.39it/s]
DENSO · atencion completa en las 22 capas · sin conv corta
TinyLlama/TinyLlama-1.1B-Chat-v1.0 · 1.10 B CONGELADOS · entrenables 2.11 M (0.192 %) · rango 256 · cuda
escritura capa 11 · lectura capa 2 · 8 entidades · 8 valores · 1 relaciones · batch 4 · archivo 4 · 22 bloques
abstencion 'None' -> 6213 · piso trivial de responder al azar 1/8 = 0.1250
PISO DEL MUDO: abstenerse SIEMPRE da GLOBAL 0.0000. Por debajo de eso el modelo es peor que el silencio.
  paso    1 · perdida  5.7192 · GLOBAL 0.0000 · acierto 0.0000 · vigente 0.0000 · nose nan · invento 0.0000 · 1.5 s/paso
  paso   25 · perdida  2.7284 · GLOBAL 0.2500 · acierto 0.2500 · vigente 0.2500 · nose nan · invento 0.0000 · 0.2 s/paso
  paso   50 · perdida  2.5667 · GLOBAL 0.0000 · acierto 0.0000 · vigente 0.0000 · nose nan · invento 0.0000 · 0.2 s/paso
  paso   75 · perdida  2.3784 · GLOBAL 0.0000 · acierto 0.0000 · vigente 0.0000 · nose nan · invento 0.0000 · 0.2 s/paso
  paso  100 · perdida  2.4295 · GLOBAL 0.0000 · acierto 0.0000 · vigente 0.0000 · nose nan · invento 0.0000 · 0.2 s/paso
  paso  125 · perdida  1.9526 · GLOBAL 0.0000 · acierto 0.0000 · vigente 0.0000 · nose nan · invento 0.0000 · 0.2 s/paso
  paso  150 · perdida  2.0498 · GLOBAL 0.2500 · acierto 0.2500 · vigente 0.2500 · nose nan · invento 0.0000 · 0.2 s/paso
  paso  175 · perdida  2.7156 · GLOBAL 0.0000 · acierto 0.0000 · vigente 0.0000 · nose nan · invento 0.0000 · 0.2 s/paso
  paso  200 · perdida  2.2773 · GLOBAL 0.2500 · acierto 0.2500 · vigente 0.2500 · nose nan · invento 0.0000 · 0.1 s/paso
  paso  225 · perdida  2.5377 · GLOBAL 0.0000 · acierto 0.0000 · vigente 0.0000 · nose nan · invento 0.0000 · 0.1 s/paso
  paso  250 · perdida  2.0750 · GLOBAL 0.2500 · acierto 0.2500 · vigente 0.2500 · nose nan · invento 0.0000 · 0.1 s/paso
  paso  275 · perdida  2.1717 · GLOBAL 0.0000 · acierto 0.0000 · vigente 0.0000 · nose nan · invento 0.0000 · 0.1 s/paso
  paso  300 · perdida  1.7421 · GLOBAL 0.2500 · acierto 0.2500 · vigente 0.2500 · nose nan · invento 0.0000 · 0.1 s/paso
  paso  325 · perdida  2.3138 · GLOBAL 0.2500 · acierto 0.2500 · vigente 0.2500 · nose nan · invento 0.0000 · 0.1 s/paso
  paso  350 · perdida  2.4347 · GLOBAL 0.0000 · acierto 0.0000 · vigente 0.0000 · nose nan · invento 0.0000 · 0.1 s/paso
  paso  375 · perdida  2.1197 · GLOBAL 0.2500 · acierto 0.2500 · vigente 0.2500 · nose nan · invento 0.0000 · 0.1 s/paso
  paso  400 · perdida  3.0220 · GLOBAL 0.0000 · acierto 0.0000 · vigente 0.0000 · nose nan · invento 0.0000 · 0.1 s/paso
  paso  425 · perdida  2.3983 · GLOBAL 0.0000 · acierto 0.0000 · vigente 0.0000 · nose nan · invento 0.0000 · 0.1 s/paso
  paso  450 · perdida  2.7924 · GLOBAL 0.0000 · acierto 0.0000 · vigente 0.0000 · nose nan · invento 0.0000 · 0.1 s/paso
  paso  475 · perdida  2.1049 · GLOBAL 0.2500 · acierto 0.2500 · vigente 0.2500 · nose nan · invento 0.0000 · 0.1 s/paso
  paso  500 · perdida  1.8639 · GLOBAL 0.5000 · acierto 0.5000 · vigente 0.5000 · nose nan · invento 0.0000 · 0.1 s/paso
  paso  525 · perdida  2.0704 · GLOBAL 0.2500 · acierto 0.2500 · vigente 0.2500 · nose nan · invento 0.0000 · 0.2 s/paso
  paso  550 · perdida  2.1669 · GLOBAL 0.0000 · acierto 0.0000 · vigente 0.0000 · nose nan · invento 0.0000 · 0.2 s/paso
  paso  575 · perdida  2.0610 · GLOBAL 0.0000 · acierto 0.0000 · vigente 0.0000 · nose nan · invento 0.0000 · 0.2 s/paso
  paso  600 · perdida  1.9647 · GLOBAL 0.2500 · acierto 0.2500 · vigente 0.2500 · nose nan · invento 0.0000 · 0.2 s/paso
  paso  625 · perdida  2.3568 · GLOBAL 0.0000 · acierto 0.0000 · vigente 0.0000 · nose nan · invento 0.0000 · 0.2 s/paso
  paso  650 · perdida  1.9449 · GLOBAL 0.0000 · acierto 0.0000 · vigente 0.0000 · nose nan · invento 0.0000 · 0.2 s/paso
  paso  675 · perdida  1.6903 · GLOBAL 0.2500 · acierto 0.2500 · vigente 0.2500 · nose nan · invento 0.0000 · 0.2 s/paso
  paso  700 · perdida  1.7713 · GLOBAL 0.2500 · acierto 0.2500 · vigente 0.2500 · nose nan · invento 0.0000 · 0.2 s/paso
  paso  725 · perdida  2.1678 · GLOBAL 0.0000 · acierto 0.0000 · vigente 0.0000 · nose nan · invento 0.0000 · 0.2 s/paso
  paso  750 · perdida  1.8842 · GLOBAL 0.2500 · acierto 0.2500 · vigente 0.2500 · nose nan · invento 0.0000 · 0.2 s/paso
  paso  775 · perdida  1.6445 · GLOBAL 0.2500 · acierto 0.2500 · vigente 0.2500 · nose nan · invento 0.0000 · 0.2 s/paso
  paso  800 · perdida  2.2220 · GLOBAL 0.2500 · acierto 0.2500 · vigente 0.2500 · nose nan · invento 0.0000 · 0.2 s/paso
  paso  825 · perdida  2.2606 · GLOBAL 0.0000 · acierto 0.0000 · vigente 0.0000 · nose nan · invento 0.0000 · 0.2 s/paso
  paso  850 · perdida  2.0053 · GLOBAL 0.0000 · acierto 0.0000 · vigente 0.0000 · nose nan · invento 0.0000 · 0.2 s/paso
  paso  875 · perdida  2.5052 · GLOBAL 0.2500 · acierto 0.2500 · vigente 0.2500 · nose nan · invento 0.0000 · 0.2 s/paso
  paso  900 · perdida  1.6859 · GLOBAL 0.5000 · acierto 0.5000 · vigente 0.5000 · nose nan · invento 0.0000 · 0.2 s/paso
  paso  925 · perdida  1.7759 · GLOBAL 0.2500 · acierto 0.2500 · vigente 0.2500 · nose nan · invento 0.0000 · 0.2 s/paso
  paso  950 · perdida  2.2541 · GLOBAL 0.0000 · acierto 0.0000 · vigente 0.0000 · nose nan · invento 0.0000 · 0.2 s/paso
  paso  975 · perdida  1.6704 · GLOBAL 0.5000 · acierto 0.5000 · vigente 0.5000 · nose nan · invento 0.0000 · 0.2 s/paso
  paso 1000 · perdida  1.8373 · GLOBAL 0.2500 · acierto 0.2500 · vigente 0.2500 · nose nan · invento 0.0000 · 0.2 s/paso
  paso 1025 · perdida  2.6553 · GLOBAL 0.0000 · acierto 0.0000 · vigente 0.0000 · nose nan · invento 0.0000 · 0.2 s/paso
  paso 1050 · perdida  0.7244 · GLOBAL 0.7500 · acierto 0.7500 · vigente 0.7500 · nose nan · invento 0.0000 · 0.2 s/paso
  paso 1075 · perdida  0.9498 · GLOBAL 0.5000 · acierto 0.5000 · vigente 0.5000 · nose nan · invento 0.0000 · 0.2 s/paso
  paso 1100 · perdida  2.0916 · GLOBAL 0.2500 · acierto 0.2500 · vigente 0.2500 · nose nan · invento 0.0000 · 0.2 s/paso
  paso 1125 · perdida  1.9868 · GLOBAL 0.2500 · acierto 0.2500 · vigente 0.2500 · nose nan · invento 0.0000 · 0.2 s/paso
  paso 1150 · perdida  2.7904 · GLOBAL 0.0000 · acierto 0.0000 · vigente 0.0000 · nose nan · invento 0.0000 · 0.2 s/paso
  paso 1175 · perdida  1.8874 · GLOBAL 0.5000 · acierto 0.5000 · vigente 0.5000 · nose nan · invento 0.0000 · 0.2 s/paso
  paso 1200 · perdida  1.3760 · GLOBAL 0.7500 · acierto 0.7500 · vigente 0.7500 · nose nan · invento 0.0000 · 0.2 s/paso
  paso 1225 · perdida  2.0691 · GLOBAL 0.0000 · acierto 0.0000 · vigente 0.0000 · nose nan · invento 0.0000 · 0.2 s/paso
  paso 1250 · perdida  1.6702 · GLOBAL 0.2500 · acierto 0.2500 · vigente 0.2500 · nose nan · invento 0.0000 · 0.2 s/paso
  paso 1275 · perdida  2.1820 · GLOBAL 0.2500 · acierto 0.2500 · vigente 0.2500 · nose nan · invento 0.0000 · 0.2 s/paso
  paso 1300 · perdida  2.9371 · GLOBAL 0.2500 · acierto 0.2500 · vigente 0.2500 · nose nan · invento 0.0000 · 0.2 s/paso
  paso 1325 · perdida  1.4179 · GLOBAL 0.2500 · acierto 0.2500 · vigente 0.2500 · nose nan · invento 0.0000 · 0.2 s/paso
  paso 1350 · perdida  2.5564 · GLOBAL 0.0000 · acierto 0.0000 · vigente 0.0000 · nose nan · invento 0.0000 · 0.2 s/paso
  paso 1375 · perdida  2.2942 · GLOBAL 0.2500 · acierto 0.2500 · vigente 0.2500 · nose nan · invento 0.0000 · 0.2 s/paso
  paso 1400 · perdida  1.3280 · GLOBAL 0.5000 · acierto 0.5000 · vigente 0.5000 · nose nan · invento 0.0000 · 0.2 s/paso
  paso 1425 · perdida  1.5036 · GLOBAL 0.2500 · acierto 0.2500 · vigente 0.2500 · nose nan · invento 0.0000 · 0.2 s/paso
  paso 1450 · perdida  1.5214 · GLOBAL 0.5000 · acierto 0.5000 · vigente 0.5000 · nose nan · invento 0.0000 · 0.2 s/paso
  paso 1475 · perdida  2.5432 · GLOBAL 0.0000 · acierto 0.0000 · vigente 0.0000 · nose nan · invento 0.0000 · 0.2 s/paso
  paso 1500 · perdida  1.1964 · GLOBAL 0.7500 · acierto 0.7500 · vigente 0.7500 · nose nan · invento 0.0000 · 0.2 s/paso
  paso 1525 · perdida  1.7920 · GLOBAL 0.0000 · acierto 0.0000 · vigente 0.0000 · nose nan · invento 0.0000 · 0.2 s/paso
  paso 1550 · perdida  1.5691 · GLOBAL 0.5000 · acierto 0.5000 · vigente 0.5000 · nose nan · invento 0.0000 · 0.2 s/paso
  paso 1575 · perdida  1.7095 · GLOBAL 0.5000 · acierto 0.5000 · vigente 0.5000 · nose nan · invento 0.0000 · 0.2 s/paso
  paso 1600 · perdida  2.0780 · GLOBAL 0.5000 · acierto 0.5000 · vigente 0.5000 · nose nan · invento 0.0000 · 0.2 s/paso
  paso 1625 · perdida  1.8725 · GLOBAL 0.2500 · acierto 0.2500 · vigente 0.2500 · nose nan · invento 0.0000 · 0.2 s/paso
  paso 1650 · perdida  2.8155 · GLOBAL 0.0000 · acierto 0.0000 · vigente 0.0000 · nose nan · invento 0.0000 · 0.2 s/paso
  paso 1675 · perdida  0.9291 · GLOBAL 0.7500 · acierto 0.7500 · vigente 0.7500 · nose nan · invento 0.0000 · 0.2 s/paso
  paso 1700 · perdida  1.1382 · GLOBAL 0.5000 · acierto 0.5000 · vigente 0.5000 · nose nan · invento 0.0000 · 0.2 s/paso
  paso 1725 · perdida  1.9202 · GLOBAL 0.2500 · acierto 0.2500 · vigente 0.2500 · nose nan · invento 0.0000 · 0.2 s/paso
  paso 1750 · perdida  1.3386 · GLOBAL 0.5000 · acierto 0.5000 · vigente 0.5000 · nose nan · invento 0.0000 · 0.2 s/paso
  paso 1775 · perdida  2.7999 · GLOBAL 0.0000 · acierto 0.0000 · vigente 0.0000 · nose nan · invento 0.0000 · 0.2 s/paso
  paso 1800 · perdida  1.4785 · GLOBAL 0.5000 · acierto 0.5000 · vigente 0.5000 · nose nan · invento 0.0000 · 0.2 s/paso
  paso 1825 · perdida  1.6984 · GLOBAL 0.7500 · acierto 0.7500 · vigente 0.7500 · nose nan · invento 0.0000 · 0.2 s/paso
  paso 1850 · perdida  3.5859 · GLOBAL 0.2500 · acierto 0.2500 · vigente 0.2500 · nose nan · invento 0.0000 · 0.2 s/paso
  paso 1875 · perdida  1.0261 · GLOBAL 0.7500 · acierto 0.7500 · vigente 0.7500 · nose nan · invento 0.0000 · 0.2 s/paso
  paso 1900 · perdida  1.1559 · GLOBAL 0.7500 · acierto 0.7500 · vigente 0.7500 · nose nan · invento 0.0000 · 0.2 s/paso
  paso 1925 · perdida  2.7896 · GLOBAL 0.2500 · acierto 0.2500 · vigente 0.2500 · nose nan · invento 0.0000 · 0.2 s/paso
  paso 1950 · perdida  2.5356 · GLOBAL 0.2500 · acierto 0.2500 · vigente 0.2500 · nose nan · invento 0.0000 · 0.2 s/paso
  paso 1975 · perdida  2.1860 · GLOBAL 0.0000 · acierto 0.0000 · vigente 0.0000 · nose nan · invento 0.0000 · 0.2 s/paso
  paso 2000 · perdida  0.9756 · GLOBAL 0.7500 · acierto 0.7500 · vigente 0.7500 · nose nan · invento 0.0000 · 0.2 s/paso
  paso 2025 · perdida  0.6599 · GLOBAL 0.7500 · acierto 0.7500 · vigente 0.7500 · nose nan · invento 0.0000 · 0.2 s/paso
  paso 2050 · perdida  1.2090 · GLOBAL 0.7500 · acierto 0.7500 · vigente 0.7500 · nose nan · invento 0.0000 · 0.2 s/paso
  paso 2075 · perdida  1.3728 · GLOBAL 0.7500 · acierto 0.7500 · vigente 0.7500 · nose nan · invento 0.0000 · 0.2 s/paso
  paso 2100 · perdida  0.7635 · GLOBAL 0.7500 · acierto 0.7500 · vigente 0.7500 · nose nan · invento 0.0000 · 0.2 s/paso
  paso 2125 · perdida  0.4406 · GLOBAL 1.0000 · acierto 1.0000 · vigente 1.0000 · nose nan · invento 0.0000 · 0.2 s/paso
  paso 2150 · perdida  0.6775 · GLOBAL 0.7500 · acierto 0.7500 · vigente 0.7500 · nose nan · invento 0.0000 · 0.2 s/paso
  paso 2175 · perdida  0.9762 · GLOBAL 0.5000 · acierto 0.5000 · vigente 0.5000 · nose nan · invento 0.0000 · 0.2 s/paso
  paso 2200 · perdida  0.3073 · GLOBAL 1.0000 · acierto 1.0000 · vigente 1.0000 · nose nan · invento 0.0000 · 0.2 s/paso
  paso 2225 · perdida  0.8578 · GLOBAL 0.7500 · acierto 0.7500 · vigente 0.7500 · nose nan · invento 0.0000 · 0.2 s/paso
  paso 2250 · perdida  2.8809 · GLOBAL 0.2500 · acierto 0.2500 · vigente 0.2500 · nose nan · invento 0.0000 · 0.2 s/paso
  paso 2275 · perdida  3.3742 · GLOBAL 0.2500 · acierto 0.2500 · vigente 0.2500 · nose nan · invento 0.0000 · 0.2 s/paso
  paso 2300 · perdida  1.5872 · GLOBAL 0.7500 · acierto 0.7500 · vigente 0.7500 · nose nan · invento 0.0000 · 0.2 s/paso
  paso 2325 · perdida  1.1085 · GLOBAL 0.7500 · acierto 0.7500 · vigente 0.7500 · nose nan · invento 0.0000 · 0.2 s/paso
  paso 2350 · perdida  0.9997 · GLOBAL 0.5000 · acierto 0.5000 · vigente 0.5000 · nose nan · invento 0.0000 · 0.2 s/paso
  paso 2375 · perdida  1.0263 · GLOBAL 0.5000 · acierto 0.5000 · vigente 0.5000 · nose nan · invento 0.0000 · 0.2 s/paso
  paso 2400 · perdida  1.5632 · GLOBAL 0.5000 · acierto 0.5000 · vigente 0.5000 · nose nan · invento 0.0000 · 0.2 s/paso
  paso 2425 · perdida  0.1250 · GLOBAL 1.0000 · acierto 1.0000 · vigente 1.0000 · nose nan · invento 0.0000 · 0.2 s/paso
  paso 2450 · perdida  0.2093 · GLOBAL 1.0000 · acierto 1.0000 · vigente 1.0000 · nose nan · invento 0.0000 · 0.2 s/paso
  paso 2475 · perdida  1.3861 · GLOBAL 0.7500 · acierto 0.7500 · vigente 0.7500 · nose nan · invento 0.0000 · 0.2 s/paso
  paso 2500 · perdida  0.3968 · GLOBAL 0.7500 · acierto 0.7500 · vigente 0.7500 · nose nan · invento 0.0000 · 0.2 s/paso
  paso 2525 · perdida  0.9005 · GLOBAL 0.7500 · acierto 0.7500 · vigente 0.7500 · nose nan · invento 0.0000 · 0.2 s/paso
  paso 2550 · perdida  0.6449 · GLOBAL 0.7500 · acierto 0.7500 · vigente 0.7500 · nose nan · invento 0.0000 · 0.2 s/paso
  paso 2575 · perdida  0.0402 · GLOBAL 1.0000 · acierto 1.0000 · vigente 1.0000 · nose nan · invento 0.0000 · 0.2 s/paso
  paso 2600 · perdida  0.3741 · GLOBAL 1.0000 · acierto 1.0000 · vigente 1.0000 · nose nan · invento 0.0000 · 0.2 s/paso
  paso 2625 · perdida  0.2154 · GLOBAL 1.0000 · acierto 1.0000 · vigente 1.0000 · nose nan · invento 0.0000 · 0.2 s/paso
  paso 2650 · perdida  0.1164 · GLOBAL 1.0000 · acierto 1.0000 · vigente 1.0000 · nose nan · invento 0.0000 · 0.2 s/paso
  paso 2675 · perdida  0.3287 · GLOBAL 1.0000 · acierto 1.0000 · vigente 1.0000 · nose nan · invento 0.0000 · 0.2 s/paso
  paso 2700 · perdida  0.5332 · GLOBAL 0.7500 · acierto 0.7500 · vigente 0.7500 · nose nan · invento 0.0000 · 0.2 s/paso
  paso 2725 · perdida  1.3928 · GLOBAL 0.7500 · acierto 0.7500 · vigente 0.7500 · nose nan · invento 0.0000 · 0.2 s/paso
  paso 2750 · perdida  0.4939 · GLOBAL 0.7500 · acierto 0.7500 · vigente 0.7500 · nose nan · invento 0.0000 · 0.2 s/paso
  paso 2775 · perdida  0.5574 · GLOBAL 0.7500 · acierto 0.7500 · vigente 0.7500 · nose nan · invento 0.0000 · 0.2 s/paso
  paso 2800 · perdida  0.3508 · GLOBAL 1.0000 · acierto 1.0000 · vigente 1.0000 · nose nan · invento 0.0000 · 0.2 s/paso
  paso 2825 · perdida  1.0192 · GLOBAL 0.7500 · acierto 0.7500 · vigente 0.7500 · nose nan · invento 0.0000 · 0.2 s/paso
  paso 2850 · perdida  0.7278 · GLOBAL 0.7500 · acierto 0.7500 · vigente 0.7500 · nose nan · invento 0.0000 · 0.2 s/paso
  paso 2875 · perdida  0.5224 · GLOBAL 0.7500 · acierto 0.7500 · vigente 0.7500 · nose nan · invento 0.0000 · 0.2 s/paso
  paso 2900 · perdida  0.5698 · GLOBAL 0.7500 · acierto 0.7500 · vigente 0.7500 · nose nan · invento 0.0000 · 0.2 s/paso
  paso 2925 · perdida  0.3120 · GLOBAL 1.0000 · acierto 1.0000 · vigente 1.0000 · nose nan · invento 0.0000 · 0.2 s/paso
  paso 2950 · perdida  0.0846 · GLOBAL 1.0000 · acierto 1.0000 · vigente 1.0000 · nose nan · invento 0.0000 · 0.2 s/paso
  paso 2975 · perdida  1.4441 · GLOBAL 0.7500 · acierto 0.7500 · vigente 0.7500 · nose nan · invento 0.0000 · 0.2 s/paso
  paso 3000 · perdida  0.5647 · GLOBAL 0.7500 · acierto 0.7500 · vigente 0.7500 · nose nan · invento 0.0000 · 0.2 s/paso
  paso 3025 · perdida  0.5666 · GLOBAL 1.0000 · acierto 1.0000 · vigente 1.0000 · nose nan · invento 0.0000 · 0.2 s/paso
  paso 3050 · perdida  0.0997 · GLOBAL 1.0000 · acierto 1.0000 · vigente 1.0000 · nose nan · invento 0.0000 · 0.2 s/paso
  paso 3075 · perdida  0.1826 · GLOBAL 1.0000 · acierto 1.0000 · vigente 1.0000 · nose nan · invento 0.0000 · 0.2 s/paso
  paso 3100 · perdida  0.2153 · GLOBAL 1.0000 · acierto 1.0000 · vigente 1.0000 · nose nan · invento 0.0000 · 0.2 s/paso
  paso 3125 · perdida  0.4830 · GLOBAL 1.0000 · acierto 1.0000 · vigente 1.0000 · nose nan · invento 0.0000 · 0.2 s/paso
  paso 3150 · perdida  0.0112 · GLOBAL 1.0000 · acierto 1.0000 · vigente 1.0000 · nose nan · invento 0.0000 · 0.2 s/paso
  paso 3175 · perdida  0.1673 · GLOBAL 1.0000 · acierto 1.0000 · vigente 1.0000 · nose nan · invento 0.0000 · 0.2 s/paso
  paso 3200 · perdida  0.8384 · GLOBAL 0.7500 · acierto 0.7500 · vigente 0.7500 · nose nan · invento 0.0000 · 0.2 s/paso
  paso 3225 · perdida  0.1926 · GLOBAL 1.0000 · acierto 1.0000 · vigente 1.0000 · nose nan · invento 0.0000 · 0.2 s/paso
  paso 3250 · perdida  0.1879 · GLOBAL 1.0000 · acierto 1.0000 · vigente 1.0000 · nose nan · invento 0.0000 · 0.2 s/paso
  paso 3275 · perdida  0.0852 · GLOBAL 1.0000 · acierto 1.0000 · vigente 1.0000 · nose nan · invento 0.0000 · 0.2 s/paso
  paso 3300 · perdida  0.2314 · GLOBAL 0.7500 · acierto 0.7500 · vigente 0.7500 · nose nan · invento 0.0000 · 0.2 s/paso
  paso 3325 · perdida  0.1166 · GLOBAL 1.0000 · acierto 1.0000 · vigente 1.0000 · nose nan · invento 0.0000 · 0.2 s/paso
  paso 3350 · perdida  0.6503 · GLOBAL 0.7500 · acierto 0.7500 · vigente 0.7500 · nose nan · invento 0.0000 · 0.2 s/paso
  paso 3375 · perdida  0.3629 · GLOBAL 0.7500 · acierto 0.7500 · vigente 0.7500 · nose nan · invento 0.0000 · 0.2 s/paso
  paso 3400 · perdida  0.0626 · GLOBAL 1.0000 · acierto 1.0000 · vigente 1.0000 · nose nan · invento 0.0000 · 0.2 s/paso
  paso 3425 · perdida  0.1065 · GLOBAL 1.0000 · acierto 1.0000 · vigente 1.0000 · nose nan · invento 0.0000 · 0.2 s/paso
  paso 3450 · perdida  0.1262 · GLOBAL 1.0000 · acierto 1.0000 · vigente 1.0000 · nose nan · invento 0.0000 · 0.2 s/paso
  paso 3475 · perdida  0.1848 · GLOBAL 1.0000 · acierto 1.0000 · vigente 1.0000 · nose nan · invento 0.0000 · 0.2 s/paso
  paso 3500 · perdida  0.4971 · GLOBAL 0.7500 · acierto 0.7500 · vigente 0.7500 · nose nan · invento 0.0000 · 0.2 s/paso
  paso 3525 · perdida  0.0463 · GLOBAL 1.0000 · acierto 1.0000 · vigente 1.0000 · nose nan · invento 0.0000 · 0.2 s/paso
  paso 3550 · perdida  1.7544 · GLOBAL 0.5000 · acierto 0.5000 · vigente 0.5000 · nose nan · invento 0.0000 · 0.2 s/paso
  paso 3575 · perdida  0.4585 · GLOBAL 0.7500 · acierto 0.7500 · vigente 0.7500 · nose nan · invento 0.0000 · 0.2 s/paso
  paso 3600 · perdida  0.8805 · GLOBAL 0.7500 · acierto 0.7500 · vigente 0.7500 · nose nan · invento 0.0000 · 0.2 s/paso
  paso 3625 · perdida  0.1129 · GLOBAL 1.0000 · acierto 1.0000 · vigente 1.0000 · nose nan · invento 0.0000 · 0.2 s/paso
  paso 3650 · perdida  0.2049 · GLOBAL 1.0000 · acierto 1.0000 · vigente 1.0000 · nose nan · invento 0.0000 · 0.2 s/paso
  paso 3675 · perdida  0.0381 · GLOBAL 1.0000 · acierto 1.0000 · vigente 1.0000 · nose nan · invento 0.0000 · 0.2 s/paso
  paso 3700 · perdida  0.2118 · GLOBAL 1.0000 · acierto 1.0000 · vigente 1.0000 · nose nan · invento 0.0000 · 0.2 s/paso
  paso 3725 · perdida  0.2092 · GLOBAL 1.0000 · acierto 1.0000 · vigente 1.0000 · nose nan · invento 0.0000 · 0.2 s/paso
  paso 3750 · perdida  0.2778 · GLOBAL 1.0000 · acierto 1.0000 · vigente 1.0000 · nose nan · invento 0.0000 · 0.2 s/paso
  paso 3775 · perdida  0.5920 · GLOBAL 0.7500 · acierto 0.7500 · vigente 0.7500 · nose nan · invento 0.0000 · 0.2 s/paso
  paso 3800 · perdida  0.3003 · GLOBAL 1.0000 · acierto 1.0000 · vigente 1.0000 · nose nan · invento 0.0000 · 0.2 s/paso
  paso 3825 · perdida  0.3146 · GLOBAL 0.7500 · acierto 0.7500 · vigente 0.7500 · nose nan · invento 0.0000 · 0.2 s/paso
  paso 3850 · perdida  0.2152 · GLOBAL 0.7500 · acierto 0.7500 · vigente 0.7500 · nose nan · invento 0.0000 · 0.2 s/paso
  paso 3875 · perdida  0.6123 · GLOBAL 0.5000 · acierto 0.5000 · vigente 0.5000 · nose nan · invento 0.0000 · 0.2 s/paso
  paso 3900 · perdida  0.9625 · GLOBAL 0.7500 · acierto 0.7500 · vigente 0.7500 · nose nan · invento 0.0000 · 0.2 s/paso
  paso 3925 · perdida  0.0790 · GLOBAL 1.0000 · acierto 1.0000 · vigente 1.0000 · nose nan · invento 0.0000 · 0.2 s/paso
  paso 3950 · perdida  0.2393 · GLOBAL 0.7500 · acierto 0.7500 · vigente 0.7500 · nose nan · invento 0.0000 · 0.2 s/paso
  paso 3975 · perdida  0.1443 · GLOBAL 1.0000 · acierto 1.0000 · vigente 1.0000 · nose nan · invento 0.0000 · 0.2 s/paso
  paso 4000 · perdida  0.1660 · GLOBAL 1.0000 · acierto 1.0000 · vigente 1.0000 · nose nan · invento 0.0000 · 0.2 s/paso
  paso 4025 · perdida  0.7141 · GLOBAL 0.7500 · acierto 0.7500 · vigente 0.7500 · nose nan · invento 0.0000 · 0.2 s/paso
  paso 4050 · perdida  0.0652 · GLOBAL 1.0000 · acierto 1.0000 · vigente 1.0000 · nose nan · invento 0.0000 · 0.2 s/paso
  paso 4075 · perdida  0.0777 · GLOBAL 1.0000 · acierto 1.0000 · vigente 1.0000 · nose nan · invento 0.0000 · 0.2 s/paso
  paso 4100 · perdida  0.0976 · GLOBAL 1.0000 · acierto 1.0000 · vigente 1.0000 · nose nan · invento 0.0000 · 0.2 s/paso
  paso 4125 · perdida  0.1758 · GLOBAL 1.0000 · acierto 1.0000 · vigente 1.0000 · nose nan · invento 0.0000 · 0.2 s/paso
  paso 4150 · perdida  0.6286 · GLOBAL 0.7500 · acierto 0.7500 · vigente 0.7500 · nose nan · invento 0.0000 · 0.2 s/paso
  paso 4175 · perdida  0.2329 · GLOBAL 1.0000 · acierto 1.0000 · vigente 1.0000 · nose nan · invento 0.0000 · 0.2 s/paso
  paso 4200 · perdida  0.1672 · GLOBAL 1.0000 · acierto 1.0000 · vigente 1.0000 · nose nan · invento 0.0000 · 0.2 s/paso
  paso 4225 · perdida  0.0942 · GLOBAL 1.0000 · acierto 1.0000 · vigente 1.0000 · nose nan · invento 0.0000 · 0.2 s/paso
  paso 4250 · perdida  1.7869 · GLOBAL 0.5000 · acierto 0.5000 · vigente 0.5000 · nose nan · invento 0.0000 · 0.2 s/paso
  paso 4275 · perdida  0.1259 · GLOBAL 1.0000 · acierto 1.0000 · vigente 1.0000 · nose nan · invento 0.0000 · 0.2 s/paso
  paso 4300 · perdida  0.0524 · GLOBAL 1.0000 · acierto 1.0000 · vigente 1.0000 · nose nan · invento 0.0000 · 0.2 s/paso
  paso 4325 · perdida  0.3170 · GLOBAL 1.0000 · acierto 1.0000 · vigente 1.0000 · nose nan · invento 0.0000 · 0.2 s/paso
  paso 4350 · perdida  0.2068 · GLOBAL 1.0000 · acierto 1.0000 · vigente 1.0000 · nose nan · invento 0.0000 · 0.2 s/paso
  paso 4375 · perdida  0.0601 · GLOBAL 1.0000 · acierto 1.0000 · vigente 1.0000 · nose nan · invento 0.0000 · 0.2 s/paso
  paso 4400 · perdida  0.1567 · GLOBAL 1.0000 · acierto 1.0000 · vigente 1.0000 · nose nan · invento 0.0000 · 0.2 s/paso
  paso 4425 · perdida  0.0099 · GLOBAL 1.0000 · acierto 1.0000 · vigente 1.0000 · nose nan · invento 0.0000 · 0.2 s/paso
  paso 4450 · perdida  0.0051 · GLOBAL 1.0000 · acierto 1.0000 · vigente 1.0000 · nose nan · invento 0.0000 · 0.2 s/paso
  paso 4475 · perdida  0.0226 · GLOBAL 1.0000 · acierto 1.0000 · vigente 1.0000 · nose nan · invento 0.0000 · 0.2 s/paso
  paso 4500 · perdida  1.0067 · GLOBAL 0.7500 · acierto 0.7500 · vigente 0.7500 · nose nan · invento 0.0000 · 0.2 s/paso
  paso 4525 · perdida  0.4205 · GLOBAL 0.7500 · acierto 0.7500 · vigente 0.7500 · nose nan · invento 0.0000 · 0.2 s/paso
  paso 4550 · perdida  0.0567 · GLOBAL 1.0000 · acierto 1.0000 · vigente 1.0000 · nose nan · invento 0.0000 · 0.2 s/paso
  paso 4575 · perdida  0.4689 · GLOBAL 0.7500 · acierto 0.7500 · vigente 0.7500 · nose nan · invento 0.0000 · 0.2 s/paso
  paso 4600 · perdida  0.0089 · GLOBAL 1.0000 · acierto 1.0000 · vigente 1.0000 · nose nan · invento 0.0000 · 0.2 s/paso
  paso 4625 · perdida  0.0455 · GLOBAL 1.0000 · acierto 1.0000 · vigente 1.0000 · nose nan · invento 0.0000 · 0.2 s/paso
  paso 4650 · perdida  0.5061 · GLOBAL 0.7500 · acierto 0.7500 · vigente 0.7500 · nose nan · invento 0.0000 · 0.2 s/paso
  paso 4675 · perdida  0.1669 · GLOBAL 1.0000 · acierto 1.0000 · vigente 1.0000 · nose nan · invento 0.0000 · 0.2 s/paso
  paso 4700 · perdida  0.8306 · GLOBAL 0.7500 · acierto 0.7500 · vigente 0.7500 · nose nan · invento 0.0000 · 0.2 s/paso
  paso 4725 · perdida  0.6771 · GLOBAL 0.5000 · acierto 0.5000 · vigente 0.5000 · nose nan · invento 0.0000 · 0.2 s/paso
  paso 4750 · perdida  0.4338 · GLOBAL 0.5000 · acierto 0.5000 · vigente 0.5000 · nose nan · invento 0.0000 · 0.2 s/paso
  paso 4775 · perdida  0.0689 · GLOBAL 1.0000 · acierto 1.0000 · vigente 1.0000 · nose nan · invento 0.0000 · 0.2 s/paso
  paso 4800 · perdida  0.1678 · GLOBAL 1.0000 · acierto 1.0000 · vigente 1.0000 · nose nan · invento 0.0000 · 0.2 s/paso
  paso 4825 · perdida  0.7872 · GLOBAL 0.5000 · acierto 0.5000 · vigente 0.5000 · nose nan · invento 0.0000 · 0.2 s/paso
  paso 4850 · perdida  1.6767 · GLOBAL 0.7500 · acierto 0.7500 · vigente 0.7500 · nose nan · invento 0.0000 · 0.2 s/paso
  paso 4875 · perdida  0.9958 · GLOBAL 0.7500 · acierto 0.7500 · vigente 0.7500 · nose nan · invento 0.0000 · 0.2 s/paso
  paso 4900 · perdida  0.3211 · GLOBAL 0.7500 · acierto 0.7500 · vigente 0.7500 · nose nan · invento 0.0000 · 0.2 s/paso
  paso 4925 · perdida  0.0450 · GLOBAL 1.0000 · acierto 1.0000 · vigente 1.0000 · nose nan · invento 0.0000 · 0.2 s/paso
  paso 4950 · perdida  0.0081 · GLOBAL 1.0000 · acierto 1.0000 · vigente 1.0000 · nose nan · invento 0.0000 · 0.2 s/paso
  paso 4975 · perdida  0.9484 · GLOBAL 0.7500 · acierto 0.7500 · vigente 0.7500 · nose nan · invento 0.0000 · 0.2 s/paso
  paso 5000 · perdida  0.0432 · GLOBAL 1.0000 · acierto 1.0000 · vigente 1.0000 · nose nan · invento 0.0000 · 0.2 s/paso
  paso 5025 · perdida  1.6162 · GLOBAL 0.7500 · acierto 0.7500 · vigente 0.7500 · nose nan · invento 0.0000 · 0.2 s/paso
  paso 5050 · perdida  0.4974 · GLOBAL 0.7500 · acierto 0.7500 · vigente 0.7500 · nose nan · invento 0.0000 · 0.2 s/paso
  paso 5075 · perdida  0.1326 · GLOBAL 1.0000 · acierto 1.0000 · vigente 1.0000 · nose nan · invento 0.0000 · 0.2 s/paso
  paso 5100 · perdida  0.0416 · GLOBAL 1.0000 · acierto 1.0000 · vigente 1.0000 · nose nan · invento 0.0000 · 0.2 s/paso
  paso 5125 · perdida  0.4039 · GLOBAL 0.7500 · acierto 0.7500 · vigente 0.7500 · nose nan · invento 0.0000 · 0.2 s/paso
  paso 5150 · perdida  0.6455 · GLOBAL 0.7500 · acierto 0.7500 · vigente 0.7500 · nose nan · invento 0.0000 · 0.2 s/paso
  paso 5175 · perdida  0.0048 · GLOBAL 1.0000 · acierto 1.0000 · vigente 1.0000 · nose nan · invento 0.0000 · 0.2 s/paso
  paso 5200 · perdida  0.1278 · GLOBAL 1.0000 · acierto 1.0000 · vigente 1.0000 · nose nan · invento 0.0000 · 0.2 s/paso
  paso 5225 · perdida  0.7713 · GLOBAL 0.5000 · acierto 0.5000 · vigente 0.5000 · nose nan · invento 0.0000 · 0.2 s/paso
  paso 5250 · perdida  0.2982 · GLOBAL 0.7500 · acierto 0.7500 · vigente 0.7500 · nose nan · invento 0.0000 · 0.2 s/paso
  paso 5275 · perdida  0.6186 · GLOBAL 0.7500 · acierto 0.7500 · vigente 0.7500 · nose nan · invento 0.0000 · 0.2 s/paso
  paso 5300 · perdida  0.1648 · GLOBAL 1.0000 · acierto 1.0000 · vigente 1.0000 · nose nan · invento 0.0000 · 0.2 s/paso
  paso 5325 · perdida  0.5644 · GLOBAL 0.7500 · acierto 0.7500 · vigente 0.7500 · nose nan · invento 0.0000 · 0.2 s/paso
  paso 5350 · perdida  1.3952 · GLOBAL 0.7500 · acierto 0.7500 · vigente 0.7500 · nose nan · invento 0.0000 · 0.2 s/paso
  paso 5375 · perdida  0.5885 · GLOBAL 0.5000 · acierto 0.5000 · vigente 0.5000 · nose nan · invento 0.0000 · 0.2 s/paso
  paso 5400 · perdida  0.0162 · GLOBAL 1.0000 · acierto 1.0000 · vigente 1.0000 · nose nan · invento 0.0000 · 0.2 s/paso
  paso 5425 · perdida  0.0776 · GLOBAL 1.0000 · acierto 1.0000 · vigente 1.0000 · nose nan · invento 0.0000 · 0.2 s/paso
  paso 5450 · perdida  0.0844 · GLOBAL 1.0000 · acierto 1.0000 · vigente 1.0000 · nose nan · invento 0.0000 · 0.2 s/paso
  paso 5475 · perdida  0.0303 · GLOBAL 1.0000 · acierto 1.0000 · vigente 1.0000 · nose nan · invento 0.0000 · 0.2 s/paso
  paso 5500 · perdida  0.3729 · GLOBAL 0.7500 · acierto 0.7500 · vigente 0.7500 · nose nan · invento 0.0000 · 0.2 s/paso
  paso 5525 · perdida  0.3940 · GLOBAL 0.7500 · acierto 0.7500 · vigente 0.7500 · nose nan · invento 0.0000 · 0.2 s/paso
  paso 5550 · perdida  0.0356 · GLOBAL 1.0000 · acierto 1.0000 · vigente 1.0000 · nose nan · invento 0.0000 · 0.2 s/paso
  paso 5575 · perdida  0.1256 · GLOBAL 1.0000 · acierto 1.0000 · vigente 1.0000 · nose nan · invento 0.0000 · 0.2 s/paso
  paso 5600 · perdida  0.0303 · GLOBAL 1.0000 · acierto 1.0000 · vigente 1.0000 · nose nan · invento 0.0000 · 0.2 s/paso
  paso 5625 · perdida  0.0997 · GLOBAL 1.0000 · acierto 1.0000 · vigente 1.0000 · nose nan · invento 0.0000 · 0.2 s/paso
  paso 5650 · perdida  0.0197 · GLOBAL 1.0000 · acierto 1.0000 · vigente 1.0000 · nose nan · invento 0.0000 · 0.2 s/paso
  paso 5675 · perdida  0.1696 · GLOBAL 1.0000 · acierto 1.0000 · vigente 1.0000 · nose nan · invento 0.0000 · 0.2 s/paso
  paso 5700 · perdida  0.1028 · GLOBAL 1.0000 · acierto 1.0000 · vigente 1.0000 · nose nan · invento 0.0000 · 0.2 s/paso
  paso 5725 · perdida  0.1572 · GLOBAL 1.0000 · acierto 1.0000 · vigente 1.0000 · nose nan · invento 0.0000 · 0.2 s/paso
  paso 5750 · perdida  0.5078 · GLOBAL 0.7500 · acierto 0.7500 · vigente 0.7500 · nose nan · invento 0.0000 · 0.2 s/paso
  paso 5775 · perdida  0.7105 · GLOBAL 0.7500 · acierto 0.7500 · vigente 0.7500 · nose nan · invento 0.0000 · 0.2 s/paso
  paso 5800 · perdida  0.6972 · GLOBAL 0.7500 · acierto 0.7500 · vigente 0.7500 · nose nan · invento 0.0000 · 0.2 s/paso
  paso 5825 · perdida  0.3413 · GLOBAL 0.7500 · acierto 0.7500 · vigente 0.7500 · nose nan · invento 0.0000 · 0.2 s/paso
  paso 5850 · perdida  0.2463 · GLOBAL 0.7500 · acierto 0.7500 · vigente 0.7500 · nose nan · invento 0.0000 · 0.2 s/paso
  paso 5875 · perdida  0.1742 · GLOBAL 1.0000 · acierto 1.0000 · vigente 1.0000 · nose nan · invento 0.0000 · 0.2 s/paso
  paso 5900 · perdida  0.0053 · GLOBAL 1.0000 · acierto 1.0000 · vigente 1.0000 · nose nan · invento 0.0000 · 0.2 s/paso
  paso 5925 · perdida  0.0021 · GLOBAL 1.0000 · acierto 1.0000 · vigente 1.0000 · nose nan · invento 0.0000 · 0.2 s/paso
  paso 5950 · perdida  0.0388 · GLOBAL 1.0000 · acierto 1.0000 · vigente 1.0000 · nose nan · invento 0.0000 · 0.2 s/paso
  paso 5975 · perdida  0.5165 · GLOBAL 0.7500 · acierto 0.7500 · vigente 0.7500 · nose nan · invento 0.0000 · 0.2 s/paso
  paso 6000 · perdida  0.8180 · GLOBAL 0.7500 · acierto 0.7500 · vigente 0.7500 · nose nan · invento 0.0000 · 0.2 s/paso
  paso 6025 · perdida  0.0305 · GLOBAL 1.0000 · acierto 1.0000 · vigente 1.0000 · nose nan · invento 0.0000 · 0.2 s/paso
  paso 6050 · perdida  0.0858 · GLOBAL 1.0000 · acierto 1.0000 · vigente 1.0000 · nose nan · invento 0.0000 · 0.2 s/paso
  paso 6075 · perdida  0.1055 · GLOBAL 1.0000 · acierto 1.0000 · vigente 1.0000 · nose nan · invento 0.0000 · 0.2 s/paso
  paso 6100 · perdida  0.0206 · GLOBAL 1.0000 · acierto 1.0000 · vigente 1.0000 · nose nan · invento 0.0000 · 0.2 s/paso
  paso 6125 · perdida  0.9756 · GLOBAL 0.7500 · acierto 0.7500 · vigente 0.7500 · nose nan · invento 0.0000 · 0.2 s/paso
  paso 6150 · perdida  0.1737 · GLOBAL 1.0000 · acierto 1.0000 · vigente 1.0000 · nose nan · invento 0.0000 · 0.2 s/paso
  paso 6175 · perdida  1.7502 · GLOBAL 0.7500 · acierto 0.7500 · vigente 0.7500 · nose nan · invento 0.0000 · 0.2 s/paso
  paso 6200 · perdida  0.0134 · GLOBAL 1.0000 · acierto 1.0000 · vigente 1.0000 · nose nan · invento 0.0000 · 0.2 s/paso
  paso 6225 · perdida  0.3173 · GLOBAL 0.7500 · acierto 0.7500 · vigente 0.7500 · nose nan · invento 0.0000 · 0.2 s/paso
  paso 6250 · perdida  0.1718 · GLOBAL 1.0000 · acierto 1.0000 · vigente 1.0000 · nose nan · invento 0.0000 · 0.2 s/paso
  paso 6275 · perdida  1.6047 · GLOBAL 0.7500 · acierto 0.7500 · vigente 0.7500 · nose nan · invento 0.0000 · 0.2 s/paso
  paso 6300 · perdida  1.1365 · GLOBAL 0.5000 · acierto 0.5000 · vigente 0.5000 · nose nan · invento 0.0000 · 0.2 s/paso
  paso 6325 · perdida  1.4888 · GLOBAL 0.7500 · acierto 0.7500 · vigente 0.7500 · nose nan · invento 0.0000 · 0.2 s/paso
  paso 6350 · perdida  0.0319 · GLOBAL 1.0000 · acierto 1.0000 · vigente 1.0000 · nose nan · invento 0.0000 · 0.2 s/paso
  paso 6375 · perdida  0.0191 · GLOBAL 1.0000 · acierto 1.0000 · vigente 1.0000 · nose nan · invento 0.0000 · 0.2 s/paso
  paso 6400 · perdida  0.2329 · GLOBAL 0.7500 · acierto 0.7500 · vigente 0.7500 · nose nan · invento 0.0000 · 0.2 s/paso
  paso 6425 · perdida  0.4786 · GLOBAL 0.7500 · acierto 0.7500 · vigente 0.7500 · nose nan · invento 0.0000 · 0.2 s/paso
  paso 6450 · perdida  0.9785 · GLOBAL 0.7500 · acierto 0.7500 · vigente 0.7500 · nose nan · invento 0.0000 · 0.2 s/paso
  paso 6475 · perdida  0.3993 · GLOBAL 0.7500 · acierto 0.7500 · vigente 0.7500 · nose nan · invento 0.0000 · 0.2 s/paso
  paso 6500 · perdida  0.4443 · GLOBAL 0.5000 · acierto 0.5000 · vigente 0.5000 · nose nan · invento 0.0000 · 0.2 s/paso
  paso 6525 · perdida  0.9794 · GLOBAL 0.7500 · acierto 0.7500 · vigente 0.7500 · nose nan · invento 0.0000 · 0.2 s/paso
  paso 6550 · perdida  0.8858 · GLOBAL 0.7500 · acierto 0.7500 · vigente 0.7500 · nose nan · invento 0.0000 · 0.2 s/paso
  paso 6575 · perdida  0.0076 · GLOBAL 1.0000 · acierto 1.0000 · vigente 1.0000 · nose nan · invento 0.0000 · 0.2 s/paso
  paso 6600 · perdida  0.0224 · GLOBAL 1.0000 · acierto 1.0000 · vigente 1.0000 · nose nan · invento 0.0000 · 0.2 s/paso
  paso 6625 · perdida  0.1419 · GLOBAL 1.0000 · acierto 1.0000 · vigente 1.0000 · nose nan · invento 0.0000 · 0.2 s/paso
  paso 6650 · perdida  0.1181 · GLOBAL 1.0000 · acierto 1.0000 · vigente 1.0000 · nose nan · invento 0.0000 · 0.2 s/paso
  paso 6675 · perdida  2.5078 · GLOBAL 0.5000 · acierto 0.5000 · vigente 0.5000 · nose nan · invento 0.0000 · 0.2 s/paso
  paso 6700 · perdida  0.0063 · GLOBAL 1.0000 · acierto 1.0000 · vigente 1.0000 · nose nan · invento 0.0000 · 0.2 s/paso
  paso 6725 · perdida  0.0042 · GLOBAL 1.0000 · acierto 1.0000 · vigente 1.0000 · nose nan · invento 0.0000 · 0.2 s/paso
  paso 6750 · perdida  0.0116 · GLOBAL 1.0000 · acierto 1.0000 · vigente 1.0000 · nose nan · invento 0.0000 · 0.2 s/paso
  paso 6775 · perdida  0.0406 · GLOBAL 1.0000 · acierto 1.0000 · vigente 1.0000 · nose nan · invento 0.0000 · 0.2 s/paso
  paso 6800 · perdida  0.0920 · GLOBAL 1.0000 · acierto 1.0000 · vigente 1.0000 · nose nan · invento 0.0000 · 0.2 s/paso
  paso 6825 · perdida  1.1061 · GLOBAL 0.7500 · acierto 0.7500 · vigente 0.7500 · nose nan · invento 0.0000 · 0.2 s/paso
  paso 6850 · perdida  0.5289 · GLOBAL 0.7500 · acierto 0.7500 · vigente 0.7500 · nose nan · invento 0.0000 · 0.2 s/paso
  paso 6875 · perdida  0.0857 · GLOBAL 1.0000 · acierto 1.0000 · vigente 1.0000 · nose nan · invento 0.0000 · 0.2 s/paso
  paso 6900 · perdida  2.0064 · GLOBAL 0.7500 · acierto 0.7500 · vigente 0.7500 · nose nan · invento 0.0000 · 0.2 s/paso
  paso 6925 · perdida  1.1912 · GLOBAL 0.5000 · acierto 0.5000 · vigente 0.5000 · nose nan · invento 0.0000 · 0.2 s/paso
  paso 6950 · perdida  0.2220 · GLOBAL 0.7500 · acierto 0.7500 · vigente 0.7500 · nose nan · invento 0.0000 · 0.2 s/paso
  paso 6975 · perdida  0.3196 · GLOBAL 0.7500 · acierto 0.7500 · vigente 0.7500 · nose nan · invento 0.0000 · 0.2 s/paso
  paso 7000 · perdida  0.0320 · GLOBAL 1.0000 · acierto 1.0000 · vigente 1.0000 · nose nan · invento 0.0000 · 0.2 s/paso
  paso 7025 · perdida  0.1209 · GLOBAL 1.0000 · acierto 1.0000 · vigente 1.0000 · nose nan · invento 0.0000 · 0.2 s/paso
  paso 7050 · perdida  0.0138 · GLOBAL 1.0000 · acierto 1.0000 · vigente 1.0000 · nose nan · invento 0.0000 · 0.2 s/paso
  paso 7075 · perdida  0.1252 · GLOBAL 1.0000 · acierto 1.0000 · vigente 1.0000 · nose nan · invento 0.0000 · 0.2 s/paso
  paso 7100 · perdida  0.5064 · GLOBAL 0.7500 · acierto 0.7500 · vigente 0.7500 · nose nan · invento 0.0000 · 0.2 s/paso
  paso 7125 · perdida  0.0024 · GLOBAL 1.0000 · acierto 1.0000 · vigente 1.0000 · nose nan · invento 0.0000 · 0.2 s/paso
  paso 7150 · perdida  0.0611 · GLOBAL 1.0000 · acierto 1.0000 · vigente 1.0000 · nose nan · invento 0.0000 · 0.2 s/paso
  paso 7175 · perdida  0.0271 · GLOBAL 1.0000 · acierto 1.0000 · vigente 1.0000 · nose nan · invento 0.0000 · 0.2 s/paso
  paso 7200 · perdida  0.6424 · GLOBAL 0.7500 · acierto 0.7500 · vigente 0.7500 · nose nan · invento 0.0000 · 0.2 s/paso
  paso 7225 · perdida  0.0220 · GLOBAL 1.0000 · acierto 1.0000 · vigente 1.0000 · nose nan · invento 0.0000 · 0.2 s/paso
  paso 7250 · perdida  0.0262 · GLOBAL 1.0000 · acierto 1.0000 · vigente 1.0000 · nose nan · invento 0.0000 · 0.2 s/paso
  paso 7275 · perdida  0.6554 · GLOBAL 0.7500 · acierto 0.7500 · vigente 0.7500 · nose nan · invento 0.0000 · 0.2 s/paso
  paso 7300 · perdida  0.0083 · GLOBAL 1.0000 · acierto 1.0000 · vigente 1.0000 · nose nan · invento 0.0000 · 0.2 s/paso
  paso 7325 · perdida  0.2559 · GLOBAL 1.0000 · acierto 1.0000 · vigente 1.0000 · nose nan · invento 0.0000 · 0.2 s/paso
  paso 7350 · perdida  1.3140 · GLOBAL 0.7500 · acierto 0.7500 · vigente 0.7500 · nose nan · invento 0.0000 · 0.2 s/paso
  paso 7375 · perdida  0.1507 · GLOBAL 1.0000 · acierto 1.0000 · vigente 1.0000 · nose nan · invento 0.0000 · 0.2 s/paso
  paso 7400 · perdida  0.0094 · GLOBAL 1.0000 · acierto 1.0000 · vigente 1.0000 · nose nan · invento 0.0000 · 0.2 s/paso
  paso 7425 · perdida  0.7326 · GLOBAL 0.5000 · acierto 0.5000 · vigente 0.5000 · nose nan · invento 0.0000 · 0.2 s/paso
  paso 7450 · perdida  0.0781 · GLOBAL 1.0000 · acierto 1.0000 · vigente 1.0000 · nose nan · invento 0.0000 · 0.2 s/paso
  paso 7475 · perdida  0.0094 · GLOBAL 1.0000 · acierto 1.0000 · vigente 1.0000 · nose nan · invento 0.0000 · 0.2 s/paso
  paso 7500 · perdida  0.8739 · GLOBAL 0.7500 · acierto 0.7500 · vigente 0.7500 · nose nan · invento 0.0000 · 0.2 s/paso
  paso 7525 · perdida  0.0261 · GLOBAL 1.0000 · acierto 1.0000 · vigente 1.0000 · nose nan · invento 0.0000 · 0.2 s/paso
  paso 7550 · perdida  0.5805 · GLOBAL 0.5000 · acierto 0.5000 · vigente 0.5000 · nose nan · invento 0.0000 · 0.2 s/paso
  paso 7575 · perdida  0.0163 · GLOBAL 1.0000 · acierto 1.0000 · vigente 1.0000 · nose nan · invento 0.0000 · 0.2 s/paso
  paso 7600 · perdida  0.0119 · GLOBAL 1.0000 · acierto 1.0000 · vigente 1.0000 · nose nan · invento 0.0000 · 0.2 s/paso
  paso 7625 · perdida  0.0499 · GLOBAL 1.0000 · acierto 1.0000 · vigente 1.0000 · nose nan · invento 0.0000 · 0.2 s/paso
  paso 7650 · perdida  1.3810 · GLOBAL 0.7500 · acierto 0.7500 · vigente 0.7500 · nose nan · invento 0.0000 · 0.2 s/paso
  paso 7675 · perdida  0.0064 · GLOBAL 1.0000 · acierto 1.0000 · vigente 1.0000 · nose nan · invento 0.0000 · 0.2 s/paso
  paso 7700 · perdida  0.0040 · GLOBAL 1.0000 · acierto 1.0000 · vigente 1.0000 · nose nan · invento 0.0000 · 0.2 s/paso
  paso 7725 · perdida  0.2330 · GLOBAL 1.0000 · acierto 1.0000 · vigente 1.0000 · nose nan · invento 0.0000 · 0.2 s/paso
  paso 7750 · perdida  0.0831 · GLOBAL 1.0000 · acierto 1.0000 · vigente 1.0000 · nose nan · invento 0.0000 · 0.2 s/paso
  paso 7775 · perdida  0.4523 · GLOBAL 0.7500 · acierto 0.7500 · vigente 0.7500 · nose nan · invento 0.0000 · 0.2 s/paso
  paso 7800 · perdida  0.0310 · GLOBAL 1.0000 · acierto 1.0000 · vigente 1.0000 · nose nan · invento 0.0000 · 0.2 s/paso
  paso 7825 · perdida  1.5935 · GLOBAL 0.7500 · acierto 0.7500 · vigente 0.7500 · nose nan · invento 0.0000 · 0.2 s/paso
  paso 7850 · perdida  0.0008 · GLOBAL 1.0000 · acierto 1.0000 · vigente 1.0000 · nose nan · invento 0.0000 · 0.2 s/paso
  paso 7875 · perdida  1.3423 · GLOBAL 0.7500 · acierto 0.7500 · vigente 0.7500 · nose nan · invento 0.0000 · 0.2 s/paso
  paso 7900 · perdida  0.3186 · GLOBAL 0.7500 · acierto 0.7500 · vigente 0.7500 · nose nan · invento 0.0000 · 0.2 s/paso
  paso 7925 · perdida  0.0112 · GLOBAL 1.0000 · acierto 1.0000 · vigente 1.0000 · nose nan · invento 0.0000 · 0.2 s/paso
  paso 7950 · perdida  0.1903 · GLOBAL 1.0000 · acierto 1.0000 · vigente 1.0000 · nose nan · invento 0.0000 · 0.2 s/paso
  paso 7975 · perdida  1.0129 · GLOBAL 0.5000 · acierto 0.5000 · vigente 0.5000 · nose nan · invento 0.0000 · 0.2 s/paso
  paso 8000 · perdida  1.2914 · GLOBAL 0.7500 · acierto 0.7500 · vigente 0.7500 · nose nan · invento 0.0000 · 0.2 s/paso
  paso 8025 · perdida  0.0046 · GLOBAL 1.0000 · acierto 1.0000 · vigente 1.0000 · nose nan · invento 0.0000 · 0.2 s/paso
  paso 8050 · perdida  0.0391 · GLOBAL 1.0000 · acierto 1.0000 · vigente 1.0000 · nose nan · invento 0.0000 · 0.2 s/paso
  paso 8075 · perdida  0.9606 · GLOBAL 0.7500 · acierto 0.7500 · vigente 0.7500 · nose nan · invento 0.0000 · 0.2 s/paso
  paso 8100 · perdida  0.2243 · GLOBAL 1.0000 · acierto 1.0000 · vigente 1.0000 · nose nan · invento 0.0000 · 0.2 s/paso
  paso 8125 · perdida  0.2711 · GLOBAL 1.0000 · acierto 1.0000 · vigente 1.0000 · nose nan · invento 0.0000 · 0.2 s/paso
  paso 8150 · perdida  0.4549 · GLOBAL 1.0000 · acierto 1.0000 · vigente 1.0000 · nose nan · invento 0.0000 · 0.2 s/paso
  paso 8175 · perdida  0.0020 · GLOBAL 1.0000 · acierto 1.0000 · vigente 1.0000 · nose nan · invento 0.0000 · 0.2 s/paso
  paso 8200 · perdida  0.5460 · GLOBAL 0.7500 · acierto 0.7500 · vigente 0.7500 · nose nan · invento 0.0000 · 0.2 s/paso
  paso 8225 · perdida  0.1373 · GLOBAL 1.0000 · acierto 1.0000 · vigente 1.0000 · nose nan · invento 0.0000 · 0.2 s/paso
  paso 8250 · perdida  1.0661 · GLOBAL 0.7500 · acierto 0.7500 · vigente 0.7500 · nose nan · invento 0.0000 · 0.2 s/paso
  paso 8275 · perdida  1.7324 · GLOBAL 0.5000 · acierto 0.5000 · vigente 0.5000 · nose nan · invento 0.0000 · 0.2 s/paso
  paso 8300 · perdida  0.5881 · GLOBAL 0.7500 · acierto 0.7500 · vigente 0.7500 · nose nan · invento 0.0000 · 0.2 s/paso
  paso 8325 · perdida  0.3409 · GLOBAL 0.7500 · acierto 0.7500 · vigente 0.7500 · nose nan · invento 0.0000 · 0.2 s/paso
  paso 8350 · perdida  0.0957 · GLOBAL 1.0000 · acierto 1.0000 · vigente 1.0000 · nose nan · invento 0.0000 · 0.2 s/paso
  paso 8375 · perdida  0.0304 · GLOBAL 1.0000 · acierto 1.0000 · vigente 1.0000 · nose nan · invento 0.0000 · 0.2 s/paso
  paso 8400 · perdida  0.2033 · GLOBAL 1.0000 · acierto 1.0000 · vigente 1.0000 · nose nan · invento 0.0000 · 0.2 s/paso
  paso 8425 · perdida  0.1594 · GLOBAL 1.0000 · acierto 1.0000 · vigente 1.0000 · nose nan · invento 0.0000 · 0.2 s/paso
  paso 8450 · perdida  0.0060 · GLOBAL 1.0000 · acierto 1.0000 · vigente 1.0000 · nose nan · invento 0.0000 · 0.2 s/paso
  paso 8475 · perdida  1.4481 · GLOBAL 0.5000 · acierto 0.5000 · vigente 0.5000 · nose nan · invento 0.0000 · 0.2 s/paso
  paso 8500 · perdida  0.0300 · GLOBAL 1.0000 · acierto 1.0000 · vigente 1.0000 · nose nan · invento 0.0000 · 0.2 s/paso
  paso 8525 · perdida  0.6028 · GLOBAL 0.7500 · acierto 0.7500 · vigente 0.7500 · nose nan · invento 0.0000 · 0.2 s/paso
  paso 8550 · perdida  1.3547 · GLOBAL 0.7500 · acierto 0.7500 · vigente 0.7500 · nose nan · invento 0.0000 · 0.2 s/paso
  paso 8575 · perdida  0.0104 · GLOBAL 1.0000 · acierto 1.0000 · vigente 1.0000 · nose nan · invento 0.0000 · 0.2 s/paso
  paso 8600 · perdida  0.0095 · GLOBAL 1.0000 · acierto 1.0000 · vigente 1.0000 · nose nan · invento 0.0000 · 0.2 s/paso
  paso 8625 · perdida  0.0061 · GLOBAL 1.0000 · acierto 1.0000 · vigente 1.0000 · nose nan · invento 0.0000 · 0.2 s/paso
  paso 8650 · perdida  0.0071 · GLOBAL 1.0000 · acierto 1.0000 · vigente 1.0000 · nose nan · invento 0.0000 · 0.2 s/paso
  paso 8675 · perdida  0.4206 · GLOBAL 0.7500 · acierto 0.7500 · vigente 0.7500 · nose nan · invento 0.0000 · 0.2 s/paso
  paso 8700 · perdida  0.0035 · GLOBAL 1.0000 · acierto 1.0000 · vigente 1.0000 · nose nan · invento 0.0000 · 0.2 s/paso
  paso 8725 · perdida  0.2946 · GLOBAL 0.7500 · acierto 0.7500 · vigente 0.7500 · nose nan · invento 0.0000 · 0.2 s/paso
  paso 8750 · perdida  0.0529 · GLOBAL 1.0000 · acierto 1.0000 · vigente 1.0000 · nose nan · invento 0.0000 · 0.2 s/paso
  paso 8775 · perdida  1.3537 · GLOBAL 0.7500 · acierto 0.7500 · vigente 0.7500 · nose nan · invento 0.0000 · 0.2 s/paso
  paso 8800 · perdida  0.0873 · GLOBAL 1.0000 · acierto 1.0000 · vigente 1.0000 · nose nan · invento 0.0000 · 0.2 s/paso
  paso 8825 · perdida  0.0134 · GLOBAL 1.0000 · acierto 1.0000 · vigente 1.0000 · nose nan · invento 0.0000 · 0.2 s/paso
  paso 8850 · perdida  0.1745 · GLOBAL 1.0000 · acierto 1.0000 · vigente 1.0000 · nose nan · invento 0.0000 · 0.2 s/paso
  paso 8875 · perdida  0.1310 · GLOBAL 1.0000 · acierto 1.0000 · vigente 1.0000 · nose nan · invento 0.0000 · 0.2 s/paso
  paso 8900 · perdida  0.0127 · GLOBAL 1.0000 · acierto 1.0000 · vigente 1.0000 · nose nan · invento 0.0000 · 0.2 s/paso
  paso 8925 · perdida  0.0030 · GLOBAL 1.0000 · acierto 1.0000 · vigente 1.0000 · nose nan · invento 0.0000 · 0.2 s/paso
  paso 8950 · perdida  2.2623 · GLOBAL 0.5000 · acierto 0.5000 · vigente 0.5000 · nose nan · invento 0.0000 · 0.2 s/paso
  paso 8975 · perdida  1.0523 · GLOBAL 0.5000 · acierto 0.5000 · vigente 0.5000 · nose nan · invento 0.0000 · 0.2 s/paso
  paso 9000 · perdida  0.0277 · GLOBAL 1.0000 · acierto 1.0000 · vigente 1.0000 · nose nan · invento 0.0000 · 0.2 s/paso
  paso 9025 · perdida  0.0510 · GLOBAL 1.0000 · acierto 1.0000 · vigente 1.0000 · nose nan · invento 0.0000 · 0.2 s/paso
  paso 9050 · perdida  0.0328 · GLOBAL 1.0000 · acierto 1.0000 · vigente 1.0000 · nose nan · invento 0.0000 · 0.2 s/paso
  paso 9075 · perdida  0.2381 · GLOBAL 0.7500 · acierto 0.7500 · vigente 0.7500 · nose nan · invento 0.0000 · 0.2 s/paso
  paso 9100 · perdida  1.0386 · GLOBAL 0.5000 · acierto 0.5000 · vigente 0.5000 · nose nan · invento 0.0000 · 0.2 s/paso
  paso 9125 · perdida  0.0533 · GLOBAL 1.0000 · acierto 1.0000 · vigente 1.0000 · nose nan · invento 0.0000 · 0.2 s/paso
  paso 9150 · perdida  0.1185 · GLOBAL 1.0000 · acierto 1.0000 · vigente 1.0000 · nose nan · invento 0.0000 · 0.2 s/paso
  paso 9175 · perdida  0.2411 · GLOBAL 0.7500 · acierto 0.7500 · vigente 0.7500 · nose nan · invento 0.0000 · 0.2 s/paso
  paso 9200 · perdida  0.0060 · GLOBAL 1.0000 · acierto 1.0000 · vigente 1.0000 · nose nan · invento 0.0000 · 0.2 s/paso
  paso 9225 · perdida  0.0779 · GLOBAL 1.0000 · acierto 1.0000 · vigente 1.0000 · nose nan · invento 0.0000 · 0.2 s/paso
  paso 9250 · perdida  0.7470 · GLOBAL 0.7500 · acierto 0.7500 · vigente 0.7500 · nose nan · invento 0.0000 · 0.2 s/paso
  paso 9275 · perdida  0.0117 · GLOBAL 1.0000 · acierto 1.0000 · vigente 1.0000 · nose nan · invento 0.0000 · 0.2 s/paso
  paso 9300 · perdida  0.2131 · GLOBAL 0.7500 · acierto 0.7500 · vigente 0.7500 · nose nan · invento 0.0000 · 0.2 s/paso
  paso 9325 · perdida  0.3996 · GLOBAL 0.7500 · acierto 0.7500 · vigente 0.7500 · nose nan · invento 0.0000 · 0.2 s/paso
  paso 9350 · perdida  1.1570 · GLOBAL 0.5000 · acierto 0.5000 · vigente 0.5000 · nose nan · invento 0.0000 · 0.2 s/paso
  paso 9375 · perdida  0.0144 · GLOBAL 1.0000 · acierto 1.0000 · vigente 1.0000 · nose nan · invento 0.0000 · 0.2 s/paso
  paso 9400 · perdida  0.5992 · GLOBAL 0.5000 · acierto 0.5000 · vigente 0.5000 · nose nan · invento 0.0000 · 0.2 s/paso
  paso 9425 · perdida  0.1552 · GLOBAL 1.0000 · acierto 1.0000 · vigente 1.0000 · nose nan · invento 0.0000 · 0.2 s/paso
  paso 9450 · perdida  0.0651 · GLOBAL 1.0000 · acierto 1.0000 · vigente 1.0000 · nose nan · invento 0.0000 · 0.2 s/paso
  paso 9475 · perdida  0.0101 · GLOBAL 1.0000 · acierto 1.0000 · vigente 1.0000 · nose nan · invento 0.0000 · 0.2 s/paso
  paso 9500 · perdida  0.0842 · GLOBAL 1.0000 · acierto 1.0000 · vigente 1.0000 · nose nan · invento 0.0000 · 0.2 s/paso
  paso 9525 · perdida  1.1906 · GLOBAL 0.7500 · acierto 0.7500 · vigente 0.7500 · nose nan · invento 0.0000 · 0.2 s/paso
  paso 9550 · perdida  0.0366 · GLOBAL 1.0000 · acierto 1.0000 · vigente 1.0000 · nose nan · invento 0.0000 · 0.2 s/paso
  paso 9575 · perdida  0.0083 · GLOBAL 1.0000 · acierto 1.0000 · vigente 1.0000 · nose nan · invento 0.0000 · 0.2 s/paso
  paso 9600 · perdida  0.0430 · GLOBAL 1.0000 · acierto 1.0000 · vigente 1.0000 · nose nan · invento 0.0000 · 0.2 s/paso
  paso 9625 · perdida  0.0446 · GLOBAL 1.0000 · acierto 1.0000 · vigente 1.0000 · nose nan · invento 0.0000 · 0.2 s/paso
  paso 9650 · perdida  0.0002 · GLOBAL 1.0000 · acierto 1.0000 · vigente 1.0000 · nose nan · invento 0.0000 · 0.2 s/paso
  paso 9675 · perdida  0.0015 · GLOBAL 1.0000 · acierto 1.0000 · vigente 1.0000 · nose nan · invento 0.0000 · 0.2 s/paso
  paso 9700 · perdida  0.2401 · GLOBAL 1.0000 · acierto 1.0000 · vigente 1.0000 · nose nan · invento 0.0000 · 0.2 s/paso
  paso 9725 · perdida  0.1324 · GLOBAL 1.0000 · acierto 1.0000 · vigente 1.0000 · nose nan · invento 0.0000 · 0.2 s/paso
  paso 9750 · perdida  0.0277 · GLOBAL 1.0000 · acierto 1.0000 · vigente 1.0000 · nose nan · invento 0.0000 · 0.2 s/paso
  paso 9775 · perdida  0.1846 · GLOBAL 1.0000 · acierto 1.0000 · vigente 1.0000 · nose nan · invento 0.0000 · 0.2 s/paso
  paso 9800 · perdida  0.0593 · GLOBAL 1.0000 · acierto 1.0000 · vigente 1.0000 · nose nan · invento 0.0000 · 0.2 s/paso
  paso 9825 · perdida  0.0096 · GLOBAL 1.0000 · acierto 1.0000 · vigente 1.0000 · nose nan · invento 0.0000 · 0.2 s/paso
  paso 9850 · perdida  0.0030 · GLOBAL 1.0000 · acierto 1.0000 · vigente 1.0000 · nose nan · invento 0.0000 · 0.2 s/paso
  paso 9875 · perdida  0.1264 · GLOBAL 1.0000 · acierto 1.0000 · vigente 1.0000 · nose nan · invento 0.0000 · 0.2 s/paso
  paso 9900 · perdida  0.0187 · GLOBAL 1.0000 · acierto 1.0000 · vigente 1.0000 · nose nan · invento 0.0000 · 0.2 s/paso
  paso 9925 · perdida  0.0196 · GLOBAL 1.0000 · acierto 1.0000 · vigente 1.0000 · nose nan · invento 0.0000 · 0.2 s/paso
  paso 9950 · perdida  0.6840 · GLOBAL 0.7500 · acierto 0.7500 · vigente 0.7500 · nose nan · invento 0.0000 · 0.2 s/paso
  paso 9975 · perdida  0.0015 · GLOBAL 1.0000 · acierto 1.0000 · vigente 1.0000 · nose nan · invento 0.0000 · 0.2 s/paso
  paso 10000 · perdida  0.0092 · GLOBAL 1.0000 · acierto 1.0000 · vigente 1.0000 · nose nan · invento 0.0000 · 0.2 s/paso
  paso 10025 · perdida  0.3403 · GLOBAL 0.7500 · acierto 0.7500 · vigente 0.7500 · nose nan · invento 0.0000 · 0.2 s/paso
  paso 10050 · perdida  0.1677 · GLOBAL 1.0000 · acierto 1.0000 · vigente 1.0000 · nose nan · invento 0.0000 · 0.2 s/paso
  paso 10075 · perdida  1.4418 · GLOBAL 0.7500 · acierto 0.7500 · vigente 0.7500 · nose nan · invento 0.0000 · 0.2 s/paso
  paso 10100 · perdida  0.2388 · GLOBAL 0.7500 · acierto 0.7500 · vigente 0.7500 · nose nan · invento 0.0000 · 0.2 s/paso
  paso 10125 · perdida  0.0464 · GLOBAL 1.0000 · acierto 1.0000 · vigente 1.0000 · nose nan · invento 0.0000 · 0.2 s/paso
  paso 10150 · perdida  0.0024 · GLOBAL 1.0000 · acierto 1.0000 · vigente 1.0000 · nose nan · invento 0.0000 · 0.2 s/paso
  paso 10175 · perdida  0.0027 · GLOBAL 1.0000 · acierto 1.0000 · vigente 1.0000 · nose nan · invento 0.0000 · 0.2 s/paso
  paso 10200 · perdida  0.0142 · GLOBAL 1.0000 · acierto 1.0000 · vigente 1.0000 · nose nan · invento 0.0000 · 0.2 s/paso
  paso 10225 · perdida  0.0160 · GLOBAL 1.0000 · acierto 1.0000 · vigente 1.0000 · nose nan · invento 0.0000 · 0.2 s/paso
  paso 10250 · perdida  0.0447 · GLOBAL 1.0000 · acierto 1.0000 · vigente 1.0000 · nose nan · invento 0.0000 · 0.2 s/paso
  paso 10275 · perdida  0.0191 · GLOBAL 1.0000 · acierto 1.0000 · vigente 1.0000 · nose nan · invento 0.0000 · 0.2 s/paso
  paso 10300 · perdida  0.6406 · GLOBAL 0.7500 · acierto 0.7500 · vigente 0.7500 · nose nan · invento 0.0000 · 0.2 s/paso
  paso 10325 · perdida  0.5603 · GLOBAL 0.7500 · acierto 0.7500 · vigente 0.7500 · nose nan · invento 0.0000 · 0.2 s/paso
  paso 10350 · perdida  0.0297 · GLOBAL 1.0000 · acierto 1.0000 · vigente 1.0000 · nose nan · invento 0.0000 · 0.2 s/paso
  paso 10375 · perdida  0.0919 · GLOBAL 1.0000 · acierto 1.0000 · vigente 1.0000 · nose nan · invento 0.0000 · 0.2 s/paso
  paso 10400 · perdida  0.0044 · GLOBAL 1.0000 · acierto 1.0000 · vigente 1.0000 · nose nan · invento 0.0000 · 0.2 s/paso
  paso 10425 · perdida  0.0110 · GLOBAL 1.0000 · acierto 1.0000 · vigente 1.0000 · nose nan · invento 0.0000 · 0.2 s/paso
  paso 10450 · perdida  0.0249 · GLOBAL 1.0000 · acierto 1.0000 · vigente 1.0000 · nose nan · invento 0.0000 · 0.2 s/paso
  paso 10475 · perdida  0.0211 · GLOBAL 1.0000 · acierto 1.0000 · vigente 1.0000 · nose nan · invento 0.0000 · 0.2 s/paso
  paso 10500 · perdida  0.9123 · GLOBAL 0.5000 · acierto 0.5000 · vigente 0.5000 · nose nan · invento 0.0000 · 0.2 s/paso
  paso 10525 · perdida  0.1592 · GLOBAL 1.0000 · acierto 1.0000 · vigente 1.0000 · nose nan · invento 0.0000 · 0.2 s/paso
  paso 10550 · perdida  0.0514 · GLOBAL 1.0000 · acierto 1.0000 · vigente 1.0000 · nose nan · invento 0.0000 · 0.2 s/paso
  paso 10575 · perdida  0.0033 · GLOBAL 1.0000 · acierto 1.0000 · vigente 1.0000 · nose nan · invento 0.0000 · 0.2 s/paso
  paso 10600 · perdida  0.1918 · GLOBAL 1.0000 · acierto 1.0000 · vigente 1.0000 · nose nan · invento 0.0000 · 0.2 s/paso
  paso 10625 · perdida  0.1580 · GLOBAL 1.0000 · acierto 1.0000 · vigente 1.0000 · nose nan · invento 0.0000 · 0.2 s/paso
  paso 10650 · perdida  0.3189 · GLOBAL 0.7500 · acierto 0.7500 · vigente 0.7500 · nose nan · invento 0.0000 · 0.2 s/paso
  paso 10675 · perdida  0.0233 · GLOBAL 1.0000 · acierto 1.0000 · vigente 1.0000 · nose nan · invento 0.0000 · 0.2 s/paso
  paso 10700 · perdida  0.2330 · GLOBAL 0.7500 · acierto 0.7500 · vigente 0.7500 · nose nan · invento 0.0000 · 0.2 s/paso
  paso 10725 · perdida  0.0132 · GLOBAL 1.0000 · acierto 1.0000 · vigente 1.0000 · nose nan · invento 0.0000 · 0.2 s/paso
  paso 10750 · perdida  0.0548 · GLOBAL 1.0000 · acierto 1.0000 · vigente 1.0000 · nose nan · invento 0.0000 · 0.2 s/paso
  paso 10775 · perdida  0.2048 · GLOBAL 1.0000 · acierto 1.0000 · vigente 1.0000 · nose nan · invento 0.0000 · 0.2 s/paso
  paso 10800 · perdida  0.2876 · GLOBAL 0.7500 · acierto 0.7500 · vigente 0.7500 · nose nan · invento 0.0000 · 0.2 s/paso
  paso 10825 · perdida  0.0004 · GLOBAL 1.0000 · acierto 1.0000 · vigente 1.0000 · nose nan · invento 0.0000 · 0.2 s/paso
  paso 10850 · perdida  1.6667 · GLOBAL 0.5000 · acierto 0.5000 · vigente 0.5000 · nose nan · invento 0.0000 · 0.2 s/paso
  paso 10875 · perdida  0.4825 · GLOBAL 0.7500 · acierto 0.7500 · vigente 0.7500 · nose nan · invento 0.0000 · 0.2 s/paso
  paso 10900 · perdida  0.1158 · GLOBAL 1.0000 · acierto 1.0000 · vigente 1.0000 · nose nan · invento 0.0000 · 0.2 s/paso
  paso 10925 · perdida  0.4662 · GLOBAL 0.7500 · acierto 0.7500 · vigente 0.7500 · nose nan · invento 0.0000 · 0.2 s/paso
  paso 10950 · perdida  0.7239 · GLOBAL 0.7500 · acierto 0.7500 · vigente 0.7500 · nose nan · invento 0.0000 · 0.2 s/paso
  paso 10975 · perdida  0.0448 · GLOBAL 1.0000 · acierto 1.0000 · vigente 1.0000 · nose nan · invento 0.0000 · 0.2 s/paso
  paso 11000 · perdida  0.5645 · GLOBAL 0.7500 · acierto 0.7500 · vigente 0.7500 · nose nan · invento 0.0000 · 0.2 s/paso
  paso 11025 · perdida  0.0110 · GLOBAL 1.0000 · acierto 1.0000 · vigente 1.0000 · nose nan · invento 0.0000 · 0.2 s/paso
  paso 11050 · perdida  0.0508 · GLOBAL 1.0000 · acierto 1.0000 · vigente 1.0000 · nose nan · invento 0.0000 · 0.2 s/paso
  paso 11075 · perdida  0.0095 · GLOBAL 1.0000 · acierto 1.0000 · vigente 1.0000 · nose nan · invento 0.0000 · 0.2 s/paso
  paso 11100 · perdida  0.0055 · GLOBAL 1.0000 · acierto 1.0000 · vigente 1.0000 · nose nan · invento 0.0000 · 0.2 s/paso
  paso 11125 · perdida  0.1730 · GLOBAL 1.0000 · acierto 1.0000 · vigente 1.0000 · nose nan · invento 0.0000 · 0.2 s/paso
  paso 11150 · perdida  0.0161 · GLOBAL 1.0000 · acierto 1.0000 · vigente 1.0000 · nose nan · invento 0.0000 · 0.2 s/paso
  paso 11175 · perdida  0.4625 · GLOBAL 0.7500 · acierto 0.7500 · vigente 0.7500 · nose nan · invento 0.0000 · 0.2 s/paso
  paso 11200 · perdida  0.6396 · GLOBAL 0.7500 · acierto 0.7500 · vigente 0.7500 · nose nan · invento 0.0000 · 0.2 s/paso
  paso 11225 · perdida  2.4521 · GLOBAL 0.7500 · acierto 0.7500 · vigente 0.7500 · nose nan · invento 0.0000 · 0.2 s/paso
  paso 11250 · perdida  0.1686 · GLOBAL 1.0000 · acierto 1.0000 · vigente 1.0000 · nose nan · invento 0.0000 · 0.2 s/paso
  paso 11275 · perdida  0.0085 · GLOBAL 1.0000 · acierto 1.0000 · vigente 1.0000 · nose nan · invento 0.0000 · 0.2 s/paso
  paso 11300 · perdida  0.0286 · GLOBAL 1.0000 · acierto 1.0000 · vigente 1.0000 · nose nan · invento 0.0000 · 0.2 s/paso
  paso 11325 · perdida  0.0166 · GLOBAL 1.0000 · acierto 1.0000 · vigente 1.0000 · nose nan · invento 0.0000 · 0.2 s/paso
  paso 11350 · perdida  0.0342 · GLOBAL 1.0000 · acierto 1.0000 · vigente 1.0000 · nose nan · invento 0.0000 · 0.2 s/paso
  paso 11375 · perdida  0.0182 · GLOBAL 1.0000 · acierto 1.0000 · vigente 1.0000 · nose nan · invento 0.0000 · 0.2 s/paso
  paso 11400 · perdida  0.3931 · GLOBAL 0.7500 · acierto 0.7500 · vigente 0.7500 · nose nan · invento 0.0000 · 0.2 s/paso
  paso 11425 · perdida  0.1784 · GLOBAL 0.7500 · acierto 0.7500 · vigente 0.7500 · nose nan · invento 0.0000 · 0.2 s/paso
  paso 11450 · perdida  0.4470 · GLOBAL 0.7500 · acierto 0.7500 · vigente 0.7500 · nose nan · invento 0.0000 · 0.2 s/paso
  paso 11475 · perdida  0.0083 · GLOBAL 1.0000 · acierto 1.0000 · vigente 1.0000 · nose nan · invento 0.0000 · 0.2 s/paso
  paso 11500 · perdida  1.1567 · GLOBAL 0.5000 · acierto 0.5000 · vigente 0.5000 · nose nan · invento 0.0000 · 0.2 s/paso
  paso 11525 · perdida  0.0003 · GLOBAL 1.0000 · acierto 1.0000 · vigente 1.0000 · nose nan · invento 0.0000 · 0.2 s/paso
  paso 11550 · perdida  1.8856 · GLOBAL 0.7500 · acierto 0.7500 · vigente 0.7500 · nose nan · invento 0.0000 · 0.2 s/paso
  paso 11575 · perdida  0.1743 · GLOBAL 1.0000 · acierto 1.0000 · vigente 1.0000 · nose nan · invento 0.0000 · 0.2 s/paso
  paso 11600 · perdida  0.2595 · GLOBAL 0.7500 · acierto 0.7500 · vigente 0.7500 · nose nan · invento 0.0000 · 0.2 s/paso
  paso 11625 · perdida  0.3090 · GLOBAL 1.0000 · acierto 1.0000 · vigente 1.0000 · nose nan · invento 0.0000 · 0.2 s/paso
  paso 11650 · perdida  0.0676 · GLOBAL 1.0000 · acierto 1.0000 · vigente 1.0000 · nose nan · invento 0.0000 · 0.2 s/paso
  paso 11675 · perdida  0.0033 · GLOBAL 1.0000 · acierto 1.0000 · vigente 1.0000 · nose nan · invento 0.0000 · 0.2 s/paso
  paso 11700 · perdida  0.0048 · GLOBAL 1.0000 · acierto 1.0000 · vigente 1.0000 · nose nan · invento 0.0000 · 0.2 s/paso
  paso 11725 · perdida  0.3458 · GLOBAL 0.7500 · acierto 0.7500 · vigente 0.7500 · nose nan · invento 0.0000 · 0.2 s/paso
  paso 11750 · perdida  3.3792 · GLOBAL 0.5000 · acierto 0.5000 · vigente 0.5000 · nose nan · invento 0.0000 · 0.2 s/paso
  paso 11775 · perdida  0.0076 · GLOBAL 1.0000 · acierto 1.0000 · vigente 1.0000 · nose nan · invento 0.0000 · 0.2 s/paso
  paso 11800 · perdida  0.0004 · GLOBAL 1.0000 · acierto 1.0000 · vigente 1.0000 · nose nan · invento 0.0000 · 0.2 s/paso
  paso 11825 · perdida  0.0004 · GLOBAL 1.0000 · acierto 1.0000 · vigente 1.0000 · nose nan · invento 0.0000 · 0.2 s/paso
  paso 11850 · perdida  1.1213 · GLOBAL 0.7500 · acierto 0.7500 · vigente 0.7500 · nose nan · invento 0.0000 · 0.2 s/paso
  paso 11875 · perdida  0.0018 · GLOBAL 1.0000 · acierto 1.0000 · vigente 1.0000 · nose nan · invento 0.0000 · 0.2 s/paso
  paso 11900 · perdida  0.4487 · GLOBAL 0.7500 · acierto 0.7500 · vigente 0.7500 · nose nan · invento 0.0000 · 0.2 s/paso
  paso 11925 · perdida  0.0051 · GLOBAL 1.0000 · acierto 1.0000 · vigente 1.0000 · nose nan · invento 0.0000 · 0.2 s/paso
  paso 11950 · perdida  0.7186 · GLOBAL 0.7500 · acierto 0.7500 · vigente 0.7500 · nose nan · invento 0.0000 · 0.2 s/paso
  paso 11975 · perdida  0.1098 · GLOBAL 1.0000 · acierto 1.0000 · vigente 1.0000 · nose nan · invento 0.0000 · 0.2 s/paso
  paso 12000 · perdida  0.1242 · GLOBAL 1.0000 · acierto 1.0000 · vigente 1.0000 · nose nan · invento 0.0000 · 0.2 s/paso
  paso 12025 · perdida  1.2367 · GLOBAL 0.7500 · acierto 0.7500 · vigente 0.7500 · nose nan · invento 0.0000 · 0.2 s/paso
  paso 12050 · perdida  3.7570 · GLOBAL 0.2500 · acierto 0.2500 · vigente 0.2500 · nose nan · invento 0.0000 · 0.2 s/paso
  paso 12075 · perdida  0.0090 · GLOBAL 1.0000 · acierto 1.0000 · vigente 1.0000 · nose nan · invento 0.0000 · 0.2 s/paso
  paso 12100 · perdida  0.0130 · GLOBAL 1.0000 · acierto 1.0000 · vigente 1.0000 · nose nan · invento 0.0000 · 0.2 s/paso
  paso 12125 · perdida  0.7686 · GLOBAL 0.7500 · acierto 0.7500 · vigente 0.7500 · nose nan · invento 0.0000 · 0.2 s/paso
  paso 12150 · perdida  1.6456 · GLOBAL 0.7500 · acierto 0.7500 · vigente 0.7500 · nose nan · invento 0.0000 · 0.2 s/paso
  paso 12175 · perdida  0.0097 · GLOBAL 1.0000 · acierto 1.0000 · vigente 1.0000 · nose nan · invento 0.0000 · 0.2 s/paso
  paso 12200 · perdida  0.0026 · GLOBAL 1.0000 · acierto 1.0000 · vigente 1.0000 · nose nan · invento 0.0000 · 0.2 s/paso
  paso 12225 · perdida  0.3636 · GLOBAL 0.7500 · acierto 0.7500 · vigente 0.7500 · nose nan · invento 0.0000 · 0.2 s/paso
  paso 12250 · perdida  0.2581 · GLOBAL 0.7500 · acierto 0.7500 · vigente 0.7500 · nose nan · invento 0.0000 · 0.2 s/paso
  paso 12275 · perdida  0.0076 · GLOBAL 1.0000 · acierto 1.0000 · vigente 1.0000 · nose nan · invento 0.0000 · 0.2 s/paso
  paso 12300 · perdida  0.0122 · GLOBAL 1.0000 · acierto 1.0000 · vigente 1.0000 · nose nan · invento 0.0000 · 0.2 s/paso
  paso 12325 · perdida  0.0000 · GLOBAL 1.0000 · acierto 1.0000 · vigente 1.0000 · nose nan · invento 0.0000 · 0.2 s/paso
  paso 12350 · perdida  0.0040 · GLOBAL 1.0000 · acierto 1.0000 · vigente 1.0000 · nose nan · invento 0.0000 · 0.2 s/paso
  paso 12375 · perdida  0.0368 · GLOBAL 1.0000 · acierto 1.0000 · vigente 1.0000 · nose nan · invento 0.0000 · 0.2 s/paso
  paso 12400 · perdida  0.0124 · GLOBAL 1.0000 · acierto 1.0000 · vigente 1.0000 · nose nan · invento 0.0000 · 0.2 s/paso
  paso 12425 · perdida  0.0035 · GLOBAL 1.0000 · acierto 1.0000 · vigente 1.0000 · nose nan · invento 0.0000 · 0.2 s/paso
  paso 12450 · perdida  0.0146 · GLOBAL 1.0000 · acierto 1.0000 · vigente 1.0000 · nose nan · invento 0.0000 · 0.2 s/paso
  paso 12475 · perdida  0.0133 · GLOBAL 1.0000 · acierto 1.0000 · vigente 1.0000 · nose nan · invento 0.0000 · 0.2 s/paso
  paso 12500 · perdida  0.0576 · GLOBAL 1.0000 · acierto 1.0000 · vigente 1.0000 · nose nan · invento 0.0000 · 0.2 s/paso
  paso 12525 · perdida  0.0003 · GLOBAL 1.0000 · acierto 1.0000 · vigente 1.0000 · nose nan · invento 0.0000 · 0.2 s/paso
  paso 12550 · perdida  0.0007 · GLOBAL 1.0000 · acierto 1.0000 · vigente 1.0000 · nose nan · invento 0.0000 · 0.2 s/paso
  paso 12575 · perdida  0.0094 · GLOBAL 1.0000 · acierto 1.0000 · vigente 1.0000 · nose nan · invento 0.0000 · 0.2 s/paso
  paso 12600 · perdida  0.0108 · GLOBAL 1.0000 · acierto 1.0000 · vigente 1.0000 · nose nan · invento 0.0000 · 0.2 s/paso
  paso 12625 · perdida  0.0262 · GLOBAL 1.0000 · acierto 1.0000 · vigente 1.0000 · nose nan · invento 0.0000 · 0.2 s/paso
  paso 12650 · perdida  0.2689 · GLOBAL 0.7500 · acierto 0.7500 · vigente 0.7500 · nose nan · invento 0.0000 · 0.2 s/paso
  paso 12675 · perdida  1.0781 · GLOBAL 0.7500 · acierto 0.7500 · vigente 0.7500 · nose nan · invento 0.0000 · 0.2 s/paso
  paso 12700 · perdida  1.0610 · GLOBAL 0.7500 · acierto 0.7500 · vigente 0.7500 · nose nan · invento 0.0000 · 0.2 s/paso
  paso 12725 · perdida  0.2866 · GLOBAL 0.7500 · acierto 0.7500 · vigente 0.7500 · nose nan · invento 0.0000 · 0.2 s/paso
  paso 12750 · perdida  1.2011 · GLOBAL 0.7500 · acierto 0.7500 · vigente 0.7500 · nose nan · invento 0.0000 · 0.2 s/paso
  paso 12775 · perdida  2.2527 · GLOBAL 0.7500 · acierto 0.7500 · vigente 0.7500 · nose nan · invento 0.0000 · 0.2 s/paso
  paso 12800 · perdida  0.4689 · GLOBAL 0.7500 · acierto 0.7500 · vigente 0.7500 · nose nan · invento 0.0000 · 0.2 s/paso
  paso 12825 · perdida  1.0568 · GLOBAL 0.5000 · acierto 0.5000 · vigente 0.5000 · nose nan · invento 0.0000 · 0.2 s/paso
  paso 12850 · perdida  0.0604 · GLOBAL 1.0000 · acierto 1.0000 · vigente 1.0000 · nose nan · invento 0.0000 · 0.2 s/paso
  paso 12875 · perdida  1.3049 · GLOBAL 0.7500 · acierto 0.7500 · vigente 0.7500 · nose nan · invento 0.0000 · 0.2 s/paso
  paso 12900 · perdida  1.0987 · GLOBAL 0.7500 · acierto 0.7500 · vigente 0.7500 · nose nan · invento 0.0000 · 0.2 s/paso
  paso 12925 · perdida  1.0589 · GLOBAL 0.7500 · acierto 0.7500 · vigente 0.7500 · nose nan · invento 0.0000 · 0.2 s/paso
  paso 12950 · perdida  1.9171 · GLOBAL 0.7500 · acierto 0.7500 · vigente 0.7500 · nose nan · invento 0.0000 · 0.2 s/paso
  paso 12975 · perdida  0.0113 · GLOBAL 1.0000 · acierto 1.0000 · vigente 1.0000 · nose nan · invento 0.0000 · 0.2 s/paso
  paso 13000 · perdida  0.0052 · GLOBAL 1.0000 · acierto 1.0000 · vigente 1.0000 · nose nan · invento 0.0000 · 0.2 s/paso
  paso 13025 · perdida  0.8177 · GLOBAL 0.7500 · acierto 0.7500 · vigente 0.7500 · nose nan · invento 0.0000 · 0.2 s/paso
  paso 13050 · perdida  0.0095 · GLOBAL 1.0000 · acierto 1.0000 · vigente 1.0000 · nose nan · invento 0.0000 · 0.2 s/paso
  paso 13075 · perdida  0.0018 · GLOBAL 1.0000 · acierto 1.0000 · vigente 1.0000 · nose nan · invento 0.0000 · 0.2 s/paso
  paso 13100 · perdida  0.0016 · GLOBAL 1.0000 · acierto 1.0000 · vigente 1.0000 · nose nan · invento 0.0000 · 0.2 s/paso
  paso 13125 · perdida  0.0030 · GLOBAL 1.0000 · acierto 1.0000 · vigente 1.0000 · nose nan · invento 0.0000 · 0.2 s/paso
  paso 13150 · perdida  0.0247 · GLOBAL 1.0000 · acierto 1.0000 · vigente 1.0000 · nose nan · invento 0.0000 · 0.2 s/paso
  paso 13175 · perdida  0.0006 · GLOBAL 1.0000 · acierto 1.0000 · vigente 1.0000 · nose nan · invento 0.0000 · 0.2 s/paso
  paso 13200 · perdida  0.0318 · GLOBAL 1.0000 · acierto 1.0000 · vigente 1.0000 · nose nan · invento 0.0000 · 0.2 s/paso
  paso 13225 · perdida  0.1012 · GLOBAL 1.0000 · acierto 1.0000 · vigente 1.0000 · nose nan · invento 0.0000 · 0.2 s/paso
  paso 13250 · perdida  0.0219 · GLOBAL 1.0000 · acierto 1.0000 · vigente 1.0000 · nose nan · invento 0.0000 · 0.2 s/paso
  paso 13275 · perdida  0.1321 · GLOBAL 1.0000 · acierto 1.0000 · vigente 1.0000 · nose nan · invento 0.0000 · 0.2 s/paso
  paso 13300 · perdida  0.0063 · GLOBAL 1.0000 · acierto 1.0000 · vigente 1.0000 · nose nan · invento 0.0000 · 0.2 s/paso
  paso 13325 · perdida  0.1521 · GLOBAL 1.0000 · acierto 1.0000 · vigente 1.0000 · nose nan · invento 0.0000 · 0.2 s/paso
  paso 13350 · perdida  1.1260 · GLOBAL 0.5000 · acierto 0.5000 · vigente 0.5000 · nose nan · invento 0.0000 · 0.2 s/paso
  paso 13375 · perdida  0.2270 · GLOBAL 0.7500 · acierto 0.7500 · vigente 0.7500 · nose nan · invento 0.0000 · 0.2 s/paso
  paso 13400 · perdida  0.2241 · GLOBAL 1.0000 · acierto 1.0000 · vigente 1.0000 · nose nan · invento 0.0000 · 0.2 s/paso
  paso 13425 · perdida  0.0618 · GLOBAL 1.0000 · acierto 1.0000 · vigente 1.0000 · nose nan · invento 0.0000 · 0.2 s/paso
  paso 13450 · perdida  0.1367 · GLOBAL 1.0000 · acierto 1.0000 · vigente 1.0000 · nose nan · invento 0.0000 · 0.2 s/paso
  paso 13475 · perdida  0.7844 · GLOBAL 0.7500 · acierto 0.7500 · vigente 0.7500 · nose nan · invento 0.0000 · 0.2 s/paso
  paso 13500 · perdida  0.0039 · GLOBAL 1.0000 · acierto 1.0000 · vigente 1.0000 · nose nan · invento 0.0000 · 0.2 s/paso
  paso 13525 · perdida  0.2253 · GLOBAL 0.7500 · acierto 0.7500 · vigente 0.7500 · nose nan · invento 0.0000 · 0.2 s/paso
  paso 13550 · perdida  2.0619 · GLOBAL 0.7500 · acierto 0.7500 · vigente 0.7500 · nose nan · invento 0.0000 · 0.2 s/paso
  paso 13575 · perdida  0.0591 · GLOBAL 1.0000 · acierto 1.0000 · vigente 1.0000 · nose nan · invento 0.0000 · 0.2 s/paso
  paso 13600 · perdida  0.0128 · GLOBAL 1.0000 · acierto 1.0000 · vigente 1.0000 · nose nan · invento 0.0000 · 0.2 s/paso
  paso 13625 · perdida  0.0532 · GLOBAL 1.0000 · acierto 1.0000 · vigente 1.0000 · nose nan · invento 0.0000 · 0.2 s/paso
  paso 13650 · perdida  0.0252 · GLOBAL 1.0000 · acierto 1.0000 · vigente 1.0000 · nose nan · invento 0.0000 · 0.2 s/paso
  paso 13675 · perdida  0.3956 · GLOBAL 0.7500 · acierto 0.7500 · vigente 0.7500 · nose nan · invento 0.0000 · 0.2 s/paso
  paso 13700 · perdida  0.4330 · GLOBAL 0.7500 · acierto 0.7500 · vigente 0.7500 · nose nan · invento 0.0000 · 0.2 s/paso
  paso 13725 · perdida  0.7369 · GLOBAL 0.7500 · acierto 0.7500 · vigente 0.7500 · nose nan · invento 0.0000 · 0.2 s/paso
  paso 13750 · perdida  0.3872 · GLOBAL 0.7500 · acierto 0.7500 · vigente 0.7500 · nose nan · invento 0.0000 · 0.2 s/paso
  paso 13775 · perdida  1.1168 · GLOBAL 0.5000 · acierto 0.5000 · vigente 0.5000 · nose nan · invento 0.0000 · 0.2 s/paso
  paso 13800 · perdida  1.0657 · GLOBAL 0.5000 · acierto 0.5000 · vigente 0.5000 · nose nan · invento 0.0000 · 0.2 s/paso
  paso 13825 · perdida  0.7803 · GLOBAL 0.7500 · acierto 0.7500 · vigente 0.7500 · nose nan · invento 0.0000 · 0.2 s/paso
  paso 13850 · perdida  0.0403 · GLOBAL 1.0000 · acierto 1.0000 · vigente 1.0000 · nose nan · invento 0.0000 · 0.2 s/paso
  paso 13875 · perdida  0.0015 · GLOBAL 1.0000 · acierto 1.0000 · vigente 1.0000 · nose nan · invento 0.0000 · 0.2 s/paso
  paso 13900 · perdida  0.2220 · GLOBAL 0.7500 · acierto 0.7500 · vigente 0.7500 · nose nan · invento 0.0000 · 0.2 s/paso
  paso 13925 · perdida  0.1225 · GLOBAL 1.0000 · acierto 1.0000 · vigente 1.0000 · nose nan · invento 0.0000 · 0.2 s/paso
  paso 13950 · perdida  0.0117 · GLOBAL 1.0000 · acierto 1.0000 · vigente 1.0000 · nose nan · invento 0.0000 · 0.2 s/paso
  paso 13975 · perdida  0.0001 · GLOBAL 1.0000 · acierto 1.0000 · vigente 1.0000 · nose nan · invento 0.0000 · 0.2 s/paso
  paso 14000 · perdida  0.4548 · GLOBAL 0.7500 · acierto 0.7500 · vigente 0.7500 · nose nan · invento 0.0000 · 0.2 s/paso
  paso 14025 · perdida  0.1309 · GLOBAL 1.0000 · acierto 1.0000 · vigente 1.0000 · nose nan · invento 0.0000 · 0.2 s/paso
  paso 14050 · perdida  0.0562 · GLOBAL 1.0000 · acierto 1.0000 · vigente 1.0000 · nose nan · invento 0.0000 · 0.2 s/paso
  paso 14075 · perdida  0.3201 · GLOBAL 0.7500 · acierto 0.7500 · vigente 0.7500 · nose nan · invento 0.0000 · 0.2 s/paso
  paso 14100 · perdida  0.0138 · GLOBAL 1.0000 · acierto 1.0000 · vigente 1.0000 · nose nan · invento 0.0000 · 0.2 s/paso
  paso 14125 · perdida  0.0293 · GLOBAL 1.0000 · acierto 1.0000 · vigente 1.0000 · nose nan · invento 0.0000 · 0.2 s/paso
  paso 14150 · perdida  0.0507 · GLOBAL 1.0000 · acierto 1.0000 · vigente 1.0000 · nose nan · invento 0.0000 · 0.2 s/paso
  paso 14175 · perdida  0.0160 · GLOBAL 1.0000 · acierto 1.0000 · vigente 1.0000 · nose nan · invento 0.0000 · 0.2 s/paso
  paso 14200 · perdida  0.0037 · GLOBAL 1.0000 · acierto 1.0000 · vigente 1.0000 · nose nan · invento 0.0000 · 0.2 s/paso
  paso 14225 · perdida  0.0123 · GLOBAL 1.0000 · acierto 1.0000 · vigente 1.0000 · nose nan · invento 0.0000 · 0.2 s/paso
  paso 14250 · perdida  0.2649 · GLOBAL 0.7500 · acierto 0.7500 · vigente 0.7500 · nose nan · invento 0.0000 · 0.2 s/paso
  paso 14275 · perdida  0.4903 · GLOBAL 0.7500 · acierto 0.7500 · vigente 0.7500 · nose nan · invento 0.0000 · 0.2 s/paso
  paso 14300 · perdida  0.0032 · GLOBAL 1.0000 · acierto 1.0000 · vigente 1.0000 · nose nan · invento 0.0000 · 0.2 s/paso
  paso 14325 · perdida  0.0568 · GLOBAL 1.0000 · acierto 1.0000 · vigente 1.0000 · nose nan · invento 0.0000 · 0.2 s/paso
  paso 14350 · perdida  0.1467 · GLOBAL 1.0000 · acierto 1.0000 · vigente 1.0000 · nose nan · invento 0.0000 · 0.2 s/paso
  paso 14375 · perdida  0.0446 · GLOBAL 1.0000 · acierto 1.0000 · vigente 1.0000 · nose nan · invento 0.0000 · 0.2 s/paso
  paso 14400 · perdida  0.0179 · GLOBAL 1.0000 · acierto 1.0000 · vigente 1.0000 · nose nan · invento 0.0000 · 0.2 s/paso
  paso 14425 · perdida  0.0685 · GLOBAL 1.0000 · acierto 1.0000 · vigente 1.0000 · nose nan · invento 0.0000 · 0.2 s/paso
  paso 14450 · perdida  0.0007 · GLOBAL 1.0000 · acierto 1.0000 · vigente 1.0000 · nose nan · invento 0.0000 · 0.2 s/paso
  paso 14475 · perdida  0.0271 · GLOBAL 1.0000 · acierto 1.0000 · vigente 1.0000 · nose nan · invento 0.0000 · 0.2 s/paso
  paso 14500 · perdida  0.0152 · GLOBAL 1.0000 · acierto 1.0000 · vigente 1.0000 · nose nan · invento 0.0000 · 0.2 s/paso
  paso 14525 · perdida  0.0060 · GLOBAL 1.0000 · acierto 1.0000 · vigente 1.0000 · nose nan · invento 0.0000 · 0.2 s/paso
  paso 14550 · perdida  0.0131 · GLOBAL 1.0000 · acierto 1.0000 · vigente 1.0000 · nose nan · invento 0.0000 · 0.2 s/paso
  paso 14575 · perdida  0.0062 · GLOBAL 1.0000 · acierto 1.0000 · vigente 1.0000 · nose nan · invento 0.0000 · 0.2 s/paso
  paso 14600 · perdida  0.0098 · GLOBAL 1.0000 · acierto 1.0000 · vigente 1.0000 · nose nan · invento 0.0000 · 0.2 s/paso
  paso 14625 · perdida  0.2952 · GLOBAL 0.7500 · acierto 0.7500 · vigente 0.7500 · nose nan · invento 0.0000 · 0.2 s/paso
  paso 14650 · perdida  0.0136 · GLOBAL 1.0000 · acierto 1.0000 · vigente 1.0000 · nose nan · invento 0.0000 · 0.2 s/paso
  paso 14675 · perdida  0.5260 · GLOBAL 0.7500 · acierto 0.7500 · vigente 0.7500 · nose nan · invento 0.0000 · 0.2 s/paso
  paso 14700 · perdida  0.0867 · GLOBAL 1.0000 · acierto 1.0000 · vigente 1.0000 · nose nan · invento 0.0000 · 0.2 s/paso
  paso 14725 · perdida  0.0295 · GLOBAL 1.0000 · acierto 1.0000 · vigente 1.0000 · nose nan · invento 0.0000 · 0.2 s/paso
  paso 14750 · perdida  0.2849 · GLOBAL 0.7500 · acierto 0.7500 · vigente 0.7500 · nose nan · invento 0.0000 · 0.2 s/paso
  paso 14775 · perdida  0.0006 · GLOBAL 1.0000 · acierto 1.0000 · vigente 1.0000 · nose nan · invento 0.0000 · 0.2 s/paso
  paso 14800 · perdida  0.6771 · GLOBAL 0.7500 · acierto 0.7500 · vigente 0.7500 · nose nan · invento 0.0000 · 0.2 s/paso
  paso 14825 · perdida  0.4434 · GLOBAL 0.7500 · acierto 0.7500 · vigente 0.7500 · nose nan · invento 0.0000 · 0.2 s/paso
  paso 14850 · perdida  0.0623 · GLOBAL 1.0000 · acierto 1.0000 · vigente 1.0000 · nose nan · invento 0.0000 · 0.2 s/paso
  paso 14875 · perdida  0.1181 · GLOBAL 1.0000 · acierto 1.0000 · vigente 1.0000 · nose nan · invento 0.0000 · 0.2 s/paso
  paso 14900 · perdida  1.2009 · GLOBAL 0.7500 · acierto 0.7500 · vigente 0.7500 · nose nan · invento 0.0000 · 0.2 s/paso
  paso 14925 · perdida  0.6619 · GLOBAL 0.7500 · acierto 0.7500 · vigente 0.7500 · nose nan · invento 0.0000 · 0.2 s/paso
  paso 14950 · perdida  0.0167 · GLOBAL 1.0000 · acierto 1.0000 · vigente 1.0000 · nose nan · invento 0.0000 · 0.2 s/paso
  paso 14975 · perdida  0.1210 · GLOBAL 1.0000 · acierto 1.0000 · vigente 1.0000 · nose nan · invento 0.0000 · 0.2 s/paso
  paso 15000 · perdida  0.0074 · GLOBAL 1.0000 · acierto 1.0000 · vigente 1.0000 · nose nan · invento 0.0000 · 0.2 s/paso
  paso 15025 · perdida  0.0129 · GLOBAL 1.0000 · acierto 1.0000 · vigente 1.0000 · nose nan · invento 0.0000 · 0.2 s/paso
  paso 15050 · perdida  0.0225 · GLOBAL 1.0000 · acierto 1.0000 · vigente 1.0000 · nose nan · invento 0.0000 · 0.2 s/paso
  paso 15075 · perdida  0.0013 · GLOBAL 1.0000 · acierto 1.0000 · vigente 1.0000 · nose nan · invento 0.0000 · 0.2 s/paso
  paso 15100 · perdida  0.0031 · GLOBAL 1.0000 · acierto 1.0000 · vigente 1.0000 · nose nan · invento 0.0000 · 0.2 s/paso
  paso 15125 · perdida  0.0602 · GLOBAL 1.0000 · acierto 1.0000 · vigente 1.0000 · nose nan · invento 0.0000 · 0.2 s/paso
  paso 15150 · perdida  0.0006 · GLOBAL 1.0000 · acierto 1.0000 · vigente 1.0000 · nose nan · invento 0.0000 · 0.2 s/paso
  paso 15175 · perdida  0.0170 · GLOBAL 1.0000 · acierto 1.0000 · vigente 1.0000 · nose nan · invento 0.0000 · 0.2 s/paso
  paso 15200 · perdida  0.0743 · GLOBAL 1.0000 · acierto 1.0000 · vigente 1.0000 · nose nan · invento 0.0000 · 0.2 s/paso
  paso 15225 · perdida  0.0041 · GLOBAL 1.0000 · acierto 1.0000 · vigente 1.0000 · nose nan · invento 0.0000 · 0.2 s/paso
  paso 15250 · perdida  0.1178 · GLOBAL 1.0000 · acierto 1.0000 · vigente 1.0000 · nose nan · invento 0.0000 · 0.2 s/paso
  paso 15275 · perdida  0.0055 · GLOBAL 1.0000 · acierto 1.0000 · vigente 1.0000 · nose nan · invento 0.0000 · 0.2 s/paso
  paso 15300 · perdida  0.0255 · GLOBAL 1.0000 · acierto 1.0000 · vigente 1.0000 · nose nan · invento 0.0000 · 0.2 s/paso
  paso 15325 · perdida  0.7898 · GLOBAL 0.7500 · acierto 0.7500 · vigente 0.7500 · nose nan · invento 0.0000 · 0.2 s/paso
  paso 15350 · perdida  0.0148 · GLOBAL 1.0000 · acierto 1.0000 · vigente 1.0000 · nose nan · invento 0.0000 · 0.2 s/paso
  paso 15375 · perdida  0.0044 · GLOBAL 1.0000 · acierto 1.0000 · vigente 1.0000 · nose nan · invento 0.0000 · 0.2 s/paso
  paso 15400 · perdida  0.2318 · GLOBAL 0.7500 · acierto 0.7500 · vigente 0.7500 · nose nan · invento 0.0000 · 0.2 s/paso
  paso 15425 · perdida  0.3475 · GLOBAL 0.7500 · acierto 0.7500 · vigente 0.7500 · nose nan · invento 0.0000 · 0.2 s/paso
  paso 15450 · perdida  0.0009 · GLOBAL 1.0000 · acierto 1.0000 · vigente 1.0000 · nose nan · invento 0.0000 · 0.2 s/paso
  paso 15475 · perdida  0.9274 · GLOBAL 0.7500 · acierto 0.7500 · vigente 0.7500 · nose nan · invento 0.0000 · 0.2 s/paso
  paso 15500 · perdida  0.0053 · GLOBAL 1.0000 · acierto 1.0000 · vigente 1.0000 · nose nan · invento 0.0000 · 0.2 s/paso
  paso 15525 · perdida  0.0736 · GLOBAL 1.0000 · acierto 1.0000 · vigente 1.0000 · nose nan · invento 0.0000 · 0.2 s/paso
  paso 15550 · perdida  0.2233 · GLOBAL 1.0000 · acierto 1.0000 · vigente 1.0000 · nose nan · invento 0.0000 · 0.2 s/paso
  paso 15575 · perdida  0.1585 · GLOBAL 1.0000 · acierto 1.0000 · vigente 1.0000 · nose nan · invento 0.0000 · 0.2 s/paso
  paso 15600 · perdida  0.0011 · GLOBAL 1.0000 · acierto 1.0000 · vigente 1.0000 · nose nan · invento 0.0000 · 0.2 s/paso
  paso 15625 · perdida  0.3525 · GLOBAL 0.7500 · acierto 0.7500 · vigente 0.7500 · nose nan · invento 0.0000 · 0.2 s/paso
  paso 15650 · perdida  0.0074 · GLOBAL 1.0000 · acierto 1.0000 · vigente 1.0000 · nose nan · invento 0.0000 · 0.2 s/paso
  paso 15675 · perdida  0.0031 · GLOBAL 1.0000 · acierto 1.0000 · vigente 1.0000 · nose nan · invento 0.0000 · 0.2 s/paso
  paso 15700 · perdida  0.1339 · GLOBAL 1.0000 · acierto 1.0000 · vigente 1.0000 · nose nan · invento 0.0000 · 0.2 s/paso
  paso 15725 · perdida  0.1650 · GLOBAL 1.0000 · acierto 1.0000 · vigente 1.0000 · nose nan · invento 0.0000 · 0.2 s/paso
  paso 15750 · perdida  0.0023 · GLOBAL 1.0000 · acierto 1.0000 · vigente 1.0000 · nose nan · invento 0.0000 · 0.2 s/paso
  paso 15775 · perdida  0.9775 · GLOBAL 0.7500 · acierto 0.7500 · vigente 0.7500 · nose nan · invento 0.0000 · 0.2 s/paso
  paso 15800 · perdida  0.1116 · GLOBAL 1.0000 · acierto 1.0000 · vigente 1.0000 · nose nan · invento 0.0000 · 0.2 s/paso
  paso 15825 · perdida  0.0009 · GLOBAL 1.0000 · acierto 1.0000 · vigente 1.0000 · nose nan · invento 0.0000 · 0.2 s/paso
  paso 15850 · perdida  0.4282 · GLOBAL 0.7500 · acierto 0.7500 · vigente 0.7500 · nose nan · invento 0.0000 · 0.2 s/paso
  paso 15875 · perdida  0.0013 · GLOBAL 1.0000 · acierto 1.0000 · vigente 1.0000 · nose nan · invento 0.0000 · 0.2 s/paso
  paso 15900 · perdida  0.0401 · GLOBAL 1.0000 · acierto 1.0000 · vigente 1.0000 · nose nan · invento 0.0000 · 0.2 s/paso
  paso 15925 · perdida  0.1348 · GLOBAL 1.0000 · acierto 1.0000 · vigente 1.0000 · nose nan · invento 0.0000 · 0.2 s/paso
  paso 15950 · perdida  0.0239 · GLOBAL 1.0000 · acierto 1.0000 · vigente 1.0000 · nose nan · invento 0.0000 · 0.2 s/paso
  paso 15975 · perdida  0.0647 · GLOBAL 1.0000 · acierto 1.0000 · vigente 1.0000 · nose nan · invento 0.0000 · 0.2 s/paso
  paso 16000 · perdida  0.2193 · GLOBAL 0.7500 · acierto 0.7500 · vigente 0.7500 · nose nan · invento 0.0000 · 0.2 s/paso
  paso 16025 · perdida  0.1026 · GLOBAL 1.0000 · acierto 1.0000 · vigente 1.0000 · nose nan · invento 0.0000 · 0.2 s/paso
  paso 16050 · perdida  0.5053 · GLOBAL 0.7500 · acierto 0.7500 · vigente 0.7500 · nose nan · invento 0.0000 · 0.2 s/paso
  paso 16075 · perdida  0.0418 · GLOBAL 1.0000 · acierto 1.0000 · vigente 1.0000 · nose nan · invento 0.0000 · 0.2 s/paso
  paso 16100 · perdida  0.3149 · GLOBAL 0.7500 · acierto 0.7500 · vigente 0.7500 · nose nan · invento 0.0000 · 0.2 s/paso
  paso 16125 · perdida  0.3362 · GLOBAL 0.7500 · acierto 0.7500 · vigente 0.7500 · nose nan · invento 0.0000 · 0.2 s/paso
  paso 16150 · perdida  0.0036 · GLOBAL 1.0000 · acierto 1.0000 · vigente 1.0000 · nose nan · invento 0.0000 · 0.2 s/paso
  paso 16175 · perdida  0.0004 · GLOBAL 1.0000 · acierto 1.0000 · vigente 1.0000 · nose nan · invento 0.0000 · 0.2 s/paso
  paso 16200 · perdida  0.3980 · GLOBAL 0.7500 · acierto 0.7500 · vigente 0.7500 · nose nan · invento 0.0000 · 0.2 s/paso
  paso 16225 · perdida  0.1727 · GLOBAL 1.0000 · acierto 1.0000 · vigente 1.0000 · nose nan · invento 0.0000 · 0.2 s/paso
  paso 16250 · perdida  0.0023 · GLOBAL 1.0000 · acierto 1.0000 · vigente 1.0000 · nose nan · invento 0.0000 · 0.2 s/paso
  paso 16275 · perdida  0.0526 · GLOBAL 1.0000 · acierto 1.0000 · vigente 1.0000 · nose nan · invento 0.0000 · 0.2 s/paso
  paso 16300 · perdida  0.2394 · GLOBAL 1.0000 · acierto 1.0000 · vigente 1.0000 · nose nan · invento 0.0000 · 0.2 s/paso
  paso 16325 · perdida  0.0016 · GLOBAL 1.0000 · acierto 1.0000 · vigente 1.0000 · nose nan · invento 0.0000 · 0.2 s/paso
  paso 16350 · perdida  0.0052 · GLOBAL 1.0000 · acierto 1.0000 · vigente 1.0000 · nose nan · invento 0.0000 · 0.2 s/paso
  paso 16375 · perdida  0.0170 · GLOBAL 1.0000 · acierto 1.0000 · vigente 1.0000 · nose nan · invento 0.0000 · 0.2 s/paso
  paso 16400 · perdida  0.1733 · GLOBAL 1.0000 · acierto 1.0000 · vigente 1.0000 · nose nan · invento 0.0000 · 0.2 s/paso
  paso 16425 · perdida  0.5693 · GLOBAL 0.7500 · acierto 0.7500 · vigente 0.7500 · nose nan · invento 0.0000 · 0.2 s/paso
  paso 16450 · perdida  0.0319 · GLOBAL 1.0000 · acierto 1.0000 · vigente 1.0000 · nose nan · invento 0.0000 · 0.2 s/paso
  paso 16475 · perdida  0.3181 · GLOBAL 0.7500 · acierto 0.7500 · vigente 0.7500 · nose nan · invento 0.0000 · 0.2 s/paso
  paso 16500 · perdida  0.4091 · GLOBAL 0.7500 · acierto 0.7500 · vigente 0.7500 · nose nan · invento 0.0000 · 0.2 s/paso
  paso 16525 · perdida  1.1087 · GLOBAL 0.7500 · acierto 0.7500 · vigente 0.7500 · nose nan · invento 0.0000 · 0.2 s/paso
  paso 16550 · perdida  0.1295 · GLOBAL 1.0000 · acierto 1.0000 · vigente 1.0000 · nose nan · invento 0.0000 · 0.2 s/paso
  paso 16575 · perdida  0.0285 · GLOBAL 1.0000 · acierto 1.0000 · vigente 1.0000 · nose nan · invento 0.0000 · 0.2 s/paso
  paso 16600 · perdida  0.0102 · GLOBAL 1.0000 · acierto 1.0000 · vigente 1.0000 · nose nan · invento 0.0000 · 0.2 s/paso
  paso 16625 · perdida  0.4276 · GLOBAL 0.7500 · acierto 0.7500 · vigente 0.7500 · nose nan · invento 0.0000 · 0.2 s/paso
  paso 16650 · perdida  0.1255 · GLOBAL 1.0000 · acierto 1.0000 · vigente 1.0000 · nose nan · invento 0.0000 · 0.2 s/paso
  paso 16675 · perdida  0.0296 · GLOBAL 1.0000 · acierto 1.0000 · vigente 1.0000 · nose nan · invento 0.0000 · 0.2 s/paso
  paso 16700 · perdida  0.0365 · GLOBAL 1.0000 · acierto 1.0000 · vigente 1.0000 · nose nan · invento 0.0000 · 0.2 s/paso
  paso 16725 · perdida  0.2321 · GLOBAL 0.7500 · acierto 0.7500 · vigente 0.7500 · nose nan · invento 0.0000 · 0.2 s/paso
  paso 16750 · perdida  0.5302 · GLOBAL 0.7500 · acierto 0.7500 · vigente 0.7500 · nose nan · invento 0.0000 · 0.2 s/paso
  paso 16775 · perdida  0.0908 · GLOBAL 1.0000 · acierto 1.0000 · vigente 1.0000 · nose nan · invento 0.0000 · 0.2 s/paso
  paso 16800 · perdida  0.1100 · GLOBAL 1.0000 · acierto 1.0000 · vigente 1.0000 · nose nan · invento 0.0000 · 0.2 s/paso
  paso 16825 · perdida  0.0501 · GLOBAL 1.0000 · acierto 1.0000 · vigente 1.0000 · nose nan · invento 0.0000 · 0.2 s/paso
  paso 16850 · perdida  1.6561 · GLOBAL 0.7500 · acierto 0.7500 · vigente 0.7500 · nose nan · invento 0.0000 · 0.2 s/paso
  paso 16875 · perdida  0.0170 · GLOBAL 1.0000 · acierto 1.0000 · vigente 1.0000 · nose nan · invento 0.0000 · 0.2 s/paso
  paso 16900 · perdida  0.1155 · GLOBAL 1.0000 · acierto 1.0000 · vigente 1.0000 · nose nan · invento 0.0000 · 0.2 s/paso
  paso 16925 · perdida  0.0722 · GLOBAL 1.0000 · acierto 1.0000 · vigente 1.0000 · nose nan · invento 0.0000 · 0.2 s/paso
  paso 16950 · perdida  0.0032 · GLOBAL 1.0000 · acierto 1.0000 · vigente 1.0000 · nose nan · invento 0.0000 · 0.2 s/paso
  paso 16975 · perdida  0.0231 · GLOBAL 1.0000 · acierto 1.0000 · vigente 1.0000 · nose nan · invento 0.0000 · 0.2 s/paso
  paso 17000 · perdida  0.0516 · GLOBAL 1.0000 · acierto 1.0000 · vigente 1.0000 · nose nan · invento 0.0000 · 0.2 s/paso
  paso 17025 · perdida  0.6322 · GLOBAL 0.7500 · acierto 0.7500 · vigente 0.7500 · nose nan · invento 0.0000 · 0.2 s/paso
  paso 17050 · perdida  0.0155 · GLOBAL 1.0000 · acierto 1.0000 · vigente 1.0000 · nose nan · invento 0.0000 · 0.2 s/paso
  paso 17075 · perdida  0.1579 · GLOBAL 1.0000 · acierto 1.0000 · vigente 1.0000 · nose nan · invento 0.0000 · 0.2 s/paso
  paso 17100 · perdida  1.4675 · GLOBAL 0.5000 · acierto 0.5000 · vigente 0.5000 · nose nan · invento 0.0000 · 0.2 s/paso
  paso 17125 · perdida  0.1198 · GLOBAL 1.0000 · acierto 1.0000 · vigente 1.0000 · nose nan · invento 0.0000 · 0.2 s/paso
  paso 17150 · perdida  0.0185 · GLOBAL 1.0000 · acierto 1.0000 · vigente 1.0000 · nose nan · invento 0.0000 · 0.2 s/paso
  paso 17175 · perdida  0.0098 · GLOBAL 1.0000 · acierto 1.0000 · vigente 1.0000 · nose nan · invento 0.0000 · 0.2 s/paso
  paso 17200 · perdida  0.0081 · GLOBAL 1.0000 · acierto 1.0000 · vigente 1.0000 · nose nan · invento 0.0000 · 0.2 s/paso
  paso 17225 · perdida  0.0038 · GLOBAL 1.0000 · acierto 1.0000 · vigente 1.0000 · nose nan · invento 0.0000 · 0.2 s/paso
  paso 17250 · perdida  1.1370 · GLOBAL 0.7500 · acierto 0.7500 · vigente 0.7500 · nose nan · invento 0.0000 · 0.2 s/paso
  paso 17275 · perdida  0.9568 · GLOBAL 0.7500 · acierto 0.7500 · vigente 0.7500 · nose nan · invento 0.0000 · 0.2 s/paso
  paso 17300 · perdida  1.4244 · GLOBAL 0.7500 · acierto 0.7500 · vigente 0.7500 · nose nan · invento 0.0000 · 0.2 s/paso
  paso 17325 · perdida  0.0784 · GLOBAL 1.0000 · acierto 1.0000 · vigente 1.0000 · nose nan · invento 0.0000 · 0.2 s/paso
  paso 17350 · perdida  0.0196 · GLOBAL 1.0000 · acierto 1.0000 · vigente 1.0000 · nose nan · invento 0.0000 · 0.2 s/paso
  paso 17375 · perdida  0.2616 · GLOBAL 1.0000 · acierto 1.0000 · vigente 1.0000 · nose nan · invento 0.0000 · 0.2 s/paso
  paso 17400 · perdida  0.1324 · GLOBAL 1.0000 · acierto 1.0000 · vigente 1.0000 · nose nan · invento 0.0000 · 0.2 s/paso
  paso 17425 · perdida  0.3084 · GLOBAL 0.7500 · acierto 0.7500 · vigente 0.7500 · nose nan · invento 0.0000 · 0.2 s/paso
  paso 17450 · perdida  0.0119 · GLOBAL 1.0000 · acierto 1.0000 · vigente 1.0000 · nose nan · invento 0.0000 · 0.2 s/paso
  paso 17475 · perdida  0.0031 · GLOBAL 1.0000 · acierto 1.0000 · vigente 1.0000 · nose nan · invento 0.0000 · 0.2 s/paso
  paso 17500 · perdida  0.0104 · GLOBAL 1.0000 · acierto 1.0000 · vigente 1.0000 · nose nan · invento 0.0000 · 0.2 s/paso
  paso 17525 · perdida  0.0030 · GLOBAL 1.0000 · acierto 1.0000 · vigente 1.0000 · nose nan · invento 0.0000 · 0.2 s/paso
  paso 17550 · perdida  0.0042 · GLOBAL 1.0000 · acierto 1.0000 · vigente 1.0000 · nose nan · invento 0.0000 · 0.2 s/paso
  paso 17575 · perdida  0.0219 · GLOBAL 1.0000 · acierto 1.0000 · vigente 1.0000 · nose nan · invento 0.0000 · 0.2 s/paso
  paso 17600 · perdida  0.0060 · GLOBAL 1.0000 · acierto 1.0000 · vigente 1.0000 · nose nan · invento 0.0000 · 0.2 s/paso
  paso 17625 · perdida  0.0188 · GLOBAL 1.0000 · acierto 1.0000 · vigente 1.0000 · nose nan · invento 0.0000 · 0.2 s/paso
  paso 17650 · perdida  0.0039 · GLOBAL 1.0000 · acierto 1.0000 · vigente 1.0000 · nose nan · invento 0.0000 · 0.2 s/paso
  paso 17675 · perdida  0.0010 · GLOBAL 1.0000 · acierto 1.0000 · vigente 1.0000 · nose nan · invento 0.0000 · 0.2 s/paso
  paso 17700 · perdida  0.0453 · GLOBAL 1.0000 · acierto 1.0000 · vigente 1.0000 · nose nan · invento 0.0000 · 0.2 s/paso
  paso 17725 · perdida  0.0657 · GLOBAL 1.0000 · acierto 1.0000 · vigente 1.0000 · nose nan · invento 0.0000 · 0.2 s/paso
  paso 17750 · perdida  0.0781 · GLOBAL 1.0000 · acierto 1.0000 · vigente 1.0000 · nose nan · invento 0.0000 · 0.2 s/paso
  paso 17775 · perdida  0.0635 · GLOBAL 1.0000 · acierto 1.0000 · vigente 1.0000 · nose nan · invento 0.0000 · 0.2 s/paso
  paso 17800 · perdida  0.2543 · GLOBAL 1.0000 · acierto 1.0000 · vigente 1.0000 · nose nan · invento 0.0000 · 0.2 s/paso
  paso 17825 · perdida  0.0491 · GLOBAL 1.0000 · acierto 1.0000 · vigente 1.0000 · nose nan · invento 0.0000 · 0.2 s/paso
  paso 17850 · perdida  0.1630 · GLOBAL 1.0000 · acierto 1.0000 · vigente 1.0000 · nose nan · invento 0.0000 · 0.2 s/paso
  paso 17875 · perdida  0.1400 · GLOBAL 1.0000 · acierto 1.0000 · vigente 1.0000 · nose nan · invento 0.0000 · 0.2 s/paso
  paso 17900 · perdida  0.0005 · GLOBAL 1.0000 · acierto 1.0000 · vigente 1.0000 · nose nan · invento 0.0000 · 0.2 s/paso
  paso 17925 · perdida  0.0055 · GLOBAL 1.0000 · acierto 1.0000 · vigente 1.0000 · nose nan · invento 0.0000 · 0.2 s/paso
  paso 17950 · perdida  0.0036 · GLOBAL 1.0000 · acierto 1.0000 · vigente 1.0000 · nose nan · invento 0.0000 · 0.2 s/paso
  paso 17975 · perdida  0.0190 · GLOBAL 1.0000 · acierto 1.0000 · vigente 1.0000 · nose nan · invento 0.0000 · 0.2 s/paso
  paso 18000 · perdida  0.0100 · GLOBAL 1.0000 · acierto 1.0000 · vigente 1.0000 · nose nan · invento 0.0000 · 0.2 s/paso
  paso 18025 · perdida  1.8335 · GLOBAL 0.7500 · acierto 0.7500 · vigente 0.7500 · nose nan · invento 0.0000 · 0.2 s/paso
  paso 18050 · perdida  0.6857 · GLOBAL 0.7500 · acierto 0.7500 · vigente 0.7500 · nose nan · invento 0.0000 · 0.2 s/paso
  paso 18075 · perdida  0.0063 · GLOBAL 1.0000 · acierto 1.0000 · vigente 1.0000 · nose nan · invento 0.0000 · 0.2 s/paso
  paso 18100 · perdida  0.0080 · GLOBAL 1.0000 · acierto 1.0000 · vigente 1.0000 · nose nan · invento 0.0000 · 0.2 s/paso
  paso 18125 · perdida  0.0620 · GLOBAL 1.0000 · acierto 1.0000 · vigente 1.0000 · nose nan · invento 0.0000 · 0.2 s/paso
  paso 18150 · perdida  0.0737 · GLOBAL 1.0000 · acierto 1.0000 · vigente 1.0000 · nose nan · invento 0.0000 · 0.2 s/paso
  paso 18175 · perdida  0.0160 · GLOBAL 1.0000 · acierto 1.0000 · vigente 1.0000 · nose nan · invento 0.0000 · 0.2 s/paso
  paso 18200 · perdida  0.3166 · GLOBAL 0.7500 · acierto 0.7500 · vigente 0.7500 · nose nan · invento 0.0000 · 0.2 s/paso
  paso 18225 · perdida  0.0118 · GLOBAL 1.0000 · acierto 1.0000 · vigente 1.0000 · nose nan · invento 0.0000 · 0.2 s/paso
  paso 18250 · perdida  0.0172 · GLOBAL 1.0000 · acierto 1.0000 · vigente 1.0000 · nose nan · invento 0.0000 · 0.2 s/paso
  paso 18275 · perdida  0.2995 · GLOBAL 0.7500 · acierto 0.7500 · vigente 0.7500 · nose nan · invento 0.0000 · 0.2 s/paso
  paso 18300 · perdida  0.0097 · GLOBAL 1.0000 · acierto 1.0000 · vigente 1.0000 · nose nan · invento 0.0000 · 0.2 s/paso
  paso 18325 · perdida  0.1313 · GLOBAL 1.0000 · acierto 1.0000 · vigente 1.0000 · nose nan · invento 0.0000 · 0.2 s/paso
  paso 18350 · perdida  0.0393 · GLOBAL 1.0000 · acierto 1.0000 · vigente 1.0000 · nose nan · invento 0.0000 · 0.2 s/paso
  paso 18375 · perdida  1.6261 · GLOBAL 0.5000 · acierto 0.5000 · vigente 0.5000 · nose nan · invento 0.0000 · 0.2 s/paso
  paso 18400 · perdida  0.0017 · GLOBAL 1.0000 · acierto 1.0000 · vigente 1.0000 · nose nan · invento 0.0000 · 0.2 s/paso
  paso 18425 · perdida  0.0016 · GLOBAL 1.0000 · acierto 1.0000 · vigente 1.0000 · nose nan · invento 0.0000 · 0.2 s/paso
  paso 18450 · perdida  0.0334 · GLOBAL 1.0000 · acierto 1.0000 · vigente 1.0000 · nose nan · invento 0.0000 · 0.2 s/paso
  paso 18475 · perdida  0.9475 · GLOBAL 0.7500 · acierto 0.7500 · vigente 0.7500 · nose nan · invento 0.0000 · 0.2 s/paso
  paso 18500 · perdida  0.9017 · GLOBAL 0.7500 · acierto 0.7500 · vigente 0.7500 · nose nan · invento 0.0000 · 0.2 s/paso
  paso 18525 · perdida  0.0078 · GLOBAL 1.0000 · acierto 1.0000 · vigente 1.0000 · nose nan · invento 0.0000 · 0.2 s/paso
  paso 18550 · perdida  0.7457 · GLOBAL 0.7500 · acierto 0.7500 · vigente 0.7500 · nose nan · invento 0.0000 · 0.2 s/paso
  paso 18575 · perdida  0.0013 · GLOBAL 1.0000 · acierto 1.0000 · vigente 1.0000 · nose nan · invento 0.0000 · 0.2 s/paso
  paso 18600 · perdida  0.0062 · GLOBAL 1.0000 · acierto 1.0000 · vigente 1.0000 · nose nan · invento 0.0000 · 0.2 s/paso
  paso 18625 · perdida  1.2494 · GLOBAL 0.7500 · acierto 0.7500 · vigente 0.7500 · nose nan · invento 0.0000 · 0.2 s/paso
  paso 18650 · perdida  0.0163 · GLOBAL 1.0000 · acierto 1.0000 · vigente 1.0000 · nose nan · invento 0.0000 · 0.2 s/paso
  paso 18675 · perdida  0.0005 · GLOBAL 1.0000 · acierto 1.0000 · vigente 1.0000 · nose nan · invento 0.0000 · 0.2 s/paso
  paso 18700 · perdida  0.0210 · GLOBAL 1.0000 · acierto 1.0000 · vigente 1.0000 · nose nan · invento 0.0000 · 0.2 s/paso
  paso 18725 · perdida  0.3319 · GLOBAL 0.7500 · acierto 0.7500 · vigente 0.7500 · nose nan · invento 0.0000 · 0.2 s/paso
  paso 18750 · perdida  0.0343 · GLOBAL 1.0000 · acierto 1.0000 · vigente 1.0000 · nose nan · invento 0.0000 · 0.2 s/paso
  paso 18775 · perdida  0.0477 · GLOBAL 1.0000 · acierto 1.0000 · vigente 1.0000 · nose nan · invento 0.0000 · 0.2 s/paso
  paso 18800 · perdida  0.9299 · GLOBAL 0.7500 · acierto 0.7500 · vigente 0.7500 · nose nan · invento 0.0000 · 0.2 s/paso
  paso 18825 · perdida  0.0483 · GLOBAL 1.0000 · acierto 1.0000 · vigente 1.0000 · nose nan · invento 0.0000 · 0.2 s/paso
  paso 18850 · perdida  0.0045 · GLOBAL 1.0000 · acierto 1.0000 · vigente 1.0000 · nose nan · invento 0.0000 · 0.2 s/paso
  paso 18875 · perdida  0.0156 · GLOBAL 1.0000 · acierto 1.0000 · vigente 1.0000 · nose nan · invento 0.0000 · 0.2 s/paso
  paso 18900 · perdida  0.3949 · GLOBAL 0.7500 · acierto 0.7500 · vigente 0.7500 · nose nan · invento 0.0000 · 0.2 s/paso
  paso 18925 · perdida  0.1369 · GLOBAL 1.0000 · acierto 1.0000 · vigente 1.0000 · nose nan · invento 0.0000 · 0.2 s/paso
  paso 18950 · perdida  0.0062 · GLOBAL 1.0000 · acierto 1.0000 · vigente 1.0000 · nose nan · invento 0.0000 · 0.2 s/paso
  paso 18975 · perdida  0.0031 · GLOBAL 1.0000 · acierto 1.0000 · vigente 1.0000 · nose nan · invento 0.0000 · 0.2 s/paso
  paso 19000 · perdida  2.6926 · GLOBAL 0.5000 · acierto 0.5000 · vigente 0.5000 · nose nan · invento 0.0000 · 0.2 s/paso
  paso 19025 · perdida  0.0022 · GLOBAL 1.0000 · acierto 1.0000 · vigente 1.0000 · nose nan · invento 0.0000 · 0.2 s/paso
  paso 19050 · perdida  0.0077 · GLOBAL 1.0000 · acierto 1.0000 · vigente 1.0000 · nose nan · invento 0.0000 · 0.2 s/paso
  paso 19075 · perdida  0.0408 · GLOBAL 1.0000 · acierto 1.0000 · vigente 1.0000 · nose nan · invento 0.0000 · 0.2 s/paso
  paso 19100 · perdida  0.0074 · GLOBAL 1.0000 · acierto 1.0000 · vigente 1.0000 · nose nan · invento 0.0000 · 0.2 s/paso
  paso 19125 · perdida  0.0138 · GLOBAL 1.0000 · acierto 1.0000 · vigente 1.0000 · nose nan · invento 0.0000 · 0.2 s/paso
  paso 19150 · perdida  0.0005 · GLOBAL 1.0000 · acierto 1.0000 · vigente 1.0000 · nose nan · invento 0.0000 · 0.2 s/paso
  paso 19175 · perdida  0.3562 · GLOBAL 0.7500 · acierto 0.7500 · vigente 0.7500 · nose nan · invento 0.0000 · 0.2 s/paso
  paso 19200 · perdida  0.0371 · GLOBAL 1.0000 · acierto 1.0000 · vigente 1.0000 · nose nan · invento 0.0000 · 0.2 s/paso
  paso 19225 · perdida  0.0330 · GLOBAL 1.0000 · acierto 1.0000 · vigente 1.0000 · nose nan · invento 0.0000 · 0.2 s/paso
  paso 19250 · perdida  0.0133 · GLOBAL 1.0000 · acierto 1.0000 · vigente 1.0000 · nose nan · invento 0.0000 · 0.2 s/paso
  paso 19275 · perdida  0.0007 · GLOBAL 1.0000 · acierto 1.0000 · vigente 1.0000 · nose nan · invento 0.0000 · 0.2 s/paso
  paso 19300 · perdida  0.1299 · GLOBAL 1.0000 · acierto 1.0000 · vigente 1.0000 · nose nan · invento 0.0000 · 0.2 s/paso
  paso 19325 · perdida  0.1589 · GLOBAL 1.0000 · acierto 1.0000 · vigente 1.0000 · nose nan · invento 0.0000 · 0.2 s/paso
  paso 19350 · perdida  0.0349 · GLOBAL 1.0000 · acierto 1.0000 · vigente 1.0000 · nose nan · invento 0.0000 · 0.2 s/paso
  paso 19375 · perdida  0.3839 · GLOBAL 0.7500 · acierto 0.7500 · vigente 0.7500 · nose nan · invento 0.0000 · 0.2 s/paso
  paso 19400 · perdida  0.0048 · GLOBAL 1.0000 · acierto 1.0000 · vigente 1.0000 · nose nan · invento 0.0000 · 0.2 s/paso
  paso 19425 · perdida  0.0396 · GLOBAL 1.0000 · acierto 1.0000 · vigente 1.0000 · nose nan · invento 0.0000 · 0.2 s/paso
  paso 19450 · perdida  0.0026 · GLOBAL 1.0000 · acierto 1.0000 · vigente 1.0000 · nose nan · invento 0.0000 · 0.2 s/paso
  paso 19475 · perdida  0.0003 · GLOBAL 1.0000 · acierto 1.0000 · vigente 1.0000 · nose nan · invento 0.0000 · 0.2 s/paso
  paso 19500 · perdida  0.0804 · GLOBAL 1.0000 · acierto 1.0000 · vigente 1.0000 · nose nan · invento 0.0000 · 0.2 s/paso
  paso 19525 · perdida  0.0046 · GLOBAL 1.0000 · acierto 1.0000 · vigente 1.0000 · nose nan · invento 0.0000 · 0.2 s/paso
  paso 19550 · perdida  0.0004 · GLOBAL 1.0000 · acierto 1.0000 · vigente 1.0000 · nose nan · invento 0.0000 · 0.2 s/paso
  paso 19575 · perdida  0.0004 · GLOBAL 1.0000 · acierto 1.0000 · vigente 1.0000 · nose nan · invento 0.0000 · 0.2 s/paso
  paso 19600 · perdida  0.3778 · GLOBAL 0.7500 · acierto 0.7500 · vigente 0.7500 · nose nan · invento 0.0000 · 0.2 s/paso
  paso 19625 · perdida  0.0081 · GLOBAL 1.0000 · acierto 1.0000 · vigente 1.0000 · nose nan · invento 0.0000 · 0.2 s/paso
  paso 19650 · perdida  0.0073 · GLOBAL 1.0000 · acierto 1.0000 · vigente 1.0000 · nose nan · invento 0.0000 · 0.2 s/paso
  paso 19675 · perdida  0.2217 · GLOBAL 1.0000 · acierto 1.0000 · vigente 1.0000 · nose nan · invento 0.0000 · 0.2 s/paso
  paso 19700 · perdida  0.1927 · GLOBAL 1.0000 · acierto 1.0000 · vigente 1.0000 · nose nan · invento 0.0000 · 0.2 s/paso
  paso 19725 · perdida  0.8318 · GLOBAL 0.7500 · acierto 0.7500 · vigente 0.7500 · nose nan · invento 0.0000 · 0.2 s/paso
  paso 19750 · perdida  0.0036 · GLOBAL 1.0000 · acierto 1.0000 · vigente 1.0000 · nose nan · invento 0.0000 · 0.2 s/paso
  paso 19775 · perdida  1.0949 · GLOBAL 0.7500 · acierto 0.7500 · vigente 0.7500 · nose nan · invento 0.0000 · 0.2 s/paso
  paso 19800 · perdida  0.4464 · GLOBAL 0.7500 · acierto 0.7500 · vigente 0.7500 · nose nan · invento 0.0000 · 0.2 s/paso
  paso 19825 · perdida  0.0859 · GLOBAL 1.0000 · acierto 1.0000 · vigente 1.0000 · nose nan · invento 0.0000 · 0.2 s/paso
  paso 19850 · perdida  0.2066 · GLOBAL 0.7500 · acierto 0.7500 · vigente 0.7500 · nose nan · invento 0.0000 · 0.2 s/paso
  paso 19875 · perdida  0.1189 · GLOBAL 1.0000 · acierto 1.0000 · vigente 1.0000 · nose nan · invento 0.0000 · 0.2 s/paso
  paso 19900 · perdida  0.0485 · GLOBAL 1.0000 · acierto 1.0000 · vigente 1.0000 · nose nan · invento 0.0000 · 0.2 s/paso
  paso 19925 · perdida  0.4840 · GLOBAL 0.7500 · acierto 0.7500 · vigente 0.7500 · nose nan · invento 0.0000 · 0.2 s/paso
  paso 19950 · perdida  0.2414 · GLOBAL 1.0000 · acierto 1.0000 · vigente 1.0000 · nose nan · invento 0.0000 · 0.2 s/paso
  paso 19975 · perdida  0.0022 · GLOBAL 1.0000 · acierto 1.0000 · vigente 1.0000 · nose nan · invento 0.0000 · 0.2 s/paso
  paso 20000 · perdida  0.3142 · GLOBAL 0.7500 · acierto 0.7500 · vigente 0.7500 · nose nan · invento 0.0000 · 0.2 s/paso

  CONTROLES sobre el ultimo lote:
    con archivo        GLOBAL 0.7500 · acierto 0.7500 · vigente 0.7500 · nose nan · invento 0.0000
    BARAJADO           GLOBAL 0.0000 · acierto 0.0000 · vigente 0.0000 · nose nan · invento 0.0000
    VACIO (ceros)      GLOBAL 0.0000 · acierto 0.0000 · vigente 0.0000 · nose nan · invento 0.0000
    lectura APAGADA    GLOBAL 0.0000 · acierto 0.0000 · vigente 0.0000 · nose nan · invento 0.0000

    BARAJADO alto = no lee el archivo · VACIO alto = contesta desde el preentrenamiento
    (VACIO es el control que pedia el plan por vocabulario abierto)

  escrito /content/banco_verlargo_s2.json

listo en 55.3 min
