== banco_ent8_s1 en la cuenta I · sesion NUEVA banco_i_1702 · 20000 pasos
[colab] Creating session 'banco_i_1702'...
[colab] Session READY.
[colab] Uploaded '/tmp/tmp.PNl3l53a52/banco.tgz' to '/content/banco.tgz'
entorno 2.11.0+cu128 5.16.1 True 
cmd /usr/bin/python3 -u banco_escalado.py --semilla 1 --pasos 20000 --cada 25 --salida /content/banco_ent8_s1.json --n-ent 8 --n-val 8 --n-rel 1 --batch 4 --distractores 4 --arch 4 --p-dos 0 --p-una 1
lanzado pid 964
VIVO= True
ULTIMO= paso  925 · perdida  1.6060 · GLOBAL 0.2500 · acierto 0.2500 · vigente nan · nose nan · invento 0.0000 · 0.1 s/paso
VIVO= True
ULTIMO= paso 2000 · perdida  0.0016 · GLOBAL 1.0000 · acierto 1.0000 · vigente nan · nose nan · invento 0.0000 · 0.1 s/paso
VIVO= True
ULTIMO= paso 3000 · perdida  0.0451 · GLOBAL 1.0000 · acierto 1.0000 · vigente nan · nose nan · invento 0.0000 · 0.1 s/paso
VIVO= True
ULTIMO= paso 4325 · perdida  0.0016 · GLOBAL 1.0000 · acierto 1.0000 · vigente nan · nose nan · invento 0.0000 · 0.1 s/paso
VIVO= True
ULTIMO= paso 5325 · perdida  0.0000 · GLOBAL 1.0000 · acierto 1.0000 · vigente nan · nose nan · invento 0.0000 · 0.1 s/paso
VIVO= True
ULTIMO= paso 6325 · perdida  0.0001 · GLOBAL 1.0000 · acierto 1.0000 · vigente nan · nose nan · invento 0.0000 · 0.1 s/paso
VIVO= True
ULTIMO= paso 7325 · perdida  0.0000 · GLOBAL 1.0000 · acierto 1.0000 · vigente nan · nose nan · invento 0.0000 · 0.1 s/paso
