trabajos: lejos_relleno:0

===== g0_lejos_relleno_s0  (15:43:38)
Warning: You are sending unauthenticated requests to the HF Hub. Please set a HF_TOKEN to enable higher rate limits and faster downloads.
Loading weights:   0%|          | 0/242 [00:00<?, ?it/s]Loading weights: 100%|██████████| 242/242 [00:00<00:00, 5817.48it/s]
scan PARALELO (mambapy) ACTIVADO
gradient checkpointing ACTIVADO
modelo state-spaces/mamba-130m-hf · 129,135,360 params · cuda
conv kernel 4 · taps vivos [1, 2, 3] · ALCANCE REAL 2
condicion lejos_relleno · formas de entrenamiento ('d5', 'd5b') · se EVALUA en `d5`
  BASELINE paso 0 · vigente 0.0000 · nose 0.0000 (ent 0.0000/rel 0.0000) · falsa 0.0000
/content/real/entrenar_real.py:167: UserWarning: Converting a tensor with requires_grad=True to a scalar may lead to unexpected behavior.
Consider using tensor.detach() first. (Triggered internally at /pytorch/torch/csrc/autograd/generated/python_variable_methods.cpp:836.)
  print(f"  paso {paso:5d}  loss {float(out.loss):.4f}  ({time.time()-t0:.0f}s)",
  paso    50  loss 0.0541  (43s)
  paso   100  loss 0.0012  (86s)
  ── eval 100: vigente 0.9072 · nose 0.9494 (ent 1.0000/rel 0.8929) · falsa 0.0928
  paso   150  loss 0.0001  (142s)
  paso   200  loss 0.7756  (186s)
  ── eval 200: vigente 0.9341 · nose 0.9494 (ent 1.0000/rel 0.8929) · falsa 0.0629
  paso   250  loss 0.0002  (244s)
  paso   300  loss 0.0001  (287s)
  ── eval 300: vigente 0.9970 · nose 0.9551 (ent 1.0000/rel 0.9048) · falsa 0.0030
  paso   350  loss 0.0638  (345s)
  paso   400  loss 0.0000  (389s)
  ── eval 400: vigente 0.9970 · nose 0.9494 (ent 1.0000/rel 0.8929) · falsa 0.0030
  paso   450  loss 0.0058  (446s)
  paso   500  loss 0.0000  (490s)
  ── eval 500: vigente 1.0000 · nose 0.9831 (ent 1.0000/rel 0.9643) · falsa 0.0000
  paso   550  loss 0.0000  (548s)
  paso   600  loss 0.0000  (592s)
  ── eval 600: vigente 0.9970 · nose 0.9888 (ent 1.0000/rel 0.9762) · falsa 0.0030
  paso   650  loss 0.0000  (649s)
  paso   700  loss 0.0000  (693s)
  ── eval 700: vigente 1.0000 · nose 0.9719 (ent 1.0000/rel 0.9405) · falsa 0.0000
  paso   750  loss 0.0000  (750s)
  paso   800  loss 0.0000  (794s)
  ── eval 800: vigente 1.0000 · nose 0.9831 (ent 1.0000/rel 0.9643) · falsa 0.0000
  (la sensibilidad final fallo: KeyError: 0) — las metricas ya estan
listo
== g0_lejos_relleno_s0 codigo 0 en 846 s
CAMPANIA COMPLETA
