trabajos: lejos_relleno:1

===== g1_lejos_relleno_s1  (15:43:40)
Warning: You are sending unauthenticated requests to the HF Hub. Please set a HF_TOKEN to enable higher rate limits and faster downloads.
Loading weights:   0%|          | 0/242 [00:00<?, ?it/s]Loading weights: 100%|██████████| 242/242 [00:00<00:00, 3994.43it/s]
scan PARALELO (mambapy) ACTIVADO
gradient checkpointing ACTIVADO
modelo state-spaces/mamba-130m-hf · 129,135,360 params · cuda
conv kernel 4 · taps vivos [1, 2, 3] · ALCANCE REAL 2
condicion lejos_relleno · formas de entrenamiento ('d5', 'd5b') · se EVALUA en `d5`
  BASELINE paso 0 · vigente 0.0000 · nose 0.0000 (ent 0.0000/rel 0.0000) · falsa 0.0000
/content/real/entrenar_real.py:167: UserWarning: Converting a tensor with requires_grad=True to a scalar may lead to unexpected behavior.
Consider using tensor.detach() first. (Triggered internally at /pytorch/torch/csrc/autograd/generated/python_variable_methods.cpp:836.)
  print(f"  paso {paso:5d}  loss {float(out.loss):.4f}  ({time.time()-t0:.0f}s)",
  paso    50  loss 0.0459  (44s)
  paso   100  loss 0.0537  (88s)
  ── eval 100: vigente 0.9873 · nose 0.8673 (ent 1.0000/rel 0.7234) · falsa 0.0063
  paso   150  loss 0.2409  (147s)
  paso   200  loss 0.1917  (191s)
  ── eval 200: vigente 0.9968 · nose 0.8776 (ent 1.0000/rel 0.7447) · falsa 0.0032
  paso   250  loss 0.0012  (250s)
  paso   300  loss 0.0000  (294s)
  ── eval 300: vigente 0.9842 · nose 0.9490 (ent 1.0000/rel 0.8936) · falsa 0.0158
  paso   350  loss 0.0000  (353s)
  paso   400  loss 0.0287  (397s)
  ── eval 400: vigente 0.9937 · nose 0.9694 (ent 1.0000/rel 0.9362) · falsa 0.0063
  paso   450  loss 0.0005  (456s)
  paso   500  loss 0.0001  (500s)
  ── eval 500: vigente 0.9937 · nose 0.9592 (ent 1.0000/rel 0.9149) · falsa 0.0063
  paso   550  loss 0.0019  (558s)
  paso   600  loss 0.0000  (603s)
  ── eval 600: vigente 0.9968 · nose 0.9796 (ent 1.0000/rel 0.9574) · falsa 0.0032
  paso   650  loss 0.0018  (662s)
  paso   700  loss 0.0000  (706s)
  ── eval 700: vigente 1.0000 · nose 0.9898 (ent 1.0000/rel 0.9787) · falsa 0.0000
  paso   750  loss 0.0000  (764s)
  paso   800  loss 0.0000  (809s)
  ── eval 800: vigente 0.9810 · nose 0.9949 (ent 1.0000/rel 0.9894) · falsa 0.0190
  (la sensibilidad final fallo: KeyError: 0) — las metricas ya estan
listo
== g1_lejos_relleno_s1 codigo 0 en 866 s
CAMPANIA COMPLETA
