modelo state-spaces/mamba-130m-hf · 24 capas · alcance medido 2 · promedio de 6 contextos

conv1d en la posicion de la ENTIDAD al cambiar la RELACION  (0,0 = no la puede ver)

forma       papel     d(r<->e)  cola |       c0       c1       c2       c3       c5       c8      c12      c16      c20      c23
--------------------------------------------------------------------------------------------------------------------------------
d2          escalera         2     3 | 4.89e-01 5.24e-01 1.21e+00 8.03e-01 8.57e-01 1.45e+00 2.29e+00 1.57e+00 1.30e+00 3.80e-01
d3          escalera         3     4 | 0.00e+00 2.95e-01 4.04e-01 2.64e-01 4.04e-01 6.25e-01 9.16e-01 1.48e+00 1.05e+00 1.03e+00
d4          escalera         4     5 | 0.00e+00 1.21e-01 3.92e-01 3.04e-01 3.20e-01 5.79e-01 6.90e-01 1.21e+00 8.13e-01 3.94e-01
d5          escalera         5     6 | 0.00e+00 1.12e-01 2.88e-01 2.23e-01 2.23e-01 3.35e-01 5.05e-01 7.91e-01 7.73e-01 2.50e-01
d7          escalera         7     8 | 0.00e+00 5.52e-02 3.90e-01 1.69e-01 2.25e-01 5.45e-01 9.36e-01 7.13e-01 8.81e-01 4.30e-01
d2_largo1   control          2     5 | 4.89e-01 5.24e-01 1.21e+00 8.03e-01 8.57e-01 1.45e+00 2.29e+00 1.57e+00 1.30e+00 3.80e-01
d2_largo2   control          2     7 | 4.89e-01 5.24e-01 1.21e+00 8.03e-01 8.57e-01 1.45e+00 2.29e+00 1.57e+00 1.30e+00 3.80e-01
d2_largo3   control          2     9 | 4.89e-01 5.24e-01 1.21e+00 8.03e-01 8.57e-01 1.45e+00 2.29e+00 1.57e+00 1.30e+00 3.80e-01

CONTRASTE · salida de la CAPA en la posicion final (tiene que moverse en TODAS)

forma       papel     d(r<->e)  cola |       c0       c1       c2       c3       c5       c8      c12      c16      c20      c23
--------------------------------------------------------------------------------------------------------------------------------
d2          escalera         2     3 | 7.28e-02 1.07e-01 8.82e-02 1.09e-01 1.65e-01 2.86e-01 7.78e-01 1.60e+00 4.43e+00 8.95e+01
d3          escalera         3     4 | 5.39e-02 9.92e-02 8.43e-02 1.00e-01 1.29e-01 2.76e-01 9.41e-01 1.77e+00 4.03e+00 7.32e+01
d4          escalera         4     5 | 4.83e-02 7.79e-02 7.12e-02 9.15e-02 1.34e-01 2.25e-01 7.46e-01 1.51e+00 3.80e+00 6.45e+01
d5          escalera         5     6 | 3.99e-02 6.24e-02 6.82e-02 8.74e-02 1.34e-01 2.24e-01 7.48e-01 1.30e+00 3.40e+00 7.89e+01
d7          escalera         7     8 | 3.60e-02 6.08e-02 6.57e-02 8.49e-02 1.24e-01 2.05e-01 6.68e-01 1.15e+00 3.04e+00 6.97e+01
d2_largo1   control          2     5 | 4.61e-02 8.16e-02 8.77e-02 8.54e-02 1.96e-01 2.48e-01 6.70e-01 1.23e+00 3.03e+00 6.58e+01
d2_largo2   control          2     7 | 3.97e-02 7.33e-02 8.43e-02 9.19e-02 1.21e-01 1.80e-01 6.79e-01 1.37e+00 4.56e+00 1.24e+02
d2_largo3   control          2     9 | 3.11e-02 6.23e-02 7.84e-02 9.39e-02 1.33e-01 1.84e-01 6.22e-01 1.14e+00 2.97e+00 4.19e+01

ATENUACION contra `d2`, por capa (cuantas veces mas debil ve la relacion)

forma       papel     d(r<->e)  cola |       c0       c1       c2       c3       c5       c8      c12      c16      c20      c23
--------------------------------------------------------------------------------------------------------------------------------
d2          escalera         2     3 |      1.0      1.0      1.0      1.0      1.0      1.0      1.0      1.0      1.0      1.0
d3          escalera         3     4 |      inf      1.8      3.0      3.0      2.1      2.3      2.5      1.1      1.2      0.4
d4          escalera         4     5 |      inf      4.3      3.1      2.6      2.7      2.5      3.3      1.3      1.6      1.0
d5          escalera         5     6 |      inf      4.7      4.2      3.6      3.8      4.3      4.5      2.0      1.7      1.5
d7          escalera         7     8 |      inf      9.5      3.1      4.7      3.8      2.7      2.4      2.2      1.5      0.9
d2_largo1   control          2     5 |      1.0      1.0      1.0      1.0      1.0      1.0      1.0      1.0      1.0      1.0
d2_largo2   control          2     7 |      1.0      1.0      1.0      1.0      1.0      1.0      1.0      1.0      1.0      1.0
d2_largo3   control          2     9 |      1.0      1.0      1.0      1.0      1.0      1.0      1.0      1.0      1.0      1.0

RESUMEN · mediana de la atenuacion sobre las capas 1-23 (la capa 0 es cero exacto y no entra)
  d2          escalera  d=2  cola=3   atenuacion x1.00
  d3          escalera  d=3  cola=4   atenuacion x1.65
  d4          escalera  d=4  cola=5   atenuacion x1.78
  d5          escalera  d=5  cola=6   atenuacion x2.49
  d7          escalera  d=7  cola=8   atenuacion x2.21
  d2_largo1   control   d=2  cola=5   atenuacion x1.00
  d2_largo2   control   d=2  cola=7   atenuacion x1.00
  d2_largo3   control   d=2  cola=9   atenuacion x1.00

guardado en escalera_atenuacion.json
