== banco_abstlargo_s1 en la cuenta D · sesion NUEVA banco_d_0811 · 22000 pasos
[colab] Creating session 'banco_d_0811'...
[colab] Session READY.
[colab] Uploaded '/tmp/tmp.4hqPEh8dyY/banco.tgz' to '/content/banco.tgz'
entorno 2.11.0+cu128 5.16.1 True 
cmd /usr/bin/python3 -u banco_escalado.py --semilla 1 --pasos 22000 --cada 25 --salida /content/banco_abstlargo_s1.json --n-ent 15 --n-val 8 --n-rel 2 --batch 4 --distractores 8 --arch 8 --p-dos 0.25 --p-una 0.35 --p-nose-rel 0.20 --calentar 3000
lanzado pid 1307
VIVO= True
ULTIMO= paso  625 · perdida  2.4170 · GLOBAL 0.2500 · acierto 0.2500 · vigente 0.0000 · nose nan (rel nan/aus nan) · invento 0.0000 · 0.1 s/paso  (calentando, sin abstencion)
VIVO= True
ULTIMO= paso 1400 · perdida  2.2727 · GLOBAL 0.0000 · acierto 0.0000 · vigente 0.0000 · nose nan (rel nan/aus nan) · invento 0.0000 · 0.2 s/paso  (calentando, sin abstencion)
VIVO= True
ULTIMO= paso 2250 · perdida  2.2780 · GLOBAL 0.2500 · acierto 0.2500 · vigente 0.0000 · nose nan (rel nan/aus nan) · invento 0.0000 · 0.2 s/paso  (calentando, sin abstencion)
VIVO= True
ULTIMO= paso 3050 · perdida  2.7490 · GLOBAL 0.0000 · acierto 0.0000 · vigente 0.0000 · nose 0.0000 (rel nan/aus 0.00) · invento 1.0000 · 0.2 s/paso
VIVO= True
ULTIMO= paso 3875 · perdida  1.6880 · GLOBAL 0.0000 · acierto nan · vigente nan · nose 0.0000 (rel 0.00/aus nan) · invento 1.0000 · 0.2 s/paso
VIVO= True
ULTIMO= paso 4700 · perdida  2.3377 · GLOBAL 0.0000 · acierto 0.0000 · vigente 0.0000 · nose 0.0000 (rel nan/aus 0.00) · invento 1.0000 · 0.1 s/paso
VIVO= True
ULTIMO= paso 5500 · perdida  2.5078 · GLOBAL 0.0000 · acierto 0.0000 · vigente nan · nose 0.0000 (rel nan/aus 0.00) · invento 1.0000 · 0.1 s/paso
VIVO= True
ULTIMO= paso 6400 · perdida  0.8902 · GLOBAL 0.7500 · acierto nan · vigente nan · nose 0.7500 (rel 0.75/aus nan) · invento 0.2500 · 0.1 s/paso
VIVO= True
ULTIMO= paso 7225 · perdida  0.8134 · GLOBAL 0.5000 · acierto 1.0000 · vigente 1.0000 · nose 0.0000 (rel 0.00/aus 0.00) · invento 1.0000 · 0.1 s/paso
VIVO= True
ULTIMO= paso 8050 · perdida  0.9479 · GLOBAL 0.2500 · acierto 0.5000 · vigente 0.0000 · nose 0.0000 (rel 0.00/aus 0.00) · invento 1.0000 · 0.1 s/paso
VIVO= True
ULTIMO= paso 8875 · perdida  0.9106 · GLOBAL 0.7500 · acierto 0.7500 · vigente 0.6667 · nose nan (rel nan/aus nan) · invento 0.0000 · 0.1 s/paso
VIVO= True
ULTIMO= paso 9700 · perdida  1.3608 · GLOBAL 0.5000 · acierto 1.0000 · vigente nan · nose 0.0000 (rel 0.00/aus 0.00) · invento 1.0000 · 0.1 s/paso
VIVO= True
ULTIMO= paso 10550 · perdida  0.8417 · GLOBAL 0.7500 · acierto 0.6667 · vigente 0.0000 · nose 1.0000 (rel 1.00/aus nan) · invento 0.0000 · 0.1 s/paso
VIVO= True
ULTIMO= paso 11375 · perdida  0.2669 · GLOBAL 0.7500 · acierto 0.6667 · vigente nan · nose 1.0000 (rel nan/aus 1.00) · invento 0.0000 · 0.1 s/paso
VIVO= True
ULTIMO= paso 12350 · perdida  0.5544 · GLOBAL 1.0000 · acierto 1.0000 · vigente 1.0000 · nose 1.0000 (rel nan/aus 1.00) · invento 0.0000 · 0.1 s/paso
VIVO= True
ULTIMO= paso 13175 · perdida  0.8625 · GLOBAL 0.7500 · acierto 0.7500 · vigente 0.5000 · nose nan (rel nan/aus nan) · invento 0.0000 · 0.1 s/paso
VIVO= True
ULTIMO= paso 14000 · perdida  0.3157 · GLOBAL 1.0000 · acierto 1.0000 · vigente 1.0000 · nose 1.0000 (rel 1.00/aus 1.00) · invento 0.0000 · 0.1 s/paso
VIVO= True
ULTIMO= paso 14850 · perdida  0.3459 · GLOBAL 1.0000 · acierto 1.0000 · vigente 1.0000 · nose 1.0000 (rel 1.00/aus 1.00) · invento 0.0000 · 0.1 s/paso
VIVO= True
ULTIMO= paso 15675 · perdida  0.8654 · GLOBAL 0.5000 · acierto 0.5000 · vigente 1.0000 · nose nan (rel nan/aus nan) · invento 0.0000 · 0.1 s/paso
VIVO= True
ULTIMO= paso 16500 · perdida  0.8300 · GLOBAL 0.7500 · acierto 1.0000 · vigente nan · nose 0.6667 (rel 1.00/aus 0.00) · invento 0.3333 · 0.1 s/paso
VIVO= True
ULTIMO= paso 17350 · perdida  1.2800 · GLOBAL 0.5000 · acierto 0.0000 · vigente 0.0000 · nose 1.0000 (rel nan/aus 1.00) · invento 0.0000 · 0.1 s/paso
