== banco_verlargo3s_s2 en la cuenta J · sesion NUEVA banco_j_0901 · 20000 pasos
[colab] Creating session 'banco_j_0901'...
[colab] Session READY.
[colab] Uploaded '/tmp/tmp.R7jHnFTYgI/banco.tgz' to '/content/banco.tgz'
entorno 2.11.0+cu128 5.16.1 True 
cmd /usr/bin/python3 -u banco_escalado.py --semilla 2 --pasos 20000 --cada 25 --salida /content/banco_verlargo3s_s2.json --n-ent 8 --n-val 8 --n-rel 1 --batch 4 --distractores 4 --arch 4 --p-dos 1.0 --p-una 0.0
lanzado pid 2294
VIVO= True
ULTIMO= paso  450 · perdida  2.7924 · GLOBAL 0.0000 · acierto 0.0000 · vigente 0.0000 · nose nan (rel nan/aus nan) · invento 0.0000 · 0.2 s/paso
VIVO= True
ULTIMO= paso 1175 · perdida  1.8874 · GLOBAL 0.5000 · acierto 0.5000 · vigente 0.5000 · nose nan (rel nan/aus nan) · invento 0.0000 · 0.2 s/paso
VIVO= True
ULTIMO= paso 1900 · perdida  1.1559 · GLOBAL 0.7500 · acierto 0.7500 · vigente 0.7500 · nose nan (rel nan/aus nan) · invento 0.0000 · 0.2 s/paso
VIVO= True
ULTIMO= paso 2800 · perdida  0.3508 · GLOBAL 1.0000 · acierto 1.0000 · vigente 1.0000 · nose nan (rel nan/aus nan) · invento 0.0000 · 0.2 s/paso
VIVO= True
ULTIMO= paso 3525 · perdida  0.0463 · GLOBAL 1.0000 · acierto 1.0000 · vigente 1.0000 · nose nan (rel nan/aus nan) · invento 0.0000 · 0.2 s/paso
VIVO= True
ULTIMO= paso 4250 · perdida  1.7869 · GLOBAL 0.5000 · acierto 0.5000 · vigente 0.5000 · nose nan (rel nan/aus nan) · invento 0.0000 · 0.2 s/paso
VIVO= True
ULTIMO= paso 4975 · perdida  0.9484 · GLOBAL 0.7500 · acierto 0.7500 · vigente 0.7500 · nose nan (rel nan/aus nan) · invento 0.0000 · 0.2 s/paso
VIVO= True
ULTIMO= paso 5700 · perdida  0.1028 · GLOBAL 1.0000 · acierto 1.0000 · vigente 1.0000 · nose nan (rel nan/aus nan) · invento 0.0000 · 0.2 s/paso
VIVO= True
ULTIMO= paso 6425 · perdida  0.4786 · GLOBAL 0.7500 · acierto 0.7500 · vigente 0.7500 · nose nan (rel nan/aus nan) · invento 0.0000 · 0.2 s/paso
VIVO= True
ULTIMO= paso 7150 · perdida  0.0611 · GLOBAL 1.0000 · acierto 1.0000 · vigente 1.0000 · nose nan (rel nan/aus nan) · invento 0.0000 · 0.2 s/paso
VIVO= True
ULTIMO= paso 7900 · perdida  0.3186 · GLOBAL 0.7500 · acierto 0.7500 · vigente 0.7500 · nose nan (rel nan/aus nan) · invento 0.0000 · 0.2 s/paso
VIVO= True
ULTIMO= paso 8625 · perdida  0.0061 · GLOBAL 1.0000 · acierto 1.0000 · vigente 1.0000 · nose nan (rel nan/aus nan) · invento 0.0000 · 0.2 s/paso
VIVO= True
ULTIMO= paso 9350 · perdida  1.1570 · GLOBAL 0.5000 · acierto 0.5000 · vigente 0.5000 · nose nan (rel nan/aus nan) · invento 0.0000 · 0.2 s/paso
VIVO= True
ULTIMO= paso 10100 · perdida  0.2388 · GLOBAL 0.7500 · acierto 0.7500 · vigente 0.7500 · nose nan (rel nan/aus nan) · invento 0.0000 · 0.2 s/paso
VIVO= True
ULTIMO= paso 10975 · perdida  0.0448 · GLOBAL 1.0000 · acierto 1.0000 · vigente 1.0000 · nose nan (rel nan/aus nan) · invento 0.0000 · 0.2 s/paso
VIVO= True
ULTIMO= paso 11700 · perdida  0.0048 · GLOBAL 1.0000 · acierto 1.0000 · vigente 1.0000 · nose nan (rel nan/aus nan) · invento 0.0000 · 0.2 s/paso
VIVO= True
ULTIMO= paso 12525 · perdida  0.0003 · GLOBAL 1.0000 · acierto 1.0000 · vigente 1.0000 · nose nan (rel nan/aus nan) · invento 0.0000 · 0.2 s/paso
VIVO= True
ULTIMO= paso 13250 · perdida  0.0219 · GLOBAL 1.0000 · acierto 1.0000 · vigente 1.0000 · nose nan (rel nan/aus nan) · invento 0.0000 · 0.2 s/paso
VIVO= True
ULTIMO= paso 13975 · perdida  0.0001 · GLOBAL 1.0000 · acierto 1.0000 · vigente 1.0000 · nose nan (rel nan/aus nan) · invento 0.0000 · 0.2 s/paso
VIVO= True
ULTIMO= paso 14700 · perdida  0.0867 · GLOBAL 1.0000 · acierto 1.0000 · vigente 1.0000 · nose nan (rel nan/aus nan) · invento 0.0000 · 0.2 s/paso
VIVO= True
ULTIMO= paso 15825 · perdida  0.0009 · GLOBAL 1.0000 · acierto 1.0000 · vigente 1.0000 · nose nan (rel nan/aus nan) · invento 0.0000 · 0.2 s/paso
VIVO= True
ULTIMO= paso 16550 · perdida  0.1295 · GLOBAL 1.0000 · acierto 1.0000 · vigente 1.0000 · nose nan (rel nan/aus nan) · invento 0.0000 · 0.2 s/paso
VIVO= True
ULTIMO= paso 17275 · perdida  0.9568 · GLOBAL 0.7500 · acierto 0.7500 · vigente 0.7500 · nose nan (rel nan/aus nan) · invento 0.0000 · 0.2 s/paso
VIVO= True
ULTIMO= paso 18050 · perdida  0.6857 · GLOBAL 0.7500 · acierto 0.7500 · vigente 0.7500 · nose nan (rel nan/aus nan) · invento 0.0000 · 0.2 s/paso
VIVO= True
ULTIMO= paso 18850 · perdida  0.0045 · GLOBAL 1.0000 · acierto 1.0000 · vigente 1.0000 · nose nan (rel nan/aus nan) · invento 0.0000 · 0.2 s/paso
VIVO= True
ULTIMO= paso 19775 · perdida  1.0949 · GLOBAL 0.7500 · acierto 0.7500 · vigente 0.7500 · nose nan (rel nan/aus nan) · invento 0.0000 · 0.2 s/paso
[colab] Session 'banco_j_0901' appears to be lost (404/401). Cleaning up.
[colab] Session 'banco_j_0901' not found.
[colab] Session 'banco_j_0901' not found.
[colab] Session 'banco_j_0901' not found.
[colab] Session 'banco_j_0901' not found.
[colab] Session 'banco_j_0901' not found.
[colab] Session 'banco_j_0901' not found.
[colab] Session 'banco_j_0901' not found.
[colab] Session 'banco_j_0901' not found.
[colab] Session 'banco_j_0901' not found.
[colab] Session 'banco_j_0901' not found.
[colab] Session 'banco_j_0901' not found.
[colab] Session 'banco_j_0901' not found.
[colab] Session 'banco_j_0901' not found.
[colab] Session 'banco_j_0901' not found.
[colab] Session 'banco_j_0901' not found.
[colab] Session 'banco_j_0901' not found.
[colab] Session 'banco_j_0901' not found.
[colab] Session 'banco_j_0901' not found.
[colab] Session 'banco_j_0901' not found.
[colab] Session 'banco_j_0901' not found.
[colab] Session 'banco_j_0901' not found.
[colab] Session 'banco_j_0901' not found.
[colab] Session 'banco_j_0901' not found.
[colab] Session 'banco_j_0901' not found.
[colab] Session 'banco_j_0901' not found.
[colab] Session 'banco_j_0901' not found.
[colab] Session 'banco_j_0901' not found.
[colab] Session 'banco_j_0901' not found.
[colab] Session 'banco_j_0901' not found.
[colab] Session 'banco_j_0901' not found.
[colab] Session 'banco_j_0901' not found.
[colab] Session 'banco_j_0901' not found.
[colab] Session 'banco_j_0901' not found.
[colab] Session 'banco_j_0901' not found.
[colab] Session 'banco_j_0901' not found.
== banco_verlargo3s_s2 SIN RESULTADO
