== banco_abstcal3s_s2 en la cuenta N · sesion NUEVA banco_n_0812 · 16000 pasos
[colab] Creating session 'banco_n_0812'...
[colab] Session READY.
[colab] Uploaded '/tmp/tmp.I0DYso2uQC/banco.tgz' to '/content/banco.tgz'
entorno 2.11.0+cu128 5.16.1 True 
cmd /usr/bin/python3 -u banco_escalado.py --semilla 2 --pasos 16000 --cada 25 --salida /content/banco_abstcal3s_s2.json --n-ent 15 --n-val 8 --n-rel 2 --batch 4 --distractores 8 --arch 8 --p-dos 0.25 --p-una 0.35 --p-nose-rel 0.20 --calentar 3000
lanzado pid 1019
VIVO= True
ULTIMO= paso  550 · perdida  2.4108 · GLOBAL 0.2500 · acierto 0.2500 · vigente 0.0000 · nose nan (rel nan/aus nan) · invento 0.0000 · 0.1 s/paso  (calentando, sin abstencion)
VIVO= True
ULTIMO= paso 1375 · perdida  2.0082 · GLOBAL 0.0000 · acierto 0.0000 · vigente 0.0000 · nose nan (rel nan/aus nan) · invento 0.0000 · 0.1 s/paso  (calentando, sin abstencion)
VIVO= True
ULTIMO= paso 2125 · perdida  2.5725 · GLOBAL 0.2500 · acierto 0.2500 · vigente 0.0000 · nose nan (rel nan/aus nan) · invento 0.0000 · 0.2 s/paso  (calentando, sin abstencion)
VIVO= True
ULTIMO= paso 2875 · perdida  1.6485 · GLOBAL 0.2500 · acierto 0.2500 · vigente 0.0000 · nose nan (rel nan/aus nan) · invento 0.0000 · 0.2 s/paso  (calentando, sin abstencion)
VIVO= True
ULTIMO= paso 3650 · perdida  1.9671 · GLOBAL 0.0000 · acierto 0.0000 · vigente 0.0000 · nose nan (rel nan/aus nan) · invento 0.0000 · 0.2 s/paso
VIVO= True
ULTIMO= paso 4400 · perdida  1.0947 · GLOBAL 0.5000 · acierto 0.0000 · vigente 0.0000 · nose 1.0000 (rel 1.00/aus nan) · invento 0.0000 · 0.2 s/paso
VIVO= True
ULTIMO= paso 5225 · perdida  1.5142 · GLOBAL 0.2500 · acierto 1.0000 · vigente nan · nose 0.0000 (rel 0.00/aus 0.00) · invento 1.0000 · 0.2 s/paso
VIVO= True
ULTIMO= paso 6000 · perdida  0.9196 · GLOBAL 0.5000 · acierto 0.6667 · vigente nan · nose 0.0000 (rel nan/aus 0.00) · invento 1.0000 · 0.2 s/paso
VIVO= True
ULTIMO= paso 6775 · perdida  0.7886 · GLOBAL 0.7500 · acierto 1.0000 · vigente nan · nose 0.0000 (rel 0.00/aus nan) · invento 1.0000 · 0.2 s/paso
VIVO= True
ULTIMO= paso 7550 · perdida  0.2144 · GLOBAL 1.0000 · acierto 1.0000 · vigente nan · nose 1.0000 (rel 1.00/aus nan) · invento 0.0000 · 0.2 s/paso
VIVO= True
ULTIMO= paso 8300 · perdida  2.1099 · GLOBAL 0.2500 · acierto 0.0000 · vigente 0.0000 · nose 0.3333 (rel 0.00/aus 1.00) · invento 0.6667 · 0.2 s/paso
VIVO= True
ULTIMO= paso 9075 · perdida  0.5063 · GLOBAL 0.7500 · acierto 0.7500 · vigente 1.0000 · nose nan (rel nan/aus nan) · invento 0.0000 · 0.2 s/paso
VIVO= True
ULTIMO= paso 9850 · perdida  1.3267 · GLOBAL 0.2500 · acierto 0.0000 · vigente 0.0000 · nose 0.5000 (rel 1.00/aus 0.00) · invento 0.5000 · 0.2 s/paso
VIVO= True
ULTIMO= paso 10625 · perdida  0.5624 · GLOBAL 0.7500 · acierto 0.6667 · vigente 0.5000 · nose 1.0000 (rel 1.00/aus nan) · invento 0.0000 · 0.2 s/paso
VIVO= True
ULTIMO= paso 11475 · perdida  0.6711 · GLOBAL 0.7500 · acierto 1.0000 · vigente 1.0000 · nose 0.6667 (rel 0.00/aus 1.00) · invento 0.3333 · 0.2 s/paso
VIVO= True
ULTIMO= paso 12225 · perdida  0.4089 · GLOBAL 1.0000 · acierto nan · vigente nan · nose 1.0000 (rel 1.00/aus 1.00) · invento 0.0000 · 0.2 s/paso
VIVO= True
ULTIMO= paso 13000 · perdida  1.3337 · GLOBAL 0.5000 · acierto 0.3333 · vigente 0.0000 · nose 1.0000 (rel 1.00/aus nan) · invento 0.0000 · 0.2 s/paso
VIVO= True
ULTIMO= paso 13775 · perdida  2.3582 · GLOBAL 0.0000 · acierto 0.0000 · vigente nan · nose 0.0000 (rel 0.00/aus 0.00) · invento 1.0000 · 0.2 s/paso
VIVO= True
ULTIMO= paso 14550 · perdida  0.9925 · GLOBAL 0.2500 · acierto 0.0000 · vigente 0.0000 · nose 1.0000 (rel nan/aus 1.00) · invento 0.0000 · 0.2 s/paso
VIVO= True
ULTIMO= paso 15300 · perdida  1.2009 · GLOBAL 0.2500 · acierto 1.0000 · vigente 1.0000 · nose 0.0000 (rel 0.00/aus 0.00) · invento 1.0000 · 0.2 s/paso
VIVO= True
ULTIMO= (VACIO es el control que pedia el plan por vocabulario abierto)
VIVO= False
ULTIMO= listo en 43.2 min
[colab] Downloaded '/content/banco_abstcal3s_s2.json' to '/home/maxi/Documentos/Nuevo Transformer/delta-archivo/modelo_real/banco_abstcal3s_s2.json'
[colab] Downloaded '/content/banco.log' to '/home/maxi/Documentos/Nuevo Transformer/delta-archivo/modelo_real/banco_abstcal3s_s2.log'
== banco_abstcal3s_s2 LISTO
