== banco_abst3s_s0 en la cuenta I · sesion NUEVA banco_i_0812 · 16000 pasos
[colab] Creating session 'banco_i_0812'...
[colab] Session READY.
[colab] Uploaded '/tmp/tmp.auEo4GPhal/banco.tgz' to '/content/banco.tgz'
entorno 2.11.0+cu128 5.16.1 True 
cmd /usr/bin/python3 -u banco_escalado.py --semilla 0 --pasos 16000 --cada 25 --salida /content/banco_abst3s_s0.json --n-ent 15 --n-val 8 --n-rel 2 --batch 4 --distractores 8 --arch 8 --p-dos 0.25 --p-una 0.35 --p-nose-rel 0.20
lanzado pid 2628
VIVO= True
ULTIMO= paso  600 · perdida  1.9747 · GLOBAL 0.5000 · acierto 0.0000 · vigente nan · nose 1.0000 (rel 1.00/aus 1.00) · invento 0.0000 · 0.1 s/paso
VIVO= True
ULTIMO= paso 1425 · perdida  1.9484 · GLOBAL 0.2500 · acierto 0.5000 · vigente 0.0000 · nose 0.0000 (rel 0.00/aus 0.00) · invento 1.0000 · 0.1 s/paso
VIVO= True
ULTIMO= paso 2225 · perdida  1.8622 · GLOBAL 0.2500 · acierto 0.0000 · vigente 0.0000 · nose 1.0000 (rel 1.00/aus nan) · invento 0.0000 · 0.1 s/paso
VIVO= True
ULTIMO= paso 3050 · perdida  1.8673 · GLOBAL 0.5000 · acierto 0.0000 · vigente 0.0000 · nose 1.0000 (rel 1.00/aus nan) · invento 0.0000 · 0.1 s/paso
VIVO= True
ULTIMO= paso 3850 · perdida  2.0226 · GLOBAL 0.5000 · acierto 0.3333 · vigente 1.0000 · nose 1.0000 (rel nan/aus 1.00) · invento 0.0000 · 0.1 s/paso
VIVO= True
ULTIMO= paso 4700 · perdida  1.2335 · GLOBAL 0.5000 · acierto 0.5000 · vigente nan · nose 0.5000 (rel 0.50/aus nan) · invento 0.5000 · 0.1 s/paso
VIVO= True
ULTIMO= paso 5525 · perdida  1.0294 · GLOBAL 0.5000 · acierto 0.3333 · vigente nan · nose 1.0000 (rel nan/aus 1.00) · invento 0.0000 · 0.1 s/paso
VIVO= True
ULTIMO= paso 6325 · perdida  1.1493 · GLOBAL 0.5000 · acierto 0.0000 · vigente nan · nose 0.6667 (rel 0.50/aus 1.00) · invento 0.3333 · 0.1 s/paso
VIVO= True
ULTIMO= paso 7150 · perdida  1.3212 · GLOBAL 0.5000 · acierto 1.0000 · vigente nan · nose 0.3333 (rel nan/aus 0.33) · invento 0.6667 · 0.1 s/paso
VIVO= True
ULTIMO= paso 7950 · perdida  1.1730 · GLOBAL 0.2500 · acierto 0.3333 · vigente 0.0000 · nose 0.0000 (rel 0.00/aus nan) · invento 1.0000 · 0.1 s/paso
VIVO= True
ULTIMO= paso 8750 · perdida  1.1465 · GLOBAL 0.7500 · acierto 0.0000 · vigente 0.0000 · nose 1.0000 (rel nan/aus 1.00) · invento 0.0000 · 0.1 s/paso
VIVO= True
ULTIMO= paso 9575 · perdida  1.0989 · GLOBAL 0.5000 · acierto 0.6667 · vigente 0.0000 · nose 0.0000 (rel nan/aus 0.00) · invento 1.0000 · 0.1 s/paso
VIVO= True
ULTIMO= paso 10375 · perdida  0.8246 · GLOBAL 0.7500 · acierto 1.0000 · vigente 1.0000 · nose 0.5000 (rel 0.00/aus 1.00) · invento 0.5000 · 0.1 s/paso
VIVO= True
ULTIMO= paso 11175 · perdida  0.9053 · GLOBAL 0.2500 · acierto 0.3333 · vigente 0.0000 · nose 0.0000 (rel nan/aus 0.00) · invento 1.0000 · 0.1 s/paso
VIVO= True
ULTIMO= paso 12025 · perdida  0.3132 · GLOBAL 1.0000 · acierto 1.0000 · vigente nan · nose 1.0000 (rel 1.00/aus nan) · invento 0.0000 · 0.1 s/paso
VIVO= True
ULTIMO= paso 12825 · perdida  1.3448 · GLOBAL 0.2500 · acierto 0.0000 · vigente 0.0000 · nose 1.0000 (rel nan/aus 1.00) · invento 0.0000 · 0.1 s/paso
VIVO= True
ULTIMO= paso 13625 · perdida  0.2488 · GLOBAL 1.0000 · acierto 1.0000 · vigente nan · nose 1.0000 (rel nan/aus 1.00) · invento 0.0000 · 0.1 s/paso
VIVO= True
ULTIMO= paso 14425 · perdida  1.8403 · GLOBAL 0.2500 · acierto 0.5000 · vigente 0.0000 · nose 0.0000 (rel 0.00/aus 0.00) · invento 1.0000 · 0.1 s/paso
VIVO= True
ULTIMO= paso 15300 · perdida  0.9396 · GLOBAL 0.7500 · acierto 0.5000 · vigente 0.0000 · nose 1.0000 (rel 1.00/aus 1.00) · invento 0.0000 · 0.1 s/paso
VIVO= True
ULTIMO= (VACIO es el control que pedia el plan por vocabulario abierto)
VIVO= False
ULTIMO= listo en 41.0 min
[colab] Downloaded '/content/banco_abst3s_s0.json' to '/home/maxi/Documentos/Nuevo Transformer/delta-archivo/modelo_real/banco_abst3s_s0.json'
[colab] Downloaded '/content/banco.log' to '/home/maxi/Documentos/Nuevo Transformer/delta-archivo/modelo_real/banco_abst3s_s0.log'
== banco_abst3s_s0 LISTO
