== banco_abstcal3s_s0 en la cuenta L · sesion NUEVA banco_l_0812 · 16000 pasos
[colab] Creating session 'banco_l_0812'...
[colab] Session READY.
[colab] Uploaded '/tmp/tmp.K8ClliwpHn/banco.tgz' to '/content/banco.tgz'
entorno 2.11.0+cu128 5.16.1 True 
cmd /usr/bin/python3 -u banco_escalado.py --semilla 0 --pasos 16000 --cada 25 --salida /content/banco_abstcal3s_s0.json --n-ent 15 --n-val 8 --n-rel 2 --batch 4 --distractores 8 --arch 8 --p-dos 0.25 --p-una 0.35 --p-nose-rel 0.20 --calentar 3000
lanzado pid 1494
VIVO= True
ULTIMO= paso  550 · perdida  1.9844 · GLOBAL 0.2500 · acierto 0.2500 · vigente 0.0000 · nose nan (rel nan/aus nan) · invento 0.0000 · 0.2 s/paso  (calentando, sin abstencion)
VIVO= True
ULTIMO= paso 1250 · perdida  1.7576 · GLOBAL 0.2500 · acierto 0.2500 · vigente 0.0000 · nose nan (rel nan/aus nan) · invento 0.0000 · 0.2 s/paso  (calentando, sin abstencion)
VIVO= True
ULTIMO= paso 1950 · perdida  1.9449 · GLOBAL 0.2500 · acierto 0.2500 · vigente 0.0000 · nose nan (rel nan/aus nan) · invento 0.0000 · 0.2 s/paso  (calentando, sin abstencion)
VIVO= True
ULTIMO= paso 2675 · perdida  1.0581 · GLOBAL 0.5000 · acierto 0.5000 · vigente 0.0000 · nose nan (rel nan/aus nan) · invento 0.0000 · 0.2 s/paso  (calentando, sin abstencion)
VIVO= True
ULTIMO= paso 3400 · perdida  1.1391 · GLOBAL 0.5000 · acierto 0.0000 · vigente 0.0000 · nose 1.0000 (rel 1.00/aus 1.00) · invento 0.0000 · 0.2 s/paso
VIVO= True
ULTIMO= paso 4125 · perdida  1.3210 · GLOBAL 0.5000 · acierto 0.5000 · vigente nan · nose 0.5000 (rel 1.00/aus 0.00) · invento 0.5000 · 0.2 s/paso
VIVO= True
ULTIMO= paso 4875 · perdida  1.3671 · GLOBAL 0.2500 · acierto 0.5000 · vigente 0.0000 · nose 0.0000 (rel 0.00/aus 0.00) · invento 1.0000 · 0.2 s/paso
VIVO= True
ULTIMO= paso 5600 · perdida  0.8236 · GLOBAL 0.5000 · acierto 0.5000 · vigente 0.0000 · nose 0.5000 (rel 1.00/aus 0.00) · invento 0.5000 · 0.2 s/paso
VIVO= True
ULTIMO= paso 6350 · perdida  0.5827 · GLOBAL 0.7500 · acierto 0.5000 · vigente nan · nose 1.0000 (rel 1.00/aus nan) · invento 0.0000 · 0.2 s/paso
VIVO= True
ULTIMO= paso 7075 · perdida  0.3327 · GLOBAL 1.0000 · acierto 1.0000 · vigente nan · nose 1.0000 (rel 1.00/aus nan) · invento 0.0000 · 0.2 s/paso
VIVO= True
ULTIMO= paso 7825 · perdida  0.6709 · GLOBAL 0.7500 · acierto 0.6667 · vigente 0.0000 · nose 1.0000 (rel nan/aus 1.00) · invento 0.0000 · 0.2 s/paso
VIVO= True
ULTIMO= paso 8575 · perdida  1.8455 · GLOBAL 0.0000 · acierto 0.0000 · vigente 0.0000 · nose 0.0000 (rel 0.00/aus 0.00) · invento 1.0000 · 0.2 s/paso
VIVO= True
ULTIMO= paso 9300 · perdida  0.2598 · GLOBAL 1.0000 · acierto 1.0000 · vigente nan · nose 1.0000 (rel nan/aus 1.00) · invento 0.0000 · 0.2 s/paso
VIVO= True
ULTIMO= paso 10050 · perdida  0.3540 · GLOBAL 0.7500 · acierto 1.0000 · vigente nan · nose 0.6667 (rel 1.00/aus 0.00) · invento 0.3333 · 0.2 s/paso
VIVO= True
ULTIMO= paso 10775 · perdida  0.2507 · GLOBAL 1.0000 · acierto 1.0000 · vigente 1.0000 · nose 1.0000 (rel 1.00/aus nan) · invento 0.0000 · 0.2 s/paso
VIVO= True
ULTIMO= paso 11500 · perdida  0.5777 · GLOBAL 0.7500 · acierto 0.6667 · vigente nan · nose 1.0000 (rel 1.00/aus nan) · invento 0.0000 · 0.2 s/paso
VIVO= True
ULTIMO= paso 12275 · perdida  1.8304 · GLOBAL 0.2500 · acierto 0.3333 · vigente 0.0000 · nose 0.0000 (rel nan/aus 0.00) · invento 1.0000 · 0.2 s/paso
VIVO= True
ULTIMO= paso 13025 · perdida  1.1666 · GLOBAL 0.5000 · acierto 0.0000 · vigente 0.0000 · nose 0.6667 (rel 0.50/aus 1.00) · invento 0.3333 · 0.2 s/paso
VIVO= True
ULTIMO= paso 13775 · perdida  0.5065 · GLOBAL 0.7500 · acierto 1.0000 · vigente 1.0000 · nose 0.6667 (rel nan/aus 0.67) · invento 0.3333 · 0.2 s/paso
VIVO= True
ULTIMO= paso 14500 · perdida  1.4723 · GLOBAL 0.5000 · acierto 1.0000 · vigente 1.0000 · nose 0.0000 (rel 0.00/aus 0.00) · invento 1.0000 · 0.2 s/paso
VIVO= True
ULTIMO= paso 15250 · perdida  0.0181 · GLOBAL 1.0000 · acierto 1.0000 · vigente nan · nose 1.0000 (rel 1.00/aus nan) · invento 0.0000 · 0.2 s/paso
VIVO= True
ULTIMO= paso 15975 · perdida  0.6826 · GLOBAL 0.5000 · acierto 0.5000 · vigente 0.0000 · nose nan (rel nan/aus nan) · invento 0.0000 · 0.2 s/paso
VIVO= False
ULTIMO= listo en 45.4 min
[colab] Downloaded '/content/banco_abstcal3s_s0.json' to '/home/maxi/Documentos/Nuevo Transformer/delta-archivo/modelo_real/banco_abstcal3s_s0.json'
[colab] Downloaded '/content/banco.log' to '/home/maxi/Documentos/Nuevo Transformer/delta-archivo/modelo_real/banco_abstcal3s_s0.log'
== banco_abstcal3s_s0 LISTO
