== banco_abstcal6p_s0 en la cuenta F · sesion NUEVA banco_f_0812 · 19000 pasos
[colab] Creating session 'banco_f_0812'...
[colab] Session READY.
[colab] Uploaded '/tmp/tmp.YgxQgRXlzy/banco.tgz' to '/content/banco.tgz'
entorno 2.11.0+cu128 5.16.1 True 
cmd /usr/bin/python3 -u banco_escalado.py --semilla 0 --pasos 19000 --cada 25 --salida /content/banco_abstcal6p_s0.json --n-ent 15 --n-val 8 --n-rel 2 --batch 4 --distractores 8 --arch 8 --p-dos 0.25 --p-una 0.35 --p-nose-rel 0.20 --calentar 6000
lanzado pid 3568
VIVO= True
ULTIMO= paso  575 · perdida  2.4994 · GLOBAL 0.0000 · acierto 0.0000 · vigente 0.0000 · nose nan (rel nan/aus nan) · invento 0.0000 · 0.2 s/paso  (calentando, sin abstencion)
VIVO= True
ULTIMO= paso 1325 · perdida  2.2190 · GLOBAL 0.2500 · acierto 0.2500 · vigente 0.0000 · nose nan (rel nan/aus nan) · invento 0.0000 · 0.2 s/paso  (calentando, sin abstencion)
VIVO= True
ULTIMO= paso 2100 · perdida  1.6809 · GLOBAL 0.5000 · acierto 0.5000 · vigente nan · nose nan (rel nan/aus nan) · invento 0.0000 · 0.2 s/paso  (calentando, sin abstencion)
╰──────────────────────────────────────────────────────────────────────────────╯
RuntimeError: Connection was lost.
VIVO= True
ULTIMO= paso 4725 · perdida  0.8137 · GLOBAL 0.5000 · acierto 0.5000 · vigente 0.0000 · nose nan (rel nan/aus nan) · invento 0.0000 · 0.2 s/paso  (calentando, sin abstencion)
VIVO= True
ULTIMO= paso 5500 · perdida  0.0284 · GLOBAL 1.0000 · acierto 1.0000 · vigente nan · nose nan (rel nan/aus nan) · invento 0.0000 · 0.2 s/paso  (calentando, sin abstencion)
VIVO= True
ULTIMO= paso 6275 · perdida  1.1093 · GLOBAL 0.2500 · acierto 0.5000 · vigente nan · nose 0.0000 (rel 0.00/aus 0.00) · invento 1.0000 · 0.2 s/paso
VIVO= True
ULTIMO= paso 7275 · perdida  1.6724 · GLOBAL 0.0000 · acierto 0.0000 · vigente 0.0000 · nose 0.0000 (rel 0.00/aus 0.00) · invento 1.0000 · 0.2 s/paso
VIVO= True
ULTIMO= paso 8075 · perdida  1.0411 · GLOBAL 0.7500 · acierto 1.0000 · vigente nan · nose 0.5000 (rel 0.00/aus 1.00) · invento 0.5000 · 0.2 s/paso
VIVO= True
ULTIMO= paso 8875 · perdida  0.3912 · GLOBAL 0.7500 · acierto 0.7500 · vigente 0.5000 · nose nan (rel nan/aus nan) · invento 0.0000 · 0.2 s/paso
VIVO= True
ULTIMO= paso 9675 · perdida  0.5630 · GLOBAL 1.0000 · acierto 1.0000 · vigente 1.0000 · nose 1.0000 (rel nan/aus 1.00) · invento 0.0000 · 0.2 s/paso
VIVO= True
ULTIMO= paso 10475 · perdida  0.2742 · GLOBAL 1.0000 · acierto 1.0000 · vigente nan · nose 1.0000 (rel nan/aus 1.00) · invento 0.0000 · 0.2 s/paso
VIVO= True
ULTIMO= paso 11300 · perdida  1.6503 · GLOBAL 0.2500 · acierto 1.0000 · vigente nan · nose 0.0000 (rel 0.00/aus 0.00) · invento 1.0000 · 0.2 s/paso
VIVO= True
ULTIMO= paso 12100 · perdida  0.2806 · GLOBAL 1.0000 · acierto 1.0000 · vigente 1.0000 · nose 1.0000 (rel nan/aus 1.00) · invento 0.0000 · 0.2 s/paso
VIVO= True
ULTIMO= paso 12925 · perdida  0.8580 · GLOBAL 0.7500 · acierto 1.0000 · vigente 1.0000 · nose 0.0000 (rel nan/aus 0.00) · invento 1.0000 · 0.2 s/paso
VIVO= True
ULTIMO= paso 13725 · perdida  1.3380 · GLOBAL 0.5000 · acierto 0.6667 · vigente 0.0000 · nose 0.0000 (rel nan/aus 0.00) · invento 1.0000 · 0.2 s/paso
VIVO= True
ULTIMO= paso 14550 · perdida  0.4181 · GLOBAL 0.7500 · acierto nan · vigente nan · nose 0.7500 (rel 1.00/aus 0.67) · invento 0.2500 · 0.2 s/paso
VIVO= True
ULTIMO= paso 15375 · perdida  1.1447 · GLOBAL 0.7500 · acierto 1.0000 · vigente 1.0000 · nose 0.5000 (rel 1.00/aus 0.00) · invento 0.5000 · 0.2 s/paso
VIVO= True
ULTIMO= paso 16200 · perdida  0.3766 · GLOBAL 0.7500 · acierto 0.6667 · vigente 0.0000 · nose 1.0000 (rel nan/aus 1.00) · invento 0.0000 · 0.2 s/paso
VIVO= True
ULTIMO= paso 17100 · perdida  1.2989 · GLOBAL 0.7500 · acierto 0.0000 · vigente 0.0000 · nose 1.0000 (rel 1.00/aus 1.00) · invento 0.0000 · 0.2 s/paso
VIVO= True
ULTIMO= paso 17900 · perdida  0.4569 · GLOBAL 0.7500 · acierto 1.0000 · vigente nan · nose 0.5000 (rel 1.00/aus 0.00) · invento 0.5000 · 0.2 s/paso
VIVO= True
ULTIMO= paso 18725 · perdida  1.6339 · GLOBAL 0.2500 · acierto 0.2500 · vigente 0.0000 · nose nan (rel nan/aus nan) · invento 0.0000 · 0.2 s/paso
VIVO= False
ULTIMO= listo en 50.5 min
[colab] Downloaded '/content/banco_abstcal6p_s0.json' to '/home/maxi/Documentos/Nuevo Transformer/delta-archivo/modelo_real/banco_abstcal6p_s0.json'
[colab] Downloaded '/content/banco.log' to '/home/maxi/Documentos/Nuevo Transformer/delta-archivo/modelo_real/banco_abstcal6p_s0.log'
== banco_abstcal6p_s0 LISTO
