== banco_abstlargo_s0 en la cuenta C · sesion NUEVA banco_c_0811 · 22000 pasos
[colab] Creating session 'banco_c_0811'...
[colab] Session READY.
[colab] Uploaded '/tmp/tmp.tkUtJJNvBO/banco.tgz' to '/content/banco.tgz'
entorno 2.11.0+cu128 5.16.1 True 
cmd /usr/bin/python3 -u banco_escalado.py --semilla 0 --pasos 22000 --cada 25 --salida /content/banco_abstlargo_s0.json --n-ent 15 --n-val 8 --n-rel 2 --batch 4 --distractores 8 --arch 8 --p-dos 0.25 --p-una 0.35 --p-nose-rel 0.20 --calentar 3000
lanzado pid 1353
VIVO= True
ULTIMO= paso  575 · perdida  2.4994 · GLOBAL 0.0000 · acierto 0.0000 · vigente 0.0000 · nose nan (rel nan/aus nan) · invento 0.0000 · 0.1 s/paso  (calentando, sin abstencion)
VIVO= True
ULTIMO= paso 1400 · perdida  1.6185 · GLOBAL 0.5000 · acierto 0.5000 · vigente 0.0000 · nose nan (rel nan/aus nan) · invento 0.0000 · 0.1 s/paso  (calentando, sin abstencion)
VIVO= True
ULTIMO= paso 2200 · perdida  2.5482 · GLOBAL 0.0000 · acierto 0.0000 · vigente 0.0000 · nose nan (rel nan/aus nan) · invento 0.0000 · 0.1 s/paso  (calentando, sin abstencion)
VIVO= True
ULTIMO= paso 3000 · perdida  1.5817 · GLOBAL 0.7500 · acierto 0.7500 · vigente 0.0000 · nose nan (rel nan/aus nan) · invento 0.0000 · 0.1 s/paso  (calentando, sin abstencion)
VIVO= True
ULTIMO= paso 3800 · perdida  1.1924 · GLOBAL 0.5000 · acierto 1.0000 · vigente nan · nose 0.3333 (rel 0.33/aus nan) · invento 0.6667 · 0.1 s/paso
VIVO= True
ULTIMO= paso 4625 · perdida  1.8813 · GLOBAL 0.0000 · acierto 0.0000 · vigente 0.0000 · nose 0.0000 (rel 0.00/aus 0.00) · invento 1.0000 · 0.1 s/paso
VIVO= True
ULTIMO= paso 5450 · perdida  0.7879 · GLOBAL 0.5000 · acierto 0.5000 · vigente 1.0000 · nose 0.5000 (rel nan/aus 0.50) · invento 0.5000 · 0.1 s/paso
VIVO= True
ULTIMO= paso 6275 · perdida  0.8688 · GLOBAL 0.5000 · acierto 0.3333 · vigente 1.0000 · nose 1.0000 (rel nan/aus 1.00) · invento 0.0000 · 0.1 s/paso
VIVO= True
ULTIMO= paso 7100 · perdida  0.6876 · GLOBAL 0.7500 · acierto 1.0000 · vigente 1.0000 · nose 0.5000 (rel nan/aus 0.50) · invento 0.5000 · 0.1 s/paso
VIVO= True
ULTIMO= paso 7925 · perdida  2.2997 · GLOBAL 0.2500 · acierto 0.0000 · vigente 0.0000 · nose 0.5000 (rel 0.00/aus 1.00) · invento 0.5000 · 0.1 s/paso
VIVO= True
ULTIMO= paso 8725 · perdida  0.9842 · GLOBAL 0.7500 · acierto 0.6667 · vigente 0.5000 · nose 1.0000 (rel nan/aus 1.00) · invento 0.0000 · 0.1 s/paso
VIVO= True
ULTIMO= paso 9550 · perdida  0.6070 · GLOBAL 0.5000 · acierto 0.3333 · vigente 0.0000 · nose 1.0000 (rel 1.00/aus nan) · invento 0.0000 · 0.1 s/paso
VIVO= True
ULTIMO= paso 10400 · perdida  0.4906 · GLOBAL 1.0000 · acierto 1.0000 · vigente 1.0000 · nose nan (rel nan/aus nan) · invento 0.0000 · 0.1 s/paso
VIVO= True
ULTIMO= paso 11225 · perdida  0.1794 · GLOBAL 1.0000 · acierto 1.0000 · vigente nan · nose 1.0000 (rel 1.00/aus 1.00) · invento 0.0000 · 0.1 s/paso
VIVO= True
ULTIMO= paso 12025 · perdida  1.5140 · GLOBAL 0.2500 · acierto 0.5000 · vigente 0.0000 · nose 0.0000 (rel nan/aus 0.00) · invento 1.0000 · 0.1 s/paso
VIVO= True
ULTIMO= paso 12850 · perdida  0.7578 · GLOBAL 0.7500 · acierto 0.6667 · vigente 0.0000 · nose 1.0000 (rel 1.00/aus nan) · invento 0.0000 · 0.1 s/paso
VIVO= True
ULTIMO= paso 13675 · perdida  0.5761 · GLOBAL 0.7500 · acierto 1.0000 · vigente 1.0000 · nose 0.5000 (rel nan/aus 0.50) · invento 0.5000 · 0.1 s/paso
VIVO= True
ULTIMO= paso 14475 · perdida  0.9278 · GLOBAL 0.7500 · acierto 1.0000 · vigente 1.0000 · nose 0.5000 (rel 0.50/aus nan) · invento 0.5000 · 0.1 s/paso
VIVO= True
ULTIMO= paso 15300 · perdida  0.2296 · GLOBAL 1.0000 · acierto 1.0000 · vigente nan · nose nan (rel nan/aus nan) · invento 0.0000 · 0.1 s/paso
VIVO= True
ULTIMO= paso 16125 · perdida  0.5925 · GLOBAL 0.7500 · acierto 0.5000 · vigente nan · nose 1.0000 (rel 1.00/aus 1.00) · invento 0.0000 · 0.1 s/paso
VIVO= True
ULTIMO= paso 16950 · perdida  0.8638 · GLOBAL 0.7500 · acierto 1.0000 · vigente nan · nose 0.5000 (rel nan/aus 0.50) · invento 0.5000 · 0.1 s/paso
VIVO= True
ULTIMO= paso 17750 · perdida  1.0764 · GLOBAL 0.5000 · acierto 0.6667 · vigente 0.0000 · nose 0.0000 (rel nan/aus 0.00) · invento 1.0000 · 0.1 s/paso
VIVO= True
ULTIMO= paso 18575 · perdida  0.0279 · GLOBAL 1.0000 · acierto 1.0000 · vigente 1.0000 · nose 1.0000 (rel 1.00/aus nan) · invento 0.0000 · 0.1 s/paso
VIVO= True
ULTIMO= paso 19400 · perdida  0.0270 · GLOBAL 1.0000 · acierto 1.0000 · vigente nan · nose 1.0000 (rel 1.00/aus 1.00) · invento 0.0000 · 0.1 s/paso
VIVO= True
ULTIMO= paso 20225 · perdida  0.9490 · GLOBAL 0.7500 · acierto 0.5000 · vigente 0.0000 · nose 1.0000 (rel 1.00/aus nan) · invento 0.0000 · 0.1 s/paso
VIVO= True
ULTIMO= paso 21050 · perdida  0.0334 · GLOBAL 1.0000 · acierto 1.0000 · vigente nan · nose 1.0000 (rel 1.00/aus nan) · invento 0.0000 · 0.1 s/paso
VIVO= True
ULTIMO= paso 21875 · perdida  0.0287 · GLOBAL 1.0000 · acierto nan · vigente nan · nose 1.0000 (rel 1.00/aus 1.00) · invento 0.0000 · 0.1 s/paso
VIVO= False
ULTIMO= listo en 55.9 min
[colab] Downloaded '/content/banco_abstlargo_s0.json' to '/home/maxi/Documentos/Nuevo Transformer/delta-archivo/modelo_real/banco_abstlargo_s0.json'
[colab] Downloaded '/content/banco.log' to '/home/maxi/Documentos/Nuevo Transformer/delta-archivo/modelo_real/banco_abstlargo_s0.log'
== banco_abstlargo_s0 LISTO
