== banco_abst3s_s1 en la cuenta J · sesion NUEVA banco_j_0812 · 16000 pasos
[colab] Creating session 'banco_j_0812'...
[colab] Session READY.
[colab] Uploaded '/tmp/tmp.iNJxsdZDrE/banco.tgz' to '/content/banco.tgz'
entorno 2.11.0+cu128 5.16.1 True 
cmd /usr/bin/python3 -u banco_escalado.py --semilla 1 --pasos 16000 --cada 25 --salida /content/banco_abst3s_s1.json --n-ent 15 --n-val 8 --n-rel 2 --batch 4 --distractores 8 --arch 8 --p-dos 0.25 --p-una 0.35 --p-nose-rel 0.20
lanzado pid 1640
VIVO= True
ULTIMO= paso  650 · perdida  1.9503 · GLOBAL 0.2500 · acierto 0.0000 · vigente 0.0000 · nose 1.0000 (rel nan/aus 1.00) · invento 0.0000 · 0.1 s/paso
VIVO= True
ULTIMO= paso 1425 · perdida  1.9182 · GLOBAL 0.5000 · acierto 0.0000 · vigente 0.0000 · nose 1.0000 (rel 1.00/aus 1.00) · invento 0.0000 · 0.2 s/paso
VIVO= True
ULTIMO= paso 2200 · perdida  1.8557 · GLOBAL 0.5000 · acierto 0.0000 · vigente nan · nose 1.0000 (rel 1.00/aus 1.00) · invento 0.0000 · 0.2 s/paso
VIVO= True
ULTIMO= paso 2975 · perdida  1.1061 · GLOBAL 0.7500 · acierto 0.0000 · vigente nan · nose 1.0000 (rel 1.00/aus 1.00) · invento 0.0000 · 0.2 s/paso
VIVO= True
ULTIMO= paso 3750 · perdida  1.7699 · GLOBAL 0.5000 · acierto 0.0000 · vigente 0.0000 · nose 1.0000 (rel 1.00/aus 1.00) · invento 0.0000 · 0.2 s/paso
VIVO= True
ULTIMO= paso 4525 · perdida  2.7854 · GLOBAL 0.0000 · acierto 0.0000 · vigente 0.0000 · nose nan (rel nan/aus nan) · invento 0.0000 · 0.2 s/paso
VIVO= True
ULTIMO= paso 5300 · perdida  1.8834 · GLOBAL 0.2500 · acierto 0.0000 · vigente 0.0000 · nose 1.0000 (rel 1.00/aus nan) · invento 0.0000 · 0.2 s/paso
VIVO= True
ULTIMO= paso 6075 · perdida  2.4241 · GLOBAL 0.2500 · acierto 0.2500 · vigente 0.5000 · nose nan (rel nan/aus nan) · invento 0.0000 · 0.2 s/paso
VIVO= True
ULTIMO= paso 6925 · perdida  1.4969 · GLOBAL 0.5000 · acierto 0.3333 · vigente 0.0000 · nose 1.0000 (rel 1.00/aus nan) · invento 0.0000 · 0.2 s/paso
VIVO= True
ULTIMO= paso 7700 · perdida  1.7468 · GLOBAL 0.2500 · acierto 0.0000 · vigente 0.0000 · nose 0.5000 (rel 1.00/aus 0.00) · invento 0.5000 · 0.2 s/paso
VIVO= True
ULTIMO= paso 8475 · perdida  0.5099 · GLOBAL 0.7500 · acierto 1.0000 · vigente 1.0000 · nose 0.5000 (rel 1.00/aus 0.00) · invento 0.5000 · 0.2 s/paso
VIVO= True
ULTIMO= paso 9250 · perdida  0.9102 · GLOBAL 0.5000 · acierto 0.5000 · vigente 0.0000 · nose 0.5000 (rel 0.00/aus 1.00) · invento 0.5000 · 0.2 s/paso
VIVO= True
ULTIMO= paso 10025 · perdida  1.2722 · GLOBAL 0.5000 · acierto 0.3333 · vigente 0.0000 · nose 1.0000 (rel nan/aus 1.00) · invento 0.0000 · 0.2 s/paso
VIVO= True
ULTIMO= paso 10800 · perdida  1.1997 · GLOBAL 0.5000 · acierto 0.3333 · vigente 0.5000 · nose 1.0000 (rel nan/aus 1.00) · invento 0.0000 · 0.2 s/paso
VIVO= True
ULTIMO= paso 11575 · perdida  1.0775 · GLOBAL 0.5000 · acierto 0.5000 · vigente nan · nose 0.5000 (rel 0.00/aus 1.00) · invento 0.5000 · 0.2 s/paso
VIVO= True
ULTIMO= paso 12350 · perdida  1.6649 · GLOBAL 0.2500 · acierto 0.2500 · vigente 0.0000 · nose nan (rel nan/aus nan) · invento 0.0000 · 0.2 s/paso
VIVO= True
ULTIMO= paso 13100 · perdida  1.0485 · GLOBAL 0.5000 · acierto 0.6667 · vigente 0.6667 · nose 0.0000 (rel nan/aus 0.00) · invento 1.0000 · 0.2 s/paso
VIVO= True
ULTIMO= paso 13875 · perdida  0.5635 · GLOBAL 0.7500 · acierto 1.0000 · vigente nan · nose 0.6667 (rel 1.00/aus 0.00) · invento 0.3333 · 0.2 s/paso
VIVO= True
ULTIMO= paso 14700 · perdida  1.6054 · GLOBAL 0.5000 · acierto 0.5000 · vigente 0.0000 · nose nan (rel nan/aus nan) · invento 0.0000 · 0.2 s/paso
VIVO= True
ULTIMO= paso 15475 · perdida  1.3871 · GLOBAL 0.5000 · acierto 0.3333 · vigente 0.5000 · nose 1.0000 (rel 1.00/aus nan) · invento 0.0000 · 0.2 s/paso
VIVO= False
ULTIMO= listo en 42.9 min
[colab] Downloaded '/content/banco_abst3s_s1.json' to '/home/maxi/Documentos/Nuevo Transformer/delta-archivo/modelo_real/banco_abst3s_s1.json'
[colab] Downloaded '/content/banco.log' to '/home/maxi/Documentos/Nuevo Transformer/delta-archivo/modelo_real/banco_abst3s_s1.log'
== banco_abst3s_s1 LISTO
