== banco_abstcal_s0 en la cuenta D · sesion NUEVA banco_d_2021 · 16000 pasos
[colab] Creating session 'banco_d_2021'...
[colab] Session READY.
[colab] Uploaded '/tmp/tmp.phSfFsconQ/banco.tgz' to '/content/banco.tgz'
entorno 2.11.0+cu128 5.16.1 True 
cmd /usr/bin/python3 -u banco_escalado.py --semilla 0 --pasos 16000 --cada 25 --salida /content/banco_abstcal_s0.json --n-ent 15 --n-val 8 --n-rel 2 --batch 4 --distractores 8 --arch 8 --p-dos 0.25 --p-una 0.35 --p-nose-rel 0.20 --calentar 3000
lanzado pid 1854
VIVO= True
ULTIMO= paso  475 · perdida  2.0132 · GLOBAL 0.2500 · acierto 0.2500 · vigente 0.5000 · nose nan (rel nan/aus nan) · invento 0.0000 · 0.2 s/paso  (calentando, sin abstencion)
VIVO= True
ULTIMO= paso 1200 · perdida  1.6602 · GLOBAL 0.2500 · acierto 0.2500 · vigente 0.0000 · nose nan (rel nan/aus nan) · invento 0.0000 · 0.2 s/paso  (calentando, sin abstencion)
VIVO= True
ULTIMO= paso 1925 · perdida  2.3271 · GLOBAL 0.0000 · acierto 0.0000 · vigente 0.0000 · nose nan (rel nan/aus nan) · invento 0.0000 · 0.2 s/paso  (calentando, sin abstencion)
VIVO= True
ULTIMO= paso 2650 · perdida  1.5103 · GLOBAL 0.5000 · acierto 0.5000 · vigente 0.6667 · nose nan (rel nan/aus nan) · invento 0.0000 · 0.2 s/paso  (calentando, sin abstencion)
VIVO= True
ULTIMO= paso 3375 · perdida  0.9199 · GLOBAL 0.5000 · acierto 0.5000 · vigente 0.0000 · nose 0.5000 (rel 0.00/aus 1.00) · invento 0.5000 · 0.2 s/paso
VIVO= True
ULTIMO= paso 4125 · perdida  1.3210 · GLOBAL 0.5000 · acierto 0.5000 · vigente nan · nose 0.5000 (rel 1.00/aus 0.00) · invento 0.5000 · 0.2 s/paso
VIVO= True
ULTIMO= paso 4875 · perdida  1.3671 · GLOBAL 0.2500 · acierto 0.5000 · vigente 0.0000 · nose 0.0000 (rel 0.00/aus 0.00) · invento 1.0000 · 0.2 s/paso
VIVO= True
ULTIMO= paso 5625 · perdida  1.2266 · GLOBAL 0.2500 · acierto 0.0000 · vigente nan · nose 0.3333 (rel nan/aus 0.33) · invento 0.6667 · 0.2 s/paso
VIVO= True
ULTIMO= paso 6375 · perdida  0.7586 · GLOBAL 0.5000 · acierto 1.0000 · vigente nan · nose 0.3333 (rel 0.33/aus nan) · invento 0.6667 · 0.2 s/paso
VIVO= True
ULTIMO= paso 7125 · perdida  0.4675 · GLOBAL 0.7500 · acierto 0.6667 · vigente 0.5000 · nose 1.0000 (rel 1.00/aus nan) · invento 0.0000 · 0.2 s/paso
VIVO= True
ULTIMO= paso 7875 · perdida  0.4966 · GLOBAL 1.0000 · acierto 1.0000 · vigente nan · nose 1.0000 (rel 1.00/aus 1.00) · invento 0.0000 · 0.2 s/paso
VIVO= True
ULTIMO= paso 8625 · perdida  0.6451 · GLOBAL 0.7500 · acierto 0.0000 · vigente nan · nose 1.0000 (rel 1.00/aus 1.00) · invento 0.0000 · 0.2 s/paso
VIVO= True
ULTIMO= paso 9425 · perdida  0.4332 · GLOBAL 0.7500 · acierto 1.0000 · vigente nan · nose 0.5000 (rel 0.00/aus 1.00) · invento 0.5000 · 0.2 s/paso
VIVO= True
ULTIMO= paso 10150 · perdida  0.8797 · GLOBAL 0.5000 · acierto 0.6667 · vigente 1.0000 · nose 0.0000 (rel 0.00/aus nan) · invento 1.0000 · 0.2 s/paso
VIVO= True
ULTIMO= paso 10900 · perdida  1.0463 · GLOBAL 0.7500 · acierto 1.0000 · vigente 1.0000 · nose 0.6667 (rel 1.00/aus 0.00) · invento 0.3333 · 0.2 s/paso
VIVO= True
ULTIMO= paso 11700 · perdida  0.3686 · GLOBAL 1.0000 · acierto 1.0000 · vigente 1.0000 · nose 1.0000 (rel nan/aus 1.00) · invento 0.0000 · 0.2 s/paso
VIVO= True
ULTIMO= paso 12525 · perdida  0.4666 · GLOBAL 0.5000 · acierto 0.6667 · vigente nan · nose 0.0000 (rel nan/aus 0.00) · invento 1.0000 · 0.2 s/paso
VIVO= True
ULTIMO= paso 13275 · perdida  0.4708 · GLOBAL 0.7500 · acierto 0.6667 · vigente 0.0000 · nose 1.0000 (rel 1.00/aus nan) · invento 0.0000 · 0.2 s/paso
VIVO= True
ULTIMO= paso 14025 · perdida  0.3661 · GLOBAL 0.7500 · acierto 1.0000 · vigente nan · nose 0.5000 (rel nan/aus 0.50) · invento 0.5000 · 0.2 s/paso
VIVO= True
ULTIMO= paso 14775 · perdida  1.7229 · GLOBAL 0.5000 · acierto 0.5000 · vigente 0.0000 · nose 0.5000 (rel 0.00/aus 1.00) · invento 0.5000 · 0.2 s/paso
VIVO= True
ULTIMO= paso 15500 · perdida  0.3190 · GLOBAL 0.7500 · acierto 0.6667 · vigente 0.0000 · nose 1.0000 (rel 1.00/aus nan) · invento 0.0000 · 0.2 s/paso
VIVO= False
ULTIMO= listo en 43.7 min
[colab] Downloaded '/content/banco_abstcal_s0.json' to '/home/maxi/Disco_de_Guardado/Carpetas_Usuario/Documentos/Nuevo Transformer/delta-archivo/modelo_real/banco_abstcal_s0.json'
[colab] Downloaded '/content/banco.log' to '/home/maxi/Disco_de_Guardado/Carpetas_Usuario/Documentos/Nuevo Transformer/delta-archivo/modelo_real/banco_abstcal_s0.log'
== banco_abstcal_s0 LISTO
