== banco_abst3s_s2 en la cuenta K · sesion NUEVA banco_k_0812 · 16000 pasos
[colab] Creating session 'banco_k_0812'...
[colab] Session READY.
[colab] Uploaded '/tmp/tmp.bwu909papm/banco.tgz' to '/content/banco.tgz'
entorno 2.11.0+cu128 5.16.1 True 
cmd /usr/bin/python3 -u banco_escalado.py --semilla 2 --pasos 16000 --cada 25 --salida /content/banco_abst3s_s2.json --n-ent 15 --n-val 8 --n-rel 2 --batch 4 --distractores 8 --arch 8 --p-dos 0.25 --p-una 0.35 --p-nose-rel 0.20
lanzado pid 3746
VIVO= True
ULTIMO= paso  500 · perdida  1.4422 · GLOBAL 0.7500 · acierto 0.0000 · vigente 0.0000 · nose 1.0000 (rel 1.00/aus 1.00) · invento 0.0000 · 0.1 s/paso
VIVO= True
ULTIMO= paso 1500 · perdida  1.2553 · GLOBAL 0.7500 · acierto 0.0000 · vigente nan · nose 1.0000 (rel 1.00/aus nan) · invento 0.0000 · 0.1 s/paso
VIVO= True
ULTIMO= paso 2325 · perdida  1.5518 · GLOBAL 0.5000 · acierto 0.0000 · vigente 0.0000 · nose 1.0000 (rel nan/aus 1.00) · invento 0.0000 · 0.1 s/paso
VIVO= True
ULTIMO= paso 3150 · perdida  1.7459 · GLOBAL 0.7500 · acierto 0.0000 · vigente nan · nose 1.0000 (rel 1.00/aus 1.00) · invento 0.0000 · 0.1 s/paso
VIVO= True
ULTIMO= paso 3950 · perdida  1.6498 · GLOBAL 0.5000 · acierto 0.6667 · vigente 1.0000 · nose 0.0000 (rel 0.00/aus nan) · invento 1.0000 · 0.1 s/paso
VIVO= True
ULTIMO= paso 4750 · perdida  1.3622 · GLOBAL 0.5000 · acierto 0.5000 · vigente 1.0000 · nose 0.5000 (rel 0.00/aus 1.00) · invento 0.5000 · 0.1 s/paso
VIVO= True
ULTIMO= paso 5775 · perdida  1.0568 · GLOBAL 0.7500 · acierto 0.0000 · vigente nan · nose 1.0000 (rel 1.00/aus 1.00) · invento 0.0000 · 0.1 s/paso
VIVO= True
ULTIMO= paso 6625 · perdida  1.2109 · GLOBAL 0.5000 · acierto 0.0000 · vigente 0.0000 · nose 1.0000 (rel 1.00/aus 1.00) · invento 0.0000 · 0.1 s/paso
VIVO= True
ULTIMO= paso 7450 · perdida  0.8679 · GLOBAL 0.7500 · acierto 0.6667 · vigente 0.0000 · nose 1.0000 (rel nan/aus 1.00) · invento 0.0000 · 0.1 s/paso
VIVO= True
ULTIMO= paso 8275 · perdida  1.5504 · GLOBAL 0.5000 · acierto 0.6667 · vigente nan · nose 0.0000 (rel nan/aus 0.00) · invento 1.0000 · 0.1 s/paso
VIVO= True
ULTIMO= paso 9150 · perdida  0.1838 · GLOBAL 1.0000 · acierto 1.0000 · vigente 1.0000 · nose 1.0000 (rel 1.00/aus nan) · invento 0.0000 · 0.1 s/paso
VIVO= True
ULTIMO= paso 9975 · perdida  1.2321 · GLOBAL 0.5000 · acierto 1.0000 · vigente nan · nose 0.0000 (rel 0.00/aus 0.00) · invento 1.0000 · 0.1 s/paso
VIVO= True
ULTIMO= paso 10775 · perdida  0.3747 · GLOBAL 1.0000 · acierto 1.0000 · vigente 1.0000 · nose 1.0000 (rel nan/aus 1.00) · invento 0.0000 · 0.1 s/paso
VIVO= True
ULTIMO= paso 11600 · perdida  0.2471 · GLOBAL 1.0000 · acierto nan · vigente nan · nose 1.0000 (rel 1.00/aus 1.00) · invento 0.0000 · 0.1 s/paso
VIVO= True
ULTIMO= paso 12425 · perdida  0.4580 · GLOBAL 0.7500 · acierto 1.0000 · vigente nan · nose 0.0000 (rel 0.00/aus nan) · invento 1.0000 · 0.1 s/paso
VIVO= True
ULTIMO= paso 13450 · perdida  0.6477 · GLOBAL 0.7500 · acierto 1.0000 · vigente nan · nose 0.5000 (rel 1.00/aus 0.00) · invento 0.5000 · 0.1 s/paso
VIVO= True
ULTIMO= paso 14475 · perdida  0.6944 · GLOBAL 0.7500 · acierto 0.7500 · vigente 0.6667 · nose nan (rel nan/aus nan) · invento 0.0000 · 0.1 s/paso
VIVO= True
ULTIMO= paso 15300 · perdida  1.4750 · GLOBAL 0.5000 · acierto 0.6667 · vigente 0.0000 · nose 0.0000 (rel nan/aus 0.00) · invento 1.0000 · 0.1 s/paso
VIVO= False
ULTIMO= listo en 41.7 min
[colab] Downloaded '/content/banco_abst3s_s2.json' to '/home/maxi/Documentos/Nuevo Transformer/delta-archivo/modelo_real/banco_abst3s_s2.json'
[colab] Downloaded '/content/banco.log' to '/home/maxi/Documentos/Nuevo Transformer/delta-archivo/modelo_real/banco_abst3s_s2.log'
== banco_abst3s_s2 LISTO
