== real_una_s0 en la cuenta C · sesion NUEVA real_c_1236 · 1200 pasos
[colab] Creating session 'real_c_1236'...
[colab] Session READY.
[colab] Uploaded '/tmp/tmp.XvFHxAT75u/real.tgz' to '/content/real.tgz'
entorno 2.11.0+cu128 5.16.1 True 
lanzado pid 1789
VIVO= True
ULTIMO= BASELINE paso 0 · vigente 0.0000 · nose 0.0000 (ent 0.0000/rel 0.0000) · falsa 0.0000
VIVO= True
ULTIMO= paso    50  loss 0.0000  (171s)
VIVO= True
ULTIMO= ── eval 100: vigente 1.0000 · nose 0.9778 (ent 1.0000/rel 0.9500) · falsa 0.0000
VIVO= True
ULTIMO= ── eval 100: vigente 1.0000 · nose 0.9778 (ent 1.0000/rel 0.9500) · falsa 0.0000
VIVO= True
ULTIMO= paso   150  loss 0.0008  (515s)
VIVO= True
ULTIMO= ── eval 200: vigente 1.0000 · nose 0.9778 (ent 1.0000/rel 0.9500) · falsa 0.0000
VIVO= True
ULTIMO= paso   250  loss 0.0000  (859s)
VIVO= True
ULTIMO= paso   250  loss 0.0000  (859s)
VIVO= True
ULTIMO= ── eval 300: vigente 1.0000 · nose 0.9778 (ent 1.0000/rel 0.9500) · falsa 0.0000
VIVO= True
ULTIMO= paso   350  loss 0.0000  (1203s)
VIVO= True
ULTIMO= ── eval 400: vigente 0.9880 · nose 0.9778 (ent 1.0000/rel 0.9500) · falsa 0.0000
╰──────────────────────────────────────────────────────────────────────────────╯
RuntimeError: Connection was lost.
VIVO= True
ULTIMO= ── eval 500: vigente 0.9880 · nose 0.9778 (ent 1.0000/rel 0.9500) · falsa 0.0000
VIVO= True
ULTIMO= paso   550  loss 0.0000  (1889s)
VIVO= True
ULTIMO= ── eval 600: vigente 1.0000 · nose 1.0000 (ent 1.0000/rel 1.0000) · falsa 0.0000
VIVO= True
ULTIMO= paso   650  loss 0.0000  (2232s)
VIVO= True
ULTIMO= paso   650  loss 0.0000  (2232s)
VIVO= True
ULTIMO= ── eval 700: vigente 1.0000 · nose 0.9778 (ent 1.0000/rel 0.9500) · falsa 0.0000
╰──────────────────────────────────────────────────────────────────────────────╯
RuntimeError: Connection was lost.
VIVO= True
ULTIMO= paso   850  loss 0.0000  (2918s)
VIVO= True
ULTIMO= paso   850  loss 0.0000  (2918s)
VIVO= True
ULTIMO= ── eval 900: vigente 1.0000 · nose 1.0000 (ent 1.0000/rel 1.0000) · falsa 0.0000
VIVO= True
ULTIMO= paso   950  loss 0.0000  (3262s)
VIVO= True
ULTIMO= ── eval 1000: vigente 1.0000 · nose 1.0000 (ent 1.0000/rel 1.0000) · falsa 0.0000
[colab] Session 'real_c_1236' appears to be lost (404/401). Cleaning up.
[colab] Session 'real_c_1236' not found.
[colab] Session 'real_c_1236' not found.
[colab] Session 'real_c_1236' not found.
[colab] Session 'real_c_1236' not found.
[colab] Session 'real_c_1236' not found.
[colab] Session 'real_c_1236' not found.
[colab] Session 'real_c_1236' not found.
[colab] Session 'real_c_1236' not found.
[colab] Session 'real_c_1236' not found.
[colab] Session 'real_c_1236' not found.
[colab] Session 'real_c_1236' not found.
[colab] Session 'real_c_1236' not found.
[colab] Session 'real_c_1236' not found.
[colab] Session 'real_c_1236' not found.
[colab] Session 'real_c_1236' not found.
[colab] Session 'real_c_1236' not found.
[colab] Session 'real_c_1236' not found.
[colab] Session 'real_c_1236' not found.
[colab] Session 'real_c_1236' not found.
[colab] Session 'real_c_1236' not found.
[colab] Session 'real_c_1236' not found.
[colab] Session 'real_c_1236' not found.
[colab] Session 'real_c_1236' not found.
[colab] Session 'real_c_1236' not found.
[colab] Session 'real_c_1236' not found.
[colab] Session 'real_c_1236' not found.
[colab] Session 'real_c_1236' not found.
[colab] Session 'real_c_1236' not found.
[colab] Session 'real_c_1236' not found.
[colab] Session 'real_c_1236' not found.
[colab] Session 'real_c_1236' not found.
[colab] Session 'real_c_1236' not found.
[colab] Session 'real_c_1236' not found.
[colab] Session 'real_c_1236' not found.
[colab] Session 'real_c_1236' not found.
[colab] Session 'real_c_1236' not found.
[colab] Session 'real_c_1236' not found.
== real_una_s0 SIN RESULTADO
