== g0 en O · REUSA smk_o_0742
[colab] Uploaded '/tmp/tmp.YmCU2zLynw/real.tgz' to '/content/real.tgz'
mambapy pscan OK 
lanzado pid 14131 trabajos: cerca:0 lejos:0 lejos_dos:0 lejos_relleno:0 
--- 08:21
VIVO= True
HECHOS= ['g0_cerca_s0.json']
LOG:
modelo state-spaces/mamba-130m-hf · 129,135,360 params · cuda
conv kernel 4 · taps vivos [1, 2, 3] · ALCANCE REAL 2
condicion cerca · formas de entrenamiento ('d2',) · se EVALUA en `d2`
  BASELINE paso 0 · vigente 0.0000 · nose 0.0000 (ent 0.0000/rel 0.0000) · falsa 0.0000
/content/real/entrenar_real.py:167: UserWarning: Converting a tensor with requires_grad=True to a scalar may lead to unexpected behavior.
Consider using tensor.detach() first. (Triggered internally at /pytorch/torch/csrc/autograd/generated/python_variable_methods.cpp:836.)
  print(f"  paso {paso:5d}  loss {float(out.loss):.4f}  ({time.time()-t0:.0f}s)",
  paso    50  loss 0.0000  (43s)
  paso   100  loss 0.0000  (86s)
  ── eval 100: vigente 0.9970 · nose 0.9888 (ent 1.0000/rel 0.9762) · falsa 0.0030
--- 08:23
VIVO= True
HECHOS= ['g0_cerca_s0.json']
LOG:
  BASELINE paso 0 · vigente 0.0000 · nose 0.0000 (ent 0.0000/rel 0.0000) · falsa 0.0000
/content/real/entrenar_real.py:167: UserWarning: Converting a tensor with requires_grad=True to a scalar may lead to unexpected behavior.
Consider using tensor.detach() first. (Triggered internally at /pytorch/torch/csrc/autograd/generated/python_variable_methods.cpp:836.)
  print(f"  paso {paso:5d}  loss {float(out.loss):.4f}  ({time.time()-t0:.0f}s)",
  paso    50  loss 0.0000  (43s)
  paso   100  loss 0.0000  (86s)
  ── eval 100: vigente 0.9970 · nose 0.9888 (ent 1.0000/rel 0.9762) · falsa 0.0030
  paso   150  loss 0.0008  (145s)
  paso   200  loss 0.0000  (190s)
  ── eval 200: vigente 1.0000 · nose 0.9831 (ent 0.9894/rel 0.9762) · falsa 0.0000
--- 08:25
VIVO= True
HECHOS= ['g0_cerca_s0.json']
LOG:
  print(f"  paso {paso:5d}  loss {float(out.loss):.4f}  ({time.time()-t0:.0f}s)",
  paso    50  loss 0.0000  (43s)
  paso   100  loss 0.0000  (86s)
  ── eval 100: vigente 0.9970 · nose 0.9888 (ent 1.0000/rel 0.9762) · falsa 0.0030
  paso   150  loss 0.0008  (145s)
  paso   200  loss 0.0000  (190s)
  ── eval 200: vigente 1.0000 · nose 0.9831 (ent 0.9894/rel 0.9762) · falsa 0.0000
  paso   250  loss 0.0000  (250s)
  paso   300  loss 0.0000  (295s)
  ── eval 300: vigente 1.0000 · nose 0.9888 (ent 1.0000/rel 0.9762) · falsa 0.0000
--- 08:27
VIVO= True
HECHOS= ['g0_cerca_s0.json']
LOG:
  paso   150  loss 0.0008  (145s)
  paso   200  loss 0.0000  (190s)
  ── eval 200: vigente 1.0000 · nose 0.9831 (ent 0.9894/rel 0.9762) · falsa 0.0000
  paso   250  loss 0.0000  (250s)
  paso   300  loss 0.0000  (295s)
  ── eval 300: vigente 1.0000 · nose 0.9888 (ent 1.0000/rel 0.9762) · falsa 0.0000
  paso   350  loss 0.0000  (355s)
  paso   400  loss 0.0000  (400s)
  ── eval 400: vigente 0.9970 · nose 0.9888 (ent 1.0000/rel 0.9762) · falsa 0.0000
  paso   450  loss 0.0000  (460s)
--- 08:29
VIVO= True
HECHOS= ['g0_cerca_s0.json']
LOG:
  paso   250  loss 0.0000  (250s)
  paso   300  loss 0.0000  (295s)
  ── eval 300: vigente 1.0000 · nose 0.9888 (ent 1.0000/rel 0.9762) · falsa 0.0000
  paso   350  loss 0.0000  (355s)
  paso   400  loss 0.0000  (400s)
  ── eval 400: vigente 0.9970 · nose 0.9888 (ent 1.0000/rel 0.9762) · falsa 0.0000
  paso   450  loss 0.0000  (460s)
  paso   500  loss 0.0000  (505s)
  ── eval 500: vigente 1.0000 · nose 0.9719 (ent 1.0000/rel 0.9405) · falsa 0.0000
  paso   550  loss 0.0000  (565s)
--- 08:32
VIVO= True
HECHOS= ['g0_cerca_s0.json']
LOG:
  paso   400  loss 0.0000  (400s)
  ── eval 400: vigente 0.9970 · nose 0.9888 (ent 1.0000/rel 0.9762) · falsa 0.0000
  paso   450  loss 0.0000  (460s)
  paso   500  loss 0.0000  (505s)
  ── eval 500: vigente 1.0000 · nose 0.9719 (ent 1.0000/rel 0.9405) · falsa 0.0000
  paso   550  loss 0.0000  (565s)
  paso   600  loss 0.0000  (610s)
  ── eval 600: vigente 1.0000 · nose 0.9888 (ent 1.0000/rel 0.9762) · falsa 0.0000
  paso   650  loss 0.0000  (670s)
  paso   700  loss 0.0000  (715s)
--- 08:34
VIVO= True
HECHOS= ['g0_cerca_s0.json']
LOG:
== g0_cerca_s0 codigo 0 en 857 s
===== g0_lejos_s0  (11:33:49)
Warning: You are sending unauthenticated requests to the HF Hub. Please set a HF_TOKEN to enable higher rate limits and faster downloads.
Loading weights:   0%|          | 0/242 [00:00<?, ?it/s]
Loading weights: 100%|██████████| 242/242 [00:00<00:00, 19338.90it/s]
scan PARALELO (mambapy) ACTIVADO
gradient checkpointing ACTIVADO
modelo state-spaces/mamba-130m-hf · 129,135,360 params · cuda
conv kernel 4 · taps vivos [1, 2, 3] · ALCANCE REAL 2
condicion lejos · formas de entrenamiento ('d5',) · se EVALUA en `d5`
--- 08:36
VIVO= True
HECHOS= ['g0_cerca_s0.json', 'g0_lejos_s0.json']
LOG:
modelo state-spaces/mamba-130m-hf · 129,135,360 params · cuda
conv kernel 4 · taps vivos [1, 2, 3] · ALCANCE REAL 2
condicion lejos · formas de entrenamiento ('d5',) · se EVALUA en `d5`
  BASELINE paso 0 · vigente 0.0000 · nose 0.0000 (ent 0.0000/rel 0.0000) · falsa 0.0000
/content/real/entrenar_real.py:167: UserWarning: Converting a tensor with requires_grad=True to a scalar may lead to unexpected behavior.
Consider using tensor.detach() first. (Triggered internally at /pytorch/torch/csrc/autograd/generated/python_variable_methods.cpp:836.)
  print(f"  paso {paso:5d}  loss {float(out.loss):.4f}  ({time.time()-t0:.0f}s)",
  paso    50  loss 0.1015  (46s)
  paso   100  loss 0.0001  (91s)
  ── eval 100: vigente 1.0000 · nose 0.9101 (ent 1.0000/rel 0.8095) · falsa 0.0000
--- 08:38
VIVO= True
HECHOS= ['g0_cerca_s0.json', 'g0_lejos_s0.json']
LOG:
  BASELINE paso 0 · vigente 0.0000 · nose 0.0000 (ent 0.0000/rel 0.0000) · falsa 0.0000
/content/real/entrenar_real.py:167: UserWarning: Converting a tensor with requires_grad=True to a scalar may lead to unexpected behavior.
Consider using tensor.detach() first. (Triggered internally at /pytorch/torch/csrc/autograd/generated/python_variable_methods.cpp:836.)
  print(f"  paso {paso:5d}  loss {float(out.loss):.4f}  ({time.time()-t0:.0f}s)",
  paso    50  loss 0.1015  (46s)
  paso   100  loss 0.0001  (91s)
  ── eval 100: vigente 1.0000 · nose 0.9101 (ent 1.0000/rel 0.8095) · falsa 0.0000
  paso   150  loss 0.8466  (151s)
  paso   200  loss 0.0123  (196s)
  ── eval 200: vigente 0.9970 · nose 0.9438 (ent 1.0000/rel 0.8810) · falsa 0.0000
--- 08:40
VIVO= True
HECHOS= ['g0_cerca_s0.json', 'g0_lejos_s0.json']
LOG:
  paso    50  loss 0.1015  (46s)
  paso   100  loss 0.0001  (91s)
  ── eval 100: vigente 1.0000 · nose 0.9101 (ent 1.0000/rel 0.8095) · falsa 0.0000
  paso   150  loss 0.8466  (151s)
  paso   200  loss 0.0123  (196s)
  ── eval 200: vigente 0.9970 · nose 0.9438 (ent 1.0000/rel 0.8810) · falsa 0.0000
  paso   250  loss 0.3421  (256s)
  paso   300  loss 0.0000  (302s)
  ── eval 300: vigente 0.9970 · nose 0.9438 (ent 1.0000/rel 0.8810) · falsa 0.0030
  paso   350  loss 0.0000  (361s)
--- 08:42
VIVO= True
HECHOS= ['g0_cerca_s0.json', 'g0_lejos_s0.json']
LOG:
  paso   150  loss 0.8466  (151s)
  paso   200  loss 0.0123  (196s)
  ── eval 200: vigente 0.9970 · nose 0.9438 (ent 1.0000/rel 0.8810) · falsa 0.0000
  paso   250  loss 0.3421  (256s)
  paso   300  loss 0.0000  (302s)
  ── eval 300: vigente 0.9970 · nose 0.9438 (ent 1.0000/rel 0.8810) · falsa 0.0030
  paso   350  loss 0.0000  (361s)
  paso   400  loss 0.0000  (407s)
  ── eval 400: vigente 0.9970 · nose 0.9944 (ent 1.0000/rel 0.9881) · falsa 0.0030
  paso   450  loss 0.0000  (466s)
--- 08:44
[colab] Session 'smk_o_0742' appears to be lost (404/401). Cleaning up.
--- 08:46
[colab] Session 'smk_o_0742' not found.
--- 08:48
[colab] Session 'smk_o_0742' not found.
--- 08:50
[colab] Session 'smk_o_0742' not found.
