-- vuelta 1 · cuenta K · 16:59
cuenta K ocupada por el pid 2360498
-- vuelta 1 · cuenta I · 16:59
== real_dos_s0 en la cuenta I · sesion NUEVA real_i_1659 · 1200 pasos
ColabRequestError: Failed to issue request POST 
https://colab.research.google.com/tun/m/assign?nbh=8126128b_c20e_413e_86b7_8a275
5938361........&variant=GPU&accelerator=T4: Service Unavailable
sin sesion en I
-- vuelta 1 · cuenta G · 16:59
== real_dos_s0 en la cuenta G · sesion NUEVA real_g_1659 · 1200 pasos
ColabRequestError: Failed to issue request POST 
https://colab.research.google.com/tun/m/assign?nbh=f1e01fca_8153_4b32_9574_133c9
d646b42........&variant=GPU&accelerator=T4: Service Unavailable
sin sesion en G
-- vuelta 1 · cuenta D · 16:59
== real_dos_s0 en la cuenta D · sesion NUEVA real_d_1659 · 1200 pasos
ColabRequestError: Failed to issue request POST 
https://colab.research.google.com/tun/m/assign?nbh=0ce5c844_d604_4351_a36d_3fa78
ad9774d........&variant=GPU&accelerator=T4: Service Unavailable
sin sesion en D
-- vuelta 1 · cuenta E · 16:59
== real_dos_s0 en la cuenta E · sesion NUEVA real_e_1659 · 1200 pasos
ColabRequestError: Failed to issue request POST 
https://colab.research.google.com/tun/m/assign?nbh=d2efe359_3fa5_4c34_904b_5eb74
03db00a........&variant=GPU&accelerator=T4: Service Unavailable
sin sesion en E
-- vuelta 1 · cuenta F · 16:59
== real_dos_s0 en la cuenta F · sesion NUEVA real_f_1659 · 1200 pasos
ColabRequestError: Failed to issue request POST 
https://colab.research.google.com/tun/m/assign?nbh=bd2d9daa_5393_459c_814e_3bdb0
6f693d6........&variant=GPU&accelerator=T4: Service Unavailable
sin sesion en F
-- vuelta 1 · cuenta J · 16:59
[colab] Session 'real_j_1659' not found.
[colab] Session 'real_j_1659' not found.
[colab] Session 'real_j_1659' not found.
[colab] Session 'real_j_1659' not found.
[colab] Session 'real_j_1659' not found.
[colab] Session 'real_j_1659' not found.
[colab] Session 'real_j_1659' not found.
[colab] Session 'real_j_1659' not found.
[colab] Session 'real_j_1659' not found.
[colab] Session 'real_j_1659' not found.
[colab] Session 'real_j_1659' not found.
[colab] Session 'real_j_1659' not found.
[colab] Session 'real_j_1659' not found.
[colab] Session 'real_j_1659' not found.
[colab] Session 'real_j_1659' not found.
[colab] Session 'real_j_1659' not found.
[colab] Session 'real_j_1659' not found.
[colab] Session 'real_j_1659' not found.
[colab] Session 'real_j_1659' not found.
[colab] Session 'real_j_1659' not found.
[colab] Session 'real_j_1659' not found.
[colab] Session 'real_j_1659' not found.
[colab] Session 'real_j_1659' not found.
[colab] Session 'real_j_1659' not found.
== real_dos_s0 SIN RESULTADO
-- vuelta 1 · cuenta H · 19:02
== real_dos_s0 en la cuenta H · sesion NUEVA real_h_1902 · 1200 pasos
ColabRequestError: Failed to issue request POST 
https://colab.research.google.com/tun/m/assign?nbh=02f4498f_a620_44e7_a1c0_6b609
aa375a1........&variant=GPU&accelerator=T4: Service Unavailable
sin sesion en H
-- vuelta 1 · cuenta C · 19:02
== real_dos_s0 en la cuenta C · sesion NUEVA real_c_1902 · 1200 pasos
ColabRequestError: Failed to issue request POST 
https://colab.research.google.com/tun/m/assign?nbh=e0f3cac7_2f9a_4179_8c0a_f0d0d
23cda70........&variant=GPU&accelerator=T4: Service Unavailable
sin sesion en C
-- vuelta 1 · cuenta O · 19:02
VIVO= True
ULTIMO= ── eval 100: vigente 0.9865 · nose 0.9074 (ent 0.9130/rel 0.9032) · falsa 0.0000
VIVO= True
ULTIMO= ── eval 100: vigente 0.9865 · nose 0.9074 (ent 0.9130/rel 0.9032) · falsa 0.0000
VIVO= True
ULTIMO= ── eval 100: vigente 0.9865 · nose 0.9074 (ent 0.9130/rel 0.9032) · falsa 0.0000
VIVO= True
ULTIMO= ── eval 100: vigente 0.9865 · nose 0.9074 (ent 0.9130/rel 0.9032) · falsa 0.0000
VIVO= True
ULTIMO= ── eval 100: vigente 0.9865 · nose 0.9074 (ent 0.9130/rel 0.9032) · falsa 0.0000
VIVO= True
ULTIMO= ── eval 100: vigente 0.9865 · nose 0.9074 (ent 0.9130/rel 0.9032) · falsa 0.0000
VIVO= True
ULTIMO= ── eval 100: vigente 0.9865 · nose 0.9074 (ent 0.9130/rel 0.9032) · falsa 0.0000
VIVO= True
ULTIMO= ── eval 100: vigente 0.9865 · nose 0.9074 (ent 0.9130/rel 0.9032) · falsa 0.0000
[colab] Session 'real_o_1902' appears to be lost (404/401). Cleaning up.
[colab] Session 'real_o_1902' not found.
[colab] Session 'real_o_1902' not found.
[colab] Session 'real_o_1902' not found.
[colab] Session 'real_o_1902' not found.
[colab] Session 'real_o_1902' not found.
[colab] Session 'real_o_1902' not found.
[colab] Session 'real_o_1902' not found.
[colab] Session 'real_o_1902' not found.
