modelo state-spaces/mamba-130m-hf · 24 capas · alcance medido 2

forma       d(r<->e) |   conv@ENT   conv@FIN   capa@FIN   (capa 0)
--------------------------------------------------------------------
directa            2 |  4.767e-01  0.000e+00  3.219e-02
invertida          5 |  0.000e+00  6.830e-01  5.852e-02
lejana             2 |  4.767e-01  0.000e+00  1.647e-02
separada           5 |  0.000e+00  0.000e+00  1.475e-02
separada2          7 |  0.000e+00  0.000e+00  1.329e-02


POR CAPA · max|dif| de conv1d en la posicion de la ENTIDAD al cambiar la RELACION
(si es 0,0 exacto, la busqueda de esa posicion y esa capa NO puede ver la relacion)

forma               c0         c1         c2         c3         c5         c8        c12        c23
----------------------------------------------------------------------------------------------------
directa       4.77e-01   7.72e-01   1.28e+00   8.91e-01   7.86e-01   1.69e+00   2.33e+00   6.86e-01
invertida     0.00e+00   0.00e+00   0.00e+00   0.00e+00   0.00e+00   0.00e+00   0.00e+00   0.00e+00
lejana        4.77e-01   3.37e-01   6.78e-01   4.48e-01   3.99e-01   5.64e-01   1.21e+00   8.65e-01
separada      0.00e+00   9.93e-02   2.51e-01   1.62e-01   1.43e-01   2.04e-01   3.62e-01   2.18e-01
separada2     0.00e+00   4.08e-02   2.15e-01   1.75e-01   2.40e-01   5.69e-01   1.46e+00   6.63e-01

POR CAPA · lo mismo en la posicion FINAL (el `?`)

forma               c0         c1         c2         c3         c5         c8        c12        c23
----------------------------------------------------------------------------------------------------
directa       0.00e+00   2.43e-01   3.65e-01   3.83e-01   3.33e-01   5.68e-01   1.15e+00   4.01e-01
invertida     6.83e-01   1.31e+00   1.75e+00   1.31e+00   9.76e-01   8.13e-01   2.50e+00   1.53e-01
lejana        0.00e+00   1.28e-01   1.83e-01   1.68e-01   1.08e-01   3.50e-01   6.92e-01   1.71e-01
separada      0.00e+00   9.03e-02   2.47e-01   1.69e-01   1.21e-01   1.67e-01   1.20e+00   4.15e-01
separada2     0.00e+00   7.37e-02   9.90e-02   1.67e-01   8.99e-02   1.74e-01   7.18e-01   4.97e-01

guardado en sonda_combinacion.json
