E-I1 · L=6 · archivo N=64 (6 reales + 58 distractores) · k=4 · 1500 pasos · piso E-I0 = 0,0215

    [b0/densa/s0] paso  300 loss 4.1734 acc 0.0208 (11s)
    [b0/densa/s0] paso  600 loss 4.1762 acc 0.0156 (17s)
    [b0/densa/s0] paso  900 loss 4.1503 acc 0.0208 (23s)
    [b0/densa/s0] paso 1200 loss 0.0032 acc 1.0000 (30s)
    [b0/densa/s0] paso 1500 loss 0.0011 acc 1.0000 (36s)
    [b0/densa/s1] paso  300 loss 4.1635 acc 0.0365 (11s)
    [b0/densa/s1] paso  600 loss 4.1668 acc 0.0156 (17s)
    [b0/densa/s1] paso  900 loss 4.1471 acc 0.0260 (23s)
    [b0/densa/s1] paso 1200 loss 4.1245 acc 0.0365 (29s)
    [b0/densa/s1] paso 1500 loss 0.0058 acc 1.0000 (35s)
    [b0/densa/s2] paso  300 loss 4.1693 acc 0.0312 (11s)
    [b0/densa/s2] paso  600 loss 4.1653 acc 0.0208 (17s)
    [b0/densa/s2] paso  900 loss 0.0067 acc 1.0000 (23s)
    [b0/densa/s2] paso 1200 loss 0.0013 acc 1.0000 (29s)
    [b0/densa/s2] paso 1500 loss 0.0006 acc 1.0000 (36s)
  temprano densa → acc 1.0000 (sd 0.0000) · [1.0, 1.0, 1.0]

    [b0/topk/s0] paso  300 loss 4.1816 acc 0.0208 (11s)
    [b0/topk/s0] paso  600 loss 4.1694 acc 0.0104 (18s)
    [b0/topk/s0] paso  900 loss 0.0928 acc 0.9948 (24s)
    [b0/topk/s0] paso 1200 loss 0.0447 acc 0.9948 (30s)
    [b0/topk/s0] paso 1500 loss 0.0417 acc 0.9948 (36s)
    [b0/topk/s1] paso  300 loss 4.1854 acc 0.0208 (11s)
    [b0/topk/s1] paso  600 loss 4.1938 acc 0.0104 (17s)
    [b0/topk/s1] paso  900 loss 4.1704 acc 0.0052 (23s)
    [b0/topk/s1] paso 1200 loss 0.1914 acc 0.9896 (30s)
    [b0/topk/s1] paso 1500 loss 0.0017 acc 1.0000 (36s)
    [b0/topk/s2] paso  300 loss 4.1807 acc 0.0104 (11s)
    [b0/topk/s2] paso  600 loss 4.1424 acc 0.0260 (17s)
    [b0/topk/s2] paso  900 loss 0.0734 acc 1.0000 (24s)
    [b0/topk/s2] paso 1200 loss 0.0110 acc 1.0000 (30s)
    [b0/topk/s2] paso 1500 loss 0.0013 acc 1.0000 (36s)
  temprano topk  → acc 0.9998 (sd 0.0004) · [0.999, 1.0, 1.0]

    [b3/densa/s0] paso  300 loss 4.1814 acc 0.0208 (11s)
    [b3/densa/s0] paso  600 loss 3.2213 acc 0.3125 (17s)
    [b3/densa/s0] paso  900 loss 0.0502 acc 0.9948 (23s)
    [b3/densa/s0] paso 1200 loss 0.0030 acc 1.0000 (30s)
    [b3/densa/s0] paso 1500 loss 0.0011 acc 1.0000 (36s)
    [b3/densa/s1] paso  300 loss 4.1915 acc 0.0104 (11s)
    [b3/densa/s1] paso  600 loss 4.1729 acc 0.0000 (17s)
    [b3/densa/s1] paso  900 loss 0.6477 acc 0.9219 (23s)
    [b3/densa/s1] paso 1200 loss 0.0826 acc 0.9844 (29s)
    [b3/densa/s1] paso 1500 loss 0.0019 acc 1.0000 (36s)
    [b3/densa/s2] paso  300 loss 4.1785 acc 0.0104 (11s)
    [b3/densa/s2] paso  600 loss 4.1405 acc 0.0104 (17s)
    [b3/densa/s2] paso  900 loss 0.0979 acc 0.9948 (23s)
    [b3/densa/s2] paso 1200 loss 0.0362 acc 0.9896 (30s)
    [b3/densa/s2] paso 1500 loss 0.0959 acc 0.9948 (36s)
  tardio   densa → acc 0.9965 (sd 0.0060) · [1.0, 1.0, 0.99]

    [b3/topk/s0] paso  300 loss 4.1829 acc 0.0208 (11s)
    [b3/topk/s0] paso  600 loss 4.1843 acc 0.0156 (18s)
    [b3/topk/s0] paso  900 loss 4.1695 acc 0.0260 (24s)
    [b3/topk/s0] paso 1200 loss 4.1482 acc 0.0104 (30s)
    [b3/topk/s0] paso 1500 loss 4.1834 acc 0.0156 (36s)
    [b3/topk/s1] paso  300 loss 4.1852 acc 0.0208 (11s)
    [b3/topk/s1] paso  600 loss 4.1846 acc 0.0156 (18s)
    [b3/topk/s1] paso  900 loss 4.1685 acc 0.0208 (24s)
    [b3/topk/s1] paso 1200 loss 4.1841 acc 0.0156 (30s)
    [b3/topk/s1] paso 1500 loss 4.1830 acc 0.0052 (37s)
    [b3/topk/s2] paso  300 loss 4.1828 acc 0.0104 (11s)
    [b3/topk/s2] paso  600 loss 4.1702 acc 0.0208 (18s)
    [b3/topk/s2] paso  900 loss 4.1771 acc 0.0208 (24s)
    [b3/topk/s2] paso 1200 loss 4.1617 acc 0.0156 (30s)
    [b3/topk/s2] paso 1500 loss 4.1387 acc 0.0156 (36s)
  tardio   topk  → acc 0.0167 (sd 0.0026) · [0.018, 0.014, 0.018]

========================================================================
  P-1 posicion: temprano 0.9999 − tardio 0.5066 = +0.4933  CUMPLE (exigido >= +0,15)
  P-2 seleccion: densa 0.9983 − topk 0.5082 = +0.4900  CUMPLE (direccional)
  P-3 bloqueante: mejor condicion 1.0000  CUMPLE (exigido > 0,30 vs piso 0,0215)
========================================================================
