    [b3/topk/s0] paso  300 loss 4.1829 acc 0.0208 (12s)
    [b3/topk/s0] paso  600 loss 4.1843 acc 0.0156 (18s)
    [b3/topk/s0] paso  900 loss 4.1695 acc 0.0260 (25s)
    [b3/topk/s0] paso 1200 loss 4.1482 acc 0.0104 (31s)
    [b3/topk/s0] paso 1500 loss 4.1834 acc 0.0156 (38s)
    [b3/topk/s0] paso 1800 loss 4.1511 acc 0.0156 (44s)
    [b3/topk/s0] paso 2100 loss 4.1333 acc 0.0260 (51s)
    [b3/topk/s0] paso 2400 loss 3.1384 acc 0.2656 (57s)
    [b3/topk/s0] paso 2700 loss 2.8403 acc 0.3333 (64s)
    [b3/topk/s0] paso 3000 loss 3.0459 acc 0.2917 (70s)
    [b3/topk/s0] paso 3300 loss 2.2981 acc 0.4688 (76s)
    [b3/topk/s0] paso 3600 loss 2.5419 acc 0.4010 (83s)
    [b3/topk/s0] paso 3900 loss 2.5281 acc 0.4010 (89s)
    [b3/topk/s0] paso 4200 loss 2.1954 acc 0.4844 (96s)
    [b3/topk/s0] paso 4500 loss 2.3804 acc 0.4271 (102s)
    [b3/topk/s0] paso 4800 loss 2.6710 acc 0.3646 (109s)
    [b3/topk/s0] paso 5100 loss 2.5131 acc 0.4010 (115s)
    [b3/topk/s0] paso 5400 loss 2.4654 acc 0.4219 (122s)
    [b3/topk/s0] paso 5700 loss 2.6236 acc 0.3698 (129s)
    [b3/topk/s0] paso 6000 loss 2.5601 acc 0.3854 (135s)
  tardio/topk  (la que fallo) s0 · 6000 pasos → acc 0.4180
    [b3/topk/s1] paso  300 loss 4.1852 acc 0.0208 (12s)
    [b3/topk/s1] paso  600 loss 4.1846 acc 0.0156 (18s)
    [b3/topk/s1] paso  900 loss 4.1685 acc 0.0208 (25s)
    [b3/topk/s1] paso 1200 loss 4.1841 acc 0.0156 (32s)
    [b3/topk/s1] paso 1500 loss 4.1830 acc 0.0052 (38s)
    [b3/topk/s1] paso 1800 loss 4.1609 acc 0.0104 (45s)
    [b3/topk/s1] paso 2100 loss 4.1225 acc 0.0260 (51s)
    [b3/topk/s1] paso 2400 loss 3.5122 acc 0.1875 (58s)
    [b3/topk/s1] paso 2700 loss 3.2742 acc 0.2344 (64s)
    [b3/topk/s1] paso 3000 loss 3.1577 acc 0.2552 (71s)
    [b3/topk/s1] paso 3300 loss 3.1353 acc 0.2760 (77s)
    [b3/topk/s1] paso 3600 loss 3.0787 acc 0.2812 (84s)
    [b3/topk/s1] paso 3900 loss 2.4936 acc 0.4167 (90s)
    [b3/topk/s1] paso 4200 loss 2.1190 acc 0.5104 (97s)
    [b3/topk/s1] paso 4500 loss 1.9138 acc 0.5469 (104s)
    [b3/topk/s1] paso 4800 loss 1.8467 acc 0.5677 (110s)
    [b3/topk/s1] paso 5100 loss 1.9569 acc 0.5365 (117s)
    [b3/topk/s1] paso 5400 loss 2.0417 acc 0.5260 (123s)
    [b3/topk/s1] paso 5700 loss 2.1467 acc 0.5000 (130s)
    [b3/topk/s1] paso 6000 loss 2.4116 acc 0.4219 (136s)
  tardio/topk  (la que fallo) s1 · 6000 pasos → acc 0.5280
    [b3/densa/s0] paso  300 loss 4.1814 acc 0.0208 (11s)
    [b3/densa/s0] paso  600 loss 3.2213 acc 0.3125 (18s)
    [b3/densa/s0] paso  900 loss 0.0502 acc 0.9948 (24s)
    [b3/densa/s0] paso 1200 loss 0.0030 acc 1.0000 (31s)
    [b3/densa/s0] paso 1500 loss 0.0011 acc 1.0000 (37s)
    [b3/densa/s0] paso 1800 loss 0.0637 acc 0.9948 (44s)
    [b3/densa/s0] paso 2100 loss 0.0004 acc 1.0000 (50s)
    [b3/densa/s0] paso 2400 loss 0.0002 acc 1.0000 (57s)
    [b3/densa/s0] paso 2700 loss 0.0001 acc 1.0000 (63s)
    [b3/densa/s0] paso 3000 loss 0.0001 acc 1.0000 (70s)
    [b3/densa/s0] paso 3300 loss 0.0001 acc 1.0000 (76s)
    [b3/densa/s0] paso 3600 loss 0.0001 acc 1.0000 (83s)
    [b3/densa/s0] paso 3900 loss 0.0001 acc 1.0000 (89s)
    [b3/densa/s0] paso 4200 loss 0.0001 acc 1.0000 (96s)
    [b3/densa/s0] paso 4500 loss 0.0000 acc 1.0000 (102s)
    [b3/densa/s0] paso 4800 loss 0.0000 acc 1.0000 (109s)
    [b3/densa/s0] paso 5100 loss 0.0000 acc 1.0000 (115s)
    [b3/densa/s0] paso 5400 loss 0.0000 acc 1.0000 (122s)
    [b3/densa/s0] paso 5700 loss 0.0000 acc 1.0000 (128s)
    [b3/densa/s0] paso 6000 loss 0.0000 acc 1.0000 (135s)
  tardio/densa (referencia)   s0 · 6000 pasos → acc 1.0000
    [b3/densa/s1] paso  300 loss 4.1915 acc 0.0104 (11s)
    [b3/densa/s1] paso  600 loss 4.1729 acc 0.0000 (17s)
    [b3/densa/s1] paso  900 loss 0.6477 acc 0.9219 (24s)
    [b3/densa/s1] paso 1200 loss 0.0826 acc 0.9844 (30s)
    [b3/densa/s1] paso 1500 loss 0.0019 acc 1.0000 (36s)
    [b3/densa/s1] paso 1800 loss 0.0013 acc 1.0000 (42s)
    [b3/densa/s1] paso 2100 loss 0.0032 acc 1.0000 (48s)
    [b3/densa/s1] paso 2400 loss 0.1195 acc 0.9948 (54s)
    [b3/densa/s1] paso 2700 loss 0.0112 acc 0.9948 (61s)
    [b3/densa/s1] paso 3000 loss 0.0002 acc 1.0000 (67s)
    [b3/densa/s1] paso 3300 loss 0.0001 acc 1.0000 (73s)
    [b3/densa/s1] paso 3600 loss 0.0001 acc 1.0000 (79s)
    [b3/densa/s1] paso 3900 loss 0.0001 acc 1.0000 (85s)
    [b3/densa/s1] paso 4200 loss 0.0001 acc 1.0000 (92s)
    [b3/densa/s1] paso 4500 loss 0.0001 acc 1.0000 (98s)
    [b3/densa/s1] paso 4800 loss 0.0001 acc 1.0000 (104s)
    [b3/densa/s1] paso 5100 loss 0.0000 acc 1.0000 (110s)
    [b3/densa/s1] paso 5400 loss 0.0000 acc 1.0000 (116s)
    [b3/densa/s1] paso 5700 loss 0.0000 acc 1.0000 (123s)
    [b3/densa/s1] paso 6000 loss 0.0000 acc 1.0000 (129s)
  tardio/densa (referencia)   s1 · 6000 pasos → acc 1.0000
