    [b0/s0] paso  500 loss 4.0730 acc 0.0469 (rev 0.0417 · no-rev 0.0521) (47s)
    [b0/s0] paso 1000 loss 2.7608 acc 0.5365 (rev 0.3750 · no-rev 0.6979) (85s)
    [b0/s0] paso 1500 loss 1.9564 acc 0.6510 (rev 0.3854 · no-rev 0.9167) (122s)
    [b0/s0] paso 2000 loss 1.6035 acc 0.7292 (rev 0.4583 · no-rev 1.0000) (159s)
    [b0/s0] paso 2500 loss 1.4086 acc 0.6771 (rev 0.3750 · no-rev 0.9792) (195s)
    [b0/s0] paso 3000 loss 0.8276 acc 0.7448 (rev 0.4896 · no-rev 1.0000) (232s)
    [b0/s0] paso 3500 loss 0.6230 acc 0.7448 (rev 0.5000 · no-rev 0.9896) (269s)
    [b0/s0] paso 4000 loss 0.7201 acc 0.7240 (rev 0.4479 · no-rev 1.0000) (306s)
  temprano s0 → acc 0.7305 (rev 0.4622 · no-rev 0.9987)
    [b0/s1] paso  500 loss 4.0651 acc 0.0781 (rev 0.0521 · no-rev 0.1042) (47s)
    [b0/s1] paso 1000 loss 2.8638 acc 0.5365 (rev 0.3021 · no-rev 0.7708) (84s)
    [b0/s1] paso 1500 loss 1.7836 acc 0.6667 (rev 0.3750 · no-rev 0.9583) (121s)
    [b0/s1] paso 2000 loss 1.2914 acc 0.6771 (rev 0.3542 · no-rev 1.0000) (158s)
    [b0/s1] paso 2500 loss 1.1053 acc 0.6875 (rev 0.3854 · no-rev 0.9896) (195s)
    [b0/s1] paso 3000 loss 0.6789 acc 0.7708 (rev 0.5521 · no-rev 0.9896) (232s)
    [b0/s1] paso 3500 loss 0.6718 acc 0.7500 (rev 0.5000 · no-rev 1.0000) (269s)
    [b0/s1] paso 4000 loss 0.6661 acc 0.7240 (rev 0.4479 · no-rev 1.0000) (306s)
  temprano s1 → acc 0.7376 (rev 0.4753 · no-rev 1.0000)
    [b0/s2] paso  500 loss 3.9338 acc 0.0938 (rev 0.0833 · no-rev 0.1042) (47s)
    [b0/s2] paso 1000 loss 2.8239 acc 0.4323 (rev 0.2083 · no-rev 0.6562) (84s)
    [b0/s2] paso 1500 loss 1.4493 acc 0.7292 (rev 0.4896 · no-rev 0.9688) (121s)
    [b0/s2] paso 2000 loss 1.6699 acc 0.6354 (rev 0.2812 · no-rev 0.9896) (158s)
    [b0/s2] paso 2500 loss 1.3499 acc 0.6667 (rev 0.3333 · no-rev 1.0000) (195s)
    [b0/s2] paso 3000 loss 0.8705 acc 0.7396 (rev 0.4792 · no-rev 1.0000) (232s)
    [b0/s2] paso 3500 loss 0.7190 acc 0.7448 (rev 0.5104 · no-rev 0.9792) (269s)
    [b0/s2] paso 4000 loss 0.5726 acc 0.7656 (rev 0.5312 · no-rev 1.0000) (306s)
  temprano s2 → acc 0.7233 (rev 0.4466 · no-rev 1.0000)
    [b0/s3] paso  500 loss 4.0568 acc 0.0625 (rev 0.0521 · no-rev 0.0729) (47s)
    [b0/s3] paso 1000 loss 2.9067 acc 0.4323 (rev 0.2188 · no-rev 0.6458) (84s)
    [b0/s3] paso 1500 loss 1.8928 acc 0.6771 (rev 0.4271 · no-rev 0.9271) (121s)
    [b0/s3] paso 2000 loss 1.3511 acc 0.7292 (rev 0.4896 · no-rev 0.9688) (158s)
    [b0/s3] paso 2500 loss 0.9915 acc 0.7188 (rev 0.4583 · no-rev 0.9792) (195s)
    [b0/s3] paso 3000 loss 0.8535 acc 0.7344 (rev 0.4792 · no-rev 0.9896) (232s)
    [b0/s3] paso 3500 loss 0.6631 acc 0.7552 (rev 0.5104 · no-rev 1.0000) (269s)
    [b0/s3] paso 4000 loss 0.6091 acc 0.7188 (rev 0.4375 · no-rev 1.0000) (306s)
  temprano s3 → acc 0.7357 (rev 0.4753 · no-rev 0.9961)
    [b0/s4] paso  500 loss 4.1007 acc 0.0469 (rev 0.0521 · no-rev 0.0417) (47s)
    [b0/s4] paso 1000 loss 3.0287 acc 0.4219 (rev 0.2500 · no-rev 0.5938) (84s)
    [b0/s4] paso 1500 loss 2.1220 acc 0.6510 (rev 0.3854 · no-rev 0.9167) (121s)
    [b0/s4] paso 2000 loss 1.8854 acc 0.6562 (rev 0.3438 · no-rev 0.9688) (158s)
    [b0/s4] paso 2500 loss 1.5160 acc 0.7396 (rev 0.5104 · no-rev 0.9688) (195s)
    [b0/s4] paso 3000 loss 1.6108 acc 0.6875 (rev 0.3854 · no-rev 0.9896) (232s)
    [b0/s4] paso 3500 loss 1.3073 acc 0.7240 (rev 0.5000 · no-rev 0.9479) (269s)
    [b0/s4] paso 4000 loss 1.1733 acc 0.6719 (rev 0.3542 · no-rev 0.9896) (306s)
  temprano s4 → acc 0.7103 (rev 0.4284 · no-rev 0.9922)

  ►► temprano: acc 0.7275 (sd 0.0111) · revisadas 0.4576 · no revisadas 0.9974

    [b3/s0] paso  500 loss 4.1794 acc 0.0208 (rev 0.0104 · no-rev 0.0312) (45s)
    [b3/s0] paso 1000 loss 4.0901 acc 0.0573 (rev 0.0625 · no-rev 0.0521) (80s)
    [b3/s0] paso 1500 loss 4.0536 acc 0.0938 (rev 0.0625 · no-rev 0.1250) (115s)
    [b3/s0] paso 2000 loss 3.9899 acc 0.1406 (rev 0.0938 · no-rev 0.1875) (150s)
    [b3/s0] paso 2500 loss 3.8188 acc 0.1458 (rev 0.0625 · no-rev 0.2292) (185s)
    [b3/s0] paso 3000 loss 3.7572 acc 0.2083 (rev 0.1354 · no-rev 0.2812) (220s)
    [b3/s0] paso 3500 loss 3.7106 acc 0.2760 (rev 0.1458 · no-rev 0.4062) (255s)
    [b3/s0] paso 4000 loss 3.2922 acc 0.4010 (rev 0.1875 · no-rev 0.6146) (290s)
  tardio s0 → acc 0.3958 (rev 0.1693 · no-rev 0.6224)
    [b3/s1] paso  500 loss 4.0868 acc 0.0417 (rev 0.0208 · no-rev 0.0625) (45s)
    [b3/s1] paso 1000 loss 4.0305 acc 0.0625 (rev 0.0625 · no-rev 0.0625) (80s)
    [b3/s1] paso 1500 loss 3.9646 acc 0.1354 (rev 0.0312 · no-rev 0.2396) (115s)
    [b3/s1] paso 2000 loss 3.8256 acc 0.1771 (rev 0.1042 · no-rev 0.2500) (150s)
    [b3/s1] paso 2500 loss 3.6462 acc 0.1979 (rev 0.1667 · no-rev 0.2292) (185s)
    [b3/s1] paso 3000 loss 3.4535 acc 0.2656 (rev 0.0833 · no-rev 0.4479) (220s)
    [b3/s1] paso 3500 loss 2.8669 acc 0.4375 (rev 0.1562 · no-rev 0.7188) (255s)
    [b3/s1] paso 4000 loss 2.6365 acc 0.5208 (rev 0.2396 · no-rev 0.8021) (290s)
  tardio s1 → acc 0.5417 (rev 0.2617 · no-rev 0.8216)
    [b3/s2] paso  500 loss 4.1363 acc 0.0156 (rev 0.0104 · no-rev 0.0208) (45s)
    [b3/s2] paso 1000 loss 4.0786 acc 0.0677 (rev 0.0729 · no-rev 0.0625) (80s)
    [b3/s2] paso 1500 loss 4.1387 acc 0.0312 (rev 0.0208 · no-rev 0.0417) (115s)
    [b3/s2] paso 2000 loss 4.0190 acc 0.0990 (rev 0.1042 · no-rev 0.0938) (150s)
    [b3/s2] paso 2500 loss 4.0788 acc 0.0938 (rev 0.0417 · no-rev 0.1458) (185s)
    [b3/s2] paso 3000 loss 4.0166 acc 0.1198 (rev 0.0729 · no-rev 0.1667) (220s)
    [b3/s2] paso 3500 loss 3.9125 acc 0.1302 (rev 0.0729 · no-rev 0.1875) (256s)
    [b3/s2] paso 4000 loss 3.5351 acc 0.2917 (rev 0.1771 · no-rev 0.4062) (291s)
  tardio s2 → acc 0.2773 (rev 0.1328 · no-rev 0.4219)
    [b3/s3] paso  500 loss 4.1625 acc 0.0104 (rev 0.0208 · no-rev 0.0000) (45s)
    [b3/s3] paso 1000 loss 4.0301 acc 0.0521 (rev 0.0312 · no-rev 0.0729) (80s)
    [b3/s3] paso 1500 loss 4.0657 acc 0.0625 (rev 0.0208 · no-rev 0.1042) (115s)
    [b3/s3] paso 2000 loss 4.0676 acc 0.0677 (rev 0.0521 · no-rev 0.0833) (150s)
    [b3/s3] paso 2500 loss 4.0961 acc 0.0521 (rev 0.0104 · no-rev 0.0938) (186s)
    [b3/s3] paso 3000 loss 4.0925 acc 0.0417 (rev 0.0417 · no-rev 0.0417) (221s)
    [b3/s3] paso 3500 loss 4.0453 acc 0.0625 (rev 0.0417 · no-rev 0.0833) (256s)
    [b3/s3] paso 4000 loss 3.9113 acc 0.1198 (rev 0.0625 · no-rev 0.1771) (291s)
  tardio s3 → acc 0.1081 (rev 0.0690 · no-rev 0.1471)
    [b3/s4] paso  500 loss 4.1012 acc 0.0729 (rev 0.0312 · no-rev 0.1146) (45s)
    [b3/s4] paso 1000 loss 4.0894 acc 0.0729 (rev 0.0521 · no-rev 0.0938) (80s)
    [b3/s4] paso 1500 loss 3.9492 acc 0.0938 (rev 0.0208 · no-rev 0.1667) (115s)
    [b3/s4] paso 2000 loss 3.9704 acc 0.0729 (rev 0.0417 · no-rev 0.1042) (150s)
    [b3/s4] paso 2500 loss 3.7850 acc 0.1562 (rev 0.1354 · no-rev 0.1771) (185s)
    [b3/s4] paso 3000 loss 3.5917 acc 0.2500 (rev 0.1458 · no-rev 0.3542) (220s)
    [b3/s4] paso 3500 loss 3.1207 acc 0.3906 (rev 0.2188 · no-rev 0.5625) (256s)
    [b3/s4] paso 4000 loss 2.5466 acc 0.6146 (rev 0.3542 · no-rev 0.8750) (291s)
  tardio s4 → acc 0.5905 (rev 0.3242 · no-rev 0.8568)

  ►► tardio: acc 0.3827 (sd 0.1969) · revisadas 0.1914 · no revisadas 0.5740

======================================================================
  P-1 bloqueante: 0.7275 (exigido > 0,30 · piso 0,0215)
  P-2 conflicto de versiones: no-rev − rev = +0.5398 (exigido >= +0,10)
  P-3 posicion: temprano − tardio = +0.3448
======================================================================
