E-I2 · L=6 r=3 · archivo = 9 vectores PRODUCIDOS POR EL MODELO · 4000 pasos · piso 0,0215

    [b0/s0] paso  500 loss 4.1809 acc 0.0104 (rev 0.0000 · no-rev 0.0208) (53s)
    [b0/s0] paso 1000 loss 4.1565 acc 0.0156 (rev 0.0104 · no-rev 0.0208) (94s)
    [b0/s0] paso 1500 loss 4.1201 acc 0.0260 (rev 0.0208 · no-rev 0.0312) (135s)
    [b0/s0] paso 2000 loss 4.0665 acc 0.0104 (rev 0.0104 · no-rev 0.0104) (175s)
    [b0/s0] paso 2500 loss 4.1616 acc 0.0156 (rev 0.0104 · no-rev 0.0208) (216s)
    [b0/s0] paso 3000 loss 4.1158 acc 0.0625 (rev 0.0417 · no-rev 0.0833) (257s)
    [b0/s0] paso 3500 loss 4.0887 acc 0.0573 (rev 0.0729 · no-rev 0.0417) (298s)
    [b0/s0] paso 4000 loss 4.1511 acc 0.0156 (rev 0.0104 · no-rev 0.0208) (338s)
    [b0/s1] paso  500 loss 4.1782 acc 0.0156 (rev 0.0312 · no-rev 0.0000) (50s)
    [b0/s1] paso 1000 loss 4.1430 acc 0.0260 (rev 0.0312 · no-rev 0.0208) (89s)
    [b0/s1] paso 1500 loss 4.1115 acc 0.0208 (rev 0.0208 · no-rev 0.0208) (129s)
    [b0/s1] paso 2000 loss 4.1791 acc 0.0052 (rev 0.0104 · no-rev 0.0000) (171s)
    [b0/s1] paso 2500 loss 4.1374 acc 0.0156 (rev 0.0104 · no-rev 0.0208) (211s)
    [b0/s1] paso 3000 loss 4.1079 acc 0.0312 (rev 0.0417 · no-rev 0.0208) (250s)
    [b0/s1] paso 3500 loss 4.1972 acc 0.0208 (rev 0.0312 · no-rev 0.0104) (290s)
    [b0/s1] paso 4000 loss 4.1150 acc 0.0208 (rev 0.0208 · no-rev 0.0208) (340s)
    [b0/s2] paso  500 loss 4.1298 acc 0.0365 (rev 0.0521 · no-rev 0.0208) (64s)
    [b0/s2] paso 1000 loss 4.1536 acc 0.0260 (rev 0.0417 · no-rev 0.0104) (115s)
    [b0/s2] paso 1500 loss 4.1513 acc 0.0312 (rev 0.0312 · no-rev 0.0312) (167s)
    [b0/s2] paso 2000 loss 4.1192 acc 0.0208 (rev 0.0208 · no-rev 0.0208) (218s)
    [b0/s2] paso 2500 loss 4.1459 acc 0.0156 (rev 0.0000 · no-rev 0.0312) (266s)
    [b0/s2] paso 3000 loss 4.1039 acc 0.0156 (rev 0.0104 · no-rev 0.0208) (316s)
    [b0/s2] paso 3500 loss 4.0704 acc 0.0260 (rev 0.0312 · no-rev 0.0208) (367s)
    [b0/s2] paso 4000 loss 4.0609 acc 0.0312 (rev 0.0312 · no-rev 0.0312) (413s)
  temprano → acc 0.0265 (sd 0.0070) · revisadas 0.0299 · no revisadas 0.0230

    [b3/s0] paso  500 loss 4.1031 acc 0.0365 (rev 0.0208 · no-rev 0.0521) (59s)
    [b3/s0] paso 1000 loss 4.1013 acc 0.0365 (rev 0.0417 · no-rev 0.0312) (101s)
    [b3/s0] paso 1500 loss 4.1019 acc 0.0260 (rev 0.0208 · no-rev 0.0312) (144s)
    [b3/s0] paso 2000 loss 4.1127 acc 0.0208 (rev 0.0104 · no-rev 0.0312) (189s)
    [b3/s0] paso 2500 loss 4.1310 acc 0.0417 (rev 0.0521 · no-rev 0.0312) (235s)
    [b3/s0] paso 3000 loss 4.0368 acc 0.0469 (rev 0.0625 · no-rev 0.0312) (284s)
    [b3/s0] paso 3500 loss 4.0635 acc 0.0365 (rev 0.0417 · no-rev 0.0312) (332s)
    [b3/s0] paso 4000 loss 3.9946 acc 0.0833 (rev 0.0833 · no-rev 0.0833) (378s)
    [b3/s1] paso  500 loss 4.1307 acc 0.0208 (rev 0.0208 · no-rev 0.0208) (63s)
    [b3/s1] paso 1000 loss 4.1311 acc 0.0208 (rev 0.0208 · no-rev 0.0208) (109s)
    [b3/s1] paso 1500 loss 4.0611 acc 0.0625 (rev 0.0729 · no-rev 0.0521) (156s)
    [b3/s1] paso 2000 loss 4.0139 acc 0.0938 (rev 0.1042 · no-rev 0.0833) (204s)
    [b3/s1] paso 2500 loss 4.0014 acc 0.1042 (rev 0.1042 · no-rev 0.1042) (252s)
    [b3/s1] paso 3000 loss 4.1400 acc 0.0365 (rev 0.0312 · no-rev 0.0417) (299s)
    [b3/s1] paso 3500 loss 4.0779 acc 0.0573 (rev 0.0312 · no-rev 0.0833) (346s)
    [b3/s1] paso 4000 loss 4.1697 acc 0.0052 (rev 0.0104 · no-rev 0.0000) (390s)
    [b3/s2] paso  500 loss 4.1138 acc 0.0521 (rev 0.0521 · no-rev 0.0521) (57s)
    [b3/s2] paso 1000 loss 4.1258 acc 0.0260 (rev 0.0417 · no-rev 0.0104) (102s)
    [b3/s2] paso 1500 loss 4.0944 acc 0.0417 (rev 0.0104 · no-rev 0.0729) (145s)
    [b3/s2] paso 2000 loss 4.1165 acc 0.0521 (rev 0.0417 · no-rev 0.0625) (189s)
    [b3/s2] paso 2500 loss 4.0937 acc 0.0260 (rev 0.0312 · no-rev 0.0208) (233s)
    [b3/s2] paso 3000 loss 4.1292 acc 0.0469 (rev 0.0312 · no-rev 0.0625) (277s)
    [b3/s2] paso 3500 loss 4.1379 acc 0.0156 (rev 0.0208 · no-rev 0.0104) (317s)
    [b3/s2] paso 4000 loss 4.0826 acc 0.0417 (rev 0.0312 · no-rev 0.0521) (356s)
  tardio   → acc 0.0365 (sd 0.0227) · revisadas 0.0330 · no revisadas 0.0399

========================================================================
  P-1 bloqueante: mejor 0.0365  NO CUMPLE (exigido > 0,30 vs piso 0,0215)
  P-2 conflicto de versiones: no-rev − rev = -0.0069  NO CUMPLE (exigido >= +0,10)
  P-3 posicion: temprano − tardio = -0.0100  NO CUMPLE (direccional)
========================================================================
