=== (b) tasa de aprendizaje, 4000 pasos, bloque 0 ===
    [b0/s0] paso  500 loss 4.0730 acc 0.0469 (rev 0.0417 · no-rev 0.0521) (52s)
    [b0/s0] paso 1000 loss 2.7608 acc 0.5365 (rev 0.3750 · no-rev 0.6979) (90s)
    [b0/s0] paso 1500 loss 1.9564 acc 0.6510 (rev 0.3854 · no-rev 0.9167) (129s)
    [b0/s0] paso 2000 loss 1.6035 acc 0.7292 (rev 0.4583 · no-rev 1.0000) (167s)
    [b0/s0] paso 2500 loss 1.4086 acc 0.6771 (rev 0.3750 · no-rev 0.9792) (205s)
    [b0/s0] paso 3000 loss 0.8276 acc 0.7448 (rev 0.4896 · no-rev 1.0000) (244s)
    [b0/s0] paso 3500 loss 0.6230 acc 0.7448 (rev 0.5000 · no-rev 0.9896) (281s)
    [b0/s0] paso 4000 loss 0.7201 acc 0.7240 (rev 0.4479 · no-rev 1.0000) (317s)
  lr=0.001 → acc 0.7305 (rev 0.4622 · no-rev 0.9987)
    [b0/s0] paso  500 loss 4.1763 acc 0.0208 (rev 0.0208 · no-rev 0.0208) (47s)
    [b0/s0] paso 1000 loss 4.1742 acc 0.0156 (rev 0.0104 · no-rev 0.0208) (85s)
    [b0/s0] paso 1500 loss 4.1583 acc 0.0208 (rev 0.0208 · no-rev 0.0208) (123s)
    [b0/s0] paso 2000 loss 4.1645 acc 0.0260 (rev 0.0312 · no-rev 0.0208) (160s)
    [b0/s0] paso 2500 loss 4.1611 acc 0.0104 (rev 0.0104 · no-rev 0.0104) (199s)
    [b0/s0] paso 3000 loss 4.1592 acc 0.0260 (rev 0.0208 · no-rev 0.0312) (236s)
    [b0/s0] paso 3500 loss 4.1642 acc 0.0052 (rev 0.0104 · no-rev 0.0000) (273s)
    [b0/s0] paso 4000 loss 4.1673 acc 0.0104 (rev 0.0104 · no-rev 0.0104) (309s)
  lr=0.01 → acc 0.0130 (rev 0.0156 · no-rev 0.0104)

=== (a) paciencia, 20000 pasos, lr por defecto ===
    [b0/s0] paso  500 loss 4.1809 acc 0.0104 (rev 0.0000 · no-rev 0.0208) (45s)
    [b0/s0] paso 1000 loss 4.1565 acc 0.0156 (rev 0.0104 · no-rev 0.0208) (81s)
    [b0/s0] paso 1500 loss 4.1201 acc 0.0260 (rev 0.0208 · no-rev 0.0312) (116s)
    [b0/s0] paso 2000 loss 4.0665 acc 0.0104 (rev 0.0104 · no-rev 0.0104) (152s)
    [b0/s0] paso 2500 loss 4.1616 acc 0.0156 (rev 0.0104 · no-rev 0.0208) (188s)
    [b0/s0] paso 3000 loss 4.1158 acc 0.0625 (rev 0.0417 · no-rev 0.0833) (224s)
    [b0/s0] paso 3500 loss 4.0887 acc 0.0573 (rev 0.0729 · no-rev 0.0417) (259s)
    [b0/s0] paso 4000 loss 4.1511 acc 0.0156 (rev 0.0104 · no-rev 0.0208) (295s)
    [b0/s0] paso 4500 loss 4.0540 acc 0.0365 (rev 0.0208 · no-rev 0.0521) (331s)
    [b0/s0] paso 5000 loss 4.1231 acc 0.0260 (rev 0.0312 · no-rev 0.0208) (367s)
    [b0/s0] paso 5500 loss 4.0101 acc 0.0885 (rev 0.1042 · no-rev 0.0729) (402s)
    [b0/s0] paso 6000 loss 4.0388 acc 0.0521 (rev 0.0521 · no-rev 0.0521) (438s)
    [b0/s0] paso 6500 loss 4.0442 acc 0.0469 (rev 0.0312 · no-rev 0.0625) (474s)
    [b0/s0] paso 7000 loss 4.1112 acc 0.0573 (rev 0.0625 · no-rev 0.0521) (510s)
    [b0/s0] paso 7500 loss 4.0585 acc 0.0573 (rev 0.0521 · no-rev 0.0625) (545s)
    [b0/s0] paso 8000 loss 4.0578 acc 0.0625 (rev 0.0625 · no-rev 0.0625) (581s)
    [b0/s0] paso 8500 loss 4.1138 acc 0.0417 (rev 0.0208 · no-rev 0.0625) (617s)
    [b0/s0] paso 9000 loss 4.0901 acc 0.0573 (rev 0.0729 · no-rev 0.0417) (652s)
    [b0/s0] paso 9500 loss 4.0680 acc 0.0365 (rev 0.0312 · no-rev 0.0417) (688s)
    [b0/s0] paso 10000 loss 4.0149 acc 0.0729 (rev 0.0938 · no-rev 0.0521) (724s)
    [b0/s0] paso 10500 loss 4.0385 acc 0.0521 (rev 0.0417 · no-rev 0.0625) (760s)
    [b0/s0] paso 11000 loss 4.0231 acc 0.0938 (rev 0.1042 · no-rev 0.0833) (795s)
    [b0/s0] paso 11500 loss 3.9987 acc 0.1094 (rev 0.0833 · no-rev 0.1354) (831s)
    [b0/s0] paso 12000 loss 3.9855 acc 0.0677 (rev 0.0625 · no-rev 0.0729) (867s)
    [b0/s0] paso 12500 loss 4.0223 acc 0.0729 (rev 0.0521 · no-rev 0.0938) (903s)
    [b0/s0] paso 13000 loss 4.0421 acc 0.0990 (rev 0.1042 · no-rev 0.0938) (938s)
    [b0/s0] paso 13500 loss 3.8631 acc 0.1094 (rev 0.1146 · no-rev 0.1042) (974s)
    [b0/s0] paso 14000 loss 3.9747 acc 0.0781 (rev 0.0417 · no-rev 0.1146) (1010s)
    [b0/s0] paso 14500 loss 4.0511 acc 0.0833 (rev 0.0417 · no-rev 0.1250) (1046s)
    [b0/s0] paso 15000 loss 3.9665 acc 0.1146 (rev 0.1250 · no-rev 0.1042) (1081s)
    [b0/s0] paso 15500 loss 3.9633 acc 0.0885 (rev 0.0521 · no-rev 0.1250) (1117s)
    [b0/s0] paso 16000 loss 3.9070 acc 0.0938 (rev 0.0938 · no-rev 0.0938) (1153s)
    [b0/s0] paso 16500 loss 3.9049 acc 0.1042 (rev 0.1146 · no-rev 0.0938) (1188s)
    [b0/s0] paso 17000 loss 3.9609 acc 0.0938 (rev 0.1042 · no-rev 0.0833) (1224s)
    [b0/s0] paso 17500 loss 3.9354 acc 0.1458 (rev 0.0417 · no-rev 0.2500) (1260s)
    [b0/s0] paso 18000 loss 3.9296 acc 0.1198 (rev 0.1146 · no-rev 0.1250) (1296s)
    [b0/s0] paso 18500 loss 3.9250 acc 0.0885 (rev 0.1146 · no-rev 0.0625) (1332s)
    [b0/s0] paso 19000 loss 3.8941 acc 0.0833 (rev 0.0833 · no-rev 0.0833) (1367s)
    [b0/s0] paso 19500 loss 3.9868 acc 0.0938 (rev 0.1146 · no-rev 0.0729) (1403s)
    [b0/s0] paso 20000 loss 3.8744 acc 0.1198 (rev 0.0521 · no-rev 0.1875) (1439s)
  s0 · 20000 pasos → acc 0.0951 (rev 0.0755 · no-rev 0.1146)
    [b0/s1] paso  500 loss 4.1782 acc 0.0156 (rev 0.0312 · no-rev 0.0000) (45s)
    [b0/s1] paso 1000 loss 4.1430 acc 0.0260 (rev 0.0312 · no-rev 0.0208) (81s)
    [b0/s1] paso 1500 loss 4.1115 acc 0.0208 (rev 0.0208 · no-rev 0.0208) (117s)
    [b0/s1] paso 2000 loss 4.1791 acc 0.0052 (rev 0.0104 · no-rev 0.0000) (152s)
    [b0/s1] paso 2500 loss 4.1374 acc 0.0156 (rev 0.0104 · no-rev 0.0208) (188s)
    [b0/s1] paso 3000 loss 4.1079 acc 0.0312 (rev 0.0417 · no-rev 0.0208) (224s)
    [b0/s1] paso 3500 loss 4.1972 acc 0.0208 (rev 0.0312 · no-rev 0.0104) (260s)
    [b0/s1] paso 4000 loss 4.1150 acc 0.0208 (rev 0.0208 · no-rev 0.0208) (295s)
    [b0/s1] paso 4500 loss 4.1173 acc 0.0260 (rev 0.0208 · no-rev 0.0312) (331s)
    [b0/s1] paso 5000 loss 4.0796 acc 0.0417 (rev 0.0417 · no-rev 0.0417) (367s)
    [b0/s1] paso 5500 loss 4.1525 acc 0.0156 (rev 0.0312 · no-rev 0.0000) (403s)
    [b0/s1] paso 6000 loss 4.0750 acc 0.0417 (rev 0.0312 · no-rev 0.0521) (438s)
    [b0/s1] paso 6500 loss 4.1477 acc 0.0104 (rev 0.0104 · no-rev 0.0104) (474s)
    [b0/s1] paso 7000 loss 4.1489 acc 0.0156 (rev 0.0312 · no-rev 0.0000) (510s)
    [b0/s1] paso 7500 loss 4.1456 acc 0.0260 (rev 0.0312 · no-rev 0.0208) (546s)
    [b0/s1] paso 8000 loss 4.1591 acc 0.0208 (rev 0.0104 · no-rev 0.0312) (582s)
    [b0/s1] paso 8500 loss 4.1583 acc 0.0104 (rev 0.0000 · no-rev 0.0208) (617s)
    [b0/s1] paso 9000 loss 4.1215 acc 0.0052 (rev 0.0104 · no-rev 0.0000) (653s)
    [b0/s1] paso 9500 loss 4.1328 acc 0.0260 (rev 0.0312 · no-rev 0.0208) (689s)
    [b0/s1] paso 10000 loss 4.1375 acc 0.0469 (rev 0.0729 · no-rev 0.0208) (725s)
    [b0/s1] paso 10500 loss 4.0878 acc 0.0260 (rev 0.0208 · no-rev 0.0312) (761s)
    [b0/s1] paso 11000 loss 4.1339 acc 0.0208 (rev 0.0312 · no-rev 0.0104) (797s)
    [b0/s1] paso 11500 loss 4.1047 acc 0.0365 (rev 0.0104 · no-rev 0.0625) (832s)
    [b0/s1] paso 12000 loss 4.1066 acc 0.0312 (rev 0.0208 · no-rev 0.0417) (868s)
    [b0/s1] paso 12500 loss 4.0830 acc 0.1042 (rev 0.0729 · no-rev 0.1354) (904s)
    [b0/s1] paso 13000 loss 4.1246 acc 0.0833 (rev 0.0938 · no-rev 0.0729) (940s)
    [b0/s1] paso 13500 loss 4.0635 acc 0.0781 (rev 0.1042 · no-rev 0.0521) (976s)
    [b0/s1] paso 14000 loss 4.1107 acc 0.0312 (rev 0.0208 · no-rev 0.0417) (1012s)
    [b0/s1] paso 14500 loss 4.0350 acc 0.0729 (rev 0.0312 · no-rev 0.1146) (1047s)
    [b0/s1] paso 15000 loss 3.9965 acc 0.0990 (rev 0.1146 · no-rev 0.0833) (1083s)
    [b0/s1] paso 15500 loss 4.0082 acc 0.1042 (rev 0.0729 · no-rev 0.1354) (1119s)
    [b0/s1] paso 16000 loss 4.0643 acc 0.0833 (rev 0.0625 · no-rev 0.1042) (1155s)
    [b0/s1] paso 16500 loss 3.9980 acc 0.0833 (rev 0.1042 · no-rev 0.0625) (1191s)
    [b0/s1] paso 17000 loss 4.0056 acc 0.1146 (rev 0.1146 · no-rev 0.1146) (1226s)
    [b0/s1] paso 17500 loss 4.0016 acc 0.0781 (rev 0.0625 · no-rev 0.0938) (1262s)
    [b0/s1] paso 18000 loss 4.0101 acc 0.0781 (rev 0.0521 · no-rev 0.1042) (1298s)
    [b0/s1] paso 18500 loss 4.0114 acc 0.1042 (rev 0.1042 · no-rev 0.1042) (1334s)
    [b0/s1] paso 19000 loss 3.9905 acc 0.0990 (rev 0.0938 · no-rev 0.1042) (1370s)
    [b0/s1] paso 19500 loss 3.9366 acc 0.1146 (rev 0.0938 · no-rev 0.1354) (1406s)
    [b0/s1] paso 20000 loss 3.9756 acc 0.0990 (rev 0.1042 · no-rev 0.0938) (1441s)
  s1 · 20000 pasos → acc 0.1022 (rev 0.1094 · no-rev 0.0951)
