E-I3 · archivo de 9 entradas BARAJADO · bloque 0 · lr 0.001 · 4000 pasos · 5 semillas
referencia E-I2 (replica, 5 semillas): revisadas 0,4576 · no revisadas 0,9974

    [ninguno/s0] paso 1000 loss 2.6009 acc 0.5625 (rev 0.3438 · no-rev 0.7812) (79s)
    [ninguno/s0] paso 2000 loss 1.2905 acc 0.7031 (rev 0.4375 · no-rev 0.9688) (149s)
    [ninguno/s0] paso 3000 loss 0.7526 acc 0.7500 (rev 0.5000 · no-rev 1.0000) (218s)
    [ninguno/s0] paso 4000 loss 0.6561 acc 0.7135 (rev 0.4271 · no-rev 1.0000) (287s)
  ninguno   s0 → acc 0.7285 (rev 0.4583 · no-rev 0.9987)
    [ninguno/s1] paso 1000 loss 2.5527 acc 0.5938 (rev 0.3333 · no-rev 0.8542) (78s)
    [ninguno/s1] paso 2000 loss 1.2705 acc 0.6615 (rev 0.3438 · no-rev 0.9792) (148s)
    [ninguno/s1] paso 3000 loss 0.6656 acc 0.7448 (rev 0.4896 · no-rev 1.0000) (218s)
    [ninguno/s1] paso 4000 loss 0.5181 acc 0.7396 (rev 0.4792 · no-rev 1.0000) (287s)
  ninguno   s1 → acc 0.7448 (rev 0.4896 · no-rev 1.0000)
    [ninguno/s2] paso 1000 loss 2.8003 acc 0.4688 (rev 0.3229 · no-rev 0.6146) (78s)
    [ninguno/s2] paso 2000 loss 1.7447 acc 0.6875 (rev 0.4583 · no-rev 0.9167) (148s)
    [ninguno/s2] paso 3000 loss 1.1809 acc 0.6875 (rev 0.3958 · no-rev 0.9792) (217s)
    [ninguno/s2] paso 4000 loss 0.7133 acc 0.7396 (rev 0.4792 · no-rev 1.0000) (287s)
  ninguno   s2 → acc 0.7363 (rev 0.4779 · no-rev 0.9948)
    [ninguno/s3] paso 1000 loss 3.0034 acc 0.4062 (rev 0.1979 · no-rev 0.6146) (78s)
    [ninguno/s3] paso 2000 loss 1.7386 acc 0.7083 (rev 0.4479 · no-rev 0.9688) (148s)
    [ninguno/s3] paso 3000 loss 1.6442 acc 0.6875 (rev 0.3958 · no-rev 0.9792) (217s)
    [ninguno/s3] paso 4000 loss 0.8555 acc 0.7240 (rev 0.4583 · no-rev 0.9896) (287s)
  ninguno   s3 → acc 0.7070 (rev 0.4167 · no-rev 0.9974)
    [ninguno/s4] paso 1000 loss 3.0739 acc 0.4375 (rev 0.2188 · no-rev 0.6562) (79s)
    [ninguno/s4] paso 2000 loss 1.7977 acc 0.6927 (rev 0.4167 · no-rev 0.9688) (148s)
    [ninguno/s4] paso 3000 loss 1.0634 acc 0.7396 (rev 0.4792 · no-rev 1.0000) (218s)
    [ninguno/s4] paso 4000 loss 0.7589 acc 0.7344 (rev 0.4688 · no-rev 1.0000) (287s)
  ninguno   s4 → acc 0.7201 (rev 0.4427 · no-rev 0.9974)

  ►► ninguno: acc 0.7273 (sd 0.0146) · revisadas 0.4570 (sd 0.0289) · no revisadas 0.9977

    [sello/s0] paso 1000 loss 3.2204 acc 0.3750 (rev 0.2292 · no-rev 0.5208) (79s)
    [sello/s0] paso 2000 loss 0.4147 acc 0.9688 (rev 0.9479 · no-rev 0.9896) (148s)
    [sello/s0] paso 3000 loss 0.0249 acc 0.9948 (rev 1.0000 · no-rev 0.9896) (217s)
    [sello/s0] paso 4000 loss 0.0069 acc 1.0000 (rev 1.0000 · no-rev 1.0000) (287s)
  sello     s0 → acc 0.9941 (rev 0.9909 · no-rev 0.9974)
    [sello/s1] paso 1000 loss 0.7533 acc 0.9375 (rev 0.9271 · no-rev 0.9479) (79s)
    [sello/s1] paso 2000 loss 0.1389 acc 0.9844 (rev 0.9896 · no-rev 0.9792) (149s)
    [sello/s1] paso 3000 loss 0.0686 acc 0.9948 (rev 0.9896 · no-rev 1.0000) (218s)
    [sello/s1] paso 4000 loss 0.0035 acc 1.0000 (rev 1.0000 · no-rev 1.0000) (288s)
  sello     s1 → acc 0.9974 (rev 0.9961 · no-rev 0.9987)
    [sello/s2] paso 1000 loss 1.0837 acc 0.8958 (rev 0.8854 · no-rev 0.9062) (79s)
    [sello/s2] paso 2000 loss 0.0302 acc 0.9948 (rev 0.9896 · no-rev 1.0000) (148s)
    [sello/s2] paso 3000 loss 0.1044 acc 0.9948 (rev 0.9896 · no-rev 1.0000) (218s)
    [sello/s2] paso 4000 loss 0.0181 acc 0.9948 (rev 1.0000 · no-rev 0.9896) (287s)
  sello     s2 → acc 0.9993 (rev 0.9987 · no-rev 1.0000)
    [sello/s3] paso 1000 loss 2.1541 acc 0.6094 (rev 0.4792 · no-rev 0.7396) (79s)
    [sello/s3] paso 2000 loss 0.0922 acc 0.9948 (rev 0.9896 · no-rev 1.0000) (148s)
    [sello/s3] paso 3000 loss 0.0494 acc 0.9948 (rev 1.0000 · no-rev 0.9896) (217s)
    [sello/s3] paso 4000 loss 0.0466 acc 0.9948 (rev 0.9896 · no-rev 1.0000) (287s)
  sello     s3 → acc 0.9980 (rev 0.9961 · no-rev 1.0000)
    [sello/s4] paso 1000 loss 1.2831 acc 0.8177 (rev 0.7083 · no-rev 0.9271) (81s)
    [sello/s4] paso 2000 loss 0.0818 acc 0.9948 (rev 1.0000 · no-rev 0.9896) (151s)
    [sello/s4] paso 3000 loss 0.0067 acc 1.0000 (rev 1.0000 · no-rev 1.0000) (221s)
    [sello/s4] paso 4000 loss 0.1591 acc 0.9896 (rev 0.9896 · no-rev 0.9896) (290s)
  sello     s4 → acc 0.9961 (rev 0.9961 · no-rev 0.9961)

  ►► sello: acc 0.9970 (sd 0.0020) · revisadas 0.9956 (sd 0.0029) · no revisadas 0.9984

    [barajado/s0] paso 1000 loss 3.2374 acc 0.4010 (rev 0.1875 · no-rev 0.6146) (79s)
    [barajado/s0] paso 2000 loss 1.8737 acc 0.6823 (rev 0.4167 · no-rev 0.9479) (148s)
    [barajado/s0] paso 3000 loss 1.3083 acc 0.7760 (rev 0.5521 · no-rev 1.0000) (218s)
    [barajado/s0] paso 4000 loss 0.9578 acc 0.6979 (rev 0.3958 · no-rev 1.0000) (288s)
  barajado  s0 → acc 0.7064 (rev 0.4154 · no-rev 0.9974)
    [barajado/s1] paso 1000 loss 2.9074 acc 0.4688 (rev 0.3125 · no-rev 0.6250) (79s)
    [barajado/s1] paso 2000 loss 1.4226 acc 0.6562 (rev 0.3333 · no-rev 0.9792) (149s)
    [barajado/s1] paso 3000 loss 0.7229 acc 0.7500 (rev 0.5104 · no-rev 0.9896) (218s)
    [barajado/s1] paso 4000 loss 0.5305 acc 0.7448 (rev 0.4896 · no-rev 1.0000) (288s)
  barajado  s1 → acc 0.7350 (rev 0.4714 · no-rev 0.9987)
    [barajado/s2] paso 1000 loss 2.6580 acc 0.5000 (rev 0.2604 · no-rev 0.7396) (79s)
    [barajado/s2] paso 2000 loss 1.4373 acc 0.6979 (rev 0.3958 · no-rev 1.0000) (148s)
    [barajado/s2] paso 3000 loss 0.7700 acc 0.7396 (rev 0.4792 · no-rev 1.0000) (218s)
    [barajado/s2] paso 4000 loss 0.4753 acc 0.7656 (rev 0.5417 · no-rev 0.9896) (287s)
  barajado  s2 → acc 0.7572 (rev 0.5156 · no-rev 0.9987)
    [barajado/s3] paso 1000 loss 3.0626 acc 0.3802 (rev 0.1354 · no-rev 0.6250) (79s)
    [barajado/s3] paso 2000 loss 1.4995 acc 0.7083 (rev 0.4271 · no-rev 0.9896) (148s)
    [barajado/s3] paso 3000 loss 0.8449 acc 0.6823 (rev 0.3750 · no-rev 0.9896) (218s)
    [barajado/s3] paso 4000 loss 0.6757 acc 0.7500 (rev 0.5104 · no-rev 0.9896) (287s)
  barajado  s3 → acc 0.7389 (rev 0.4779 · no-rev 1.0000)
    [barajado/s4] paso 1000 loss 2.6763 acc 0.5521 (rev 0.3438 · no-rev 0.7604) (79s)
    [barajado/s4] paso 2000 loss 1.2646 acc 0.7396 (rev 0.4792 · no-rev 1.0000) (148s)
    [barajado/s4] paso 3000 loss 0.7878 acc 0.6927 (rev 0.3958 · no-rev 0.9896) (218s)
    [barajado/s4] paso 4000 loss 0.5627 acc 0.7135 (rev 0.4271 · no-rev 1.0000) (287s)
  barajado  s4 → acc 0.7493 (rev 0.5039 · no-rev 0.9948)

  ►► barajado: acc 0.7374 (sd 0.0194) · revisadas 0.4768 (sd 0.0389) · no revisadas 0.9979

==========================================================================
  control de replica: `ninguno` revisadas 0.4570 vs 0,4576 de E-I2  coherente
  P-1 bloqueante: sello − ninguno  = +0.5385  CUMPLE (exigido >= +0,20)
  P-2 orden vs capacidad: sello − barajado = +0.5187  CUMPLE (exigido >= +0,15)
  P-3 no degrada agrupar: no_revisadas(sello) = 0.9984  CUMPLE (exigido >= 0,95)
==========================================================================
