E-I3b · archivo de 12 entradas BARAJADO · 3 versiones por clave revisada · consulta VIGENTE (CTX_A) vs ANTERIOR (CTX_B)
la recencia pura predice ~0 en ANTERIOR, no 1/3

    [ninguno/s0] paso 1000 loss 4.1709 acc 0.0278 (vig 0.0208 · ANT 0.0000 · una 0.0625) (91s)
    [ninguno/s0] paso 2000 loss 3.8125 acc 0.1736 (vig 0.2708 · ANT 0.0000 · una 0.2500) (172s)
    [ninguno/s0] paso 3000 loss 2.2699 acc 0.5694 (vig 0.8750 · ANT 0.0417 · una 0.7917) (254s)
    [ninguno/s0] paso 4000 loss 1.6814 acc 0.6389 (vig 1.0000 · ANT 0.0000 · una 0.9167) (335s)
  ninguno   s0 → acc 0.6372 (vig 0.9583 · ANT 0.0156 · una 0.9375)
    [ninguno/s1] paso 1000 loss 4.1160 acc 0.0000 (vig 0.0000 · ANT 0.0000 · una 0.0000) (91s)
    [ninguno/s1] paso 2000 loss 2.3974 acc 0.5764 (vig 0.8958 · ANT 0.0000 · una 0.8333) (174s)
    [ninguno/s1] paso 3000 loss 1.5033 acc 0.6597 (vig 0.9792 · ANT 0.0000 · una 1.0000) (259s)
    [ninguno/s1] paso 4000 loss 1.5334 acc 0.6667 (vig 0.9583 · ANT 0.0417 · una 1.0000) (355s)
  ninguno   s1 → acc 0.6641 (vig 0.9661 · ANT 0.0417 · una 0.9844)
    [ninguno/s2] paso 1000 loss 4.1254 acc 0.0208 (vig 0.0208 · ANT 0.0417 · una 0.0000) (91s)
    [ninguno/s2] paso 2000 loss 3.1014 acc 0.4028 (vig 0.6250 · ANT 0.0000 · una 0.5833) (173s)
    [ninguno/s2] paso 3000 loss 1.5827 acc 0.6528 (vig 0.9583 · ANT 0.0208 · una 0.9792) (255s)
    [ninguno/s2] paso 4000 loss 1.5941 acc 0.6389 (vig 0.9375 · ANT 0.0208 · una 0.9583) (337s)
  ninguno   s2 → acc 0.6797 (vig 0.9896 · ANT 0.0521 · una 0.9974)
    [ninguno/s3] paso 1000 loss 4.1143 acc 0.0208 (vig 0.0208 · ANT 0.0000 · una 0.0417) (91s)
    [ninguno/s3] paso 2000 loss 3.5661 acc 0.2361 (vig 0.3750 · ANT 0.0000 · una 0.3333) (173s)
    [ninguno/s3] paso 3000 loss 1.7214 acc 0.6458 (vig 0.9375 · ANT 0.0417 · una 0.9583) (255s)
    [ninguno/s3] paso 4000 loss 1.5228 acc 0.6597 (vig 0.9792 · ANT 0.0000 · una 1.0000) (337s)
  ninguno   s3 → acc 0.6684 (vig 0.9740 · ANT 0.0807 · una 0.9505)
    [ninguno/s4] paso 1000 loss 3.9495 acc 0.0972 (vig 0.1250 · ANT 0.0208 · una 0.1458) (91s)
    [ninguno/s4] paso 2000 loss 1.8342 acc 0.6042 (vig 0.9167 · ANT 0.0000 · una 0.8958) (173s)
    [ninguno/s4] paso 3000 loss 1.4984 acc 0.6667 (vig 1.0000 · ANT 0.0208 · una 0.9792) (255s)
    [ninguno/s4] paso 4000 loss 1.3964 acc 0.6736 (vig 1.0000 · ANT 0.0208 · una 1.0000) (337s)
  ninguno   s4 → acc 0.6675 (vig 0.9948 · ANT 0.0313 · una 0.9766)

  ►► ninguno: vigente 0.9766 · ANTERIOR 0.0443 (sd 0.0244) · una version 0.9693

    [sello/s0] paso 1000 loss 4.1367 acc 0.0347 (vig 0.0625 · ANT 0.0000 · una 0.0417) (91s)
    [sello/s0] paso 2000 loss 3.9452 acc 0.1111 (vig 0.2083 · ANT 0.0208 · una 0.1042) (174s)
    [sello/s0] paso 3000 loss 1.7802 acc 0.6319 (vig 0.9583 · ANT 0.0000 · una 0.9375) (256s)
    [sello/s0] paso 4000 loss 1.3507 acc 0.7361 (vig 0.9792 · ANT 0.2500 · una 0.9792) (338s)
  sello     s0 → acc 0.7266 (vig 0.9844 · ANT 0.2188 · una 0.9766)
    [sello/s1] paso 1000 loss 4.1379 acc 0.0278 (vig 0.0417 · ANT 0.0000 · una 0.0417) (91s)
    [sello/s1] paso 2000 loss 3.0949 acc 0.4583 (vig 0.5208 · ANT 0.0417 · una 0.8125) (173s)
    [sello/s1] paso 3000 loss 1.6705 acc 0.6389 (vig 0.9583 · ANT 0.0000 · una 0.9583) (255s)
    [sello/s1] paso 4000 loss 1.6937 acc 0.6319 (vig 0.9375 · ANT 0.0208 · una 0.9375) (337s)
  sello     s1 → acc 0.6849 (vig 0.9766 · ANT 0.1146 · una 0.9635)
    [sello/s2] paso 1000 loss 4.1353 acc 0.0208 (vig 0.0417 · ANT 0.0000 · una 0.0208) (91s)
    [sello/s2] paso 2000 loss 2.7701 acc 0.4306 (vig 0.6458 · ANT 0.0000 · una 0.6458) (173s)
    [sello/s2] paso 3000 loss 1.7168 acc 0.6528 (vig 1.0000 · ANT 0.0208 · una 0.9375) (256s)
    [sello/s2] paso 4000 loss 1.3730 acc 0.6667 (vig 1.0000 · ANT 0.0000 · una 1.0000) (338s)
  sello     s2 → acc 0.6771 (vig 0.9948 · ANT 0.0417 · una 0.9948)
    [sello/s3] paso 1000 loss 4.1345 acc 0.0556 (vig 0.0000 · ANT 0.0625 · una 0.1042) (91s)
    [sello/s3] paso 2000 loss 3.9429 acc 0.0833 (vig 0.0625 · ANT 0.0208 · una 0.1667) (173s)
    [sello/s3] paso 3000 loss 2.2678 acc 0.5764 (vig 0.8125 · ANT 0.0417 · una 0.8750) (255s)
    [sello/s3] paso 4000 loss 1.5938 acc 0.6736 (vig 0.9583 · ANT 0.1250 · una 0.9375) (337s)
  sello     s3 → acc 0.6719 (vig 0.9505 · ANT 0.1146 · una 0.9505)
    [sello/s4] paso 1000 loss 4.1411 acc 0.0139 (vig 0.0208 · ANT 0.0208 · una 0.0000) (91s)
    [sello/s4] paso 2000 loss 3.9332 acc 0.1667 (vig 0.3125 · ANT 0.0000 · una 0.1875) (175s)
    [sello/s4] paso 3000 loss 1.8696 acc 0.6250 (vig 0.8958 · ANT 0.0417 · una 0.9375) (257s)
    [sello/s4] paso 4000 loss 1.6733 acc 0.6389 (vig 0.9167 · ANT 0.0417 · una 0.9583) (339s)
  sello     s4 → acc 0.6632 (vig 0.9557 · ANT 0.0651 · una 0.9688)

  ►► sello: vigente 0.9724 · ANTERIOR 0.1109 (sd 0.0681) · una version 0.9708

    [barajado/s0] paso 1000 loss 4.0547 acc 0.0556 (vig 0.1042 · ANT 0.0417 · una 0.0208) (91s)
    [barajado/s0] paso 2000 loss 2.6052 acc 0.5972 (vig 0.8333 · ANT 0.0625 · una 0.8958) (174s)
    [barajado/s0] paso 3000 loss 1.4886 acc 0.6736 (vig 0.9792 · ANT 0.0417 · una 1.0000) (256s)
    [barajado/s0] paso 4000 loss 1.4261 acc 0.6667 (vig 0.9792 · ANT 0.0208 · una 1.0000) (338s)
  barajado  s0 → acc 0.6623 (vig 0.9661 · ANT 0.0495 · una 0.9714)
    [barajado/s1] paso 1000 loss 4.1465 acc 0.0139 (vig 0.0208 · ANT 0.0000 · una 0.0208) (92s)
    [barajado/s1] paso 2000 loss 3.7394 acc 0.1944 (vig 0.2708 · ANT 0.0000 · una 0.3125) (174s)
    [barajado/s1] paso 3000 loss 1.5803 acc 0.6528 (vig 0.9792 · ANT 0.0000 · una 0.9792) (256s)
    [barajado/s1] paso 4000 loss 1.4796 acc 0.7014 (vig 0.9583 · ANT 0.1458 · una 1.0000) (338s)
  barajado  s1 → acc 0.6693 (vig 0.9714 · ANT 0.0625 · una 0.9740)
    [barajado/s2] paso 1000 loss 3.9855 acc 0.0833 (vig 0.1042 · ANT 0.0417 · una 0.1042) (91s)
    [barajado/s2] paso 2000 loss 1.6820 acc 0.6458 (vig 0.9583 · ANT 0.0000 · una 0.9792) (173s)
    [barajado/s2] paso 3000 loss 1.5039 acc 0.6667 (vig 1.0000 · ANT 0.0208 · una 0.9792) (256s)
    [barajado/s2] paso 4000 loss 0.9905 acc 0.7569 (vig 1.0000 · ANT 0.2708 · una 1.0000) (338s)
  barajado  s2 → acc 0.7318 (vig 0.9922 · ANT 0.2057 · una 0.9974)
    [barajado/s3] paso 1000 loss 4.1378 acc 0.0139 (vig 0.0208 · ANT 0.0208 · una 0.0000) (91s)
    [barajado/s3] paso 2000 loss 3.9834 acc 0.0625 (vig 0.0625 · ANT 0.0208 · una 0.1042) (174s)
    [barajado/s3] paso 3000 loss 2.4756 acc 0.5278 (vig 0.7500 · ANT 0.0000 · una 0.8333) (256s)
    [barajado/s3] paso 4000 loss 1.6019 acc 0.6597 (vig 0.9375 · ANT 0.0417 · una 1.0000) (338s)
  barajado  s3 → acc 0.6667 (vig 0.9635 · ANT 0.0547 · una 0.9818)
    [barajado/s4] paso 1000 loss 4.0482 acc 0.0417 (vig 0.0208 · ANT 0.0417 · una 0.0625) (91s)
    [barajado/s4] paso 2000 loss 2.7582 acc 0.5139 (vig 0.7917 · ANT 0.0000 · una 0.7500) (173s)
    [barajado/s4] paso 3000 loss 1.9201 acc 0.6181 (vig 0.9167 · ANT 0.0208 · una 0.9167) (255s)
    [barajado/s4] paso 4000 loss 1.5221 acc 0.6597 (vig 1.0000 · ANT 0.0208 · una 0.9583) (337s)
  barajado  s4 → acc 0.6450 (vig 0.9609 · ANT 0.0130 · una 0.9609)

  ►► barajado: vigente 0.9708 · ANTERIOR 0.0771 (sd 0.0744) · una version 0.9771

==========================================================================
  P-1 bloqueante: ANTERIOR con sello = 0.1109  NO CUMPLE → era recencia (exigido >= 0,80)
  P-2 no se paga con la vigente: 0.9724  CUMPLE (exigido >= 0,95)
  P-3 orden vs capacidad: sello − barajado = +0.0339  NO CUMPLE (exigido >= +0,30)
==========================================================================
