== watchdog2 armado sobre /home/maxi/Disco_de_Guardado/Carpetas_Usuario/Documentos/Nuevo Transformer/delta-archivo/micro_lm/corridas_20260911/rotador_df3_s2.log (rotador 1679588)
== rotador2 · familia 'df' · p_nose 0.4 · mezcla fija · piso 0.10 · p_vieja 0.35 · sello rel · pert 1 · topk 0/0 · relleno 0 (real,solapado) · fotos 25 · unidades 3:2 · cuentas: H M
-- vuelta 1 · cuenta H · faltan: 3:2 · 09:53:25
   >> OTORGADA en H (T4): [tr2_h_0953] gpu-t4-s-kkb-ass1b2-1zg7dfregy1q2 | Hardware: T4 | Variant: GPU | Status: IDLE
   -> tramo 3:2 en H (desde el paso 0)
== tramo · cuenta H · sesion tr2_h_0953 · df3_s2 · +2000 de 8000 pasos · p_nose 0.4 · abst cabeza · donde lat2 · mezcla fija · piso 0.10 · p_vieja 0.35 · blanco ausencia · kq 5 · ses-extra 36 · sello rel · pert 1 · micro 0 · b_eval 0 · formas directa · perdida bce · sembrar 0 · rec L=0.5 M=0.5 F=0.2 CE=1.0 RANK=0.0 · topk 0 desde 0 · relleno 0 (real, solapado, cada 1000) · fotos 25 · ses-extra-sin-grad 1
[colab] Uploaded '/tmp/tmp.Up4LgYJEFm/micro.tgz' to '/content/micro.tgz'
== subiendo checkpoint previo (3,4M)
[colab] Uploaded '/home/maxi/Disco_de_Guardado/Carpetas_Usuario/Documentos/Nuevo Transformer/delta-archivo/micro_lm/ckpts/df3_s2.pkl' to '/content/ck.pkl'
jax 0.11.1 | [CudaDevice(id=0)]
compuerta de padding OK
lanzado pid 1096
== polling cada 2 min (presupuesto ~40 min, tope 120)
VIVO= True ULTIMO= fotos: cada 25 pasos -> /content/ck_fotos.json · pregunta: BOS cual es la altura de bosque ? · slots correctos [5] 
VIVO= True ULTIMO= fotos: cada 25 pasos -> /content/ck_fotos.json · pregunta: BOS cual es la altura de bosque ? · slots correctos [5] 
VIVO= True ULTIMO= fotos: cada 25 pasos -> /content/ck_fotos.json · pregunta: BOS cual es la altura de bosque ? · slots correctos [5] 
   [checkpoint parcial guardado: paso ]
   [pelicula parcial: 225 pasos]
VIVO= True ULTIMO= fotos: cada 25 pasos -> /content/ck_fotos.json · pregunta: BOS cual es la altura de bosque ? · slots correctos [5] 
VIVO= True ULTIMO= fotos: cada 25 pasos -> /content/ck_fotos.json · pregunta: BOS cual es la altura de bosque ? · slots correctos [5] 
VIVO= True ULTIMO= fotos: cada 25 pasos -> /content/ck_fotos.json · pregunta: BOS cual es la altura de bosque ? · slots correctos [5] 
VIVO= True ULTIMO= fotos: cada 25 pasos -> /content/ck_fotos.json · pregunta: BOS cual es la altura de bosque ? · slots correctos [5] 
   [checkpoint parcial guardado: paso ]
   [pelicula parcial: 475 pasos]
VIVO= True ULTIMO= fotos: cada 25 pasos -> /content/ck_fotos.json · pregunta: BOS cual es la altura de bosque ? · slots correctos [5] 
VIVO= True ULTIMO= ── eval: vigente 0.0150 · anterior 0.0000 · abstencion 0.0000 · truncados 0.0000 · nose 0.0000 (ent 0.0000/rel 0.0000) · falsa_abst 0.0000 
VIVO= True ULTIMO= ── eval: vigente 0.0150 · anterior 0.0000 · abstencion 0.0000 · truncados 0.0000 · nose 0.0000 (ent 0.0000/rel 0.0000) · falsa_abst 0.0000 
VIVO= True ULTIMO= ── eval: vigente 0.0150 · anterior 0.0000 · abstencion 0.0000 · truncados 0.0000 · nose 0.0000 (ent 0.0000/rel 0.0000) · falsa_abst 0.0000 
   [checkpoint parcial guardado: paso 500]
   [pelicula parcial: 700 pasos]
VIVO= True ULTIMO= ── eval: vigente 0.0150 · anterior 0.0000 · abstencion 0.0000 · truncados 0.0000 · nose 0.0000 (ent 0.0000/rel 0.0000) · falsa_abst 0.0000 
VIVO= True ULTIMO= ── eval: vigente 0.0150 · anterior 0.0000 · abstencion 0.0000 · truncados 0.0000 · nose 0.0000 (ent 0.0000/rel 0.0000) · falsa_abst 0.0000 
VIVO= True ULTIMO= ── eval: vigente 0.0150 · anterior 0.0000 · abstencion 0.0000 · truncados 0.0000 · nose 0.0000 (ent 0.0000/rel 0.0000) · falsa_abst 0.0000 
VIVO= True ULTIMO= ── eval: vigente 0.0150 · anterior 0.0000 · abstencion 0.0000 · truncados 0.0000 · nose 0.0000 (ent 0.0000/rel 0.0000) · falsa_abst 0.0000 
   [checkpoint parcial guardado: paso 500]
   [pelicula parcial: 950 pasos]
VIVO= True ULTIMO= ── eval: vigente 0.0150 · anterior 0.0000 · abstencion 0.0000 · truncados 0.0000 · nose 0.0000 (ent 0.0000/rel 0.0000) · falsa_abst 0.0000 
VIVO= True ULTIMO= ── eval: vigente 0.0037 · anterior 0.0000 · abstencion 0.0000 · truncados 0.0000 · nose 0.0000 (ent 0.0000/rel 0.0000) · falsa_abst 0.0000 
VIVO= True ULTIMO= ── eval: vigente 0.0037 · anterior 0.0000 · abstencion 0.0000 · truncados 0.0000 · nose 0.0000 (ent 0.0000/rel 0.0000) · falsa_abst 0.0000 
VIVO= True ULTIMO= ── eval: vigente 0.0037 · anterior 0.0000 · abstencion 0.0000 · truncados 0.0000 · nose 0.0000 (ent 0.0000/rel 0.0000) · falsa_abst 0.0000 
   [checkpoint parcial guardado: paso 1000]
   [pelicula parcial: 1175 pasos]
VIVO= True ULTIMO= ── eval: vigente 0.0037 · anterior 0.0000 · abstencion 0.0000 · truncados 0.0000 · nose 0.0000 (ent 0.0000/rel 0.0000) · falsa_abst 0.0000 
VIVO= True ULTIMO= ── eval: vigente 0.0037 · anterior 0.0000 · abstencion 0.0000 · truncados 0.0000 · nose 0.0000 (ent 0.0000/rel 0.0000) · falsa_abst 0.0000 
VIVO= True ULTIMO= ── eval: vigente 0.0037 · anterior 0.0000 · abstencion 0.0000 · truncados 0.0000 · nose 0.0000 (ent 0.0000/rel 0.0000) · falsa_abst 0.0000 
VIVO= True ULTIMO= ── eval: vigente 0.0037 · anterior 0.0000 · abstencion 0.0000 · truncados 0.0000 · nose 0.0000 (ent 0.0000/rel 0.0000) · falsa_abst 0.0000 
   [checkpoint parcial guardado: paso 1000]
   [pelicula parcial: 1400 pasos]
VIVO= True ULTIMO= ── eval: vigente 0.0037 · anterior 0.0000 · abstencion 0.0000 · truncados 0.0000 · nose 0.0000 (ent 0.0000/rel 0.0000) · falsa_abst 0.0000 
VIVO= True ULTIMO= ── eval: vigente 0.0037 · anterior 0.0000 · abstencion 0.0000 · truncados 0.0000 · nose 0.0000 (ent 0.0000/rel 0.0000) · falsa_abst 0.0000 
VIVO= True ULTIMO= ── eval: vigente 0.0081 · anterior 0.0000 · abstencion 0.0000 · truncados 0.0000 · nose 0.0000 (ent 0.0000/rel 0.0000) · falsa_abst 0.0000 

!! sesion perdida — el checkpoint de la PC conserva el ultimo tramo bajado
== fin del tramo (la sesion queda VIVA para el tramo siguiente; pararla con: colab stop -s tr2_h_0953)
   tramo de 3:2 cerrado en el paso 1500 de 8000
   tr2_h_0953 parada; pendientes ahora: 3:2
-- M la esta usando otro proceso, se saltea
-- vuelta 1 recorrida entera sin T4 en ninguna; descanso 10 min
-- vuelta 2 · cuenta H · faltan: 3:2 · 11:05:51
   503 en H (ni T4 ni TPU) — SIGUIENTE CUENTA ya (sin esperar)
-- M la esta usando otro proceso, se saltea
-- vuelta 2 recorrida entera sin T4 en ninguna; descanso 10 min
-- vuelta 3 · cuenta H · faltan: 3:2 · 11:17:57
   >> OTORGADA en H (T4): [tr2_h_1117] gpu-t4-s-kkb-usw1b1-22culugj0ynqy | Hardware: T4 | Variant: GPU | Status: IDLE
   -> tramo 3:2 en H (desde el paso 1500)
== tramo · cuenta H · sesion tr2_h_1117 · df3_s2 · +2000 de 8000 pasos · p_nose 0.4 · abst cabeza · donde lat2 · mezcla fija · piso 0.10 · p_vieja 0.35 · blanco ausencia · kq 5 · ses-extra 36 · sello rel · pert 1 · micro 0 · b_eval 0 · formas directa · perdida bce · sembrar 0 · rec L=0.5 M=0.5 F=0.2 CE=1.0 RANK=0.0 · topk 0 desde 0 · relleno 0 (real, solapado, cada 1000) · fotos 25 · ses-extra-sin-grad 1
[colab] Uploaded '/tmp/tmp.2jeo5juuXY/micro.tgz' to '/content/micro.tgz'
== subiendo checkpoint previo (10M)
[colab] Uploaded '/home/maxi/Disco_de_Guardado/Carpetas_Usuario/Documentos/Nuevo Transformer/delta-archivo/micro_lm/ckpts/df3_s2.pkl' to '/content/ck.pkl'
[colab] Uploaded '/home/maxi/Disco_de_Guardado/Carpetas_Usuario/Documentos/Nuevo Transformer/delta-archivo/micro_lm/ckpts/df3_s2_fotos.json' to '/content/ck_fotos.json'
jax 0.11.1 | [CudaDevice(id=0)]
compuerta de padding OK
lanzado pid 1080
== polling cada 2 min (presupuesto ~40 min, tope 120)
VIVO= True ULTIMO= fotos: cada 25 pasos -> /content/ck_fotos.json · pregunta: BOS cual es la altura de bosque ? · slots correctos [5] 
VIVO= True ULTIMO= fotos: cada 25 pasos -> /content/ck_fotos.json · pregunta: BOS cual es la altura de bosque ? · slots correctos [5] 
VIVO= True ULTIMO= fotos: cada 25 pasos -> /content/ck_fotos.json · pregunta: BOS cual es la altura de bosque ? · slots correctos [5] 
   [checkpoint parcial guardado: paso 1500]
   [pelicula parcial: 1200 pasos]
VIVO= True ULTIMO= fotos: cada 25 pasos -> /content/ck_fotos.json · pregunta: BOS cual es la altura de bosque ? · slots correctos [5] 
VIVO= True ULTIMO= fotos: cada 25 pasos -> /content/ck_fotos.json · pregunta: BOS cual es la altura de bosque ? · slots correctos [5] 
VIVO= True ULTIMO= fotos: cada 25 pasos -> /content/ck_fotos.json · pregunta: BOS cual es la altura de bosque ? · slots correctos [5] 
VIVO= True ULTIMO= fotos: cada 25 pasos -> /content/ck_fotos.json · pregunta: BOS cual es la altura de bosque ? · slots correctos [5] 
   [checkpoint parcial guardado: paso 1500]
   [pelicula parcial: 1400 pasos]
VIVO= True ULTIMO= fotos: cada 25 pasos -> /content/ck_fotos.json · pregunta: BOS cual es la altura de bosque ? · slots correctos [5] 
VIVO= True ULTIMO= fotos: cada 25 pasos -> /content/ck_fotos.json · pregunta: BOS cual es la altura de bosque ? · slots correctos [5] 
VIVO= True ULTIMO= ── eval: vigente 0.0081 · anterior 0.0000 · abstencion 0.5332 · truncados 0.0000 · nose 0.5260 (ent 0.5249/rel 0.5315) · falsa_abst 0.5357 
VIVO= True ULTIMO= ── eval: vigente 0.0081 · anterior 0.0000 · abstencion 0.5332 · truncados 0.0000 · nose 0.5260 (ent 0.5249/rel 0.5315) · falsa_abst 0.5357 
   [checkpoint parcial guardado: paso 1500]
   [pelicula parcial: 1625 pasos]
VIVO= True ULTIMO= ── eval: vigente 0.0081 · anterior 0.0000 · abstencion 0.5332 · truncados 0.0000 · nose 0.5260 (ent 0.5249/rel 0.5315) · falsa_abst 0.5357 
VIVO= True ULTIMO= ── eval: vigente 0.0081 · anterior 0.0000 · abstencion 0.5332 · truncados 0.0000 · nose 0.5260 (ent 0.5249/rel 0.5315) · falsa_abst 0.5357 
VIVO= True ULTIMO= ── eval: vigente 0.0081 · anterior 0.0000 · abstencion 0.5332 · truncados 0.0000 · nose 0.5260 (ent 0.5249/rel 0.5315) · falsa_abst 0.5357 
VIVO= True ULTIMO= ── eval: vigente 0.0081 · anterior 0.0000 · abstencion 0.5332 · truncados 0.0000 · nose 0.5260 (ent 0.5249/rel 0.5315) · falsa_abst 0.5357 
   [checkpoint parcial guardado: paso 1500]
   [pelicula parcial: 1825 pasos]
VIVO= True ULTIMO= ── eval: vigente 0.0081 · anterior 0.0000 · abstencion 0.5332 · truncados 0.0000 · nose 0.5260 (ent 0.5249/rel 0.5315) · falsa_abst 0.5357 
VIVO= True ULTIMO= ── eval: vigente 0.0081 · anterior 0.0000 · abstencion 0.5332 · truncados 0.0000 · nose 0.5260 (ent 0.5249/rel 0.5315) · falsa_abst 0.5357 
VIVO= True ULTIMO= ── eval: vigente 0.0081 · anterior 0.0000 · abstencion 0.5332 · truncados 0.0000 · nose 0.5260 (ent 0.5249/rel 0.5315) · falsa_abst 0.5357 
VIVO= True ULTIMO= paso   2000  loss 5.0935  acc 0.0156  (2340s) 
   [checkpoint parcial guardado: paso 1500]
   [pelicula parcial: 2050 pasos]
VIVO= True ULTIMO= ── eval: vigente 0.0050 · anterior 0.0317 · abstencion 0.0000 · truncados 0.0000 · nose 0.0000 (ent 0.0000/rel 0.0000) · falsa_abst 0.0000 
VIVO= True ULTIMO= ── eval: vigente 0.0050 · anterior 0.0317 · abstencion 0.0000 · truncados 0.0000 · nose 0.0000 (ent 0.0000/rel 0.0000) · falsa_abst 0.0000 
VIVO= True ULTIMO= ── eval: vigente 0.0050 · anterior 0.0317 · abstencion 0.0000 · truncados 0.0000 · nose 0.0000 (ent 0.0000/rel 0.0000) · falsa_abst 0.0000 
VIVO= True ULTIMO= ── eval: vigente 0.0050 · anterior 0.0317 · abstencion 0.0000 · truncados 0.0000 · nose 0.0000 (ent 0.0000/rel 0.0000) · falsa_abst 0.0000 
Terminado
