== watchdog2 armado sobre /home/maxi/Disco_de_Guardado/Carpetas_Usuario/Documentos/Nuevo Transformer/delta-archivo/micro_lm/corridas_20260911/rotador_tf3_s1.log (rotador 1677494)
== rotador2 · familia 'tf' · p_nose 0.4 · mezcla fija · piso 0.10 · p_vieja 0.35 · sello rel · pert 1 · topk 2/0 · relleno 0 (real,solapado) · fotos 25 · unidades 3:1 · cuentas: N I
-- vuelta 1 · cuenta N · faltan: 3:1 · 09:53:16
   >> OTORGADA en N (T4): [tr2_n_0953] gpu-t4-s-kkb-ass1c0-8bb30v8hqstz | Hardware: T4 | Variant: GPU | Status: IDLE
   -> tramo 3:1 en N (desde el paso 0)
== tramo · cuenta N · sesion tr2_n_0953 · tf3_s1 · +2000 de 8000 pasos · p_nose 0.4 · abst cabeza · donde lat2 · mezcla fija · piso 0.10 · p_vieja 0.35 · blanco ausencia · kq 5 · ses-extra 36 · sello rel · pert 1 · micro 0 · b_eval 0 · formas directa · perdida bce · sembrar 0 · rec L=0.5 M=0.5 F=0.2 CE=1.0 RANK=0.0 · topk 2 desde 0 · relleno 0 (real, solapado, cada 1000) · fotos 25 · ses-extra-sin-grad 1
[colab] Uploaded '/tmp/tmp.jBgKEejVM7/micro.tgz' to '/content/micro.tgz'
== subiendo checkpoint previo (3,4M)
[colab] Uploaded '/home/maxi/Disco_de_Guardado/Carpetas_Usuario/Documentos/Nuevo Transformer/delta-archivo/micro_lm/ckpts/tf3_s1.pkl' to '/content/ck.pkl'
jax 0.11.1 | [CudaDevice(id=0)]
compuerta de padding OK
lanzado pid 5044
== polling cada 2 min (presupuesto ~40 min, tope 120)
VIVO= True ULTIMO= fotos: cada 25 pasos -> /content/ck_fotos.json · pregunta: BOS cual es la altura de bosque ? · slots correctos [5] 
VIVO= True ULTIMO= fotos: cada 25 pasos -> /content/ck_fotos.json · pregunta: BOS cual es la altura de bosque ? · slots correctos [5] 
VIVO= True ULTIMO= fotos: cada 25 pasos -> /content/ck_fotos.json · pregunta: BOS cual es la altura de bosque ? · slots correctos [5] 
   [checkpoint parcial guardado: paso ]
   [pelicula parcial: 200 pasos]
VIVO= True ULTIMO= fotos: cada 25 pasos -> /content/ck_fotos.json · pregunta: BOS cual es la altura de bosque ? · slots correctos [5] 
VIVO= True ULTIMO= fotos: cada 25 pasos -> /content/ck_fotos.json · pregunta: BOS cual es la altura de bosque ? · slots correctos [5] 
VIVO= True ULTIMO= fotos: cada 25 pasos -> /content/ck_fotos.json · pregunta: BOS cual es la altura de bosque ? · slots correctos [5] 
VIVO= True ULTIMO= fotos: cada 25 pasos -> /content/ck_fotos.json · pregunta: BOS cual es la altura de bosque ? · slots correctos [5] 
   [checkpoint parcial guardado: paso ]
   [pelicula parcial: 425 pasos]
VIVO= True ULTIMO= fotos: cada 25 pasos -> /content/ck_fotos.json · pregunta: BOS cual es la altura de bosque ? · slots correctos [5] 
VIVO= True ULTIMO= paso    500  loss 5.8591  acc 0.0000  (1134s) 
VIVO= True ULTIMO= ── eval: vigente 0.0276 · anterior 0.0104 · abstencion 0.0000 · truncados 0.0000 · nose 0.0000 (ent 0.0000/rel 0.0000) · falsa_abst 0.0000 
VIVO= True ULTIMO= ── eval: vigente 0.0276 · anterior 0.0104 · abstencion 0.0000 · truncados 0.0000 · nose 0.0000 (ent 0.0000/rel 0.0000) · falsa_abst 0.0000 
   [checkpoint parcial guardado: paso 500]
   [pelicula parcial: 675 pasos]
VIVO= True ULTIMO= ── eval: vigente 0.0276 · anterior 0.0104 · abstencion 0.0000 · truncados 0.0000 · nose 0.0000 (ent 0.0000/rel 0.0000) · falsa_abst 0.0000 
VIVO= True ULTIMO= ── eval: vigente 0.0276 · anterior 0.0104 · abstencion 0.0000 · truncados 0.0000 · nose 0.0000 (ent 0.0000/rel 0.0000) · falsa_abst 0.0000 
VIVO= True ULTIMO= ── eval: vigente 0.0276 · anterior 0.0104 · abstencion 0.0000 · truncados 0.0000 · nose 0.0000 (ent 0.0000/rel 0.0000) · falsa_abst 0.0000 
VIVO= True ULTIMO= ── eval: vigente 0.0276 · anterior 0.0104 · abstencion 0.0000 · truncados 0.0000 · nose 0.0000 (ent 0.0000/rel 0.0000) · falsa_abst 0.0000 
   [checkpoint parcial guardado: paso 500]
   [pelicula parcial: 925 pasos]
VIVO= True ULTIMO= ── eval: vigente 0.0276 · anterior 0.0104 · abstencion 0.0000 · truncados 0.0000 · nose 0.0000 (ent 0.0000/rel 0.0000) · falsa_abst 0.0000 
VIVO= True ULTIMO= paso   1000  loss 5.4550  acc 0.0000  (2270s) 
VIVO= True ULTIMO= ── eval: vigente 0.0121 · anterior 0.0000 · abstencion 0.0000 · truncados 0.0000 · nose 0.0000 (ent 0.0000/rel 0.0000) · falsa_abst 0.0000 
VIVO= True ULTIMO= ── eval: vigente 0.0121 · anterior 0.0000 · abstencion 0.0000 · truncados 0.0000 · nose 0.0000 (ent 0.0000/rel 0.0000) · falsa_abst 0.0000 
   [checkpoint parcial guardado: paso 1000]
   [pelicula parcial: 1175 pasos]
VIVO= True ULTIMO= ── eval: vigente 0.0121 · anterior 0.0000 · abstencion 0.0000 · truncados 0.0000 · nose 0.0000 (ent 0.0000/rel 0.0000) · falsa_abst 0.0000 
VIVO= True ULTIMO= ── eval: vigente 0.0121 · anterior 0.0000 · abstencion 0.0000 · truncados 0.0000 · nose 0.0000 (ent 0.0000/rel 0.0000) · falsa_abst 0.0000 
VIVO= True ULTIMO= ── eval: vigente 0.0121 · anterior 0.0000 · abstencion 0.0000 · truncados 0.0000 · nose 0.0000 (ent 0.0000/rel 0.0000) · falsa_abst 0.0000 
VIVO= True ULTIMO= ── eval: vigente 0.0121 · anterior 0.0000 · abstencion 0.0000 · truncados 0.0000 · nose 0.0000 (ent 0.0000/rel 0.0000) · falsa_abst 0.0000 
   [checkpoint parcial guardado: paso 1000]
   [pelicula parcial: 1400 pasos]
VIVO= True ULTIMO= ── eval: vigente 0.0121 · anterior 0.0000 · abstencion 0.0000 · truncados 0.0000 · nose 0.0000 (ent 0.0000/rel 0.0000) · falsa_abst 0.0000 
VIVO= True ULTIMO= ── eval: vigente 0.0121 · anterior 0.0000 · abstencion 0.0000 · truncados 0.0000 · nose 0.0000 (ent 0.0000/rel 0.0000) · falsa_abst 0.0000 
VIVO= True ULTIMO= ── eval: vigente 0.0123 · anterior 0.0104 · abstencion 0.0000 · truncados 0.0000 · nose 0.0000 (ent 0.0000/rel 0.0000) · falsa_abst 0.0000 

!! sesion perdida — el checkpoint de la PC conserva el ultimo tramo bajado
== fin del tramo (la sesion queda VIVA para el tramo siguiente; pararla con: colab stop -s tr2_n_0953)
   tramo de 3:1 cerrado en el paso 1500 de 8000
   tr2_n_0953 parada; pendientes ahora: 3:1
-- vuelta 1 · cuenta I · faltan: 3:1 · 10:53:51
   >> OTORGADA en I (T4): [tr2_i_1053] gpu-t4-s-kkb-usw4a0-vscu30k9dj56 | Hardware: T4 | Variant: GPU | Status: IDLE
   -> tramo 3:1 en I (desde el paso 1500)
== tramo · cuenta I · sesion tr2_i_1053 · tf3_s1 · +2000 de 8000 pasos · p_nose 0.4 · abst cabeza · donde lat2 · mezcla fija · piso 0.10 · p_vieja 0.35 · blanco ausencia · kq 5 · ses-extra 36 · sello rel · pert 1 · micro 0 · b_eval 0 · formas directa · perdida bce · sembrar 0 · rec L=0.5 M=0.5 F=0.2 CE=1.0 RANK=0.0 · topk 2 desde 0 · relleno 0 (real, solapado, cada 1000) · fotos 25 · ses-extra-sin-grad 1
[colab] Uploaded '/tmp/tmp.aQX9VBFG6Q/micro.tgz' to '/content/micro.tgz'
== subiendo checkpoint previo (10M)
[colab] Uploaded '/home/maxi/Disco_de_Guardado/Carpetas_Usuario/Documentos/Nuevo Transformer/delta-archivo/micro_lm/ckpts/tf3_s1.pkl' to '/content/ck.pkl'
[colab] Uploaded '/home/maxi/Disco_de_Guardado/Carpetas_Usuario/Documentos/Nuevo Transformer/delta-archivo/micro_lm/ckpts/tf3_s1_fotos.json' to '/content/ck_fotos.json'
jax 0.11.1 | [CudaDevice(id=0)]
compuerta de padding OK
lanzado pid 1570
== polling cada 2 min (presupuesto ~40 min, tope 120)
VIVO= True ULTIMO= fotos: cada 25 pasos -> /content/ck_fotos.json · pregunta: BOS cual es la altura de bosque ? · slots correctos [5] 
VIVO= True ULTIMO= fotos: cada 25 pasos -> /content/ck_fotos.json · pregunta: BOS cual es la altura de bosque ? · slots correctos [5] 
VIVO= True ULTIMO= fotos: cada 25 pasos -> /content/ck_fotos.json · pregunta: BOS cual es la altura de bosque ? · slots correctos [5] 
   [checkpoint parcial guardado: paso 1500]
   [pelicula parcial: 1200 pasos]
VIVO= True ULTIMO= fotos: cada 25 pasos -> /content/ck_fotos.json · pregunta: BOS cual es la altura de bosque ? · slots correctos [5] 
VIVO= True ULTIMO= fotos: cada 25 pasos -> /content/ck_fotos.json · pregunta: BOS cual es la altura de bosque ? · slots correctos [5] 
VIVO= True ULTIMO= fotos: cada 25 pasos -> /content/ck_fotos.json · pregunta: BOS cual es la altura de bosque ? · slots correctos [5] 
VIVO= True ULTIMO= fotos: cada 25 pasos -> /content/ck_fotos.json · pregunta: BOS cual es la altura de bosque ? · slots correctos [5] 
   [checkpoint parcial guardado: paso 1500]
   [pelicula parcial: 1400 pasos]
VIVO= True ULTIMO= fotos: cada 25 pasos -> /content/ck_fotos.json · pregunta: BOS cual es la altura de bosque ? · slots correctos [5] 
VIVO= True ULTIMO= fotos: cada 25 pasos -> /content/ck_fotos.json · pregunta: BOS cual es la altura de bosque ? · slots correctos [5] 
VIVO= True ULTIMO= ── eval: vigente 0.0084 · anterior 0.0000 · abstencion 0.0000 · truncados 0.0000 · nose 0.0000 (ent 0.0000/rel 0.0000) · falsa_abst 0.0000 
VIVO= True ULTIMO= ── eval: vigente 0.0084 · anterior 0.0000 · abstencion 0.0000 · truncados 0.0000 · nose 0.0000 (ent 0.0000/rel 0.0000) · falsa_abst 0.0000 
   [checkpoint parcial guardado: paso 1500]
   [pelicula parcial: 1625 pasos]
VIVO= True ULTIMO= ── eval: vigente 0.0084 · anterior 0.0000 · abstencion 0.0000 · truncados 0.0000 · nose 0.0000 (ent 0.0000/rel 0.0000) · falsa_abst 0.0000 
VIVO= True ULTIMO= ── eval: vigente 0.0084 · anterior 0.0000 · abstencion 0.0000 · truncados 0.0000 · nose 0.0000 (ent 0.0000/rel 0.0000) · falsa_abst 0.0000 
VIVO= True ULTIMO= ── eval: vigente 0.0084 · anterior 0.0000 · abstencion 0.0000 · truncados 0.0000 · nose 0.0000 (ent 0.0000/rel 0.0000) · falsa_abst 0.0000 
VIVO= True ULTIMO= ── eval: vigente 0.0084 · anterior 0.0000 · abstencion 0.0000 · truncados 0.0000 · nose 0.0000 (ent 0.0000/rel 0.0000) · falsa_abst 0.0000 
   [checkpoint parcial guardado: paso 1500]
   [pelicula parcial: 1825 pasos]
VIVO= True ULTIMO= ── eval: vigente 0.0084 · anterior 0.0000 · abstencion 0.0000 · truncados 0.0000 · nose 0.0000 (ent 0.0000/rel 0.0000) · falsa_abst 0.0000 
VIVO= True ULTIMO= ── eval: vigente 0.0084 · anterior 0.0000 · abstencion 0.0000 · truncados 0.0000 · nose 0.0000 (ent 0.0000/rel 0.0000) · falsa_abst 0.0000 
VIVO= True ULTIMO= ── eval: vigente 0.0084 · anterior 0.0000 · abstencion 0.0000 · truncados 0.0000 · nose 0.0000 (ent 0.0000/rel 0.0000) · falsa_abst 0.0000 
VIVO= True ULTIMO= ── eval: vigente 0.0223 · anterior 0.0312 · abstencion 0.0000 · truncados 0.0000 · nose 0.0000 (ent 0.0000/rel 0.0000) · falsa_abst 0.0000 
   [checkpoint parcial guardado: paso 2000]
   [pelicula parcial: 2050 pasos]
VIVO= True ULTIMO= ── eval: vigente 0.0223 · anterior 0.0312 · abstencion 0.0000 · truncados 0.0000 · nose 0.0000 (ent 0.0000/rel 0.0000) · falsa_abst 0.0000 
VIVO= True ULTIMO= ── eval: vigente 0.0223 · anterior 0.0312 · abstencion 0.0000 · truncados 0.0000 · nose 0.0000 (ent 0.0000/rel 0.0000) · falsa_abst 0.0000 
VIVO= True ULTIMO= ── eval: vigente 0.0223 · anterior 0.0312 · abstencion 0.0000 · truncados 0.0000 · nose 0.0000 (ent 0.0000/rel 0.0000) · falsa_abst 0.0000 
VIVO= True ULTIMO= ── eval: vigente 0.0223 · anterior 0.0312 · abstencion 0.0000 · truncados 0.0000 · nose 0.0000 (ent 0.0000/rel 0.0000) · falsa_abst 0.0000 
   [checkpoint parcial guardado: paso 2000]
   [pelicula parcial: 2275 pasos]
VIVO= True ULTIMO= ── eval: vigente 0.0223 · anterior 0.0312 · abstencion 0.0000 · truncados 0.0000 · nose 0.0000 (ent 0.0000/rel 0.0000) · falsa_abst 0.0000 
VIVO= True ULTIMO= ── eval: vigente 0.0223 · anterior 0.0312 · abstencion 0.0000 · truncados 0.0000 · nose 0.0000 (ent 0.0000/rel 0.0000) · falsa_abst 0.0000 
VIVO= True ULTIMO= ── eval: vigente 0.0223 · anterior 0.0312 · abstencion 0.0000 · truncados 0.0000 · nose 0.0000 (ent 0.0000/rel 0.0000) · falsa_abst 0.0000 
VIVO= True ULTIMO= ── eval: vigente 0.0223 · anterior 0.0312 · abstencion 0.0000 · truncados 0.0000 · nose 0.0000 (ent 0.0000/rel 0.0000) · falsa_abst 0.0000 
   [checkpoint parcial guardado: paso 2000]
   [pelicula parcial: 2475 pasos]
VIVO= True ULTIMO= ── eval: vigente 0.0223 · anterior 0.0312 · abstencion 0.0000 · truncados 0.0000 · nose 0.0000 (ent 0.0000/rel 0.0000) · falsa_abst 0.0000 

!! sesion perdida — el checkpoint de la PC conserva el ultimo tramo bajado
== fin del tramo (la sesion queda VIVA para el tramo siguiente; pararla con: colab stop -s tr2_i_1053)
   tramo de 3:1 cerrado en el paso 2000 de 8000
   tr2_i_1053 parada; pendientes ahora: 3:1
-- vuelta 1 recorrida entera sin T4 en ninguna; descanso 10 min
-- vuelta 2 · cuenta N · faltan: 3:1 · 12:04:10
   >> OTORGADA en N (T4): [tr2_n_1204] gpu-t4-s-kkb-usw4a1-3bj7tgj2a9qoh | Hardware: T4 | Variant: GPU | Status: IDLE
   -> tramo 3:1 en N (desde el paso 2000)
== tramo · cuenta N · sesion tr2_n_1204 · tf3_s1 · +2000 de 8000 pasos · p_nose 0.4 · abst cabeza · donde lat2 · mezcla fija · piso 0.10 · p_vieja 0.35 · blanco ausencia · kq 5 · ses-extra 36 · sello rel · pert 1 · micro 0 · b_eval 0 · formas directa · perdida bce · sembrar 0 · rec L=0.5 M=0.5 F=0.2 CE=1.0 RANK=0.0 · topk 2 desde 0 · relleno 0 (real, solapado, cada 1000) · fotos 25 · ses-extra-sin-grad 1
[colab] Uploaded '/tmp/tmp.g2Coe4g0uG/micro.tgz' to '/content/micro.tgz'
== subiendo checkpoint previo (10M)
[colab] Uploaded '/home/maxi/Disco_de_Guardado/Carpetas_Usuario/Documentos/Nuevo Transformer/delta-archivo/micro_lm/ckpts/tf3_s1.pkl' to '/content/ck.pkl'
[colab] Uploaded '/home/maxi/Disco_de_Guardado/Carpetas_Usuario/Documentos/Nuevo Transformer/delta-archivo/micro_lm/ckpts/tf3_s1_fotos.json' to '/content/ck_fotos.json'
jax 0.11.1 | [CudaDevice(id=0)]
compuerta de padding OK
lanzado pid 620
== polling cada 2 min (presupuesto ~40 min, tope 120)
Terminado
