== watchdog2 armado sobre /home/maxi/Disco_de_Guardado/Carpetas_Usuario/Documentos/Nuevo Transformer/delta-archivo/micro_lm/corridas_20260911/rotador_tp_0.log (rotador 568649)
== rotador2 · familia 'tp' · p_nose 0.4 · mezcla fija · piso 0.10 · p_vieja 0.35 · sello rel · pert 1 · topk 2/0 · relleno 3240 (real,viejo) · fotos 100 · unidades 3:0 · cuentas: H G
-- vuelta 1 · cuenta H · faltan: 3:0 · 08:09:16
   >> OTORGADA en H (T4): [tr2_h_0809] gpu-t4-s-kkb-usw1b0-22x4qu9bsgmh | Hardware: T4 | Variant: GPU | Status: IDLE
   -> tramo 3:0 en H (desde el paso 0)
== tramo · cuenta H · sesion tr2_h_0809 · tp3_s0 · +2000 de 26000 pasos · p_nose 0.4 · abst cabeza · donde lat2 · mezcla fija · piso 0.10 · p_vieja 0.35 · blanco ausencia · kq 5 · ses-extra 0 · sello rel · pert 1 · micro 0 · b_eval 0 · formas directa · perdida bce · sembrar 0 · rec L=0.5 M=0.5 F=0.2 CE=1.0 RANK=0.0 · topk 2 desde 0 · relleno 3240 (real, viejo, cada 1000) · fotos 100
[colab] Uploaded '/tmp/tmp.caWG3O64Lk/micro.tgz' to '/content/micro.tgz'
== sin checkpoint local: se limpia /content/ck.pkl por si quedo de otra unidad
no habia ck_fotos.json
jax 0.11.1 | [CudaDevice(id=0)]
compuerta de padding OK
lanzado pid 6232
== polling cada 2 min (presupuesto ~40 min)
VIVO= True ULTIMO= fotos: cada 100 pasos -> /content/ck_fotos.json · pregunta: BOS cual es la altura de bosque ? · slots correctos [5] 
VIVO= True ULTIMO= fotos: cada 100 pasos -> /content/ck_fotos.json · pregunta: BOS cual es la altura de bosque ? · slots correctos [5] 
VIVO= True ULTIMO= paso    500  loss 5.1102  acc 0.0156  (315s) 
VIVO= True ULTIMO= paso    500  loss 5.1102  acc 0.0156  (315s) 
VIVO= True ULTIMO= paso   1000  loss 5.0086  acc 0.0000  (597s) 
VIVO= True ULTIMO= [paso 1001: pool de relleno (4096, 128) (real) en 10.2s] 
VIVO= True ULTIMO= [paso 1001: pool de relleno (4096, 128) (real) en 10.2s] 
   [checkpoint parcial guardado: paso 1000]
VIVO= True ULTIMO= paso   1500  loss 4.9944  acc 0.0000  (915s) 
VIVO= True ULTIMO= paso   1500  loss 4.9944  acc 0.0000  (915s) 
VIVO= False ULTIMO= listo: {'paso': 2000, 'truncados': 0.0, 'p_nose': 0.4, 'mezcla_usada': {'vigente': 0.39, 'anterior': 0.21, 'nose': 0.4}, 'mezcla_promedio': {'vigente': 0.39, 'anterior': 0.21, 'nose': 0.4}, 'p_vieja_tr': 0.35, 'p_nose_tr': 0.4, 'vigente': 0.026519030551288614, 'anterior': 0.0, 'nose': 0.0, 'nose_ent': 0.0, 'nose_rel': 0.0, 'falsa_abst': 0.0, 'abstencion': 0.0, 'topk': 2, 'archivo_corto': {'vigente': 0.01873342175066313, 'anterior': 0.013888888888888888, 'nose': 0.0}, 'cruzada_largo': {'vigente': 0.021461899877381625, 'anterior': 0.020833333333333332, 'nose': 0.0, 'nose_ent': 0.0, 'nose_rel': 0.0, 'falsa_abst': 0.0, 'abstencion': 0.0}} 
== tramo terminado
== bajando checkpoint
   checkpoint en /home/maxi/Disco_de_Guardado/Carpetas_Usuario/Documentos/Nuevo Transformer/delta-archivo/micro_lm/ckpts/tp3_s0.pkl (13M)
   pelicula en /home/maxi/Disco_de_Guardado/Carpetas_Usuario/Documentos/Nuevo Transformer/delta-archivo/micro_lm/ckpts/tp3_s0_fotos.json (20 cuadros)
   ultimo paso registrado: "paso": 2000
== fin del tramo (la sesion queda VIVA para el tramo siguiente; pararla con: colab stop -s tr2_h_0809)
   tramo de 3:0 cerrado en el paso 2000 de 26000
   tr2_h_0809 parada; pendientes ahora: 3:0
-- vuelta 1 · cuenta G · faltan: 3:0 · 08:30:28
   >> OTORGADA en G (T4): [tr2_g_0830] gpu-t4-s-kkb-ass1c1-1a9ak12a9kjob | Hardware: T4 | Variant: GPU | Status: IDLE
   -> tramo 3:0 en G (desde el paso 2000)
== tramo · cuenta G · sesion tr2_g_0830 · tp3_s0 · +2000 de 26000 pasos · p_nose 0.4 · abst cabeza · donde lat2 · mezcla fija · piso 0.10 · p_vieja 0.35 · blanco ausencia · kq 5 · ses-extra 0 · sello rel · pert 1 · micro 0 · b_eval 0 · formas directa · perdida bce · sembrar 0 · rec L=0.5 M=0.5 F=0.2 CE=1.0 RANK=0.0 · topk 2 desde 0 · relleno 3240 (real, viejo, cada 1000) · fotos 100
[colab] Uploaded '/tmp/tmp.vVq4yXEaKL/micro.tgz' to '/content/micro.tgz'
== subiendo checkpoint previo (13M)
[colab] Uploaded '/home/maxi/Disco_de_Guardado/Carpetas_Usuario/Documentos/Nuevo Transformer/delta-archivo/micro_lm/ckpts/tp3_s0.pkl' to '/content/ck.pkl'
[colab] Uploaded '/home/maxi/Disco_de_Guardado/Carpetas_Usuario/Documentos/Nuevo Transformer/delta-archivo/micro_lm/ckpts/tp3_s0_fotos.json' to '/content/ck_fotos.json'
jax 0.11.1 | [CudaDevice(id=0)]
compuerta de padding OK
lanzado pid 1002
== polling cada 2 min (presupuesto ~40 min, tope 120)

VIVO= True ULTIMO= paso   2500  loss 5.1076  acc 0.0469  (314s) 
VIVO= True ULTIMO= paso   3000  loss 5.0014  acc 0.0156  (595s) 
   [checkpoint parcial guardado: paso 2000]
   [pelicula parcial: 3200 pasos]
VIVO= True ULTIMO= [paso 3001: pool de relleno (4096, 128) (real) en 10.7s] 
