== watchdog2 armado sobre /home/maxi/Disco_de_Guardado/Carpetas_Usuario/Documentos/Nuevo Transformer/delta-archivo/micro_lm/corridas_20260911/rotador_dp_0.log (rotador 569261)
== rotador2 · familia 'dp' · p_nose 0.4 · mezcla fija · piso 0.10 · p_vieja 0.35 · sello rel · pert 1 · topk 0/0 · relleno 3240 (real,viejo) · fotos 100 · unidades 3:0 · cuentas: M E
-- vuelta 1 · cuenta M · faltan: 3:0 · 08:09:19
   >> OTORGADA en M (T4): [tr2_m_0809] gpu-t4-s-kkb-usw4a0-13o0dx1c8mtkg | Hardware: T4 | Variant: GPU | Status: IDLE
   -> tramo 3:0 en M (desde el paso 0)
== tramo · cuenta M · sesion tr2_m_0809 · dp3_s0 · +2000 de 26000 pasos · p_nose 0.4 · abst cabeza · donde lat2 · mezcla fija · piso 0.10 · p_vieja 0.35 · blanco ausencia · kq 5 · ses-extra 0 · sello rel · pert 1 · micro 0 · b_eval 0 · formas directa · perdida bce · sembrar 0 · rec L=0.5 M=0.5 F=0.2 CE=1.0 RANK=0.0 · topk 0 desde 0 · relleno 3240 (real, viejo, cada 1000) · fotos 100
[colab] Uploaded '/tmp/tmp.S8xQMBdzWQ/micro.tgz' to '/content/micro.tgz'
== sin checkpoint local: se limpia /content/ck.pkl por si quedo de otra unidad
no habia ck_fotos.json
jax 0.11.1 | [CudaDevice(id=0)]
compuerta de padding OK
lanzado pid 2185
== polling cada 2 min (presupuesto ~40 min)
VIVO= True ULTIMO= W0911 11:10:19.814173    2204 cuda_timer.cc:88] Delay kernel timed out: measured time has sub-optimal accuracy. There may be a missing warmup execution, please investigate in Nsight Systems. 
VIVO= True ULTIMO= W0911 11:10:19.814173    2204 cuda_timer.cc:88] Delay kernel timed out: measured time has sub-optimal accuracy. There may be a missing warmup execution, please investigate in Nsight Systems. 
VIVO= True ULTIMO= paso    500  loss 5.2441  acc 0.0156  (317s) 
VIVO= True ULTIMO= paso    500  loss 5.2441  acc 0.0156  (317s) 
VIVO= True ULTIMO= paso   1000  loss 5.0103  acc 0.0000  (601s) 
VIVO= True ULTIMO= [paso 1001: pool de relleno (4096, 128) (real) en 10.8s] 
VIVO= True ULTIMO= [paso 1001: pool de relleno (4096, 128) (real) en 10.8s] 
   [checkpoint parcial guardado: paso 1000]
VIVO= True ULTIMO= paso   1500  loss 5.0147  acc 0.0000  (921s) 
VIVO= True ULTIMO= paso   1500  loss 5.0147  acc 0.0000  (921s) 
VIVO= False ULTIMO= listo: {'paso': 2000, 'truncados': 0.0, 'p_nose': 0.4, 'mezcla_usada': {'vigente': 0.39, 'anterior': 0.21, 'nose': 0.4}, 'mezcla_promedio': {'vigente': 0.39, 'anterior': 0.21, 'nose': 0.4}, 'p_vieja_tr': 0.35, 'p_nose_tr': 0.4, 'vigente': 0.021757125789383852, 'anterior': 0.0, 'nose': 0.0, 'nose_ent': 0.0, 'nose_rel': 0.0, 'falsa_abst': 0.0, 'abstencion': 0.0, 'topk': 0, 'archivo_corto': {'vigente': 0.004464285714285714, 'anterior': 0.0, 'nose': 0.0}, 'cruzada_largo': {'vigente': 0.013523391812865496, 'anterior': 0.0, 'nose': 0.0, 'nose_ent': 0.0, 'nose_rel': 0.0, 'falsa_abst': 0.0, 'abstencion': 0.0}} 
== tramo terminado
== bajando checkpoint
   checkpoint en /home/maxi/Disco_de_Guardado/Carpetas_Usuario/Documentos/Nuevo Transformer/delta-archivo/micro_lm/ckpts/dp3_s0.pkl (13M)
   pelicula en /home/maxi/Disco_de_Guardado/Carpetas_Usuario/Documentos/Nuevo Transformer/delta-archivo/micro_lm/ckpts/dp3_s0_fotos.json (20 cuadros)
   ultimo paso registrado: "paso": 2000
== fin del tramo (la sesion queda VIVA para el tramo siguiente; pararla con: colab stop -s tr2_m_0809)
   tramo de 3:0 cerrado en el paso 2000 de 26000
   tr2_m_0809 parada; pendientes ahora: 3:0
-- vuelta 1 · cuenta E · faltan: 3:0 · 08:30:42
   >> OTORGADA en E (T4): [tr2_e_0830] gpu-t4-s-kkb-ass1c1-1gk3plwxcc9wn | Hardware: T4 | Variant: GPU | Status: IDLE
   -> tramo 3:0 en E (desde el paso 2000)
== tramo · cuenta E · sesion tr2_e_0830 · dp3_s0 · +2000 de 26000 pasos · p_nose 0.4 · abst cabeza · donde lat2 · mezcla fija · piso 0.10 · p_vieja 0.35 · blanco ausencia · kq 5 · ses-extra 0 · sello rel · pert 1 · micro 0 · b_eval 0 · formas directa · perdida bce · sembrar 0 · rec L=0.5 M=0.5 F=0.2 CE=1.0 RANK=0.0 · topk 0 desde 0 · relleno 3240 (real, viejo, cada 1000) · fotos 100
[colab] Uploaded '/tmp/tmp.T1R4pzUvKY/micro.tgz' to '/content/micro.tgz'
== subiendo checkpoint previo (13M)
[colab] Uploaded '/home/maxi/Disco_de_Guardado/Carpetas_Usuario/Documentos/Nuevo Transformer/delta-archivo/micro_lm/ckpts/dp3_s0.pkl' to '/content/ck.pkl'
[colab] Uploaded '/home/maxi/Disco_de_Guardado/Carpetas_Usuario/Documentos/Nuevo Transformer/delta-archivo/micro_lm/ckpts/dp3_s0_fotos.json' to '/content/ck_fotos.json'
jax 0.11.1 | [CudaDevice(id=0)]
compuerta de padding OK
lanzado pid 973
== polling cada 2 min (presupuesto ~40 min, tope 120)
VIVO= True ULTIMO= fotos: cada 100 pasos -> /content/ck_fotos.json · pregunta: BOS cual es la altura de bosque ? · slots correctos [5] 
VIVO= True ULTIMO= fotos: cada 100 pasos -> /content/ck_fotos.json · pregunta: BOS cual es la altura de bosque ? · slots correctos [5] 
VIVO= True ULTIMO= paso   2500  loss 5.1495  acc 0.0312  (316s) 
   [checkpoint parcial guardado: paso 2000]
   [pelicula parcial: 2900 pasos]
VIVO= True ULTIMO= paso   2500  loss 5.1495  acc 0.0312  (316s) 
VIVO= True ULTIMO= [paso 3001: pool de relleno (4096, 128) (real) en 10.6s] 
VIVO= True ULTIMO= [paso 3001: pool de relleno (4096, 128) (real) en 10.6s] 
