== watchdog2 armado sobre /home/maxi/Disco_de_Guardado/Carpetas_Usuario/Documentos/Nuevo Transformer/delta-archivo/micro_lm/corridas_20260911/rotador_tp_2.log (rotador 541916)
== rotador2 · familia 'tp' · p_nose 0.4 · mezcla fija · piso 0.10 · p_vieja 0.35 · sello rel · pert 1 · topk 2/0 · relleno 3240 (real,viejo) · fotos 100 · unidades 3:2 · cuentas: L D
-- vuelta 1 · cuenta L · faltan: 3:2 · 08:06:47
   >> OTORGADA en L (T4): [tr2_l_0806] gpu-t4-s-kkb-euw4a1-1mxv47nsj67gm | Hardware: T4 | Variant: GPU | Status: IDLE
   -> tramo 3:2 en L (desde el paso 0)
== tramo · cuenta L · sesion tr2_l_0806 · tp3_s2 · +2000 de 26000 pasos · p_nose 0.4 · abst cabeza · donde lat2 · mezcla fija · piso 0.10 · p_vieja 0.35 · blanco ausencia · kq 5 · ses-extra 0 · sello rel · pert 1 · micro 0 · b_eval 0 · formas directa · perdida bce · sembrar 0 · rec L=0.5 M=0.5 F=0.2 CE=1.0 RANK=0.0 · topk 2 desde 0 · relleno 3240 (real, viejo, cada 1000) · fotos 100
[colab] Uploaded '/tmp/tmp.wmwlQnAnkD/micro.tgz' to '/content/micro.tgz'
== sin checkpoint local: se limpia /content/ck.pkl por si quedo de otra unidad
no habia ck_fotos.json
jax 0.11.1 | [CudaDevice(id=0)]
compuerta de padding OK
lanzado pid 755
== polling cada 2 min (presupuesto ~40 min)
VIVO= True ULTIMO= fotos: cada 100 pasos -> /content/ck_fotos.json · pregunta: BOS cual es la altura de bosque ? · slots correctos [5] 
VIVO= True ULTIMO= fotos: cada 100 pasos -> /content/ck_fotos.json · pregunta: BOS cual es la altura de bosque ? · slots correctos [5] 
VIVO= True ULTIMO= paso    500  loss 5.0595  acc 0.0000  (320s) 
VIVO= True ULTIMO= paso    500  loss 5.0595  acc 0.0000  (320s) 
VIVO= True ULTIMO= paso   1000  loss 5.1535  acc 0.0000  (606s) 
VIVO= True ULTIMO= [paso 1001: pool de relleno (4096, 128) (real) en 10.9s] 
VIVO= True ULTIMO= [paso 1001: pool de relleno (4096, 128) (real) en 10.9s] 
   [checkpoint parcial guardado: paso 1000]
VIVO= True ULTIMO= paso   1500  loss 5.7772  acc 0.0000  (931s) 
VIVO= True ULTIMO= paso   1500  loss 5.7772  acc 0.0000  (931s) 
VIVO= False ULTIMO= listo: {'paso': 2000, 'truncados': 0.0, 'p_nose': 0.4, 'mezcla_usada': {'vigente': 0.39, 'anterior': 0.21, 'nose': 0.4}, 'mezcla_promedio': {'vigente': 0.39, 'anterior': 0.21, 'nose': 0.4}, 'p_vieja_tr': 0.35, 'p_nose_tr': 0.4, 'vigente': 0.03077198503922642, 'anterior': 0.0, 'nose': 0.0, 'nose_ent': 0.0, 'nose_rel': 0.0, 'falsa_abst': 0.0, 'abstencion': 0.0, 'topk': 2, 'archivo_corto': {'vigente': 0.006583506583506584, 'anterior': 0.0, 'nose': 0.0}, 'cruzada_largo': {'vigente': 0.0079868154158215, 'anterior': 0.0, 'nose': 0.0, 'nose_ent': 0.0, 'nose_rel': 0.0, 'falsa_abst': 0.0, 'abstencion': 0.0}} 
== tramo terminado
== bajando checkpoint
   checkpoint en /home/maxi/Disco_de_Guardado/Carpetas_Usuario/Documentos/Nuevo Transformer/delta-archivo/micro_lm/ckpts/tp3_s2.pkl (13M)
   pelicula en /home/maxi/Disco_de_Guardado/Carpetas_Usuario/Documentos/Nuevo Transformer/delta-archivo/micro_lm/ckpts/tp3_s2_fotos.json (20 cuadros)
   ultimo paso registrado: "paso": 2000
== fin del tramo (la sesion queda VIVA para el tramo siguiente; pararla con: colab stop -s tr2_l_0806)
   tramo de 3:2 cerrado en el paso 2000 de 26000
   tr2_l_0806 parada; pendientes ahora: 3:2
-- vuelta 1 · cuenta D · faltan: 3:2 · 08:28:55
   >> OTORGADA en D (T4): [tr2_d_0828] gpu-t4-s-kkb-ass1c2-3pcfmv6zxbnjb | Hardware: T4 | Variant: GPU | Status: IDLE
   -> tramo 3:2 en D (desde el paso 2000)
== tramo · cuenta D · sesion tr2_d_0828 · tp3_s2 · +2000 de 26000 pasos · p_nose 0.4 · abst cabeza · donde lat2 · mezcla fija · piso 0.10 · p_vieja 0.35 · blanco ausencia · kq 5 · ses-extra 0 · sello rel · pert 1 · micro 0 · b_eval 0 · formas directa · perdida bce · sembrar 0 · rec L=0.5 M=0.5 F=0.2 CE=1.0 RANK=0.0 · topk 2 desde 0 · relleno 3240 (real, viejo, cada 1000) · fotos 100
[colab] Uploaded '/tmp/tmp.FvuN20eoaZ/micro.tgz' to '/content/micro.tgz'
== subiendo checkpoint previo (13M)
[colab] Uploaded '/home/maxi/Disco_de_Guardado/Carpetas_Usuario/Documentos/Nuevo Transformer/delta-archivo/micro_lm/ckpts/tp3_s2.pkl' to '/content/ck.pkl'
[colab] Uploaded '/home/maxi/Disco_de_Guardado/Carpetas_Usuario/Documentos/Nuevo Transformer/delta-archivo/micro_lm/ckpts/tp3_s2_fotos.json' to '/content/ck_fotos.json'
jax 0.11.1 | [CudaDevice(id=0)]
compuerta de padding OK
lanzado pid 2432
== polling cada 2 min (presupuesto ~40 min, tope 120)
VIVO= True ULTIMO= W0911 11:30:09.917556    2451 cuda_timer.cc:88] Delay kernel timed out: measured time has sub-optimal accuracy. There may be a missing warmup execution, please investigate in Nsight Systems. 
VIVO= True ULTIMO= W0911 11:30:09.917556    2451 cuda_timer.cc:88] Delay kernel timed out: measured time has sub-optimal accuracy. There may be a missing warmup execution, please investigate in Nsight Systems. 
VIVO= True ULTIMO= paso   2500  loss 5.0281  acc 0.0000  (313s) 
   [checkpoint parcial guardado: paso 2000]
   [pelicula parcial: 2800 pasos]
VIVO= True ULTIMO= paso   2500  loss 5.0281  acc 0.0000  (313s) 
VIVO= True ULTIMO= [paso 3001: pool de relleno (4096, 128) (real) en 10.5s] 
VIVO= True ULTIMO= [paso 3001: pool de relleno (4096, 128) (real) en 10.5s] 
VIVO= True ULTIMO= [paso 3001: pool de relleno (4096, 128) (real) en 10.5s] 
