== watchdog2 armado sobre /home/maxi/Disco_de_Guardado/Carpetas_Usuario/Documentos/Nuevo Transformer/delta-archivo/micro_lm/corridas_20260911/rotador_ts3_s0.log (rotador 1114210)
== rotador2 · familia 'ts' · p_nose 0.4 · mezcla fija · piso 0.10 · p_vieja 0.35 · sello rel · pert 1 · topk 2/0 · relleno 3240 (real,viejo) · fotos 25 · unidades 3:0 · cuentas: H G
-- vuelta 1 · cuenta H · faltan: 3:0 · 09:01:09
   >> OTORGADA en H (T4): [tr2_h_0901] gpu-t4-s-kkb-ass1a2-y68xv0f0csl6 | Hardware: T4 | Variant: GPU | Status: IDLE
   -> tramo 3:0 en H (desde el paso 0)
== tramo · cuenta H · sesion tr2_h_0901 · ts3_s0 · +2000 de 8000 pasos · p_nose 0.4 · abst cabeza · donde lat2 · mezcla fija · piso 0.10 · p_vieja 0.35 · blanco ausencia · kq 5 · ses-extra 0 · sello rel · pert 1 · micro 0 · b_eval 0 · formas directa · perdida bce · sembrar 0 · rec L=0.5 M=0.5 F=0.2 CE=1.0 RANK=0.0 · topk 2 desde 0 · relleno 3240 (real, viejo, cada 1000) · fotos 25
[colab] Uploaded '/tmp/tmp.AGoKFjwF5p/micro.tgz' to '/content/micro.tgz'
== subiendo checkpoint previo (3,4M)
[colab] Uploaded '/home/maxi/Disco_de_Guardado/Carpetas_Usuario/Documentos/Nuevo Transformer/delta-archivo/micro_lm/ckpts/ts3_s0.pkl' to '/content/ck.pkl'
jax 0.11.1 | [CudaDevice(id=0)]
compuerta de padding OK
lanzado pid 4804
== polling cada 2 min (presupuesto ~40 min, tope 120)
VIVO= True ULTIMO= W0911 12:02:30.556636    4827 cuda_timer.cc:88] Delay kernel timed out: measured time has sub-optimal accuracy. There may be a missing warmup execution, please investigate in Nsight Systems. 
VIVO= True ULTIMO= W0911 12:02:30.556636    4827 cuda_timer.cc:88] Delay kernel timed out: measured time has sub-optimal accuracy. There may be a missing warmup execution, please investigate in Nsight Systems. 
VIVO= True ULTIMO= ── eval: vigente 0.9829 · anterior 1.0000 · abstencion 0.4238 · truncados 0.0000 · nose 0.9865 (ent 0.9822/rel 0.9917) · falsa_abst 0.0064 
   [checkpoint parcial guardado: paso 500]
   [pelicula parcial: 775 pasos]
VIVO= True ULTIMO= ── eval: vigente 0.9829 · anterior 1.0000 · abstencion 0.4238 · truncados 0.0000 · nose 0.9865 (ent 0.9822/rel 0.9917) · falsa_abst 0.0064 
VIVO= True ULTIMO= paso   1000  loss 0.1111  acc 0.9844  (621s) 
VIVO= True ULTIMO= [paso 1001: pool de relleno (4096, 128) (real) en 9.6s] 
VIVO= True ULTIMO= [paso 1001: pool de relleno (4096, 128) (real) en 9.6s] 
   [checkpoint parcial guardado: paso 1000]
   [pelicula parcial: 1600 pasos]
VIVO= True ULTIMO= ── eval: vigente 0.9711 · anterior 1.0000 · abstencion 0.4297 · truncados 0.0000 · nose 0.9863 (ent 0.9911/rel 0.9827) · falsa_abst 0.0164 
VIVO= True ULTIMO= ── eval: vigente 0.9711 · anterior 1.0000 · abstencion 0.4297 · truncados 0.0000 · nose 0.9863 (ent 0.9911/rel 0.9827) · falsa_abst 0.0164 
VIVO= False ULTIMO= listo: {'paso': 2000, 'truncados': 0.0, 'p_nose': 0.4, 'mezcla_usada': {'vigente': 0.39, 'anterior': 0.21, 'nose': 0.4}, 'mezcla_promedio': {'vigente': 0.39, 'anterior': 0.21, 'nose': 0.4}, 'p_vieja_tr': 0.35, 'p_nose_tr': 0.4, 'vigente': 0.9821097883597885, 'anterior': 0.9861111111111112, 'nose': 0.9710266644944064, 'nose_ent': 0.9681547619047619, 'nose_rel': 0.9731227106227107, 'falsa_abst': 0.0033783783783783786, 'abstencion': 0.416015625, 'topk': 2, 'archivo_corto': {'vigente': 0.8653376588981638, 'anterior': 0.509672619047619, 'nose': 0.23951322149984913}, 'cruzada_largo': {'vigente': 0.5611277150253722, 'anterior': 0.825, 'nose': 0.2945607031067183, 'nose_ent': 0.3329795204795205, 'nose_rel': 0.2652853725222146, 'falsa_abst': 0.05174200233549888, 'abstencion': 0.142578125}} 
== tramo terminado
== bajando checkpoint
   checkpoint en /home/maxi/Disco_de_Guardado/Carpetas_Usuario/Documentos/Nuevo Transformer/delta-archivo/micro_lm/ckpts/ts3_s0.pkl (10M)
   pelicula en /home/maxi/Disco_de_Guardado/Carpetas_Usuario/Documentos/Nuevo Transformer/delta-archivo/micro_lm/ckpts/ts3_s0_fotos.json (80 cuadros)
   ultimo paso registrado: "paso": 2000
== fin del tramo (la sesion queda VIVA para el tramo siguiente; pararla con: colab stop -s tr2_h_0901)
   tramo de 3:0 cerrado en el paso 2000 de 8000
   tr2_h_0901 parada; pendientes ahora: 3:0
-- vuelta 1 · cuenta G · faltan: 3:0 · 09:23:36
   >> OTORGADA en G (T4): [tr2_g_0923] gpu-t4-s-kkb-use1c2-3h8axqwxuaklf | Hardware: T4 | Variant: GPU | Status: IDLE
   -> tramo 3:0 en G (desde el paso 2000)
== tramo · cuenta G · sesion tr2_g_0923 · ts3_s0 · +2000 de 8000 pasos · p_nose 0.4 · abst cabeza · donde lat2 · mezcla fija · piso 0.10 · p_vieja 0.35 · blanco ausencia · kq 5 · ses-extra 0 · sello rel · pert 1 · micro 0 · b_eval 0 · formas directa · perdida bce · sembrar 0 · rec L=0.5 M=0.5 F=0.2 CE=1.0 RANK=0.0 · topk 2 desde 0 · relleno 3240 (real, viejo, cada 1000) · fotos 25
[colab] Uploaded '/tmp/tmp.K0MsXUxgyJ/micro.tgz' to '/content/micro.tgz'
== subiendo checkpoint previo (10M)
[colab] Uploaded '/home/maxi/Disco_de_Guardado/Carpetas_Usuario/Documentos/Nuevo Transformer/delta-archivo/micro_lm/ckpts/ts3_s0.pkl' to '/content/ck.pkl'
[colab] Uploaded '/home/maxi/Disco_de_Guardado/Carpetas_Usuario/Documentos/Nuevo Transformer/delta-archivo/micro_lm/ckpts/ts3_s0_fotos.json' to '/content/ck_fotos.json'
jax 0.11.1 | [CudaDevice(id=0)]
compuerta de padding OK
lanzado pid 2335
== polling cada 2 min (presupuesto ~40 min, tope 120)
VIVO= True ULTIMO= W0911 12:24:46.892152    2362 cuda_timer.cc:88] Delay kernel timed out: measured time has sub-optimal accuracy. There may be a missing warmup execution, please investigate in Nsight Systems. 
VIVO= True ULTIMO= W0911 12:24:46.892152    2362 cuda_timer.cc:88] Delay kernel timed out: measured time has sub-optimal accuracy. There may be a missing warmup execution, please investigate in Nsight Systems. 
VIVO= True ULTIMO= paso   2500  loss 0.0113  acc 1.0000  (333s) 
   [checkpoint parcial guardado: paso 2000]
   [pelicula parcial: 2725 pasos]
VIVO= True ULTIMO= ── eval: vigente 0.9915 · anterior 1.0000 · abstencion 0.4180 · truncados 0.0000 · nose 0.9714 (ent 0.9837/rel 0.9606) · falsa_abst 0.0066 
VIVO= True ULTIMO= ── eval: vigente 0.9915 · anterior 1.0000 · abstencion 0.4180 · truncados 0.0000 · nose 0.9714 (ent 0.9837/rel 0.9606) · falsa_abst 0.0066 
VIVO= True ULTIMO= [paso 3001: pool de relleno (4096, 128) (real) en 11.7s] 
VIVO= True ULTIMO= [paso 3001: pool de relleno (4096, 128) (real) en 11.7s] 
   [checkpoint parcial guardado: paso 3000]
   [pelicula parcial: 3500 pasos]
VIVO= True ULTIMO= [paso 3001: pool de relleno (4096, 128) (real) en 11.7s] 
VIVO= True ULTIMO= ── eval: vigente 0.9960 · anterior 1.0000 · abstencion 0.4219 · truncados 0.0000 · nose 0.9911 (ent 1.0000/rel 0.9821) · falsa_abst 0.0000 
VIVO= True ULTIMO= ── eval: vigente 0.9960 · anterior 1.0000 · abstencion 0.4219 · truncados 0.0000 · nose 0.9911 (ent 1.0000/rel 0.9821) · falsa_abst 0.0000 
VIVO= False ULTIMO= listo: {'paso': 4000, 'truncados': 0.0, 'p_nose': 0.4, 'mezcla_usada': {'vigente': 0.39, 'anterior': 0.21, 'nose': 0.4}, 'mezcla_promedio': {'vigente': 0.39, 'anterior': 0.21, 'nose': 0.4}, 'p_vieja_tr': 0.35, 'p_nose_tr': 0.4, 'vigente': 1.0, 'anterior': 0.9791666666666667, 'nose': 1.0, 'nose_ent': 1.0, 'nose_rel': 1.0, 'falsa_abst': 0.0, 'abstencion': 0.42578125, 'topk': 2, 'archivo_corto': {'vigente': 0.7499654537039773, 'anterior': 0.49280753968253965, 'nose': 0.19142193496185855}, 'cruzada_largo': {'vigente': 0.598704646264761, 'anterior': 0.7302083333333333, 'nose': 0.38070672106725234, 'nose_ent': 0.3617195304695304, 'nose_rel': 0.41704830257461833, 'falsa_abst': 0.04860294178364763, 'abstencion': 0.173828125}} 
== tramo terminado
== bajando checkpoint
   checkpoint en /home/maxi/Disco_de_Guardado/Carpetas_Usuario/Documentos/Nuevo Transformer/delta-archivo/micro_lm/ckpts/ts3_s0.pkl (10M)
   pelicula en /home/maxi/Disco_de_Guardado/Carpetas_Usuario/Documentos/Nuevo Transformer/delta-archivo/micro_lm/ckpts/ts3_s0_fotos.json (160 cuadros)
   ultimo paso registrado: "paso": 4000
== fin del tramo (la sesion queda VIVA para el tramo siguiente; pararla con: colab stop -s tr2_g_0923)
   tramo de 3:0 cerrado en el paso 4000 de 8000
   tr2_g_0923 parada; pendientes ahora: 3:0
-- vuelta 1 recorrida entera sin T4 en ninguna; descanso 10 min
-- H la esta usando otro proceso, se saltea
-- vuelta 2 · cuenta G · faltan: 3:0 · 09:57:12
   >> OTORGADA en G (T4): [tr2_g_0957] gpu-t4-s-kkb-usw1b2-1nkhu0pqznnar | Hardware: T4 | Variant: GPU | Status: IDLE
   -> tramo 3:0 en G (desde el paso 4000)
== tramo · cuenta G · sesion tr2_g_0957 · ts3_s0 · +2000 de 8000 pasos · p_nose 0.4 · abst cabeza · donde lat2 · mezcla fija · piso 0.10 · p_vieja 0.35 · blanco ausencia · kq 5 · ses-extra 0 · sello rel · pert 1 · micro 0 · b_eval 0 · formas directa · perdida bce · sembrar 0 · rec L=0.5 M=0.5 F=0.2 CE=1.0 RANK=0.0 · topk 2 desde 0 · relleno 3240 (real, viejo, cada 1000) · fotos 25 · ses-extra-sin-grad 0
[colab] Uploaded '/tmp/tmp.uHcycHNOkC/micro.tgz' to '/content/micro.tgz'
== subiendo checkpoint previo (10M)
[colab] Uploaded '/home/maxi/Disco_de_Guardado/Carpetas_Usuario/Documentos/Nuevo Transformer/delta-archivo/micro_lm/ckpts/ts3_s0.pkl' to '/content/ck.pkl'
[colab] Uploaded '/home/maxi/Disco_de_Guardado/Carpetas_Usuario/Documentos/Nuevo Transformer/delta-archivo/micro_lm/ckpts/ts3_s0_fotos.json' to '/content/ck_fotos.json'
jax 0.11.1 | [CudaDevice(id=0)]
compuerta de padding OK
lanzado pid 6067
== polling cada 2 min (presupuesto ~40 min, tope 120)
VIVO= True ULTIMO= fotos: cada 25 pasos -> /content/ck_fotos.json · pregunta: BOS cual es la altura de bosque ? · slots correctos [5] 
VIVO= True ULTIMO= fotos: cada 25 pasos -> /content/ck_fotos.json · pregunta: BOS cual es la altura de bosque ? · slots correctos [5] 
VIVO= True ULTIMO= ── eval: vigente 1.0000 · anterior 1.0000 · abstencion 0.4258 · truncados 0.0000 · nose 1.0000 (ent 1.0000/rel 1.0000) · falsa_abst 0.0000 
   [checkpoint parcial guardado: paso 4500]
   [pelicula parcial: 4725 pasos]
VIVO= True ULTIMO= ── eval: vigente 1.0000 · anterior 1.0000 · abstencion 0.4258 · truncados 0.0000 · nose 1.0000 (ent 1.0000/rel 1.0000) · falsa_abst 0.0000 
VIVO= True ULTIMO= ── eval: vigente 1.0000 · anterior 1.0000 · abstencion 0.4258 · truncados 0.0000 · nose 1.0000 (ent 1.0000/rel 1.0000) · falsa_abst 0.0000 
VIVO= True ULTIMO= [paso 5001: pool de relleno (4096, 128) (real) en 10.7s] 
VIVO= True ULTIMO= [paso 5001: pool de relleno (4096, 128) (real) en 10.7s] 
   [checkpoint parcial guardado: paso 5000]
   [pelicula parcial: 5500 pasos]
VIVO= True ULTIMO= paso   5500  loss 0.0006  acc 1.0000  (980s) 
VIVO= True ULTIMO= ── eval: vigente 1.0000 · anterior 1.0000 · abstencion 0.4258 · truncados 0.0000 · nose 1.0000 (ent 1.0000/rel 1.0000) · falsa_abst 0.0000 
VIVO= True ULTIMO= ── eval: vigente 1.0000 · anterior 1.0000 · abstencion 0.4258 · truncados 0.0000 · nose 1.0000 (ent 1.0000/rel 1.0000) · falsa_abst 0.0000 
VIVO= False ULTIMO= listo: {'paso': 6000, 'truncados': 0.0, 'p_nose': 0.4, 'mezcla_usada': {'vigente': 0.39, 'anterior': 0.21, 'nose': 0.4}, 'mezcla_promedio': {'vigente': 0.39, 'anterior': 0.21, 'nose': 0.4}, 'p_vieja_tr': 0.35, 'p_nose_tr': 0.4, 'vigente': 1.0, 'anterior': 1.0, 'nose': 1.0, 'nose_ent': 1.0, 'nose_rel': 1.0, 'falsa_abst': 0.0, 'abstencion': 0.42578125, 'topk': 2, 'archivo_corto': {'vigente': 0.6046206809097809, 'anterior': 0.4551587301587302, 'nose': 0.4243357248027292}, 'cruzada_largo': {'vigente': 0.36892500602524037, 'anterior': 0.7852678571428571, 'nose': 0.7050746762724941, 'nose_ent': 0.6503912753912754, 'nose_rel': 0.7562514240145819, 'falsa_abst': 0.37856813264666106, 'abstencion': 0.5}} 
== tramo terminado
== bajando checkpoint
   checkpoint en /home/maxi/Disco_de_Guardado/Carpetas_Usuario/Documentos/Nuevo Transformer/delta-archivo/micro_lm/ckpts/ts3_s0.pkl (10M)
   pelicula en /home/maxi/Disco_de_Guardado/Carpetas_Usuario/Documentos/Nuevo Transformer/delta-archivo/micro_lm/ckpts/ts3_s0_fotos.json (240 cuadros)
   ultimo paso registrado: "paso": 6000
== fin del tramo (la sesion queda VIVA para el tramo siguiente; pararla con: colab stop -s tr2_g_0957)
   tramo de 3:0 cerrado en el paso 6000 de 8000
   tr2_g_0957 parada; pendientes ahora: 3:0
-- vuelta 2 recorrida entera sin T4 en ninguna; descanso 10 min
-- H la esta usando otro proceso, se saltea
-- vuelta 3 · cuenta G · faltan: 3:0 · 10:30:57
   >> OTORGADA en G (T4): [tr2_g_1030] gpu-t4-s-kkb-usw4a1-15ndb0hxklsnd | Hardware: T4 | Variant: GPU | Status: IDLE
   -> tramo 3:0 en G (desde el paso 6000)
== tramo · cuenta G · sesion tr2_g_1030 · ts3_s0 · +2000 de 8000 pasos · p_nose 0.4 · abst cabeza · donde lat2 · mezcla fija · piso 0.10 · p_vieja 0.35 · blanco ausencia · kq 5 · ses-extra 0 · sello rel · pert 1 · micro 0 · b_eval 0 · formas directa · perdida bce · sembrar 0 · rec L=0.5 M=0.5 F=0.2 CE=1.0 RANK=0.0 · topk 2 desde 0 · relleno 3240 (real, viejo, cada 1000) · fotos 25 · ses-extra-sin-grad 0
[colab] Uploaded '/tmp/tmp.yi9uOyvHAp/micro.tgz' to '/content/micro.tgz'
== subiendo checkpoint previo (10M)
[colab] Uploaded '/home/maxi/Disco_de_Guardado/Carpetas_Usuario/Documentos/Nuevo Transformer/delta-archivo/micro_lm/ckpts/ts3_s0.pkl' to '/content/ck.pkl'
[colab] Uploaded '/home/maxi/Disco_de_Guardado/Carpetas_Usuario/Documentos/Nuevo Transformer/delta-archivo/micro_lm/ckpts/ts3_s0_fotos.json' to '/content/ck_fotos.json'
jax 0.11.1 | [CudaDevice(id=0)]
compuerta de padding OK
lanzado pid 2426
== polling cada 2 min (presupuesto ~40 min, tope 120)
VIVO= True ULTIMO= fotos: cada 25 pasos -> /content/ck_fotos.json · pregunta: BOS cual es la altura de bosque ? · slots correctos [5] 
VIVO= True ULTIMO= fotos: cada 25 pasos -> /content/ck_fotos.json · pregunta: BOS cual es la altura de bosque ? · slots correctos [5] 
VIVO= True ULTIMO= ── eval: vigente 1.0000 · anterior 1.0000 · abstencion 0.4258 · truncados 0.0000 · nose 1.0000 (ent 1.0000/rel 1.0000) · falsa_abst 0.0000 
   [checkpoint parcial guardado: paso 6500]
   [pelicula parcial: 6700 pasos]
VIVO= True ULTIMO= ── eval: vigente 1.0000 · anterior 1.0000 · abstencion 0.4258 · truncados 0.0000 · nose 1.0000 (ent 1.0000/rel 1.0000) · falsa_abst 0.0000 
VIVO= True ULTIMO= ── eval: vigente 1.0000 · anterior 1.0000 · abstencion 0.4258 · truncados 0.0000 · nose 1.0000 (ent 1.0000/rel 1.0000) · falsa_abst 0.0000 
VIVO= True ULTIMO= [paso 7001: pool de relleno (4096, 128) (real) en 10.6s] 
VIVO= True ULTIMO= [paso 7001: pool de relleno (4096, 128) (real) en 10.6s] 
   [checkpoint parcial guardado: paso 7000]
   [pelicula parcial: 7475 pasos]
VIVO= True ULTIMO= [paso 7001: pool de relleno (4096, 128) (real) en 10.6s] 
VIVO= True ULTIMO= ── eval: vigente 1.0000 · anterior 1.0000 · abstencion 0.4258 · truncados 0.0000 · nose 1.0000 (ent 1.0000/rel 1.0000) · falsa_abst 0.0000 
VIVO= True ULTIMO= ── eval: vigente 1.0000 · anterior 1.0000 · abstencion 0.4258 · truncados 0.0000 · nose 1.0000 (ent 1.0000/rel 1.0000) · falsa_abst 0.0000 
VIVO= False ULTIMO= listo: {'paso': 8000, 'truncados': 0.0, 'p_nose': 0.4, 'mezcla_usada': {'vigente': 0.39, 'anterior': 0.21, 'nose': 0.4}, 'mezcla_promedio': {'vigente': 0.39, 'anterior': 0.21, 'nose': 0.4}, 'p_vieja_tr': 0.35, 'p_nose_tr': 0.4, 'vigente': 1.0, 'anterior': 1.0, 'nose': 1.0, 'nose_ent': 1.0, 'nose_rel': 1.0, 'falsa_abst': 0.0, 'abstencion': 0.42578125, 'topk': 2, 'archivo_corto': {'vigente': 0.5786863524806569, 'anterior': 0.3702876984126984, 'nose': 0.3890370610905505}, 'cruzada_largo': {'vigente': 0.38619140345277825, 'anterior': 0.7706845238095239, 'nose': 0.6144049935937981, 'nose_ent': 0.6009927572427572, 'nose_rel': 0.6443376433508012, 'falsa_abst': 0.3895524281132857, 'abstencion': 0.4765625}} 
== tramo terminado
== bajando checkpoint
   checkpoint en /home/maxi/Disco_de_Guardado/Carpetas_Usuario/Documentos/Nuevo Transformer/delta-archivo/micro_lm/ckpts/ts3_s0.pkl (10M)
   pelicula en /home/maxi/Disco_de_Guardado/Carpetas_Usuario/Documentos/Nuevo Transformer/delta-archivo/micro_lm/ckpts/ts3_s0_fotos.json (320 cuadros)
   ultimo paso registrado: "paso": 8000
== fin del tramo (la sesion queda VIVA para el tramo siguiente; pararla con: colab stop -s tr2_g_1030)
   tramo de 3:0 cerrado en el paso 8000 de 8000
   tr2_g_1030 parada; pendientes ahora: 
-- vuelta 3 recorrida entera sin T4 en ninguna; descanso 10 min
== todo completo
