== watchdog2 armado sobre /home/maxi/Disco_de_Guardado/Carpetas_Usuario/Documentos/Nuevo Transformer/delta-archivo/micro_lm/corridas_20260911/rotador_tf3_s0.log (rotador 1453958)
== rotador2 · familia 'tf' · p_nose 0.4 · mezcla fija · piso 0.10 · p_vieja 0.35 · sello rel · pert 1 · topk 2/0 · relleno 0 (real,solapado) · fotos 25 · unidades 3:0 · cuentas: K C
-- vuelta 1 · cuenta K · faltan: 3:0 · 09:32:23
   >> OTORGADA en K (T4): [tr2_k_0932] gpu-t4-s-kkb-use1c1-1w2tphlxcusoc | Hardware: T4 | Variant: GPU | Status: IDLE
   -> tramo 3:0 en K (desde el paso 0)
== tramo · cuenta K · sesion tr2_k_0932 · tf3_s0 · +2000 de 8000 pasos · p_nose 0.4 · abst cabeza · donde lat2 · mezcla fija · piso 0.10 · p_vieja 0.35 · blanco ausencia · kq 5 · ses-extra 36 · sello rel · pert 1 · micro 0 · b_eval 0 · formas directa · perdida bce · sembrar 0 · rec L=0.5 M=0.5 F=0.2 CE=1.0 RANK=0.0 · topk 2 desde 0 · relleno 0 (real, solapado, cada 1000) · fotos 25 · ses-extra-sin-grad 1
[colab] Uploaded '/tmp/tmp.pV2kTVH8Eb/micro.tgz' to '/content/micro.tgz'
== subiendo checkpoint previo (3,4M)
[colab] Uploaded '/home/maxi/Disco_de_Guardado/Carpetas_Usuario/Documentos/Nuevo Transformer/delta-archivo/micro_lm/ckpts/tf3_s0.pkl' to '/content/ck.pkl'
jax 0.11.1 | [CudaDevice(id=0)]
compuerta de padding OK
lanzado pid 2587
== polling cada 2 min (presupuesto ~40 min, tope 120)
VIVO= True ULTIMO= W0911 12:33:16.196187    2611 cuda_timer.cc:88] Delay kernel timed out: measured time has sub-optimal accuracy. There may be a missing warmup execution, please investigate in Nsight Systems. 
VIVO= True ULTIMO= W0911 12:33:16.196187    2611 cuda_timer.cc:88] Delay kernel timed out: measured time has sub-optimal accuracy. There may be a missing warmup execution, please investigate in Nsight Systems. 
VIVO= True ULTIMO= W0911 12:33:16.196187    2611 cuda_timer.cc:88] Delay kernel timed out: measured time has sub-optimal accuracy. There may be a missing warmup execution, please investigate in Nsight Systems. 
   [checkpoint parcial guardado: paso ]
   [pelicula parcial: 175 pasos]
VIVO= True ULTIMO= W0911 12:33:16.196187    2611 cuda_timer.cc:88] Delay kernel timed out: measured time has sub-optimal accuracy. There may be a missing warmup execution, please investigate in Nsight Systems. 
VIVO= True ULTIMO= W0911 12:33:16.196187    2611 cuda_timer.cc:88] Delay kernel timed out: measured time has sub-optimal accuracy. There may be a missing warmup execution, please investigate in Nsight Systems. 
VIVO= True ULTIMO= W0911 12:33:16.196187    2611 cuda_timer.cc:88] Delay kernel timed out: measured time has sub-optimal accuracy. There may be a missing warmup execution, please investigate in Nsight Systems. 
VIVO= True ULTIMO= W0911 12:33:16.196187    2611 cuda_timer.cc:88] Delay kernel timed out: measured time has sub-optimal accuracy. There may be a missing warmup execution, please investigate in Nsight Systems. 
   [checkpoint parcial guardado: paso ]
   [pelicula parcial: 375 pasos]
VIVO= True ULTIMO= W0911 12:33:16.196187    2611 cuda_timer.cc:88] Delay kernel timed out: measured time has sub-optimal accuracy. There may be a missing warmup execution, please investigate in Nsight Systems. 
VIVO= True ULTIMO= W0911 12:33:16.196187    2611 cuda_timer.cc:88] Delay kernel timed out: measured time has sub-optimal accuracy. There may be a missing warmup execution, please investigate in Nsight Systems. 
VIVO= True ULTIMO= W0911 12:33:16.196187    2611 cuda_timer.cc:88] Delay kernel timed out: measured time has sub-optimal accuracy. There may be a missing warmup execution, please investigate in Nsight Systems. 
VIVO= True ULTIMO= ── eval: vigente 0.1668 · anterior 0.0387 · abstencion 0.4824 · truncados 0.0000 · nose 0.5270 (ent 0.5299/rel 0.5268) · falsa_abst 0.4489 
   [checkpoint parcial guardado: paso 500]
   [pelicula parcial: 575 pasos]
VIVO= True ULTIMO= ── eval: vigente 0.1668 · anterior 0.0387 · abstencion 0.4824 · truncados 0.0000 · nose 0.5270 (ent 0.5299/rel 0.5268) · falsa_abst 0.4489 
VIVO= True ULTIMO= ── eval: vigente 0.1668 · anterior 0.0387 · abstencion 0.4824 · truncados 0.0000 · nose 0.5270 (ent 0.5299/rel 0.5268) · falsa_abst 0.4489 
VIVO= True ULTIMO= ── eval: vigente 0.1668 · anterior 0.0387 · abstencion 0.4824 · truncados 0.0000 · nose 0.5270 (ent 0.5299/rel 0.5268) · falsa_abst 0.4489 
VIVO= True ULTIMO= ── eval: vigente 0.1668 · anterior 0.0387 · abstencion 0.4824 · truncados 0.0000 · nose 0.5270 (ent 0.5299/rel 0.5268) · falsa_abst 0.4489 
   [checkpoint parcial guardado: paso 500]
   [pelicula parcial: 800 pasos]
VIVO= True ULTIMO= ── eval: vigente 0.1668 · anterior 0.0387 · abstencion 0.4824 · truncados 0.0000 · nose 0.5270 (ent 0.5299/rel 0.5268) · falsa_abst 0.4489 
VIVO= True ULTIMO= ── eval: vigente 0.1668 · anterior 0.0387 · abstencion 0.4824 · truncados 0.0000 · nose 0.5270 (ent 0.5299/rel 0.5268) · falsa_abst 0.4489 
VIVO= True ULTIMO= ── eval: vigente 0.1668 · anterior 0.0387 · abstencion 0.4824 · truncados 0.0000 · nose 0.5270 (ent 0.5299/rel 0.5268) · falsa_abst 0.4489 
VIVO= True ULTIMO= ── eval: vigente 0.1668 · anterior 0.0387 · abstencion 0.4824 · truncados 0.0000 · nose 0.5270 (ent 0.5299/rel 0.5268) · falsa_abst 0.4489 
   [checkpoint parcial guardado: paso 500]
   [pelicula parcial: 1000 pasos]
VIVO= True ULTIMO= ── eval: vigente 0.0239 · anterior 0.0000 · abstencion 0.0000 · truncados 0.0000 · nose 0.0000 (ent 0.0000/rel 0.0000) · falsa_abst 0.0000 
VIVO= True ULTIMO= ── eval: vigente 0.0239 · anterior 0.0000 · abstencion 0.0000 · truncados 0.0000 · nose 0.0000 (ent 0.0000/rel 0.0000) · falsa_abst 0.0000 
VIVO= True ULTIMO= ── eval: vigente 0.0239 · anterior 0.0000 · abstencion 0.0000 · truncados 0.0000 · nose 0.0000 (ent 0.0000/rel 0.0000) · falsa_abst 0.0000 
VIVO= True ULTIMO= ── eval: vigente 0.0239 · anterior 0.0000 · abstencion 0.0000 · truncados 0.0000 · nose 0.0000 (ent 0.0000/rel 0.0000) · falsa_abst 0.0000 
   [checkpoint parcial guardado: paso 1000]
   [pelicula parcial: 1200 pasos]
VIVO= True ULTIMO= ── eval: vigente 0.0239 · anterior 0.0000 · abstencion 0.0000 · truncados 0.0000 · nose 0.0000 (ent 0.0000/rel 0.0000) · falsa_abst 0.0000 
VIVO= True ULTIMO= ── eval: vigente 0.0239 · anterior 0.0000 · abstencion 0.0000 · truncados 0.0000 · nose 0.0000 (ent 0.0000/rel 0.0000) · falsa_abst 0.0000 
VIVO= True ULTIMO= ── eval: vigente 0.0239 · anterior 0.0000 · abstencion 0.0000 · truncados 0.0000 · nose 0.0000 (ent 0.0000/rel 0.0000) · falsa_abst 0.0000 
VIVO= True ULTIMO= ── eval: vigente 0.0239 · anterior 0.0000 · abstencion 0.0000 · truncados 0.0000 · nose 0.0000 (ent 0.0000/rel 0.0000) · falsa_abst 0.0000 
   [checkpoint parcial guardado: paso 1000]
   [pelicula parcial: 1400 pasos]
VIVO= True ULTIMO= ── eval: vigente 0.0239 · anterior 0.0000 · abstencion 0.0000 · truncados 0.0000 · nose 0.0000 (ent 0.0000/rel 0.0000) · falsa_abst 0.0000 

!! sesion perdida — el checkpoint de la PC conserva el ultimo tramo bajado
== fin del tramo (la sesion queda VIVA para el tramo siguiente; pararla con: colab stop -s tr2_k_0932)
   tramo de 3:0 cerrado en el paso 1000 de 8000
   tr2_k_0932 parada; pendientes ahora: 3:0
-- vuelta 1 · cuenta C · faltan: 3:0 · 10:33:10
   >> OTORGADA en C (T4): [tr2_c_1033] gpu-t4-s-kkb-usw4a1-tank3t1gd830 | Hardware: T4 | Variant: GPU | Status: IDLE
   -> tramo 3:0 en C (desde el paso 1000)
== tramo · cuenta C · sesion tr2_c_1033 · tf3_s0 · +2000 de 8000 pasos · p_nose 0.4 · abst cabeza · donde lat2 · mezcla fija · piso 0.10 · p_vieja 0.35 · blanco ausencia · kq 5 · ses-extra 36 · sello rel · pert 1 · micro 0 · b_eval 0 · formas directa · perdida bce · sembrar 0 · rec L=0.5 M=0.5 F=0.2 CE=1.0 RANK=0.0 · topk 2 desde 0 · relleno 0 (real, solapado, cada 1000) · fotos 25 · ses-extra-sin-grad 1
[colab] Uploaded '/tmp/tmp.hPtctyWT9u/micro.tgz' to '/content/micro.tgz'
== subiendo checkpoint previo (10M)
[colab] Uploaded '/home/maxi/Disco_de_Guardado/Carpetas_Usuario/Documentos/Nuevo Transformer/delta-archivo/micro_lm/ckpts/tf3_s0.pkl' to '/content/ck.pkl'
[colab] Uploaded '/home/maxi/Disco_de_Guardado/Carpetas_Usuario/Documentos/Nuevo Transformer/delta-archivo/micro_lm/ckpts/tf3_s0_fotos.json' to '/content/ck_fotos.json'
jax 0.11.1 | [CudaDevice(id=0)]
compuerta de padding OK
lanzado pid 1904
== polling cada 2 min (presupuesto ~40 min, tope 120)
VIVO= True ULTIMO= fotos: cada 25 pasos -> /content/ck_fotos.json · pregunta: BOS cual es la altura de bosque ? · slots correctos [5] 
VIVO= True ULTIMO= fotos: cada 25 pasos -> /content/ck_fotos.json · pregunta: BOS cual es la altura de bosque ? · slots correctos [5] 
VIVO= True ULTIMO= fotos: cada 25 pasos -> /content/ck_fotos.json · pregunta: BOS cual es la altura de bosque ? · slots correctos [5] 
   [checkpoint parcial guardado: paso 1000]
   [pelicula parcial: 1200 pasos]
VIVO= True ULTIMO= fotos: cada 25 pasos -> /content/ck_fotos.json · pregunta: BOS cual es la altura de bosque ? · slots correctos [5] 
VIVO= True ULTIMO= fotos: cada 25 pasos -> /content/ck_fotos.json · pregunta: BOS cual es la altura de bosque ? · slots correctos [5] 
VIVO= True ULTIMO= fotos: cada 25 pasos -> /content/ck_fotos.json · pregunta: BOS cual es la altura de bosque ? · slots correctos [5] 
VIVO= True ULTIMO= fotos: cada 25 pasos -> /content/ck_fotos.json · pregunta: BOS cual es la altura de bosque ? · slots correctos [5] 
   [checkpoint parcial guardado: paso 1000]
   [pelicula parcial: 1425 pasos]
VIVO= True ULTIMO= fotos: cada 25 pasos -> /content/ck_fotos.json · pregunta: BOS cual es la altura de bosque ? · slots correctos [5] 
VIVO= True ULTIMO= fotos: cada 25 pasos -> /content/ck_fotos.json · pregunta: BOS cual es la altura de bosque ? · slots correctos [5] 
VIVO= True ULTIMO= ── eval: vigente 0.0043 · anterior 0.0000 · abstencion 0.0000 · truncados 0.0000 · nose 0.0000 (ent 0.0000/rel 0.0000) · falsa_abst 0.0000 
VIVO= True ULTIMO= ── eval: vigente 0.0043 · anterior 0.0000 · abstencion 0.0000 · truncados 0.0000 · nose 0.0000 (ent 0.0000/rel 0.0000) · falsa_abst 0.0000 
   [checkpoint parcial guardado: paso 1500]
   [pelicula parcial: 1625 pasos]
VIVO= True ULTIMO= ── eval: vigente 0.0043 · anterior 0.0000 · abstencion 0.0000 · truncados 0.0000 · nose 0.0000 (ent 0.0000/rel 0.0000) · falsa_abst 0.0000 
VIVO= True ULTIMO= ── eval: vigente 0.0043 · anterior 0.0000 · abstencion 0.0000 · truncados 0.0000 · nose 0.0000 (ent 0.0000/rel 0.0000) · falsa_abst 0.0000 
VIVO= True ULTIMO= ── eval: vigente 0.0043 · anterior 0.0000 · abstencion 0.0000 · truncados 0.0000 · nose 0.0000 (ent 0.0000/rel 0.0000) · falsa_abst 0.0000 
VIVO= True ULTIMO= ── eval: vigente 0.0043 · anterior 0.0000 · abstencion 0.0000 · truncados 0.0000 · nose 0.0000 (ent 0.0000/rel 0.0000) · falsa_abst 0.0000 
   [checkpoint parcial guardado: paso 1500]
   [pelicula parcial: 1850 pasos]
VIVO= True ULTIMO= ── eval: vigente 0.0043 · anterior 0.0000 · abstencion 0.0000 · truncados 0.0000 · nose 0.0000 (ent 0.0000/rel 0.0000) · falsa_abst 0.0000 
VIVO= True ULTIMO= ── eval: vigente 0.0043 · anterior 0.0000 · abstencion 0.0000 · truncados 0.0000 · nose 0.0000 (ent 0.0000/rel 0.0000) · falsa_abst 0.0000 
VIVO= True ULTIMO= ── eval: vigente 0.0043 · anterior 0.0000 · abstencion 0.0000 · truncados 0.0000 · nose 0.0000 (ent 0.0000/rel 0.0000) · falsa_abst 0.0000 
VIVO= True ULTIMO= ── eval: vigente 0.0093 · anterior 0.0000 · abstencion 0.0000 · truncados 0.0000 · nose 0.0000 (ent 0.0000/rel 0.0000) · falsa_abst 0.0000 
   [checkpoint parcial guardado: paso 2000]
   [pelicula parcial: 2075 pasos]
VIVO= True ULTIMO= ── eval: vigente 0.0093 · anterior 0.0000 · abstencion 0.0000 · truncados 0.0000 · nose 0.0000 (ent 0.0000/rel 0.0000) · falsa_abst 0.0000 
VIVO= True ULTIMO= ── eval: vigente 0.0093 · anterior 0.0000 · abstencion 0.0000 · truncados 0.0000 · nose 0.0000 (ent 0.0000/rel 0.0000) · falsa_abst 0.0000 
VIVO= True ULTIMO= ── eval: vigente 0.0093 · anterior 0.0000 · abstencion 0.0000 · truncados 0.0000 · nose 0.0000 (ent 0.0000/rel 0.0000) · falsa_abst 0.0000 
VIVO= True ULTIMO= ── eval: vigente 0.0093 · anterior 0.0000 · abstencion 0.0000 · truncados 0.0000 · nose 0.0000 (ent 0.0000/rel 0.0000) · falsa_abst 0.0000 
   [checkpoint parcial guardado: paso 2000]
   [pelicula parcial: 2300 pasos]
VIVO= True ULTIMO= ── eval: vigente 0.0093 · anterior 0.0000 · abstencion 0.0000 · truncados 0.0000 · nose 0.0000 (ent 0.0000/rel 0.0000) · falsa_abst 0.0000 
VIVO= True ULTIMO= ── eval: vigente 0.0093 · anterior 0.0000 · abstencion 0.0000 · truncados 0.0000 · nose 0.0000 (ent 0.0000/rel 0.0000) · falsa_abst 0.0000 
VIVO= True ULTIMO= ── eval: vigente 0.0093 · anterior 0.0000 · abstencion 0.0000 · truncados 0.0000 · nose 0.0000 (ent 0.0000/rel 0.0000) · falsa_abst 0.0000 
VIVO= True ULTIMO= ── eval: vigente 0.0093 · anterior 0.0000 · abstencion 0.0000 · truncados 0.0000 · nose 0.0000 (ent 0.0000/rel 0.0000) · falsa_abst 0.0000 
   [checkpoint parcial guardado: paso 2000]
   [pelicula parcial: 2500 pasos]
VIVO= True ULTIMO= ── eval: vigente 0.0384 · anterior 0.0000 · abstencion 0.0000 · truncados 0.0000 · nose 0.0000 (ent 0.0000/rel 0.0000) · falsa_abst 0.0000 

!! sesion perdida — el checkpoint de la PC conserva el ultimo tramo bajado
== fin del tramo (la sesion queda VIVA para el tramo siguiente; pararla con: colab stop -s tr2_c_1033)
   tramo de 3:0 cerrado en el paso 2500 de 8000
   tr2_c_1033 parada; pendientes ahora: 3:0
-- vuelta 1 recorrida entera sin T4 en ninguna; descanso 10 min
-- vuelta 2 · cuenta K · faltan: 3:0 · 11:43:58
   >> OTORGADA en K (T4): [tr2_k_1143] gpu-t4-s-kkb-usw1b1-1ctmw4w9dqm09 | Hardware: T4 | Variant: GPU | Status: IDLE
   -> tramo 3:0 en K (desde el paso 2500)
== tramo · cuenta K · sesion tr2_k_1143 · tf3_s0 · +2000 de 8000 pasos · p_nose 0.4 · abst cabeza · donde lat2 · mezcla fija · piso 0.10 · p_vieja 0.35 · blanco ausencia · kq 5 · ses-extra 36 · sello rel · pert 1 · micro 0 · b_eval 0 · formas directa · perdida bce · sembrar 0 · rec L=0.5 M=0.5 F=0.2 CE=1.0 RANK=0.0 · topk 2 desde 0 · relleno 0 (real, solapado, cada 1000) · fotos 25 · ses-extra-sin-grad 1
[colab] Uploaded '/tmp/tmp.oJeKtQsvLW/micro.tgz' to '/content/micro.tgz'
== subiendo checkpoint previo (10M)
[colab] Uploaded '/home/maxi/Disco_de_Guardado/Carpetas_Usuario/Documentos/Nuevo Transformer/delta-archivo/micro_lm/ckpts/tf3_s0.pkl' to '/content/ck.pkl'
[colab] Uploaded '/home/maxi/Disco_de_Guardado/Carpetas_Usuario/Documentos/Nuevo Transformer/delta-archivo/micro_lm/ckpts/tf3_s0_fotos.json' to '/content/ck_fotos.json'
jax 0.11.1 | [CudaDevice(id=0)]
compuerta de padding OK
lanzado pid 660
== polling cada 2 min (presupuesto ~40 min, tope 120)
VIVO= True ULTIMO= fotos: cada 25 pasos -> /content/ck_fotos.json · pregunta: BOS cual es la altura de bosque ? · slots correctos [5] 
VIVO= True ULTIMO= fotos: cada 25 pasos -> /content/ck_fotos.json · pregunta: BOS cual es la altura de bosque ? · slots correctos [5] 
VIVO= True ULTIMO= fotos: cada 25 pasos -> /content/ck_fotos.json · pregunta: BOS cual es la altura de bosque ? · slots correctos [5] 
   [checkpoint parcial guardado: paso 2500]
   [pelicula parcial: 2700 pasos]
VIVO= True ULTIMO= fotos: cada 25 pasos -> /content/ck_fotos.json · pregunta: BOS cual es la altura de bosque ? · slots correctos [5] 
VIVO= True ULTIMO= fotos: cada 25 pasos -> /content/ck_fotos.json · pregunta: BOS cual es la altura de bosque ? · slots correctos [5] 
VIVO= True ULTIMO= fotos: cada 25 pasos -> /content/ck_fotos.json · pregunta: BOS cual es la altura de bosque ? · slots correctos [5] 
VIVO= True ULTIMO= fotos: cada 25 pasos -> /content/ck_fotos.json · pregunta: BOS cual es la altura de bosque ? · slots correctos [5] 
   [checkpoint parcial guardado: paso 2500]
   [pelicula parcial: 2900 pasos]
VIVO= True ULTIMO= fotos: cada 25 pasos -> /content/ck_fotos.json · pregunta: BOS cual es la altura de bosque ? · slots correctos [5] 
VIVO= True ULTIMO= fotos: cada 25 pasos -> /content/ck_fotos.json · pregunta: BOS cual es la altura de bosque ? · slots correctos [5] 
VIVO= True ULTIMO= ── eval: vigente 0.0080 · anterior 0.0000 · abstencion 0.0000 · truncados 0.0000 · nose 0.0000 (ent 0.0000/rel 0.0000) · falsa_abst 0.0000 
Terminado
