== sesion fija · ts3_s1 en C/tr2_c_0829 · desde el paso 0 hasta 8000
== tramo · cuenta C · sesion tr2_c_0829 · ts3_s1 · +2000 de 8000 pasos · p_nose 0.4 · abst cabeza · donde lat2 · mezcla fija · piso 0.10 · p_vieja 0.35 · blanco ausencia · kq 5 · ses-extra 0 · sello rel · pert 1 · micro 0 · b_eval 0 · formas directa · perdida bce · sembrar 0 · rec L=0.5 M=0.5 F=0.2 CE=1.0 RANK=0.0 · topk 2 desde 0 · relleno 3240 (real, viejo, cada 1000) · fotos 25
[colab] Uploaded '/tmp/tmp.4rr3CAw9BA/micro.tgz' to '/content/micro.tgz'
== subiendo checkpoint previo (3,4M)
[colab] Uploaded '/home/maxi/Disco_de_Guardado/Carpetas_Usuario/Documentos/Nuevo Transformer/delta-archivo/micro_lm/ckpts/ts3_s1.pkl' to '/content/ck.pkl'
╭───────────────────── Traceback (most recent call last) ──────────────────────╮
│ /home/maxi/.venv-colab-cli/lib/python3.12/site-packages/colab_cli/commands/e │
│ xecution.py:185 in exec_command                                              │
│                                                                              │
│   182 │   │   │   )                                                          │
│   183 │   │   │   state.prune_session(name)                                  │
│   184 │   │   │   raise typer.Exit(1)                                        │
│ ❱ 185 │   │   raise e                                                        │
│   186 │                                                                      │
│   187 │   try:                                                               │
│   188 │   │   is_nb = file and file.endswith(".ipynb")                       │
│                                                                              │
│ /home/maxi/.venv-colab-cli/lib/python3.12/site-packages/colab_cli/commands/e │
│ xecution.py:175 in exec_command                                              │
│                                                                              │
│   172 │   )                                                                  │
│   173 │   try:                                                               │
│   174 │   │   # Ensure we are in /content which is the standard Colab        │
│       working directory                                                      │
│ ❱ 175 │   │   runtime.execute_code(                                          │
│   176 │   │   │   "import os; os.makedirs('/content', exist_ok=True);        │
│       os.chdir('/content')"                                                  │
│   177 │   │   )                                                              │
│   178 │   except Exception as e:                                             │
│                                                                              │
│ /home/maxi/.venv-colab-cli/lib/python3.12/site-packages/colab_cli/runtime.py │
│ :227 in execute_code                                                         │
│                                                                              │
│   224 │   │   │   # execute_interactive returns the raw reply message        │
│   225 │   │   │   reply_content = reply["content"] if reply else {"status":  │
│       "error"}                                                               │
│   226 │   │   else:                                                          │
│ ❱ 227 │   │   │   reply = self.kernel_client.execute(code, **kwargs)         │
│   228 │   │   │   if not reply:                                              │
│   229 │   │   │   │   return []                                              │
│   230 │   │   │   outputs = reply.get("outputs", [])                         │
│                                                                              │
│ /home/maxi/.venv-colab-cli/lib/python3.12/site-packages/jupyter_kernel_clien │
│ t/client.py:287 in execute                                                   │
│                                                                              │
│   284 │   │   """                                                            │
│   285 │   │   outputs = []                                                   │
│   286 │   │   self._set_variables(variables)                                 │
│ ❱ 287 │   │   reply = self._manager.client.execute_interactive(              │
│   288 │   │   │   code,                                                      │
│   289 │   │   │   silent=silent,                                             │
│   290 │   │   │   store_history=store_history,                               │
│                                                                              │
│ /home/maxi/.venv-colab-cli/lib/python3.12/site-packages/jupyter_kernel_clien │
│ t/wsclient.py:1088 in execute_interactive                                    │
│                                                                              │
│   1085 │   │   │   # wait for output and redisplay it                        │
│   1086 │   │   │   while True:                                               │
│   1087 │   │   │   │   if not self.connection_ready.is_set():                │
│ ❱ 1088 │   │   │   │   │   raise RuntimeError("Connection was lost.")        │
│   1089 │   │   │   │                                                         │
│   1090 │   │   │   │   if timeout is not None:                               │
│   1091 │   │   │   │   │   timeout = max(0, deadline - time.monotonic())     │
╰──────────────────────────────────────────────────────────────────────────────╯
RuntimeError: Connection was lost.
!! ts3_s1 no avanzo (0 -> 0): sesion perdida o kernel trabado. Me rindo; relanzar con el rotador.
