A-1..A-4 · ¿se ve en la ENTRADA que la respuesta no esta?
2048 muestras por unidad · p_nose=0.4

unidad   donde |   A-1 s1    s1|tam |    nulo  nulo|tam |      ok |  n_con  n_sin
----------------------------------------------------------------------------------------
p3_s0    pre   |   0.5340    0.5487 |  0.5854    0.5913 |  0.5349 |   1232    816
p3_s1    pre   |   0.6537    0.6630 |  0.6169    0.6183 |  0.7370 |   1211    837
p3_s2    pre   |   0.5912    0.6015 |  0.5992    0.6028 |  0.6306 |   1260    788
q3_s0    post  |   0.4867    0.4958 |  0.4835    0.4863 |  0.4617 |   1232    816
q3_s1    post  |   0.4747    0.4674 |  0.4733    0.4721 |  0.4411 |   1211    837
q3_s2    post  |   0.4288    0.4527 |  0.4489    0.4648 |  0.3931 |   1260    788

==========================================================================
A-1 · el MARGEN (s1 - nulo) sube >= 0,05 de pre a post
     s0: -0.0514 -> 0.0033  (+0.0547)
     s1: 0.0368 -> 0.0014  (-0.0353)
     s2: -0.0079 -> -0.0201  (-0.0122)
     A-1: NO CUMPLE  (1/3)

A-2 · AUC(s1) en post >= 0,75 en >= 2 de 3: 0/3 -> NO CUMPLE

A-3 · margen (s1 - nulo) en post: ['+0.0033', '+0.0014', '-0.0201'] (hace falta >= +0,05 en >= 2) -> NO PASA
     q3_s0: s1 0.4867 · nulo 0.4835 · margen +0.0033
     q3_s1: s1 0.4747 · nulo 0.4733 · margen +0.0014
     q3_s2: s1 0.4288 · nulo 0.4489 · margen -0.0201

A-4 · estratificado por acierto en post: ['0.4617', '0.4411', '0.3931']
--------------------------------------------------------------------------
VEREDICTO: sin nulo limpio no hay resultado. Es la leccion del 20-ago —U-1 'pasaba'
en las 2 celdas donde el nulo tambien pasaba—.

-> abstencion_qc_20260822.json
