2026-08-24 21:41:14 == cierre nocturno armado · limite 360 min · meta 26000
2026-08-24 21:41:18    2/6 · v3_s0=26000 v3_s1=26000 v3_s2=25750 y3_s0=22500 y3_s1=22750 y3_s2=23500
2026-08-24 21:43:22    2/6 · v3_s0=26000 v3_s1=26000 v3_s2=25750 y3_s0=22500 y3_s1=22750 y3_s2=23500
2026-08-24 21:45:26    2/6 · v3_s0=26000 v3_s1=26000 v3_s2=25750 y3_s0=23500 y3_s1=22750 y3_s2=23500
2026-08-24 21:47:30    2/6 · v3_s0=26000 v3_s1=26000 v3_s2=25750 y3_s0=23500 y3_s1=23750 y3_s2=23500
2026-08-24 21:49:34    3/6 · v3_s0=26000 v3_s1=26000 v3_s2=26000 y3_s0=23500 y3_s1=23750 y3_s2=24500
2026-08-24 21:51:38    3/6 · v3_s0=26000 v3_s1=26000 v3_s2=26000 y3_s0=23500 y3_s1=23750 y3_s2=24500
2026-08-24 21:53:41    3/6 · v3_s0=26000 v3_s1=26000 v3_s2=26000 y3_s0=24500 y3_s1=23750 y3_s2=24500
2026-08-24 21:55:45    3/6 · v3_s0=26000 v3_s1=26000 v3_s2=26000 y3_s0=24500 y3_s1=25000 y3_s2=24500
2026-08-24 21:57:49    3/6 · v3_s0=26000 v3_s1=26000 v3_s2=26000 y3_s0=24500 y3_s1=25000 y3_s2=25750
2026-08-24 21:59:53    3/6 · v3_s0=26000 v3_s1=26000 v3_s2=26000 y3_s0=24500 y3_s1=25000 y3_s2=25750
2026-08-24 22:01:57    3/6 · v3_s0=26000 v3_s1=26000 v3_s2=26000 y3_s0=25750 y3_s1=25000 y3_s2=25750
2026-08-24 22:04:01    4/6 · v3_s0=26000 v3_s1=26000 v3_s2=26000 y3_s0=25750 y3_s1=26000 y3_s2=25750
2026-08-24 22:06:05    5/6 · v3_s0=26000 v3_s1=26000 v3_s2=26000 y3_s0=25750 y3_s1=26000 y3_s2=26000
2026-08-24 22:08:09    5/6 · v3_s0=26000 v3_s1=26000 v3_s2=26000 y3_s0=25750 y3_s1=26000 y3_s2=26000
2026-08-24 22:10:13    6/6 · v3_s0=26000 v3_s1=26000 v3_s2=26000 y3_s0=26000 y3_s1=26000 y3_s2=26000
2026-08-24 22:10:13 == las seis llegaron a 26000
2026-08-24 22:10:13 == parando rotadores, watchdogs, vigia y tramos
2026-08-24 22:10:18 == parando sesiones de Colab (si quedan vivas gastan cuota toda la noche)
2026-08-24 22:10:33    cuenta I: tr2_i_2138 parada
2026-08-24 22:10:38    cuenta J: tr2_j_2129 parada
2026-08-24 22:10:48    cuenta N: tr2_n_2138 parada
2026-08-24 22:10:48 == evaluando lo que haya llegado (deja los json listos para mañana)
2026-08-24 22:12:06    v3_s0 evaluado
2026-08-24 22:13:24    v3_s1 evaluado
2026-08-24 22:14:41    v3_s2 evaluado
2026-08-24 22:16:00    y3_s0 evaluado
2026-08-24 22:17:18    y3_s1 evaluado
2026-08-24 22:18:36    y3_s2 evaluado
