============================================================================================
FASE 0 · CLAVE DISCRETA · PREREG 3c89348b · n=2000 · semilla 54321 · m=8
Referencia MEDIDA del continuo (16-ago): AUC s_max = 0,4984 / 0,5022 = el azar exacto
============================================================================================

--- v3_s0 · archivo 40 entradas · D=128 · con respuesta 0.594 ---
    k  bits/clave |  Q-0 recon  res |  Q-1 AUC  Q-2 nulo |  Q-3 ent  Q-3 rel
--------------------------------------------------------------------------------------------
    4          16 |     0.6681    9 |   0.5101    0.4795 |   0.5375   0.5267
   16          32 |     0.8532    7 |   0.5138    0.5305 |   0.5422   0.5449
   64          48 |     0.9591    5 |   0.6227    0.4061 |   0.4569   0.4830
  256          64 |     0.9919    3 |   0.2998    0.7260 |   0.4281   0.4232

--- v3_s1 · archivo 40 entradas · D=128 · con respuesta 0.594 ---
    k  bits/clave |  Q-0 recon  res |  Q-1 AUC  Q-2 nulo |  Q-3 ent  Q-3 rel
--------------------------------------------------------------------------------------------
    4          16 |     0.6192    8 |   0.5362    0.4775 |   0.5832   0.5208
   16          32 |     0.8116    6 |   0.5884    0.4739 |   0.5514   0.5150
   64          48 |     0.9418    5 |   0.6402    0.4499 |   0.5515   0.4974
  256          64 |     0.9852    3 |   0.5904    0.3384 |   0.5740   0.5802

--- v3_s2 · archivo 40 entradas · D=128 · con respuesta 0.594 ---
    k  bits/clave |  Q-0 recon  res |  Q-1 AUC  Q-2 nulo |  Q-3 ent  Q-3 rel
--------------------------------------------------------------------------------------------
    4          16 |     0.6381    7 |   0.5027    0.5118 |   0.5231   0.4873
   16          32 |     0.8203    7 |   0.5060    0.5003 |   0.5583   0.4901
   64          48 |     0.9387    4 |   0.4902    0.5505 |   0.5308   0.5066
  256          64 |     0.9843    4 |   0.2720    0.7066 |   0.3890   0.5542

Q-0 bloqueante: la reconstruccion no puede destruir la clave.
Q-1 principal: AUC >= 0,70 contra la referencia 0,4984 del continuo.
Q-2 nulo: tiene que quedar en 0,45-0,55, si no mide escala y no coincidencia.
Q-3: la separacion debe ser MAYOR en nose_ent que en nose_rel.
