== watchdog2 armado sobre /home/maxi/Disco_de_Guardado/Carpetas_Usuario/Documentos/Nuevo Transformer/delta-archivo/micro_lm/rot23_w_s1.log (rotador 759767)
== rotador2 · familia 'w' · p_nose 0.4 · unidades 3:1 · cuentas: H K G C D E F J A L M N I
-- H la esta usando otro proceso, se saltea
-- vuelta 1 · cuenta K · faltan: 3:1 · 09:00:50
   503 en K — SIGUIENTE CUENTA ya (sin esperar)
-- G la esta usando otro proceso, se saltea
-- vuelta 1 · cuenta C · faltan: 3:1 · 09:00:53
   >> OTORGADA en C: [tr2_c_0900] gpu-t4-s-kkb-ass1c0-2xtksuapjwrdj | Hardware: T4 | Variant: GPU | Status: IDLE
   -> tramo 3:1 en C (desde el paso 7750)
== tramo · cuenta C · sesion tr2_c_0900 · w3_s1 · +8000 de 26000 pasos · p_nose 0.4 · abst cabeza
[colab] Uploaded '/tmp/tmp.5JQ4ZPH19Z/micro.tgz' to '/content/micro.tgz'
== subiendo checkpoint previo (10M)
[colab] Uploaded '/home/maxi/Disco_de_Guardado/Carpetas_Usuario/Documentos/Nuevo Transformer/delta-archivo/micro_lm/ckpts/w3_s1.pkl' to '/content/ck.pkl'
jax 0.7.2 | [CudaDevice(id=0)]
compuerta de padding OK
lanzado pid 2398
== polling cada 2 min (presupuesto ~100 min)
VIVO= True ULTIMO= tramo: se corre hasta el paso 15750 y se guarda para continuar despues 
VIVO= True ULTIMO= ── eval: vigente 0.8954 · anterior 0.2354 · abstencion 0.3027 · truncados 0.0000 · nose 0.7324 (ent 0.8967/rel 0.5920) · falsa_abst 0.0096 
VIVO= True ULTIMO= ── eval: vigente 0.8625 · anterior 0.2619 · abstencion 0.3008 · truncados 0.0000 · nose 0.7243 (ent 0.8855/rel 0.5850) · falsa_abst 0.0131 
   [checkpoint parcial guardado: paso 8500]
VIVO= True ULTIMO= ── eval: vigente 0.8985 · anterior 0.3465 · abstencion 0.3066 · truncados 0.0000 · nose 0.7240 (ent 0.9084/rel 0.5633) · falsa_abst 0.0230 
VIVO= True ULTIMO= ── eval: vigente 0.8863 · anterior 0.3296 · abstencion 0.3086 · truncados 0.0000 · nose 0.7153 (ent 0.8710/rel 0.5806) · falsa_abst 0.0295 
VIVO= True ULTIMO= ── eval: vigente 0.9357 · anterior 0.3899 · abstencion 0.2871 · truncados 0.0000 · nose 0.6955 (ent 0.8223/rel 0.5955) · falsa_abst 0.0095 
VIVO= True ULTIMO= ── eval: vigente 0.8991 · anterior 0.6282 · abstencion 0.3008 · truncados 0.0000 · nose 0.7172 (ent 0.8758/rel 0.5711) · falsa_abst 0.0160 
   [checkpoint parcial guardado: paso 9750]
VIVO= True ULTIMO= ── eval: vigente 0.9008 · anterior 0.5992 · abstencion 0.3203 · truncados 0.0000 · nose 0.7457 (ent 0.9109/rel 0.6059) · falsa_abst 0.0326 
VIVO= True ULTIMO= ── eval: vigente 0.9125 · anterior 0.7872 · abstencion 0.3301 · truncados 0.0000 · nose 0.7387 (ent 0.9073/rel 0.5929) · falsa_abst 0.0523 
VIVO= True ULTIMO= ── eval: vigente 0.9273 · anterior 0.9844 · abstencion 0.3418 · truncados 0.0000 · nose 0.7763 (ent 0.9792/rel 0.6047) · falsa_abst 0.0465 
VIVO= True ULTIMO= ── eval: vigente 0.9725 · anterior 1.0000 · abstencion 0.3164 · truncados 0.0000 · nose 0.7660 (ent 0.9676/rel 0.5955) · falsa_abst 0.0105 
   [checkpoint parcial guardado: paso 11000]
VIVO= True ULTIMO= ── eval: vigente 0.9798 · anterior 0.9844 · abstencion 0.3145 · truncados 0.0000 · nose 0.7565 (ent 0.9583/rel 0.5850) · falsa_abst 0.0136 
VIVO= True ULTIMO= ── eval: vigente 0.9609 · anterior 0.9792 · abstencion 0.3320 · truncados 0.0000 · nose 0.7725 (ent 0.9917/rel 0.5850) · falsa_abst 0.0337 
VIVO= True ULTIMO= ── eval: vigente 0.9915 · anterior 0.9844 · abstencion 0.3047 · truncados 0.0000 · nose 0.7420 (ent 0.9201/rel 0.5850) · falsa_abst 0.0072 
VIVO= True ULTIMO= ── eval: vigente 0.9770 · anterior 1.0000 · abstencion 0.3203 · truncados 0.0000 · nose 0.7641 (ent 0.9491/rel 0.6033) · falsa_abst 0.0198 
   [checkpoint parcial guardado: paso 12000]
VIVO= True ULTIMO= ── eval: vigente 0.9839 · anterior 1.0000 · abstencion 0.3281 · truncados 0.0000 · nose 0.7910 (ent 0.9489/rel 0.6559) · falsa_abst 0.0132 
VIVO= True ULTIMO= ── eval: vigente 0.9841 · anterior 1.0000 · abstencion 0.3359 · truncados 0.0000 · nose 0.8122 (ent 0.9460/rel 0.6929) · falsa_abst 0.0133 
VIVO= True ULTIMO= ── eval: vigente 0.9957 · anterior 1.0000 · abstencion 0.3262 · truncados 0.0000 · nose 0.8016 (ent 0.9314/rel 0.6825) · falsa_abst 0.0034 
VIVO= True ULTIMO= ── eval: vigente 0.9846 · anterior 1.0000 · abstencion 0.3301 · truncados 0.0000 · nose 0.7984 (ent 0.9574/rel 0.6607) · falsa_abst 0.0126 
   [checkpoint parcial guardado: paso 13250]
VIVO= True ULTIMO= ── eval: vigente 0.9833 · anterior 1.0000 · abstencion 0.3418 · truncados 0.0000 · nose 0.8268 (ent 0.9792/rel 0.6929) · falsa_abst 0.0142 
VIVO= True ULTIMO= ── eval: vigente 0.9964 · anterior 1.0000 · abstencion 0.3320 · truncados 0.0000 · nose 0.8161 (ent 0.9718/rel 0.6825) · falsa_abst 0.0033 
VIVO= True ULTIMO= ── eval: vigente 1.0000 · anterior 1.0000 · abstencion 0.3301 · truncados 0.0000 · nose 0.8175 (ent 0.9708/rel 0.6825) · falsa_abst 0.0000 
VIVO= True ULTIMO= ── eval: vigente 0.9920 · anterior 1.0000 · abstencion 0.3379 · truncados 0.0000 · nose 0.8268 (ent 0.9792/rel 0.6929) · falsa_abst 0.0066 
   [checkpoint parcial guardado: paso 14500]
VIVO= True ULTIMO= ── eval: vigente 0.9955 · anterior 1.0000 · abstencion 0.3301 · truncados 0.0000 · nose 0.8150 (ent 0.9451/rel 0.6964) · falsa_abst 0.0036 
VIVO= True ULTIMO= ── eval: vigente 0.9958 · anterior 1.0000 · abstencion 0.3359 · truncados 0.0000 · nose 0.8280 (ent 0.9843/rel 0.6929) · falsa_abst 0.0038 
VIVO= True ULTIMO= ── eval: vigente 0.9924 · anterior 1.0000 · abstencion 0.3340 · truncados 0.0000 · nose 0.8166 (ent 0.9843/rel 0.6711) · falsa_abst 0.0064 
VIVO= True ULTIMO= listo: {'paso': 15750, 'truncados': 0.0, 'p_nose': 0.4, 'vigente': 0.9879515599343186, 'anterior': 1.0, 'nose': 0.830791302053151, 'nose_ent': 0.9791666666666667, 'nose_rel': 0.6998737373737374, 'falsa_abst': 0.0071662571662571665, 'abstencion': 0.33984375} 

!! sesion perdida — el checkpoint de la PC conserva el ultimo tramo bajado
== fin del tramo (la sesion queda VIVA para el tramo siguiente; pararla con: colab stop -s tr2_c_0900)
   tr2_c_0900 parada; pendientes ahora: 3:1
-- D la esta usando otro proceso, se saltea
-- E la esta usando otro proceso, se saltea
-- F la esta usando otro proceso, se saltea
-- J la esta usando otro proceso, se saltea
-- A la esta usando otro proceso, se saltea
-- vuelta 1 · cuenta L · faltan: 3:1 · 10:03:32
   503 en L — SIGUIENTE CUENTA ya (sin esperar)
-- M la esta usando otro proceso, se saltea
-- N la esta usando otro proceso, se saltea
-- I la esta usando otro proceso, se saltea
-- vuelta 1 recorrida entera sin T4 en ninguna; descanso 10 min
-- vuelta 2 · cuenta H · faltan: 3:1 · 10:13:35
   503 en H — SIGUIENTE CUENTA ya (sin esperar)
-- vuelta 2 · cuenta K · faltan: 3:1 · 10:13:38
   503 en K — SIGUIENTE CUENTA ya (sin esperar)
-- vuelta 2 · cuenta G · faltan: 3:1 · 10:13:41
   503 en G — SIGUIENTE CUENTA ya (sin esperar)
-- vuelta 2 · cuenta C · faltan: 3:1 · 10:13:43
   >> OTORGADA en C: [tr2_c_1013] gpu-t4-s-kkb-ass1a2-1uaetsnd3skuo | Hardware: T4 | Variant: GPU | Status: IDLE
   -> tramo 3:1 en C (desde el paso 15750)
== tramo · cuenta C · sesion tr2_c_1013 · w3_s1 · +8000 de 26000 pasos · p_nose 0.4 · abst cabeza · mezcla fija · p_vieja 0.35
[colab] Uploaded '/tmp/tmp.mp1NUZklQs/micro.tgz' to '/content/micro.tgz'
== subiendo checkpoint previo (10M)
[colab] Uploaded '/home/maxi/Disco_de_Guardado/Carpetas_Usuario/Documentos/Nuevo Transformer/delta-archivo/micro_lm/ckpts/w3_s1.pkl' to '/content/ck.pkl'
jax 0.7.2 | [CudaDevice(id=0)]
compuerta de padding OK
lanzado pid 1306
== polling cada 2 min (presupuesto ~100 min)
VIVO= True ULTIMO= tramo: se corre hasta el paso 22750 y se guarda para continuar despues 
VIVO= True ULTIMO= ── eval: vigente 0.9926 · anterior 1.0000 · abstencion 0.3359 · truncados 0.0000 · nose 0.8221 (ent 0.9792/rel 0.6825) · falsa_abst 0.0068 
VIVO= True ULTIMO= ── eval: vigente 1.0000 · anterior 1.0000 · abstencion 0.3340 · truncados 0.0000 · nose 0.8293 (ent 0.9730/rel 0.7033) · falsa_abst 0.0000 
   [checkpoint parcial guardado: paso 15500]
VIVO= True ULTIMO= ── eval: vigente 0.9921 · anterior 1.0000 · abstencion 0.3359 · truncados 0.0000 · nose 0.8233 (ent 0.9689/rel 0.6929) · falsa_abst 0.0067 
VIVO= True ULTIMO= ── eval: vigente 1.0000 · anterior 0.9861 · abstencion 0.3262 · truncados 0.0000 · nose 0.8077 (ent 0.9591/rel 0.6746) · falsa_abst 0.0000 
VIVO= True ULTIMO= ── eval: vigente 0.9923 · anterior 1.0000 · abstencion 0.3398 · truncados 0.0000 · nose 0.8324 (ent 0.9917/rel 0.6929) · falsa_abst 0.0068 
VIVO= True ULTIMO= ── eval: vigente 1.0000 · anterior 1.0000 · abstencion 0.3340 · truncados 0.0000 · nose 0.8268 (ent 0.9792/rel 0.6929) · falsa_abst 0.0000 
   [checkpoint parcial guardado: paso 16750]
VIVO= True ULTIMO= ── eval: vigente 0.9801 · anterior 1.0000 · abstencion 0.3398 · truncados 0.0000 · nose 0.8164 (ent 0.9792/rel 0.6721) · falsa_abst 0.0166 
VIVO= True ULTIMO= ── eval: vigente 0.9846 · anterior 1.0000 · abstencion 0.3379 · truncados 0.0000 · nose 0.8175 (ent 0.9605/rel 0.6929) · falsa_abst 0.0131 
VIVO= True ULTIMO= ── eval: vigente 0.9929 · anterior 1.0000 · abstencion 0.3340 · truncados 0.0000 · nose 0.8220 (ent 0.9803/rel 0.6825) · falsa_abst 0.0030 
VIVO= True ULTIMO= ── eval: vigente 0.9955 · anterior 1.0000 · abstencion 0.3340 · truncados 0.0000 · nose 0.8236 (ent 0.9803/rel 0.6860) · falsa_abst 0.0036 
   [checkpoint parcial guardado: paso 17750]
VIVO= True ULTIMO= ── eval: vigente 0.9893 · anterior 1.0000 · abstencion 0.3398 · truncados 0.0000 · nose 0.8268 (ent 0.9792/rel 0.6929) · falsa_abst 0.0092 
VIVO= True ULTIMO= ── eval: vigente 1.0000 · anterior 1.0000 · abstencion 0.3359 · truncados 0.0000 · nose 0.8324 (ent 0.9917/rel 0.6929) · falsa_abst 0.0000 
VIVO= True ULTIMO= ── eval: vigente 0.9957 · anterior 1.0000 · abstencion 0.3379 · truncados 0.0000 · nose 0.8324 (ent 0.9917/rel 0.6929) · falsa_abst 0.0034 
VIVO= True ULTIMO= ── eval: vigente 0.9926 · anterior 1.0000 · abstencion 0.3398 · truncados 0.0000 · nose 0.8324 (ent 0.9917/rel 0.6929) · falsa_abst 0.0068 
   [checkpoint parcial guardado: paso 19000]
VIVO= True ULTIMO= ── eval: vigente 0.9851 · anterior 1.0000 · abstencion 0.3438 · truncados 0.0000 · nose 0.8324 (ent 0.9917/rel 0.6929) · falsa_abst 0.0130 
VIVO= True ULTIMO= ── eval: vigente 1.0000 · anterior 1.0000 · abstencion 0.3359 · truncados 0.0000 · nose 0.8324 (ent 0.9917/rel 0.6929) · falsa_abst 0.0000 
VIVO= True ULTIMO= ── eval: vigente 0.9964 · anterior 1.0000 · abstencion 0.3379 · truncados 0.0000 · nose 0.8324 (ent 0.9917/rel 0.6929) · falsa_abst 0.0030 
VIVO= True ULTIMO= ── eval: vigente 1.0000 · anterior 1.0000 · abstencion 0.3359 · truncados 0.0000 · nose 0.8324 (ent 0.9917/rel 0.6929) · falsa_abst 0.0000 
   [checkpoint parcial guardado: paso 20250]
VIVO= True ULTIMO= ── eval: vigente 1.0000 · anterior 1.0000 · abstencion 0.3359 · truncados 0.0000 · nose 0.8324 (ent 0.9917/rel 0.6929) · falsa_abst 0.0000 
VIVO= True ULTIMO= ── eval: vigente 1.0000 · anterior 1.0000 · abstencion 0.3359 · truncados 0.0000 · nose 0.8324 (ent 0.9917/rel 0.6929) · falsa_abst 0.0000 
VIVO= True ULTIMO= ── eval: vigente 1.0000 · anterior 1.0000 · abstencion 0.3379 · truncados 0.0000 · nose 0.8368 (ent 0.9917/rel 0.6999) · falsa_abst 0.0000 
VIVO= True ULTIMO= ── eval: vigente 0.9962 · anterior 1.0000 · abstencion 0.3398 · truncados 0.0000 · nose 0.8368 (ent 0.9917/rel 0.6999) · falsa_abst 0.0035 
   [checkpoint parcial guardado: paso 21500]
VIVO= True ULTIMO= ── eval: vigente 0.9964 · anterior 1.0000 · abstencion 0.3359 · truncados 0.0000 · nose 0.8324 (ent 0.9917/rel 0.6929) · falsa_abst 0.0000 
VIVO= True ULTIMO= ── eval: vigente 1.0000 · anterior 1.0000 · abstencion 0.3359 · truncados 0.0000 · nose 0.8324 (ent 0.9917/rel 0.6929) · falsa_abst 0.0000 
VIVO= True ULTIMO= ── eval: vigente 1.0000 · anterior 1.0000 · abstencion 0.3359 · truncados 0.0000 · nose 0.8324 (ent 0.9917/rel 0.6929) · falsa_abst 0.0000 

!! sesion perdida — el checkpoint de la PC conserva el ultimo tramo bajado
== fin del tramo (la sesion queda VIVA para el tramo siguiente; pararla con: colab stop -s tr2_c_1013)
   tr2_c_1013 parada; pendientes ahora: 3:1
-- vuelta 2 · cuenta D · faltan: 3:1 · 11:14:24
   503 en D — SIGUIENTE CUENTA ya (sin esperar)
-- E la esta usando otro proceso, se saltea
-- vuelta 2 · cuenta F · faltan: 3:1 · 11:14:27
   503 en F — SIGUIENTE CUENTA ya (sin esperar)
-- vuelta 2 · cuenta J · faltan: 3:1 · 11:14:30
   >> OTORGADA en J: [tr2_j_1114] gpu-t4-s-kkb-use1c1-2q3czeh1todh9 | Hardware: T4 | Variant: GPU | Status: IDLE
   -> tramo 3:1 en J (desde el paso 22500)
== tramo · cuenta J · sesion tr2_j_1114 · w3_s1 · +8000 de 26000 pasos · p_nose 0.4 · abst cabeza · mezcla fija · piso 0.10 · p_vieja 0.35
[colab] Uploaded '/tmp/tmp.lQ19Fk9Iqb/micro.tgz' to '/content/micro.tgz'
== subiendo checkpoint previo (10M)
[colab] Uploaded '/home/maxi/Disco_de_Guardado/Carpetas_Usuario/Documentos/Nuevo Transformer/delta-archivo/micro_lm/ckpts/w3_s1.pkl' to '/content/ck.pkl'
jax 0.7.2 | [CudaDevice(id=0)]
compuerta de padding OK
lanzado pid 744
== polling cada 2 min (presupuesto ~100 min)
VIVO= True ULTIMO= REANUDA desde /content/ck.pkl: paso 22000 de 26000 (88 evaluaciones ya hechas) 
VIVO= True ULTIMO= ── eval: vigente 1.0000 · anterior 1.0000 · abstencion 0.3359 · truncados 0.0000 · nose 0.8324 (ent 0.9917/rel 0.6929) · falsa_abst 0.0000 
VIVO= True ULTIMO= ── eval: vigente 0.9964 · anterior 1.0000 · abstencion 0.3379 · truncados 0.0000 · nose 0.8324 (ent 0.9917/rel 0.6929) · falsa_abst 0.0030 
   [checkpoint parcial guardado: paso 22750]
VIVO= True ULTIMO= ── eval: vigente 0.9964 · anterior 1.0000 · abstencion 0.3379 · truncados 0.0000 · nose 0.8324 (ent 0.9917/rel 0.6929) · falsa_abst 0.0030 
VIVO= True ULTIMO= ── eval: vigente 1.0000 · anterior 1.0000 · abstencion 0.3359 · truncados 0.0000 · nose 0.8324 (ent 0.9917/rel 0.6929) · falsa_abst 0.0000 
VIVO= True ULTIMO= ── eval: vigente 1.0000 · anterior 1.0000 · abstencion 0.3359 · truncados 0.0000 · nose 0.8324 (ent 0.9917/rel 0.6929) · falsa_abst 0.0000 
VIVO= True ULTIMO= ── eval: vigente 0.9920 · anterior 1.0000 · abstencion 0.3398 · truncados 0.0000 · nose 0.8324 (ent 0.9917/rel 0.6929) · falsa_abst 0.0073 
   [checkpoint parcial guardado: paso 23750]
VIVO= True ULTIMO= ── eval: vigente 0.9962 · anterior 1.0000 · abstencion 0.3379 · truncados 0.0000 · nose 0.8324 (ent 0.9917/rel 0.6929) · falsa_abst 0.0030 
VIVO= True ULTIMO= ── eval: vigente 1.0000 · anterior 1.0000 · abstencion 0.3359 · truncados 0.0000 · nose 0.8324 (ent 0.9917/rel 0.6929) · falsa_abst 0.0000 
VIVO= True ULTIMO= ── eval: vigente 1.0000 · anterior 1.0000 · abstencion 0.3359 · truncados 0.0000 · nose 0.8324 (ent 0.9917/rel 0.6929) · falsa_abst 0.0000 
VIVO= True ULTIMO= ── eval: vigente 0.9964 · anterior 1.0000 · abstencion 0.3379 · truncados 0.0000 · nose 0.8324 (ent 0.9917/rel 0.6929) · falsa_abst 0.0030 
   [checkpoint parcial guardado: paso 25000]
VIVO= True ULTIMO= ── eval: vigente 0.9964 · anterior 1.0000 · abstencion 0.3379 · truncados 0.0000 · nose 0.8324 (ent 0.9917/rel 0.6929) · falsa_abst 0.0030 
VIVO= True ULTIMO= ── eval: vigente 0.9964 · anterior 1.0000 · abstencion 0.3379 · truncados 0.0000 · nose 0.8324 (ent 0.9917/rel 0.6929) · falsa_abst 0.0030 
VIVO= True ULTIMO= ── eval: vigente 0.9964 · anterior 1.0000 · abstencion 0.3379 · truncados 0.0000 · nose 0.8324 (ent 0.9917/rel 0.6929) · falsa_abst 0.0030 
VIVO= True ULTIMO= listo: {'paso': 26000, 'truncados': 0.0, 'p_nose': 0.4, 'mezcla_usada': {'vigente': 0.39, 'anterior': 0.21, 'nose': 0.4}, 'mezcla_promedio': {'vigente': 0.39, 'anterior': 0.21, 'nose': 0.4}, 'p_vieja_tr': 0.35, 'p_nose_tr': 0.4, 'vigente': 1.0, 'anterior': 1.0, 'nose': 0.832440862170453, 'nose_ent': 0.9916666666666667, 'nose_rel': 0.692929292929293, 'falsa_abst': 0.0, 'abstencion': 0.3359375} 
   [checkpoint parcial guardado: paso 26000]
VIVO= True ULTIMO= listo: {'paso': 26000, 'truncados': 0.0, 'p_nose': 0.4, 'mezcla_usada': {'vigente': 0.39, 'anterior': 0.21, 'nose': 0.4}, 'mezcla_promedio': {'vigente': 0.39, 'anterior': 0.21, 'nose': 0.4}, 'p_vieja_tr': 0.35, 'p_nose_tr': 0.4, 'vigente': 1.0, 'anterior': 1.0, 'nose': 0.832440862170453, 'nose_ent': 0.9916666666666667, 'nose_rel': 0.692929292929293, 'falsa_abst': 0.0, 'abstencion': 0.3359375} 
VIVO= True ULTIMO= listo: {'paso': 26000, 'truncados': 0.0, 'p_nose': 0.4, 'mezcla_usada': {'vigente': 0.39, 'anterior': 0.21, 'nose': 0.4}, 'mezcla_promedio': {'vigente': 0.39, 'anterior': 0.21, 'nose': 0.4}, 'p_vieja_tr': 0.35, 'p_nose_tr': 0.4, 'vigente': 1.0, 'anterior': 1.0, 'nose': 0.832440862170453, 'nose_ent': 0.9916666666666667, 'nose_rel': 0.692929292929293, 'falsa_abst': 0.0, 'abstencion': 0.3359375} 
VIVO= True ULTIMO= listo: {'paso': 26000, 'truncados': 0.0, 'p_nose': 0.4, 'mezcla_usada': {'vigente': 0.39, 'anterior': 0.21, 'nose': 0.4}, 'mezcla_promedio': {'vigente': 0.39, 'anterior': 0.21, 'nose': 0.4}, 'p_vieja_tr': 0.35, 'p_nose_tr': 0.4, 'vigente': 1.0, 'anterior': 1.0, 'nose': 0.832440862170453, 'nose_ent': 0.9916666666666667, 'nose_rel': 0.692929292929293, 'falsa_abst': 0.0, 'abstencion': 0.3359375} 
VIVO= True ULTIMO= listo: {'paso': 26000, 'truncados': 0.0, 'p_nose': 0.4, 'mezcla_usada': {'vigente': 0.39, 'anterior': 0.21, 'nose': 0.4}, 'mezcla_promedio': {'vigente': 0.39, 'anterior': 0.21, 'nose': 0.4}, 'p_vieja_tr': 0.35, 'p_nose_tr': 0.4, 'vigente': 1.0, 'anterior': 1.0, 'nose': 0.832440862170453, 'nose_ent': 0.9916666666666667, 'nose_rel': 0.692929292929293, 'falsa_abst': 0.0, 'abstencion': 0.3359375} 
   [checkpoint parcial guardado: paso 26000]
VIVO= True ULTIMO= listo: {'paso': 26000, 'truncados': 0.0, 'p_nose': 0.4, 'mezcla_usada': {'vigente': 0.39, 'anterior': 0.21, 'nose': 0.4}, 'mezcla_promedio': {'vigente': 0.39, 'anterior': 0.21, 'nose': 0.4}, 'p_vieja_tr': 0.35, 'p_nose_tr': 0.4, 'vigente': 1.0, 'anterior': 1.0, 'nose': 0.832440862170453, 'nose_ent': 0.9916666666666667, 'nose_rel': 0.692929292929293, 'falsa_abst': 0.0, 'abstencion': 0.3359375} 
VIVO= True ULTIMO= listo: {'paso': 26000, 'truncados': 0.0, 'p_nose': 0.4, 'mezcla_usada': {'vigente': 0.39, 'anterior': 0.21, 'nose': 0.4}, 'mezcla_promedio': {'vigente': 0.39, 'anterior': 0.21, 'nose': 0.4}, 'p_vieja_tr': 0.35, 'p_nose_tr': 0.4, 'vigente': 1.0, 'anterior': 1.0, 'nose': 0.832440862170453, 'nose_ent': 0.9916666666666667, 'nose_rel': 0.692929292929293, 'falsa_abst': 0.0, 'abstencion': 0.3359375} 
VIVO= True ULTIMO= listo: {'paso': 26000, 'truncados': 0.0, 'p_nose': 0.4, 'mezcla_usada': {'vigente': 0.39, 'anterior': 0.21, 'nose': 0.4}, 'mezcla_promedio': {'vigente': 0.39, 'anterior': 0.21, 'nose': 0.4}, 'p_vieja_tr': 0.35, 'p_nose_tr': 0.4, 'vigente': 1.0, 'anterior': 1.0, 'nose': 0.832440862170453, 'nose_ent': 0.9916666666666667, 'nose_rel': 0.692929292929293, 'falsa_abst': 0.0, 'abstencion': 0.3359375} 
VIVO= True ULTIMO= listo: {'paso': 26000, 'truncados': 0.0, 'p_nose': 0.4, 'mezcla_usada': {'vigente': 0.39, 'anterior': 0.21, 'nose': 0.4}, 'mezcla_promedio': {'vigente': 0.39, 'anterior': 0.21, 'nose': 0.4}, 'p_vieja_tr': 0.35, 'p_nose_tr': 0.4, 'vigente': 1.0, 'anterior': 1.0, 'nose': 0.832440862170453, 'nose_ent': 0.9916666666666667, 'nose_rel': 0.692929292929293, 'falsa_abst': 0.0, 'abstencion': 0.3359375} 
   [checkpoint parcial guardado: paso 26000]
VIVO= True ULTIMO= listo: {'paso': 26000, 'truncados': 0.0, 'p_nose': 0.4, 'mezcla_usada': {'vigente': 0.39, 'anterior': 0.21, 'nose': 0.4}, 'mezcla_promedio': {'vigente': 0.39, 'anterior': 0.21, 'nose': 0.4}, 'p_vieja_tr': 0.35, 'p_nose_tr': 0.4, 'vigente': 1.0, 'anterior': 1.0, 'nose': 0.832440862170453, 'nose_ent': 0.9916666666666667, 'nose_rel': 0.692929292929293, 'falsa_abst': 0.0, 'abstencion': 0.3359375} 
VIVO= True ULTIMO= listo: {'paso': 26000, 'truncados': 0.0, 'p_nose': 0.4, 'mezcla_usada': {'vigente': 0.39, 'anterior': 0.21, 'nose': 0.4}, 'mezcla_promedio': {'vigente': 0.39, 'anterior': 0.21, 'nose': 0.4}, 'p_vieja_tr': 0.35, 'p_nose_tr': 0.4, 'vigente': 1.0, 'anterior': 1.0, 'nose': 0.832440862170453, 'nose_ent': 0.9916666666666667, 'nose_rel': 0.692929292929293, 'falsa_abst': 0.0, 'abstencion': 0.3359375} 
VIVO= True ULTIMO= listo: {'paso': 26000, 'truncados': 0.0, 'p_nose': 0.4, 'mezcla_usada': {'vigente': 0.39, 'anterior': 0.21, 'nose': 0.4}, 'mezcla_promedio': {'vigente': 0.39, 'anterior': 0.21, 'nose': 0.4}, 'p_vieja_tr': 0.35, 'p_nose_tr': 0.4, 'vigente': 1.0, 'anterior': 1.0, 'nose': 0.832440862170453, 'nose_ent': 0.9916666666666667, 'nose_rel': 0.692929292929293, 'falsa_abst': 0.0, 'abstencion': 0.3359375} 
VIVO= True ULTIMO= listo: {'paso': 26000, 'truncados': 0.0, 'p_nose': 0.4, 'mezcla_usada': {'vigente': 0.39, 'anterior': 0.21, 'nose': 0.4}, 'mezcla_promedio': {'vigente': 0.39, 'anterior': 0.21, 'nose': 0.4}, 'p_vieja_tr': 0.35, 'p_nose_tr': 0.4, 'vigente': 1.0, 'anterior': 1.0, 'nose': 0.832440862170453, 'nose_ent': 0.9916666666666667, 'nose_rel': 0.692929292929293, 'falsa_abst': 0.0, 'abstencion': 0.3359375} 
   [checkpoint parcial guardado: paso 26000]
VIVO= True ULTIMO= listo: {'paso': 26000, 'truncados': 0.0, 'p_nose': 0.4, 'mezcla_usada': {'vigente': 0.39, 'anterior': 0.21, 'nose': 0.4}, 'mezcla_promedio': {'vigente': 0.39, 'anterior': 0.21, 'nose': 0.4}, 'p_vieja_tr': 0.35, 'p_nose_tr': 0.4, 'vigente': 1.0, 'anterior': 1.0, 'nose': 0.832440862170453, 'nose_ent': 0.9916666666666667, 'nose_rel': 0.692929292929293, 'falsa_abst': 0.0, 'abstencion': 0.3359375} 

!! sesion perdida — el checkpoint de la PC conserva el ultimo tramo bajado
== fin del tramo (la sesion queda VIVA para el tramo siguiente; pararla con: colab stop -s tr2_j_1114)
   tr2_j_1114 parada; pendientes ahora: 
== todo completo
