== watchdog2 armado sobre /home/maxi/Disco_de_Guardado/Carpetas_Usuario/Documentos/Nuevo Transformer/delta-archivo/micro_lm/rot2_ed_s0.log (rotador 1248362)
== rotador2 · familia 'ed' · p_nose 0.4 · mezcla dinamica · piso 0.10 · p_vieja 0.35 · unidades 3:0 · cuentas: K G H C D E F J A L M N I
-- vuelta 1 · cuenta K · faltan: 3:0 · 14:56:46
   503 en K — SIGUIENTE CUENTA ya (sin esperar)
-- vuelta 1 · cuenta G · faltan: 3:0 · 14:56:50
   503 en G — SIGUIENTE CUENTA ya (sin esperar)
-- H la esta usando otro proceso, se saltea
-- vuelta 1 · cuenta C · faltan: 3:0 · 14:56:53
   503 en C — SIGUIENTE CUENTA ya (sin esperar)
-- vuelta 1 · cuenta D · faltan: 3:0 · 14:56:56
   503 en D — SIGUIENTE CUENTA ya (sin esperar)
-- E la esta usando otro proceso, se saltea
-- vuelta 1 · cuenta F · faltan: 3:0 · 14:57:01
   503 en F — SIGUIENTE CUENTA ya (sin esperar)
-- vuelta 1 · cuenta J · faltan: 3:0 · 14:57:07
   503 en J — SIGUIENTE CUENTA ya (sin esperar)
-- A la esta usando otro proceso, se saltea
-- L la esta usando otro proceso, se saltea
-- M la esta usando otro proceso, se saltea
-- vuelta 1 · cuenta N · faltan: 3:0 · 14:57:12
   503 en N — SIGUIENTE CUENTA ya (sin esperar)
-- vuelta 1 · cuenta I · faltan: 3:0 · 14:57:16
   503 en I — SIGUIENTE CUENTA ya (sin esperar)
-- vuelta 1 recorrida entera sin T4 en ninguna; descanso 10 min
-- K la esta usando otro proceso, se saltea
-- G la esta usando otro proceso, se saltea
-- H la esta usando otro proceso, se saltea
-- vuelta 2 · cuenta C · faltan: 3:0 · 15:07:21
   503 en C — SIGUIENTE CUENTA ya (sin esperar)
-- D la esta usando otro proceso, se saltea
-- vuelta 2 · cuenta E · faltan: 3:0 · 15:07:25
   503 en E — SIGUIENTE CUENTA ya (sin esperar)
-- F la esta usando otro proceso, se saltea
-- vuelta 2 · cuenta J · faltan: 3:0 · 15:07:29
   503 en J — SIGUIENTE CUENTA ya (sin esperar)
-- A la esta usando otro proceso, se saltea
-- L la esta usando otro proceso, se saltea
-- vuelta 2 · cuenta M · faltan: 3:0 · 15:07:34
   503 en M — SIGUIENTE CUENTA ya (sin esperar)
-- N la esta usando otro proceso, se saltea
-- vuelta 2 · cuenta I · faltan: 3:0 · 15:07:39
   503 en I — SIGUIENTE CUENTA ya (sin esperar)
-- vuelta 2 recorrida entera sin T4 en ninguna; descanso 10 min
-- vuelta 3 · cuenta K · faltan: 3:0 · 15:17:44
   503 en K — SIGUIENTE CUENTA ya (sin esperar)
-- vuelta 3 · cuenta G · faltan: 3:0 · 15:17:47
   503 en G — SIGUIENTE CUENTA ya (sin esperar)
-- H la esta usando otro proceso, se saltea
-- vuelta 3 · cuenta C · faltan: 3:0 · 15:17:51
   503 en C — SIGUIENTE CUENTA ya (sin esperar)
-- D la esta usando otro proceso, se saltea
-- vuelta 3 · cuenta E · faltan: 3:0 · 15:17:55
   503 en E — SIGUIENTE CUENTA ya (sin esperar)
-- vuelta 3 · cuenta F · faltan: 3:0 · 15:17:59
   503 en F — SIGUIENTE CUENTA ya (sin esperar)
-- J la esta usando otro proceso, se saltea
-- vuelta 3 · cuenta A · faltan: 3:0 · 15:18:03
   503 en A — SIGUIENTE CUENTA ya (sin esperar)
-- L la esta usando otro proceso, se saltea
-- vuelta 3 · cuenta M · faltan: 3:0 · 15:18:06
   503 en M — SIGUIENTE CUENTA ya (sin esperar)
-- vuelta 3 · cuenta N · faltan: 3:0 · 15:18:10
   503 en N — SIGUIENTE CUENTA ya (sin esperar)
-- vuelta 3 · cuenta I · faltan: 3:0 · 15:18:13
   503 en I — SIGUIENTE CUENTA ya (sin esperar)
-- vuelta 3 recorrida entera sin T4 en ninguna; descanso 10 min
Terminado
