== watchdog2 armado sobre /home/maxi/Disco_de_Guardado/Carpetas_Usuario/Documentos/Nuevo Transformer/delta-archivo/micro_lm/rot23_w_s0.log (rotador 758406)
== rotador2 · familia 'w' · p_nose 0.4 · unidades 3:0 · cuentas: H K G C D E F J A L M N I
-- vuelta 1 · cuenta H · faltan: 3:0 · 09:00:47
   >> OTORGADA en H: [tr2_h_0900] gpu-t4-s-kkb-ass1b1-88dl3b2857b4 | Hardware: T4 | Variant: GPU | Status: IDLE
   -> tramo 3:0 en H (desde el paso 15750)
== tramo · cuenta H · sesion tr2_h_0900 · w3_s0 · +8000 de 26000 pasos · p_nose 0.4 · abst cabeza
[colab] Uploaded '/tmp/tmp.7GMQOXSyok/micro.tgz' to '/content/micro.tgz'
== subiendo checkpoint previo (10M)
[colab] Uploaded '/home/maxi/Disco_de_Guardado/Carpetas_Usuario/Documentos/Nuevo Transformer/delta-archivo/micro_lm/ckpts/w3_s0.pkl' to '/content/ck.pkl'
jax 0.7.2 | [CudaDevice(id=0)]
compuerta de padding OK
lanzado pid 5329
== polling cada 2 min (presupuesto ~100 min)
VIVO= True ULTIMO= ── eval: vigente 0.9922 · anterior 0.9844 · abstencion 0.3340 · truncados 0.0000 · nose 0.7797 (ent 0.9305/rel 0.6090) · falsa_abst 0.0063 
VIVO= True ULTIMO= ── eval: vigente 1.0000 · anterior 1.0000 · abstencion 0.3281 · truncados 0.0000 · nose 0.7724 (ent 0.9200/rel 0.6099) · falsa_abst 0.0000 
VIVO= True ULTIMO= ── eval: vigente 0.9919 · anterior 1.0000 · abstencion 0.3379 · truncados 0.0000 · nose 0.7946 (ent 0.9531/rel 0.6090) · falsa_abst 0.0034 
   [checkpoint parcial guardado: paso 16500]
VIVO= True ULTIMO= ── eval: vigente 0.9964 · anterior 0.9875 · abstencion 0.3379 · truncados 0.0000 · nose 0.7946 (ent 0.9531/rel 0.6090) · falsa_abst 0.0030 
VIVO= True ULTIMO= ── eval: vigente 1.0000 · anterior 0.9792 · abstencion 0.3320 · truncados 0.0000 · nose 0.7852 (ent 0.9384/rel 0.5986) · falsa_abst 0.0000 
VIVO= True ULTIMO= ── eval: vigente 1.0000 · anterior 0.9792 · abstencion 0.3340 · truncados 0.0000 · nose 0.7888 (ent 0.9374/rel 0.6090) · falsa_abst 0.0000 
VIVO= True ULTIMO= ── eval: vigente 0.9957 · anterior 0.9792 · abstencion 0.3379 · truncados 0.0000 · nose 0.7989 (ent 0.9600/rel 0.6090) · falsa_abst 0.0000 
   [checkpoint parcial guardado: paso 17750]
VIVO= True ULTIMO= ── eval: vigente 1.0000 · anterior 1.0000 · abstencion 0.3379 · truncados 0.0000 · nose 0.7989 (ent 0.9600/rel 0.6090) · falsa_abst 0.0000 
VIVO= True ULTIMO= ── eval: vigente 1.0000 · anterior 0.9792 · abstencion 0.3359 · truncados 0.0000 · nose 0.7946 (ent 0.9461/rel 0.6204) · falsa_abst 0.0000 
VIVO= True ULTIMO= ── eval: vigente 0.9867 · anterior 1.0000 · abstencion 0.3418 · truncados 0.0000 · nose 0.7946 (ent 0.9531/rel 0.6090) · falsa_abst 0.0108 
VIVO= True ULTIMO= ── eval: vigente 0.9963 · anterior 0.9844 · abstencion 0.3418 · truncados 0.0000 · nose 0.8043 (ent 0.9678/rel 0.6090) · falsa_abst 0.0028 
   [checkpoint parcial guardado: paso 18750]
VIVO= True ULTIMO= ── eval: vigente 1.0000 · anterior 0.9875 · abstencion 0.3320 · truncados 0.0000 · nose 0.7851 (ent 0.9315/rel 0.6090) · falsa_abst 0.0000 
