== watchdog2 armado sobre /home/maxi/Disco_de_Guardado/Carpetas_Usuario/Documentos/Nuevo Transformer/delta-archivo/micro_lm/rot2_ef_s1.log (rotador 1252000)
== rotador2 · familia 'ef' · p_nose 0.4 · mezcla fija · piso 0.10 · p_vieja 0.35 · unidades 3:1 · cuentas: N I M L A J F E D C H G K
-- vuelta 1 · cuenta N · faltan: 3:1 · 14:56:55
   503 en N — SIGUIENTE CUENTA ya (sin esperar)
-- vuelta 1 · cuenta I · faltan: 3:1 · 14:56:59
   503 en I — SIGUIENTE CUENTA ya (sin esperar)
-- vuelta 1 · cuenta M · faltan: 3:1 · 14:57:04
   503 en M — SIGUIENTE CUENTA ya (sin esperar)
-- L la esta usando otro proceso, se saltea
-- A la esta usando otro proceso, se saltea
-- J la esta usando otro proceso, se saltea
-- vuelta 1 · cuenta F · faltan: 3:1 · 14:57:09
   503 en F — SIGUIENTE CUENTA ya (sin esperar)
-- E la esta usando otro proceso, se saltea
-- vuelta 1 · cuenta D · faltan: 3:1 · 14:57:14
   503 en D — SIGUIENTE CUENTA ya (sin esperar)
-- C la esta usando otro proceso, se saltea
-- vuelta 1 · cuenta H · faltan: 3:1 · 14:57:20
   503 en H — SIGUIENTE CUENTA ya (sin esperar)
-- G la esta usando otro proceso, se saltea
-- vuelta 1 · cuenta K · faltan: 3:1 · 14:57:23
   503 en K — SIGUIENTE CUENTA ya (sin esperar)
-- vuelta 1 recorrida entera sin T4 en ninguna; descanso 10 min
-- N la esta usando otro proceso, se saltea
-- vuelta 2 · cuenta I · faltan: 3:1 · 15:07:27
   503 en I — SIGUIENTE CUENTA ya (sin esperar)
-- M la esta usando otro proceso, se saltea
-- L la esta usando otro proceso, se saltea
-- A la esta usando otro proceso, se saltea
-- J la esta usando otro proceso, se saltea
-- vuelta 2 · cuenta F · faltan: 3:1 · 15:07:31
   503 en F — SIGUIENTE CUENTA ya (sin esperar)
-- E la esta usando otro proceso, se saltea
-- vuelta 2 · cuenta D · faltan: 3:1 · 15:07:35
   503 en D — SIGUIENTE CUENTA ya (sin esperar)
-- C la esta usando otro proceso, se saltea
-- H la esta usando otro proceso, se saltea
-- vuelta 2 · cuenta G · faltan: 3:1 · 15:07:40
   503 en G — SIGUIENTE CUENTA ya (sin esperar)
-- vuelta 2 · cuenta K · faltan: 3:1 · 15:07:44
   503 en K — SIGUIENTE CUENTA ya (sin esperar)
-- vuelta 2 recorrida entera sin T4 en ninguna; descanso 10 min
