== watchdog2 armado sobre /home/maxi/Disco_de_Guardado/Carpetas_Usuario/Documentos/Nuevo Transformer/delta-archivo/micro_lm/rot2_ed_s2.log (rotador 1253523)
== rotador2 · familia 'ed' · p_nose 0.4 · mezcla dinamica · piso 0.10 · p_vieja 0.35 · unidades 3:2 · cuentas: K G H C D E F J A L M N I
-- vuelta 1 · cuenta K · faltan: 3:2 · 14:56:59
   503 en K — SIGUIENTE CUENTA ya (sin esperar)
-- G la esta usando otro proceso, se saltea
-- H la esta usando otro proceso, se saltea
-- C la esta usando otro proceso, se saltea
-- D la esta usando otro proceso, se saltea
-- vuelta 1 · cuenta E · faltan: 3:2 · 14:57:03
   503 en E — SIGUIENTE CUENTA ya (sin esperar)
-- F la esta usando otro proceso, se saltea
-- J la esta usando otro proceso, se saltea
-- A la esta usando otro proceso, se saltea
-- L la esta usando otro proceso, se saltea
-- vuelta 1 · cuenta M · faltan: 3:2 · 14:57:09
   503 en M — SIGUIENTE CUENTA ya (sin esperar)
-- N la esta usando otro proceso, se saltea
-- I la esta usando otro proceso, se saltea
-- vuelta 1 recorrida entera sin T4 en ninguna; descanso 10 min
-- vuelta 2 · cuenta K · faltan: 3:2 · 15:07:14
   503 en K — SIGUIENTE CUENTA ya (sin esperar)
-- vuelta 2 · cuenta G · faltan: 3:2 · 15:07:17
   503 en G — SIGUIENTE CUENTA ya (sin esperar)
-- vuelta 2 · cuenta H · faltan: 3:2 · 15:07:19
   503 en H — SIGUIENTE CUENTA ya (sin esperar)
-- C la esta usando otro proceso, se saltea
-- vuelta 2 · cuenta D · faltan: 3:2 · 15:07:23
   503 en D — SIGUIENTE CUENTA ya (sin esperar)
-- E la esta usando otro proceso, se saltea
-- vuelta 2 · cuenta F · faltan: 3:2 · 15:07:27
   503 en F — SIGUIENTE CUENTA ya (sin esperar)
-- J la esta usando otro proceso, se saltea
-- vuelta 2 · cuenta A · faltan: 3:2 · 15:07:31
   503 en A — SIGUIENTE CUENTA ya (sin esperar)
-- L la esta usando otro proceso, se saltea
-- M la esta usando otro proceso, se saltea
-- vuelta 2 · cuenta N · faltan: 3:2 · 15:07:35
   503 en N — SIGUIENTE CUENTA ya (sin esperar)
-- I la esta usando otro proceso, se saltea
-- vuelta 2 recorrida entera sin T4 en ninguna; descanso 10 min
