== watchdog2 armado sobre /home/maxi/Disco_de_Guardado/Carpetas_Usuario/Documentos/Nuevo Transformer/delta-archivo/micro_lm/rot3_e0_s2.log (rotador 1851303)
== rotador2 · familia 'e0' · p_nose 0.4 · mezcla dinamica · piso 0.0 · p_vieja 0.35 · unidades 3:2 · cuentas: D F E N M I C A J H G K
-- vuelta 1 · cuenta D · faltan: 3:2 · 15:19:41
   503 en D (ni T4 ni TPU) — SIGUIENTE CUENTA ya (sin esperar)
-- F la esta usando otro proceso, se saltea
-- E la esta usando otro proceso, se saltea
-- N la esta usando otro proceso, se saltea
-- vuelta 1 · cuenta M · faltan: 3:2 · 15:19:52
   503 en M (ni T4 ni TPU) — SIGUIENTE CUENTA ya (sin esperar)
-- vuelta 1 · cuenta I · faltan: 3:2 · 15:20:02
   503 en I (ni T4 ni TPU) — SIGUIENTE CUENTA ya (sin esperar)
-- vuelta 1 · cuenta C · faltan: 3:2 · 15:20:11
   503 en C (ni T4 ni TPU) — SIGUIENTE CUENTA ya (sin esperar)
-- vuelta 1 · cuenta A · faltan: 3:2 · 15:20:18
   503 en A (ni T4 ni TPU) — SIGUIENTE CUENTA ya (sin esperar)
-- vuelta 1 · cuenta J · faltan: 3:2 · 15:20:24
   503 en J (ni T4 ni TPU) — SIGUIENTE CUENTA ya (sin esperar)
-- vuelta 1 · cuenta H · faltan: 3:2 · 15:20:30
   503 en H (ni T4 ni TPU) — SIGUIENTE CUENTA ya (sin esperar)
-- vuelta 1 · cuenta G · faltan: 3:2 · 15:20:36
   503 en G (ni T4 ni TPU) — SIGUIENTE CUENTA ya (sin esperar)
-- K la esta usando otro proceso, se saltea
-- vuelta 1 recorrida entera sin T4 en ninguna; descanso 10 min
-- vuelta 2 · cuenta D · faltan: 3:2 · 15:30:42
   503 en D (ni T4 ni TPU) — SIGUIENTE CUENTA ya (sin esperar)
-- vuelta 2 · cuenta F · faltan: 3:2 · 15:30:50
   503 en F (ni T4 ni TPU) — SIGUIENTE CUENTA ya (sin esperar)
-- E la esta usando otro proceso, se saltea
-- vuelta 2 · cuenta N · faltan: 3:2 · 15:30:59
   503 en N (ni T4 ni TPU) — SIGUIENTE CUENTA ya (sin esperar)
-- vuelta 2 · cuenta M · faltan: 3:2 · 15:31:08
   503 en M (ni T4 ni TPU) — SIGUIENTE CUENTA ya (sin esperar)
-- vuelta 2 · cuenta I · faltan: 3:2 · 15:31:16
   503 en I (ni T4 ni TPU) — SIGUIENTE CUENTA ya (sin esperar)
-- vuelta 2 · cuenta C · faltan: 3:2 · 15:31:24
   503 en C (ni T4 ni TPU) — SIGUIENTE CUENTA ya (sin esperar)
-- vuelta 2 · cuenta A · faltan: 3:2 · 15:31:31
   503 en A (ni T4 ni TPU) — SIGUIENTE CUENTA ya (sin esperar)
-- vuelta 2 · cuenta J · faltan: 3:2 · 15:31:37
   503 en J (ni T4 ni TPU) — SIGUIENTE CUENTA ya (sin esperar)
-- vuelta 2 · cuenta H · faltan: 3:2 · 15:31:43
   503 en H (ni T4 ni TPU) — SIGUIENTE CUENTA ya (sin esperar)
-- vuelta 2 · cuenta G · faltan: 3:2 · 15:31:48
   503 en G (ni T4 ni TPU) — SIGUIENTE CUENTA ya (sin esperar)
-- K la esta usando otro proceso, se saltea
-- vuelta 2 recorrida entera sin T4 en ninguna; descanso 10 min
-- vuelta 3 · cuenta D · faltan: 3:2 · 15:41:55
   503 en D (ni T4 ni TPU) — SIGUIENTE CUENTA ya (sin esperar)
-- F la esta usando otro proceso, se saltea
-- E la esta usando otro proceso, se saltea
-- N la esta usando otro proceso, se saltea
-- vuelta 3 · cuenta M · faltan: 3:2 · 15:42:02
   503 en M (ni T4 ni TPU) — SIGUIENTE CUENTA ya (sin esperar)
-- I la esta usando otro proceso, se saltea
-- vuelta 3 · cuenta C · faltan: 3:2 · 15:42:11
   503 en C (ni T4 ni TPU) — SIGUIENTE CUENTA ya (sin esperar)
-- vuelta 3 · cuenta A · faltan: 3:2 · 15:42:18
   503 en A (ni T4 ni TPU) — SIGUIENTE CUENTA ya (sin esperar)
-- J la esta usando otro proceso, se saltea
-- H la esta usando otro proceso, se saltea
-- vuelta 3 · cuenta G · faltan: 3:2 · 15:42:25
   503 en G (ni T4 ni TPU) — SIGUIENTE CUENTA ya (sin esperar)
-- K la esta usando otro proceso, se saltea
-- vuelta 3 recorrida entera sin T4 en ninguna; descanso 10 min
-- D la esta usando otro proceso, se saltea
-- vuelta 4 · cuenta F · faltan: 3:2 · 15:52:32
   503 en F (ni T4 ni TPU) — SIGUIENTE CUENTA ya (sin esperar)
-- E la esta usando otro proceso, se saltea
-- N la esta usando otro proceso, se saltea
-- vuelta 4 · cuenta M · faltan: 3:2 · 15:52:38
   503 en M (ni T4 ni TPU) — SIGUIENTE CUENTA ya (sin esperar)
-- I la esta usando otro proceso, se saltea
-- vuelta 4 · cuenta C · faltan: 3:2 · 15:52:45
   503 en C (ni T4 ni TPU) — SIGUIENTE CUENTA ya (sin esperar)
-- A la esta usando otro proceso, se saltea
-- J la esta usando otro proceso, se saltea
-- H la esta usando otro proceso, se saltea
-- vuelta 4 · cuenta G · faltan: 3:2 · 15:52:52
   503 en G (ni T4 ni TPU) — SIGUIENTE CUENTA ya (sin esperar)
-- K la esta usando otro proceso, se saltea
-- vuelta 4 recorrida entera sin T4 en ninguna; descanso 10 min
-- vuelta 5 · cuenta D · faltan: 3:2 · 16:03:01
   503 en D (ni T4 ni TPU) — SIGUIENTE CUENTA ya (sin esperar)
-- F la esta usando otro proceso, se saltea
-- vuelta 5 · cuenta E · faltan: 3:2 · 16:03:09
   503 en E (ni T4 ni TPU) — SIGUIENTE CUENTA ya (sin esperar)
-- vuelta 5 · cuenta N · faltan: 3:2 · 16:03:17
   503 en N (ni T4 ni TPU) — SIGUIENTE CUENTA ya (sin esperar)
-- M la esta usando otro proceso, se saltea
-- I la esta usando otro proceso, se saltea
-- C la esta usando otro proceso, se saltea
-- vuelta 5 · cuenta A · faltan: 3:2 · 16:03:25
   503 en A (ni T4 ni TPU) — SIGUIENTE CUENTA ya (sin esperar)
-- J la esta usando otro proceso, se saltea
-- H la esta usando otro proceso, se saltea
-- vuelta 5 · cuenta G · faltan: 3:2 · 16:03:33
   503 en G (ni T4 ni TPU) — SIGUIENTE CUENTA ya (sin esperar)
-- K la esta usando otro proceso, se saltea
-- vuelta 5 recorrida entera sin T4 en ninguna; descanso 10 min
-- vuelta 6 · cuenta D · faltan: 3:2 · 16:13:41
   503 en D (ni T4 ni TPU) — SIGUIENTE CUENTA ya (sin esperar)
-- vuelta 6 · cuenta F · faltan: 3:2 · 16:13:47
   503 en F (ni T4 ni TPU) — SIGUIENTE CUENTA ya (sin esperar)
-- E la esta usando otro proceso, se saltea
-- vuelta 6 · cuenta N · faltan: 3:2 · 16:13:53
   503 en N (ni T4 ni TPU) — SIGUIENTE CUENTA ya (sin esperar)
-- vuelta 6 · cuenta M · faltan: 3:2 · 16:13:59
   503 en M (ni T4 ni TPU) — SIGUIENTE CUENTA ya (sin esperar)
-- vuelta 6 · cuenta I · faltan: 3:2 · 16:14:05
   503 en I (ni T4 ni TPU) — SIGUIENTE CUENTA ya (sin esperar)
-- vuelta 6 · cuenta C · faltan: 3:2 · 16:14:11
   503 en C (ni T4 ni TPU) — SIGUIENTE CUENTA ya (sin esperar)
-- vuelta 6 · cuenta A · faltan: 3:2 · 16:14:17
   503 en A (ni T4 ni TPU) — SIGUIENTE CUENTA ya (sin esperar)
-- vuelta 6 · cuenta J · faltan: 3:2 · 16:14:23
   503 en J (ni T4 ni TPU) — SIGUIENTE CUENTA ya (sin esperar)
-- vuelta 6 · cuenta H · faltan: 3:2 · 16:14:30
   503 en H (ni T4 ni TPU) — SIGUIENTE CUENTA ya (sin esperar)
-- G la esta usando otro proceso, se saltea
-- vuelta 6 · cuenta K · faltan: 3:2 · 16:14:36
   503 en K (ni T4 ni TPU) — SIGUIENTE CUENTA ya (sin esperar)
-- vuelta 6 recorrida entera sin T4 en ninguna; descanso 10 min
-- vuelta 7 · cuenta D · faltan: 3:2 · 16:24:43
   503 en D (ni T4 ni TPU) — SIGUIENTE CUENTA ya (sin esperar)
-- vuelta 7 · cuenta F · faltan: 3:2 · 16:24:49
   503 en F (ni T4 ni TPU) — SIGUIENTE CUENTA ya (sin esperar)
-- vuelta 7 · cuenta E · faltan: 3:2 · 16:24:54
   503 en E (ni T4 ni TPU) — SIGUIENTE CUENTA ya (sin esperar)
-- vuelta 7 · cuenta N · faltan: 3:2 · 16:25:00
   503 en N (ni T4 ni TPU) — SIGUIENTE CUENTA ya (sin esperar)
-- vuelta 7 · cuenta M · faltan: 3:2 · 16:25:06
   503 en M (ni T4 ni TPU) — SIGUIENTE CUENTA ya (sin esperar)
-- vuelta 7 · cuenta I · faltan: 3:2 · 16:25:12
   503 en I (ni T4 ni TPU) — SIGUIENTE CUENTA ya (sin esperar)
-- vuelta 7 · cuenta C · faltan: 3:2 · 16:25:19
   503 en C (ni T4 ni TPU) — SIGUIENTE CUENTA ya (sin esperar)
-- vuelta 7 · cuenta A · faltan: 3:2 · 16:25:25
   503 en A (ni T4 ni TPU) — SIGUIENTE CUENTA ya (sin esperar)
-- vuelta 7 · cuenta J · faltan: 3:2 · 16:25:30
   503 en J (ni T4 ni TPU) — SIGUIENTE CUENTA ya (sin esperar)
-- vuelta 7 · cuenta H · faltan: 3:2 · 16:25:36
   503 en H (ni T4 ni TPU) — SIGUIENTE CUENTA ya (sin esperar)
-- vuelta 7 · cuenta G · faltan: 3:2 · 16:25:44
   503 en G (ni T4 ni TPU) — SIGUIENTE CUENTA ya (sin esperar)
-- vuelta 7 · cuenta K · faltan: 3:2 · 16:25:50
   503 en K (ni T4 ni TPU) — SIGUIENTE CUENTA ya (sin esperar)
-- vuelta 7 recorrida entera sin T4 en ninguna; descanso 10 min
-- vuelta 8 · cuenta D · faltan: 3:2 · 16:35:56
   503 en D (ni T4 ni TPU) — SIGUIENTE CUENTA ya (sin esperar)
-- vuelta 8 · cuenta F · faltan: 3:2 · 16:36:02
   503 en F (ni T4 ni TPU) — SIGUIENTE CUENTA ya (sin esperar)
-- E la esta usando otro proceso, se saltea
-- vuelta 8 · cuenta N · faltan: 3:2 · 16:36:08
   503 en N (ni T4 ni TPU) — SIGUIENTE CUENTA ya (sin esperar)
-- vuelta 8 · cuenta M · faltan: 3:2 · 16:36:15
   503 en M (ni T4 ni TPU) — SIGUIENTE CUENTA ya (sin esperar)
-- vuelta 8 · cuenta I · faltan: 3:2 · 16:36:21
   503 en I (ni T4 ni TPU) — SIGUIENTE CUENTA ya (sin esperar)
-- C la esta usando otro proceso, se saltea
-- vuelta 8 · cuenta A · faltan: 3:2 · 16:36:27
   503 en A (ni T4 ni TPU) — SIGUIENTE CUENTA ya (sin esperar)
-- vuelta 8 · cuenta J · faltan: 3:2 · 16:36:33
   503 en J (ni T4 ni TPU) — SIGUIENTE CUENTA ya (sin esperar)
-- vuelta 8 · cuenta H · faltan: 3:2 · 16:36:41
   503 en H (ni T4 ni TPU) — SIGUIENTE CUENTA ya (sin esperar)
-- G la esta usando otro proceso, se saltea
-- K la esta usando otro proceso, se saltea
-- vuelta 8 recorrida entera sin T4 en ninguna; descanso 10 min
-- vuelta 9 · cuenta D · faltan: 3:2 · 16:46:50
   503 en D (ni T4 ni TPU) — SIGUIENTE CUENTA ya (sin esperar)
-- vuelta 9 · cuenta F · faltan: 3:2 · 16:46:56
   503 en F (ni T4 ni TPU) — SIGUIENTE CUENTA ya (sin esperar)
-- vuelta 9 · cuenta E · faltan: 3:2 · 16:47:01
   503 en E (ni T4 ni TPU) — SIGUIENTE CUENTA ya (sin esperar)
-- vuelta 9 · cuenta N · faltan: 3:2 · 16:47:07
   503 en N (ni T4 ni TPU) — SIGUIENTE CUENTA ya (sin esperar)
-- vuelta 9 · cuenta M · faltan: 3:2 · 16:47:13
   503 en M (ni T4 ni TPU) — SIGUIENTE CUENTA ya (sin esperar)
-- vuelta 9 · cuenta I · faltan: 3:2 · 16:47:20
   503 en I (ni T4 ni TPU) — SIGUIENTE CUENTA ya (sin esperar)
-- vuelta 9 · cuenta C · faltan: 3:2 · 16:47:26
   503 en C (ni T4 ni TPU) — SIGUIENTE CUENTA ya (sin esperar)
-- A la esta usando otro proceso, se saltea
-- vuelta 9 · cuenta J · faltan: 3:2 · 16:47:33
   503 en J (ni T4 ni TPU) — SIGUIENTE CUENTA ya (sin esperar)
-- H la esta usando otro proceso, se saltea
-- vuelta 9 · cuenta G · faltan: 3:2 · 16:47:40
   503 en G (ni T4 ni TPU) — SIGUIENTE CUENTA ya (sin esperar)
-- K la esta usando otro proceso, se saltea
-- vuelta 9 recorrida entera sin T4 en ninguna; descanso 10 min
