== watchdog2 armado sobre /home/maxi/Disco_de_Guardado/Carpetas_Usuario/Documentos/Nuevo Transformer/delta-archivo/micro_lm/rot3_ed_s2.log (rotador 1847429)
== rotador2 · familia 'ed' · p_nose 0.4 · mezcla dinamica · piso 0.10 · p_vieja 0.35 · unidades 3:2 · cuentas: H K G E F D J C N I A M
-- vuelta 1 · cuenta H · faltan: 3:2 · 15:19:31
   503 en H (ni T4 ni TPU) — SIGUIENTE CUENTA ya (sin esperar)
-- K la esta usando otro proceso, se saltea
-- vuelta 1 · cuenta G · faltan: 3:2 · 15:19:38
   503 en G (ni T4 ni TPU) — SIGUIENTE CUENTA ya (sin esperar)
-- E la esta usando otro proceso, se saltea
-- vuelta 1 · cuenta F · faltan: 3:2 · 15:19:48
   503 en F (ni T4 ni TPU) — SIGUIENTE CUENTA ya (sin esperar)
-- vuelta 1 · cuenta D · faltan: 3:2 · 15:19:59
   503 en D (ni T4 ni TPU) — SIGUIENTE CUENTA ya (sin esperar)
-- vuelta 1 · cuenta J · faltan: 3:2 · 15:20:08
   503 en J (ni T4 ni TPU) — SIGUIENTE CUENTA ya (sin esperar)
-- C la esta usando otro proceso, se saltea
-- vuelta 1 · cuenta N · faltan: 3:2 · 15:20:16
   503 en N (ni T4 ni TPU) — SIGUIENTE CUENTA ya (sin esperar)
-- vuelta 1 · cuenta I · faltan: 3:2 · 15:20:22
   503 en I (ni T4 ni TPU) — SIGUIENTE CUENTA ya (sin esperar)
-- vuelta 1 · cuenta A · faltan: 3:2 · 15:20:29
   503 en A (ni T4 ni TPU) — SIGUIENTE CUENTA ya (sin esperar)
-- vuelta 1 · cuenta M · faltan: 3:2 · 15:20:35
   503 en M (ni T4 ni TPU) — SIGUIENTE CUENTA ya (sin esperar)
-- vuelta 1 recorrida entera sin T4 en ninguna; descanso 10 min
-- vuelta 2 · cuenta H · faltan: 3:2 · 15:30:41
   503 en H (ni T4 ni TPU) — SIGUIENTE CUENTA ya (sin esperar)
-- vuelta 2 · cuenta K · faltan: 3:2 · 15:30:49
   503 en K (ni T4 ni TPU) — SIGUIENTE CUENTA ya (sin esperar)
-- G la esta usando otro proceso, se saltea
-- vuelta 2 · cuenta E · faltan: 3:2 · 15:30:59
   503 en E (ni T4 ni TPU) — SIGUIENTE CUENTA ya (sin esperar)
-- vuelta 2 · cuenta F · faltan: 3:2 · 15:31:07
   503 en F (ni T4 ni TPU) — SIGUIENTE CUENTA ya (sin esperar)
-- vuelta 2 · cuenta D · faltan: 3:2 · 15:31:15
   503 en D (ni T4 ni TPU) — SIGUIENTE CUENTA ya (sin esperar)
-- vuelta 2 · cuenta J · faltan: 3:2 · 15:31:22
   503 en J (ni T4 ni TPU) — SIGUIENTE CUENTA ya (sin esperar)
-- C la esta usando otro proceso, se saltea
-- vuelta 2 · cuenta N · faltan: 3:2 · 15:31:28
   503 en N (ni T4 ni TPU) — SIGUIENTE CUENTA ya (sin esperar)
-- vuelta 2 · cuenta I · faltan: 3:2 · 15:31:35
   503 en I (ni T4 ni TPU) — SIGUIENTE CUENTA ya (sin esperar)
-- vuelta 2 · cuenta A · faltan: 3:2 · 15:31:41
   503 en A (ni T4 ni TPU) — SIGUIENTE CUENTA ya (sin esperar)
-- vuelta 2 · cuenta M · faltan: 3:2 · 15:31:47
   503 en M (ni T4 ni TPU) — SIGUIENTE CUENTA ya (sin esperar)
-- vuelta 2 recorrida entera sin T4 en ninguna; descanso 10 min
-- H la esta usando otro proceso, se saltea
-- K la esta usando otro proceso, se saltea
-- vuelta 3 · cuenta G · faltan: 3:2 · 15:41:54
   503 en G (ni T4 ni TPU) — SIGUIENTE CUENTA ya (sin esperar)
-- vuelta 3 · cuenta E · faltan: 3:2 · 15:42:02
   503 en E (ni T4 ni TPU) — SIGUIENTE CUENTA ya (sin esperar)
-- F la esta usando otro proceso, se saltea
-- vuelta 3 · cuenta D · faltan: 3:2 · 15:42:09
   503 en D (ni T4 ni TPU) — SIGUIENTE CUENTA ya (sin esperar)
-- vuelta 3 · cuenta J · faltan: 3:2 · 15:42:16
   503 en J (ni T4 ni TPU) — SIGUIENTE CUENTA ya (sin esperar)
-- vuelta 3 · cuenta C · faltan: 3:2 · 15:42:22
   503 en C (ni T4 ni TPU) — SIGUIENTE CUENTA ya (sin esperar)
-- vuelta 3 · cuenta N · faltan: 3:2 · 15:42:29
   503 en N (ni T4 ni TPU) — SIGUIENTE CUENTA ya (sin esperar)
-- vuelta 3 · cuenta I · faltan: 3:2 · 15:42:36
   503 en I (ni T4 ni TPU) — SIGUIENTE CUENTA ya (sin esperar)
-- vuelta 3 · cuenta A · faltan: 3:2 · 15:42:42
   503 en A (ni T4 ni TPU) — SIGUIENTE CUENTA ya (sin esperar)
-- vuelta 3 · cuenta M · faltan: 3:2 · 15:42:47
   503 en M (ni T4 ni TPU) — SIGUIENTE CUENTA ya (sin esperar)
-- vuelta 3 recorrida entera sin T4 en ninguna; descanso 10 min
-- vuelta 4 · cuenta H · faltan: 3:2 · 15:52:54
   503 en H (ni T4 ni TPU) — SIGUIENTE CUENTA ya (sin esperar)
-- K la esta usando otro proceso, se saltea
-- vuelta 4 · cuenta G · faltan: 3:2 · 15:53:02
   503 en G (ni T4 ni TPU) — SIGUIENTE CUENTA ya (sin esperar)
-- vuelta 4 · cuenta E · faltan: 3:2 · 15:53:08
   503 en E (ni T4 ni TPU) — SIGUIENTE CUENTA ya (sin esperar)
-- F la esta usando otro proceso, se saltea
-- vuelta 4 · cuenta D · faltan: 3:2 · 15:53:15
   503 en D (ni T4 ni TPU) — SIGUIENTE CUENTA ya (sin esperar)
-- vuelta 4 · cuenta J · faltan: 3:2 · 15:53:21
   503 en J (ni T4 ni TPU) — SIGUIENTE CUENTA ya (sin esperar)
-- vuelta 4 · cuenta C · faltan: 3:2 · 15:53:27
   503 en C (ni T4 ni TPU) — SIGUIENTE CUENTA ya (sin esperar)
-- N la esta usando otro proceso, se saltea
-- vuelta 4 · cuenta I · faltan: 3:2 · 15:53:33
   503 en I (ni T4 ni TPU) — SIGUIENTE CUENTA ya (sin esperar)
-- vuelta 4 · cuenta A · faltan: 3:2 · 15:53:39
   503 en A (ni T4 ni TPU) — SIGUIENTE CUENTA ya (sin esperar)
-- vuelta 4 · cuenta M · faltan: 3:2 · 15:53:45
   503 en M (ni T4 ni TPU) — SIGUIENTE CUENTA ya (sin esperar)
-- vuelta 4 recorrida entera sin T4 en ninguna; descanso 10 min
-- vuelta 5 · cuenta H · faltan: 3:2 · 16:03:51
   503 en H (ni T4 ni TPU) — SIGUIENTE CUENTA ya (sin esperar)
-- vuelta 5 · cuenta K · faltan: 3:2 · 16:03:58
   503 en K (ni T4 ni TPU) — SIGUIENTE CUENTA ya (sin esperar)
-- G la esta usando otro proceso, se saltea
-- vuelta 5 · cuenta E · faltan: 3:2 · 16:04:05
   503 en E (ni T4 ni TPU) — SIGUIENTE CUENTA ya (sin esperar)
-- vuelta 5 · cuenta F · faltan: 3:2 · 16:04:11
   503 en F (ni T4 ni TPU) — SIGUIENTE CUENTA ya (sin esperar)
-- vuelta 5 · cuenta D · faltan: 3:2 · 16:04:17
   503 en D (ni T4 ni TPU) — SIGUIENTE CUENTA ya (sin esperar)
-- vuelta 5 · cuenta J · faltan: 3:2 · 16:04:24
   503 en J (ni T4 ni TPU) — SIGUIENTE CUENTA ya (sin esperar)
-- vuelta 5 · cuenta C · faltan: 3:2 · 16:04:30
   503 en C (ni T4 ni TPU) — SIGUIENTE CUENTA ya (sin esperar)
-- vuelta 5 · cuenta N · faltan: 3:2 · 16:04:37
   503 en N (ni T4 ni TPU) — SIGUIENTE CUENTA ya (sin esperar)
-- vuelta 5 · cuenta I · faltan: 3:2 · 16:04:43
   503 en I (ni T4 ni TPU) — SIGUIENTE CUENTA ya (sin esperar)
-- A la esta usando otro proceso, se saltea
-- vuelta 5 · cuenta M · faltan: 3:2 · 16:04:49
   503 en M (ni T4 ni TPU) — SIGUIENTE CUENTA ya (sin esperar)
-- vuelta 5 recorrida entera sin T4 en ninguna; descanso 10 min
-- H la esta usando otro proceso, se saltea
-- vuelta 6 · cuenta K · faltan: 3:2 · 16:14:55
   503 en K (ni T4 ni TPU) — SIGUIENTE CUENTA ya (sin esperar)
-- G la esta usando otro proceso, se saltea
-- E la esta usando otro proceso, se saltea
-- vuelta 6 · cuenta F · faltan: 3:2 · 16:15:02
   503 en F (ni T4 ni TPU) — SIGUIENTE CUENTA ya (sin esperar)
-- vuelta 6 · cuenta D · faltan: 3:2 · 16:15:08
   503 en D (ni T4 ni TPU) — SIGUIENTE CUENTA ya (sin esperar)
-- vuelta 6 · cuenta J · faltan: 3:2 · 16:15:14
   503 en J (ni T4 ni TPU) — SIGUIENTE CUENTA ya (sin esperar)
-- vuelta 6 · cuenta C · faltan: 3:2 · 16:15:21
   503 en C (ni T4 ni TPU) — SIGUIENTE CUENTA ya (sin esperar)
-- vuelta 6 · cuenta N · faltan: 3:2 · 16:15:28
   503 en N (ni T4 ni TPU) — SIGUIENTE CUENTA ya (sin esperar)
-- vuelta 6 · cuenta I · faltan: 3:2 · 16:15:36
   503 en I (ni T4 ni TPU) — SIGUIENTE CUENTA ya (sin esperar)
-- vuelta 6 · cuenta A · faltan: 3:2 · 16:15:43
   503 en A (ni T4 ni TPU) — SIGUIENTE CUENTA ya (sin esperar)
-- vuelta 6 · cuenta M · faltan: 3:2 · 16:15:49
   503 en M (ni T4 ni TPU) — SIGUIENTE CUENTA ya (sin esperar)
-- vuelta 6 recorrida entera sin T4 en ninguna; descanso 10 min
-- H la esta usando otro proceso, se saltea
-- K la esta usando otro proceso, se saltea
-- vuelta 7 · cuenta G · faltan: 3:2 · 16:25:56
   503 en G (ni T4 ni TPU) — SIGUIENTE CUENTA ya (sin esperar)
-- vuelta 7 · cuenta E · faltan: 3:2 · 16:26:02
   503 en E (ni T4 ni TPU) — SIGUIENTE CUENTA ya (sin esperar)
-- vuelta 7 · cuenta F · faltan: 3:2 · 16:26:09
   503 en F (ni T4 ni TPU) — SIGUIENTE CUENTA ya (sin esperar)
-- vuelta 7 · cuenta D · faltan: 3:2 · 16:26:15
   503 en D (ni T4 ni TPU) — SIGUIENTE CUENTA ya (sin esperar)
-- vuelta 7 · cuenta J · faltan: 3:2 · 16:26:22
   503 en J (ni T4 ni TPU) — SIGUIENTE CUENTA ya (sin esperar)
-- vuelta 7 · cuenta C · faltan: 3:2 · 16:26:29
   503 en C (ni T4 ni TPU) — SIGUIENTE CUENTA ya (sin esperar)
-- vuelta 7 · cuenta N · faltan: 3:2 · 16:26:36
   503 en N (ni T4 ni TPU) — SIGUIENTE CUENTA ya (sin esperar)
-- I la esta usando otro proceso, se saltea
-- A la esta usando otro proceso, se saltea
-- vuelta 7 · cuenta M · faltan: 3:2 · 16:26:43
   503 en M (ni T4 ni TPU) — SIGUIENTE CUENTA ya (sin esperar)
-- vuelta 7 recorrida entera sin T4 en ninguna; descanso 10 min
-- H la esta usando otro proceso, se saltea
-- K la esta usando otro proceso, se saltea
-- vuelta 8 · cuenta G · faltan: 3:2 · 16:36:50
   503 en G (ni T4 ni TPU) — SIGUIENTE CUENTA ya (sin esperar)
-- E la esta usando otro proceso, se saltea
-- vuelta 8 · cuenta F · faltan: 3:2 · 16:36:58
   503 en F (ni T4 ni TPU) — SIGUIENTE CUENTA ya (sin esperar)
-- vuelta 8 · cuenta D · faltan: 3:2 · 16:37:07
   503 en D (ni T4 ni TPU) — SIGUIENTE CUENTA ya (sin esperar)
-- vuelta 8 · cuenta J · faltan: 3:2 · 16:37:16
   503 en J (ni T4 ni TPU) — SIGUIENTE CUENTA ya (sin esperar)
-- C la esta usando otro proceso, se saltea
-- N la esta usando otro proceso, se saltea
-- I la esta usando otro proceso, se saltea
-- vuelta 8 · cuenta A · faltan: 3:2 · 16:37:26
   503 en A (ni T4 ni TPU) — SIGUIENTE CUENTA ya (sin esperar)
-- M la esta usando otro proceso, se saltea
-- vuelta 8 recorrida entera sin T4 en ninguna; descanso 10 min
-- vuelta 9 · cuenta H · faltan: 3:2 · 16:47:36
   503 en H (ni T4 ni TPU) — SIGUIENTE CUENTA ya (sin esperar)
-- vuelta 9 · cuenta K · faltan: 3:2 · 16:47:43
   503 en K (ni T4 ni TPU) — SIGUIENTE CUENTA ya (sin esperar)
-- vuelta 9 · cuenta G · faltan: 3:2 · 16:47:50
   503 en G (ni T4 ni TPU) — SIGUIENTE CUENTA ya (sin esperar)
-- vuelta 9 · cuenta E · faltan: 3:2 · 16:47:56
   503 en E (ni T4 ni TPU) — SIGUIENTE CUENTA ya (sin esperar)
-- vuelta 9 · cuenta F · faltan: 3:2 · 16:48:03
   503 en F (ni T4 ni TPU) — SIGUIENTE CUENTA ya (sin esperar)
-- D la esta usando otro proceso, se saltea
-- vuelta 9 · cuenta J · faltan: 3:2 · 16:48:10
   503 en J (ni T4 ni TPU) — SIGUIENTE CUENTA ya (sin esperar)
-- vuelta 9 · cuenta C · faltan: 3:2 · 16:48:16
   503 en C (ni T4 ni TPU) — SIGUIENTE CUENTA ya (sin esperar)
-- N la esta usando otro proceso, se saltea
-- vuelta 9 · cuenta I · faltan: 3:2 · 16:48:23
   503 en I (ni T4 ni TPU) — SIGUIENTE CUENTA ya (sin esperar)
-- vuelta 9 · cuenta A · faltan: 3:2 · 16:48:30
   503 en A (ni T4 ni TPU) — SIGUIENTE CUENTA ya (sin esperar)
-- vuelta 9 · cuenta M · faltan: 3:2 · 16:48:36
   503 en M (ni T4 ni TPU) — SIGUIENTE CUENTA ya (sin esperar)
-- vuelta 9 recorrida entera sin T4 en ninguna; descanso 10 min
-- H la esta usando otro proceso, se saltea
-- vuelta 10 · cuenta K · faltan: 3:2 · 16:58:44
   503 en K (ni T4 ni TPU) — SIGUIENTE CUENTA ya (sin esperar)
-- G la esta usando otro proceso, se saltea
-- vuelta 10 · cuenta E · faltan: 3:2 · 16:58:52
   503 en E (ni T4 ni TPU) — SIGUIENTE CUENTA ya (sin esperar)
-- vuelta 10 · cuenta F · faltan: 3:2 · 16:59:00
   503 en F (ni T4 ni TPU) — SIGUIENTE CUENTA ya (sin esperar)
-- vuelta 10 · cuenta D · faltan: 3:2 · 16:59:07
   503 en D (ni T4 ni TPU) — SIGUIENTE CUENTA ya (sin esperar)
-- vuelta 10 · cuenta J · faltan: 3:2 · 16:59:13
   503 en J (ni T4 ni TPU) — SIGUIENTE CUENTA ya (sin esperar)
-- C la esta usando otro proceso, se saltea
-- vuelta 10 · cuenta N · faltan: 3:2 · 16:59:19
   503 en N (ni T4 ni TPU) — SIGUIENTE CUENTA ya (sin esperar)
-- I la esta usando otro proceso, se saltea
-- vuelta 10 · cuenta A · faltan: 3:2 · 16:59:25
   503 en A (ni T4 ni TPU) — SIGUIENTE CUENTA ya (sin esperar)
-- M la esta usando otro proceso, se saltea
-- vuelta 10 recorrida entera sin T4 en ninguna; descanso 10 min
-- vuelta 11 · cuenta H · faltan: 3:2 · 17:09:31
   503 en H (ni T4 ni TPU) — SIGUIENTE CUENTA ya (sin esperar)
-- vuelta 11 · cuenta K · faltan: 3:2 · 17:09:37
   503 en K (ni T4 ni TPU) — SIGUIENTE CUENTA ya (sin esperar)
-- vuelta 11 · cuenta G · faltan: 3:2 · 17:09:44
   503 en G (ni T4 ni TPU) — SIGUIENTE CUENTA ya (sin esperar)
-- vuelta 11 · cuenta E · faltan: 3:2 · 17:09:51
   503 en E (ni T4 ni TPU) — SIGUIENTE CUENTA ya (sin esperar)
-- vuelta 11 · cuenta F · faltan: 3:2 · 17:09:58
   503 en F (ni T4 ni TPU) — SIGUIENTE CUENTA ya (sin esperar)
-- vuelta 11 · cuenta D · faltan: 3:2 · 17:10:05
   503 en D (ni T4 ni TPU) — SIGUIENTE CUENTA ya (sin esperar)
-- vuelta 11 · cuenta J · faltan: 3:2 · 17:10:13
   503 en J (ni T4 ni TPU) — SIGUIENTE CUENTA ya (sin esperar)
-- vuelta 11 · cuenta C · faltan: 3:2 · 17:10:21
   503 en C (ni T4 ni TPU) — SIGUIENTE CUENTA ya (sin esperar)
-- vuelta 11 · cuenta N · faltan: 3:2 · 17:10:28
   503 en N (ni T4 ni TPU) — SIGUIENTE CUENTA ya (sin esperar)
-- I la esta usando otro proceso, se saltea
-- vuelta 11 · cuenta A · faltan: 3:2 · 17:10:35
   503 en A (ni T4 ni TPU) — SIGUIENTE CUENTA ya (sin esperar)
-- M la esta usando otro proceso, se saltea
-- vuelta 11 recorrida entera sin T4 en ninguna; descanso 10 min
-- vuelta 12 · cuenta H · faltan: 3:2 · 17:20:43
   503 en H (ni T4 ni TPU) — SIGUIENTE CUENTA ya (sin esperar)
-- vuelta 12 · cuenta K · faltan: 3:2 · 17:20:51
   503 en K (ni T4 ni TPU) — SIGUIENTE CUENTA ya (sin esperar)
-- G la esta usando otro proceso, se saltea
-- vuelta 12 · cuenta E · faltan: 3:2 · 17:20:58
   503 en E (ni T4 ni TPU) — SIGUIENTE CUENTA ya (sin esperar)
-- vuelta 12 · cuenta F · faltan: 3:2 · 17:21:06
   503 en F (ni T4 ni TPU) — SIGUIENTE CUENTA ya (sin esperar)
-- vuelta 12 · cuenta D · faltan: 3:2 · 17:21:15
   503 en D (ni T4 ni TPU) — SIGUIENTE CUENTA ya (sin esperar)
-- J la esta usando otro proceso, se saltea
-- vuelta 12 · cuenta C · faltan: 3:2 · 17:21:24
   503 en C (ni T4 ni TPU) — SIGUIENTE CUENTA ya (sin esperar)
-- vuelta 12 · cuenta N · faltan: 3:2 · 17:21:32
   503 en N (ni T4 ni TPU) — SIGUIENTE CUENTA ya (sin esperar)
-- I la esta usando otro proceso, se saltea
-- vuelta 12 · cuenta A · faltan: 3:2 · 17:21:40
   503 en A (ni T4 ni TPU) — SIGUIENTE CUENTA ya (sin esperar)
-- M la esta usando otro proceso, se saltea
-- vuelta 12 recorrida entera sin T4 en ninguna; descanso 10 min
-- H la esta usando otro proceso, se saltea
-- vuelta 13 · cuenta K · faltan: 3:2 · 17:31:47
   503 en K (ni T4 ni TPU) — SIGUIENTE CUENTA ya (sin esperar)
-- vuelta 13 · cuenta G · faltan: 3:2 · 17:31:54
   503 en G (ni T4 ni TPU) — SIGUIENTE CUENTA ya (sin esperar)
-- E la esta usando otro proceso, se saltea
-- vuelta 13 · cuenta F · faltan: 3:2 · 17:32:01
   503 en F (ni T4 ni TPU) — SIGUIENTE CUENTA ya (sin esperar)
-- vuelta 13 · cuenta D · faltan: 3:2 · 17:32:09
   503 en D (ni T4 ni TPU) — SIGUIENTE CUENTA ya (sin esperar)
-- vuelta 13 · cuenta J · faltan: 3:2 · 17:32:16
   503 en J (ni T4 ni TPU) — SIGUIENTE CUENTA ya (sin esperar)
-- C la esta usando otro proceso, se saltea
-- vuelta 13 · cuenta N · faltan: 3:2 · 17:32:23
   503 en N (ni T4 ni TPU) — SIGUIENTE CUENTA ya (sin esperar)
-- I la esta usando otro proceso, se saltea
-- vuelta 13 · cuenta A · faltan: 3:2 · 17:32:30
   503 en A (ni T4 ni TPU) — SIGUIENTE CUENTA ya (sin esperar)
-- M la esta usando otro proceso, se saltea
-- vuelta 13 recorrida entera sin T4 en ninguna; descanso 10 min
-- vuelta 14 · cuenta H · faltan: 3:2 · 17:42:39
   503 en H (ni T4 ni TPU) — SIGUIENTE CUENTA ya (sin esperar)
-- K la esta usando otro proceso, se saltea
-- vuelta 14 · cuenta G · faltan: 3:2 · 17:42:45
   503 en G (ni T4 ni TPU) — SIGUIENTE CUENTA ya (sin esperar)
-- vuelta 14 · cuenta E · faltan: 3:2 · 17:42:51
   503 en E (ni T4 ni TPU) — SIGUIENTE CUENTA ya (sin esperar)
-- vuelta 14 · cuenta F · faltan: 3:2 · 17:42:58
   503 en F (ni T4 ni TPU) — SIGUIENTE CUENTA ya (sin esperar)
-- D la esta usando otro proceso, se saltea
-- J la esta usando otro proceso, se saltea
-- vuelta 14 · cuenta C · faltan: 3:2 · 17:43:05
   503 en C (ni T4 ni TPU) — SIGUIENTE CUENTA ya (sin esperar)
-- vuelta 14 · cuenta N · faltan: 3:2 · 17:43:11
   503 en N (ni T4 ni TPU) — SIGUIENTE CUENTA ya (sin esperar)
-- I la esta usando otro proceso, se saltea
-- A la esta usando otro proceso, se saltea
-- vuelta 14 · cuenta M · faltan: 3:2 · 17:43:18
   503 en M (ni T4 ni TPU) — SIGUIENTE CUENTA ya (sin esperar)
-- vuelta 14 recorrida entera sin T4 en ninguna; descanso 10 min
-- vuelta 15 · cuenta H · faltan: 3:2 · 17:53:26
   503 en H (ni T4 ni TPU) — SIGUIENTE CUENTA ya (sin esperar)
-- vuelta 15 · cuenta K · faltan: 3:2 · 17:53:34
   503 en K (ni T4 ni TPU) — SIGUIENTE CUENTA ya (sin esperar)
-- vuelta 15 · cuenta G · faltan: 3:2 · 17:53:42
   503 en G (ni T4 ni TPU) — SIGUIENTE CUENTA ya (sin esperar)
-- vuelta 15 · cuenta E · faltan: 3:2 · 17:53:49
   503 en E (ni T4 ni TPU) — SIGUIENTE CUENTA ya (sin esperar)
-- F la esta usando otro proceso, se saltea
-- vuelta 15 · cuenta D · faltan: 3:2 · 17:53:56
   503 en D (ni T4 ni TPU) — SIGUIENTE CUENTA ya (sin esperar)
-- J la esta usando otro proceso, se saltea
-- C la esta usando otro proceso, se saltea
-- vuelta 15 · cuenta N · faltan: 3:2 · 17:54:04
   503 en N (ni T4 ni TPU) — SIGUIENTE CUENTA ya (sin esperar)
-- I la esta usando otro proceso, se saltea
-- vuelta 15 · cuenta A · faltan: 3:2 · 17:54:13
   503 en A (ni T4 ni TPU) — SIGUIENTE CUENTA ya (sin esperar)
-- vuelta 15 · cuenta M · faltan: 3:2 · 17:54:19
   503 en M (ni T4 ni TPU) — SIGUIENTE CUENTA ya (sin esperar)
-- vuelta 15 recorrida entera sin T4 en ninguna; descanso 10 min
-- vuelta 16 · cuenta H · faltan: 3:2 · 18:04:26
   503 en H (ni T4 ni TPU) — SIGUIENTE CUENTA ya (sin esperar)
-- vuelta 16 · cuenta K · faltan: 3:2 · 18:04:32
   503 en K (ni T4 ni TPU) — SIGUIENTE CUENTA ya (sin esperar)
-- vuelta 16 · cuenta G · faltan: 3:2 · 18:04:41
   503 en G (ni T4 ni TPU) — SIGUIENTE CUENTA ya (sin esperar)
-- E la esta usando otro proceso, se saltea
-- vuelta 16 · cuenta F · faltan: 3:2 · 18:04:49
   503 en F (ni T4 ni TPU) — SIGUIENTE CUENTA ya (sin esperar)
-- D la esta usando otro proceso, se saltea
-- vuelta 16 · cuenta J · faltan: 3:2 · 18:04:56
   503 en J (ni T4 ni TPU) — SIGUIENTE CUENTA ya (sin esperar)
-- C la esta usando otro proceso, se saltea
-- vuelta 16 · cuenta N · faltan: 3:2 · 18:05:03
   503 en N (ni T4 ni TPU) — SIGUIENTE CUENTA ya (sin esperar)
-- vuelta 16 · cuenta I · faltan: 3:2 · 18:05:10
   503 en I (ni T4 ni TPU) — SIGUIENTE CUENTA ya (sin esperar)
-- vuelta 16 · cuenta A · faltan: 3:2 · 18:05:17
   503 en A (ni T4 ni TPU) — SIGUIENTE CUENTA ya (sin esperar)
-- M la esta usando otro proceso, se saltea
-- vuelta 16 recorrida entera sin T4 en ninguna; descanso 10 min
-- vuelta 17 · cuenta H · faltan: 3:2 · 18:15:24
   503 en H (ni T4 ni TPU) — SIGUIENTE CUENTA ya (sin esperar)
-- vuelta 17 · cuenta K · faltan: 3:2 · 18:15:32
   503 en K (ni T4 ni TPU) — SIGUIENTE CUENTA ya (sin esperar)
-- G la esta usando otro proceso, se saltea
-- vuelta 17 · cuenta E · faltan: 3:2 · 18:15:40
   503 en E (ni T4 ni TPU) — SIGUIENTE CUENTA ya (sin esperar)
-- vuelta 17 · cuenta F · faltan: 3:2 · 18:15:47
   503 en F (ni T4 ni TPU) — SIGUIENTE CUENTA ya (sin esperar)
-- D la esta usando otro proceso, se saltea
-- J la esta usando otro proceso, se saltea
-- C la esta usando otro proceso, se saltea
-- vuelta 17 · cuenta N · faltan: 3:2 · 18:15:55
   503 en N (ni T4 ni TPU) — SIGUIENTE CUENTA ya (sin esperar)
-- I la esta usando otro proceso, se saltea
-- vuelta 17 · cuenta A · faltan: 3:2 · 18:16:03
   503 en A (ni T4 ni TPU) — SIGUIENTE CUENTA ya (sin esperar)
-- vuelta 17 · cuenta M · faltan: 3:2 · 18:16:11
   503 en M (ni T4 ni TPU) — SIGUIENTE CUENTA ya (sin esperar)
-- vuelta 17 recorrida entera sin T4 en ninguna; descanso 10 min
-- vuelta 18 · cuenta H · faltan: 3:2 · 18:26:20
   503 en H (ni T4 ni TPU) — SIGUIENTE CUENTA ya (sin esperar)
-- vuelta 18 · cuenta K · faltan: 3:2 · 18:26:26
   503 en K (ni T4 ni TPU) — SIGUIENTE CUENTA ya (sin esperar)
-- G la esta usando otro proceso, se saltea
-- vuelta 18 · cuenta E · faltan: 3:2 · 18:26:32
   503 en E (ni T4 ni TPU) — SIGUIENTE CUENTA ya (sin esperar)
-- vuelta 18 · cuenta F · faltan: 3:2 · 18:26:39
   503 en F (ni T4 ni TPU) — SIGUIENTE CUENTA ya (sin esperar)
-- vuelta 18 · cuenta D · faltan: 3:2 · 18:26:46
   503 en D (ni T4 ni TPU) — SIGUIENTE CUENTA ya (sin esperar)
-- vuelta 18 · cuenta J · faltan: 3:2 · 18:26:54
   503 en J (ni T4 ni TPU) — SIGUIENTE CUENTA ya (sin esperar)
-- vuelta 18 · cuenta C · faltan: 3:2 · 18:27:02
   503 en C (ni T4 ni TPU) — SIGUIENTE CUENTA ya (sin esperar)
-- N la esta usando otro proceso, se saltea
-- vuelta 18 · cuenta I · faltan: 3:2 · 18:27:10
   503 en I (ni T4 ni TPU) — SIGUIENTE CUENTA ya (sin esperar)
-- A la esta usando otro proceso, se saltea
-- vuelta 18 · cuenta M · faltan: 3:2 · 18:27:18
   503 en M (ni T4 ni TPU) — SIGUIENTE CUENTA ya (sin esperar)
-- vuelta 18 recorrida entera sin T4 en ninguna; descanso 10 min
-- vuelta 19 · cuenta H · faltan: 3:2 · 18:37:26
   503 en H (ni T4 ni TPU) — SIGUIENTE CUENTA ya (sin esperar)
-- K la esta usando otro proceso, se saltea
-- vuelta 19 · cuenta G · faltan: 3:2 · 18:37:33
   503 en G (ni T4 ni TPU) — SIGUIENTE CUENTA ya (sin esperar)
-- E la esta usando otro proceso, se saltea
-- F la esta usando otro proceso, se saltea
-- vuelta 19 · cuenta D · faltan: 3:2 · 18:37:40
   503 en D (ni T4 ni TPU) — SIGUIENTE CUENTA ya (sin esperar)
-- vuelta 19 · cuenta J · faltan: 3:2 · 18:37:46
   503 en J (ni T4 ni TPU) — SIGUIENTE CUENTA ya (sin esperar)
-- C la esta usando otro proceso, se saltea
-- N la esta usando otro proceso, se saltea
-- vuelta 19 · cuenta I · faltan: 3:2 · 18:37:53
   503 en I (ni T4 ni TPU) — SIGUIENTE CUENTA ya (sin esperar)
-- A la esta usando otro proceso, se saltea
-- vuelta 19 · cuenta M · faltan: 3:2 · 18:38:01
   503 en M (ni T4 ni TPU) — SIGUIENTE CUENTA ya (sin esperar)
-- vuelta 19 recorrida entera sin T4 en ninguna; descanso 10 min
-- vuelta 20 · cuenta H · faltan: 3:2 · 18:48:09
   503 en H (ni T4 ni TPU) — SIGUIENTE CUENTA ya (sin esperar)
-- vuelta 20 · cuenta K · faltan: 3:2 · 18:48:15
   503 en K (ni T4 ni TPU) — SIGUIENTE CUENTA ya (sin esperar)
-- G la esta usando otro proceso, se saltea
-- E la esta usando otro proceso, se saltea
-- vuelta 20 · cuenta F · faltan: 3:2 · 18:48:21
   503 en F (ni T4 ni TPU) — SIGUIENTE CUENTA ya (sin esperar)
-- vuelta 20 · cuenta D · faltan: 3:2 · 18:48:28
   503 en D (ni T4 ni TPU) — SIGUIENTE CUENTA ya (sin esperar)
-- vuelta 20 · cuenta J · faltan: 3:2 · 18:48:35
   503 en J (ni T4 ni TPU) — SIGUIENTE CUENTA ya (sin esperar)
-- C la esta usando otro proceso, se saltea
-- vuelta 20 · cuenta N · faltan: 3:2 · 18:48:42
   503 en N (ni T4 ni TPU) — SIGUIENTE CUENTA ya (sin esperar)
-- I la esta usando otro proceso, se saltea
-- A la esta usando otro proceso, se saltea
-- vuelta 20 · cuenta M · faltan: 3:2 · 18:48:49
   503 en M (ni T4 ni TPU) — SIGUIENTE CUENTA ya (sin esperar)
-- vuelta 20 recorrida entera sin T4 en ninguna; descanso 10 min
-- vuelta 21 · cuenta H · faltan: 3:2 · 18:58:56
   503 en H (ni T4 ni TPU) — SIGUIENTE CUENTA ya (sin esperar)
-- vuelta 21 · cuenta K · faltan: 3:2 · 18:59:01
   503 en K (ni T4 ni TPU) — SIGUIENTE CUENTA ya (sin esperar)
-- vuelta 21 · cuenta G · faltan: 3:2 · 18:59:07
   503 en G (ni T4 ni TPU) — SIGUIENTE CUENTA ya (sin esperar)
-- vuelta 21 · cuenta E · faltan: 3:2 · 18:59:12
   503 en E (ni T4 ni TPU) — SIGUIENTE CUENTA ya (sin esperar)
-- vuelta 21 · cuenta F · faltan: 3:2 · 18:59:18
   503 en F (ni T4 ni TPU) — SIGUIENTE CUENTA ya (sin esperar)
-- vuelta 21 · cuenta D · faltan: 3:2 · 18:59:24
   503 en D (ni T4 ni TPU) — SIGUIENTE CUENTA ya (sin esperar)
-- vuelta 21 · cuenta J · faltan: 3:2 · 18:59:30
   503 en J (ni T4 ni TPU) — SIGUIENTE CUENTA ya (sin esperar)
-- vuelta 21 · cuenta C · faltan: 3:2 · 18:59:37
   503 en C (ni T4 ni TPU) — SIGUIENTE CUENTA ya (sin esperar)
-- vuelta 21 · cuenta N · faltan: 3:2 · 18:59:43
   503 en N (ni T4 ni TPU) — SIGUIENTE CUENTA ya (sin esperar)
-- vuelta 21 · cuenta I · faltan: 3:2 · 18:59:49
   503 en I (ni T4 ni TPU) — SIGUIENTE CUENTA ya (sin esperar)
-- vuelta 21 · cuenta A · faltan: 3:2 · 18:59:56
   503 en A (ni T4 ni TPU) — SIGUIENTE CUENTA ya (sin esperar)
-- vuelta 21 · cuenta M · faltan: 3:2 · 19:00:02
   503 en M (ni T4 ni TPU) — SIGUIENTE CUENTA ya (sin esperar)
-- vuelta 21 recorrida entera sin T4 en ninguna; descanso 10 min
-- vuelta 22 · cuenta H · faltan: 3:2 · 19:10:08
   503 en H (ni T4 ni TPU) — SIGUIENTE CUENTA ya (sin esperar)
-- vuelta 22 · cuenta K · faltan: 3:2 · 19:10:15
   503 en K (ni T4 ni TPU) — SIGUIENTE CUENTA ya (sin esperar)
-- vuelta 22 · cuenta G · faltan: 3:2 · 19:10:21
   503 en G (ni T4 ni TPU) — SIGUIENTE CUENTA ya (sin esperar)
-- vuelta 22 · cuenta E · faltan: 3:2 · 19:10:29
   503 en E (ni T4 ni TPU) — SIGUIENTE CUENTA ya (sin esperar)
-- vuelta 22 · cuenta F · faltan: 3:2 · 19:10:36
   503 en F (ni T4 ni TPU) — SIGUIENTE CUENTA ya (sin esperar)
-- vuelta 22 · cuenta D · faltan: 3:2 · 19:10:42
   503 en D (ni T4 ni TPU) — SIGUIENTE CUENTA ya (sin esperar)
-- J la esta usando otro proceso, se saltea
-- vuelta 22 · cuenta C · faltan: 3:2 · 19:10:50
   503 en C (ni T4 ni TPU) — SIGUIENTE CUENTA ya (sin esperar)
-- vuelta 22 · cuenta N · faltan: 3:2 · 19:10:57
   503 en N (ni T4 ni TPU) — SIGUIENTE CUENTA ya (sin esperar)
-- vuelta 22 · cuenta I · faltan: 3:2 · 19:11:03
   503 en I (ni T4 ni TPU) — SIGUIENTE CUENTA ya (sin esperar)
-- vuelta 22 · cuenta A · faltan: 3:2 · 19:11:09
   503 en A (ni T4 ni TPU) — SIGUIENTE CUENTA ya (sin esperar)
-- vuelta 22 · cuenta M · faltan: 3:2 · 19:11:16
   503 en M (ni T4 ni TPU) — SIGUIENTE CUENTA ya (sin esperar)
-- vuelta 22 recorrida entera sin T4 en ninguna; descanso 10 min
-- vuelta 23 · cuenta H · faltan: 3:2 · 19:21:22
   503 en H (ni T4 ni TPU) — SIGUIENTE CUENTA ya (sin esperar)
-- K la esta usando otro proceso, se saltea
-- vuelta 23 · cuenta G · faltan: 3:2 · 19:21:30
   503 en G (ni T4 ni TPU) — SIGUIENTE CUENTA ya (sin esperar)
-- vuelta 23 · cuenta E · faltan: 3:2 · 19:21:36
   503 en E (ni T4 ni TPU) — SIGUIENTE CUENTA ya (sin esperar)
-- vuelta 23 · cuenta F · faltan: 3:2 · 19:21:42
   503 en F (ni T4 ni TPU) — SIGUIENTE CUENTA ya (sin esperar)
-- vuelta 23 · cuenta D · faltan: 3:2 · 19:21:48
   503 en D (ni T4 ni TPU) — SIGUIENTE CUENTA ya (sin esperar)
-- vuelta 23 · cuenta J · faltan: 3:2 · 19:21:55
   503 en J (ni T4 ni TPU) — SIGUIENTE CUENTA ya (sin esperar)
-- vuelta 23 · cuenta C · faltan: 3:2 · 19:22:01
   503 en C (ni T4 ni TPU) — SIGUIENTE CUENTA ya (sin esperar)
-- vuelta 23 · cuenta N · faltan: 3:2 · 19:22:07
   503 en N (ni T4 ni TPU) — SIGUIENTE CUENTA ya (sin esperar)
-- vuelta 23 · cuenta I · faltan: 3:2 · 19:22:12
   503 en I (ni T4 ni TPU) — SIGUIENTE CUENTA ya (sin esperar)
-- A la esta usando otro proceso, se saltea
-- vuelta 23 · cuenta M · faltan: 3:2 · 19:22:18
   503 en M (ni T4 ni TPU) — SIGUIENTE CUENTA ya (sin esperar)
-- vuelta 23 recorrida entera sin T4 en ninguna; descanso 10 min
-- vuelta 24 · cuenta H · faltan: 3:2 · 19:32:24
   503 en H (ni T4 ni TPU) — SIGUIENTE CUENTA ya (sin esperar)
-- K la esta usando otro proceso, se saltea
-- G la esta usando otro proceso, se saltea
-- vuelta 24 · cuenta E · faltan: 3:2 · 19:32:32
   503 en E (ni T4 ni TPU) — SIGUIENTE CUENTA ya (sin esperar)
-- vuelta 24 · cuenta F · faltan: 3:2 · 19:32:39
   503 en F (ni T4 ni TPU) — SIGUIENTE CUENTA ya (sin esperar)
-- vuelta 24 · cuenta D · faltan: 3:2 · 19:32:45
   503 en D (ni T4 ni TPU) — SIGUIENTE CUENTA ya (sin esperar)
-- vuelta 24 · cuenta J · faltan: 3:2 · 19:32:52
   503 en J (ni T4 ni TPU) — SIGUIENTE CUENTA ya (sin esperar)
-- vuelta 24 · cuenta C · faltan: 3:2 · 19:32:58
   503 en C (ni T4 ni TPU) — SIGUIENTE CUENTA ya (sin esperar)
-- vuelta 24 · cuenta N · faltan: 3:2 · 19:33:04
   503 en N (ni T4 ni TPU) — SIGUIENTE CUENTA ya (sin esperar)
-- vuelta 24 · cuenta I · faltan: 3:2 · 19:33:10
   503 en I (ni T4 ni TPU) — SIGUIENTE CUENTA ya (sin esperar)
-- vuelta 24 · cuenta A · faltan: 3:2 · 19:33:17
   503 en A (ni T4 ni TPU) — SIGUIENTE CUENTA ya (sin esperar)
-- vuelta 24 · cuenta M · faltan: 3:2 · 19:33:23
   503 en M (ni T4 ni TPU) — SIGUIENTE CUENTA ya (sin esperar)
-- vuelta 24 recorrida entera sin T4 en ninguna; descanso 10 min
-- vuelta 25 · cuenta H · faltan: 3:2 · 19:43:29
   503 en H (ni T4 ni TPU) — SIGUIENTE CUENTA ya (sin esperar)
-- K la esta usando otro proceso, se saltea
-- G la esta usando otro proceso, se saltea
-- vuelta 25 · cuenta E · faltan: 3:2 · 19:43:36
   503 en E (ni T4 ni TPU) — SIGUIENTE CUENTA ya (sin esperar)
-- vuelta 25 · cuenta F · faltan: 3:2 · 19:43:43
   503 en F (ni T4 ni TPU) — SIGUIENTE CUENTA ya (sin esperar)
-- vuelta 25 · cuenta D · faltan: 3:2 · 19:43:51
   503 en D (ni T4 ni TPU) — SIGUIENTE CUENTA ya (sin esperar)
-- vuelta 25 · cuenta J · faltan: 3:2 · 19:43:57
   503 en J (ni T4 ni TPU) — SIGUIENTE CUENTA ya (sin esperar)
-- vuelta 25 · cuenta C · faltan: 3:2 · 19:44:04
   503 en C (ni T4 ni TPU) — SIGUIENTE CUENTA ya (sin esperar)
-- vuelta 25 · cuenta N · faltan: 3:2 · 19:44:11
   503 en N (ni T4 ni TPU) — SIGUIENTE CUENTA ya (sin esperar)
-- vuelta 25 · cuenta I · faltan: 3:2 · 19:44:17
   503 en I (ni T4 ni TPU) — SIGUIENTE CUENTA ya (sin esperar)
-- vuelta 25 · cuenta A · faltan: 3:2 · 19:44:23
   503 en A (ni T4 ni TPU) — SIGUIENTE CUENTA ya (sin esperar)
-- vuelta 25 · cuenta M · faltan: 3:2 · 19:44:29
   503 en M (ni T4 ni TPU) — SIGUIENTE CUENTA ya (sin esperar)
-- vuelta 25 recorrida entera sin T4 en ninguna; descanso 10 min
-- vuelta 26 · cuenta H · faltan: 3:2 · 19:54:36
   503 en H (ni T4 ni TPU) — SIGUIENTE CUENTA ya (sin esperar)
-- K la esta usando otro proceso, se saltea
-- G la esta usando otro proceso, se saltea
-- vuelta 26 · cuenta E · faltan: 3:2 · 19:54:42
   503 en E (ni T4 ni TPU) — SIGUIENTE CUENTA ya (sin esperar)
-- vuelta 26 · cuenta F · faltan: 3:2 · 19:54:49
   503 en F (ni T4 ni TPU) — SIGUIENTE CUENTA ya (sin esperar)
-- D la esta usando otro proceso, se saltea
-- vuelta 26 · cuenta J · faltan: 3:2 · 19:54:55
   503 en J (ni T4 ni TPU) — SIGUIENTE CUENTA ya (sin esperar)
-- C la esta usando otro proceso, se saltea
-- vuelta 26 · cuenta N · faltan: 3:2 · 19:55:02
   503 en N (ni T4 ni TPU) — SIGUIENTE CUENTA ya (sin esperar)
-- vuelta 26 · cuenta I · faltan: 3:2 · 19:55:08
   503 en I (ni T4 ni TPU) — SIGUIENTE CUENTA ya (sin esperar)
-- vuelta 26 · cuenta A · faltan: 3:2 · 19:55:14
   503 en A (ni T4 ni TPU) — SIGUIENTE CUENTA ya (sin esperar)
-- vuelta 26 · cuenta M · faltan: 3:2 · 19:55:20
   503 en M (ni T4 ni TPU) — SIGUIENTE CUENTA ya (sin esperar)
-- vuelta 26 recorrida entera sin T4 en ninguna; descanso 10 min
-- vuelta 27 · cuenta H · faltan: 3:2 · 20:05:26
   503 en H (ni T4 ni TPU) — SIGUIENTE CUENTA ya (sin esperar)
-- vuelta 27 · cuenta K · faltan: 3:2 · 20:05:32
   503 en K (ni T4 ni TPU) — SIGUIENTE CUENTA ya (sin esperar)
-- vuelta 27 · cuenta G · faltan: 3:2 · 20:05:37
   503 en G (ni T4 ni TPU) — SIGUIENTE CUENTA ya (sin esperar)
-- vuelta 27 · cuenta E · faltan: 3:2 · 20:05:44
   503 en E (ni T4 ni TPU) — SIGUIENTE CUENTA ya (sin esperar)
-- vuelta 27 · cuenta F · faltan: 3:2 · 20:05:50
   503 en F (ni T4 ni TPU) — SIGUIENTE CUENTA ya (sin esperar)
-- D la esta usando otro proceso, se saltea
-- J la esta usando otro proceso, se saltea
-- vuelta 27 · cuenta C · faltan: 3:2 · 20:05:56
   503 en C (ni T4 ni TPU) — SIGUIENTE CUENTA ya (sin esperar)
-- vuelta 27 · cuenta N · faltan: 3:2 · 20:06:04
   503 en N (ni T4 ni TPU) — SIGUIENTE CUENTA ya (sin esperar)
-- vuelta 27 · cuenta I · faltan: 3:2 · 20:06:11
   503 en I (ni T4 ni TPU) — SIGUIENTE CUENTA ya (sin esperar)
-- A la esta usando otro proceso, se saltea
-- vuelta 27 · cuenta M · faltan: 3:2 · 20:06:17
   503 en M (ni T4 ni TPU) — SIGUIENTE CUENTA ya (sin esperar)
-- vuelta 27 recorrida entera sin T4 en ninguna; descanso 10 min
