== watchdog2 armado sobre /home/maxi/Disco_de_Guardado/Carpetas_Usuario/Documentos/Nuevo Transformer/delta-archivo/micro_lm/rot3_ef_s1.log (rotador 1848451)
== rotador2 · familia 'ef' · p_nose 0.4 · mezcla fija · piso 0.10 · p_vieja 0.35 · unidades 3:1 · cuentas: N I M A J F E D C H G K
-- vuelta 1 · cuenta N · faltan: 3:1 · 15:19:33
   503 en N (ni T4 ni TPU) — SIGUIENTE CUENTA ya (sin esperar)
-- I la esta usando otro proceso, se saltea
-- vuelta 1 · cuenta M · faltan: 3:1 · 15:19:41
   503 en M (ni T4 ni TPU) — SIGUIENTE CUENTA ya (sin esperar)
-- A la esta usando otro proceso, se saltea
-- J la esta usando otro proceso, se saltea
-- F la esta usando otro proceso, se saltea
-- vuelta 1 · cuenta E · faltan: 3:1 · 15:19:51
   503 en E (ni T4 ni TPU) — SIGUIENTE CUENTA ya (sin esperar)
-- D la esta usando otro proceso, se saltea
-- vuelta 1 · cuenta C · faltan: 3:1 · 15:20:00
   503 en C (ni T4 ni TPU) — SIGUIENTE CUENTA ya (sin esperar)
-- H la esta usando otro proceso, se saltea
-- G la esta usando otro proceso, se saltea
-- vuelta 1 · cuenta K · faltan: 3:1 · 15:20:08
   503 en K (ni T4 ni TPU) — SIGUIENTE CUENTA ya (sin esperar)
-- vuelta 1 recorrida entera sin T4 en ninguna; descanso 10 min
-- vuelta 2 · cuenta N · faltan: 3:1 · 15:30:17
   503 en N (ni T4 ni TPU) — SIGUIENTE CUENTA ya (sin esperar)
-- vuelta 2 · cuenta I · faltan: 3:1 · 15:30:25
   503 en I (ni T4 ni TPU) — SIGUIENTE CUENTA ya (sin esperar)
-- M la esta usando otro proceso, se saltea
-- vuelta 2 · cuenta A · faltan: 3:1 · 15:30:32
   503 en A (ni T4 ni TPU) — SIGUIENTE CUENTA ya (sin esperar)
-- J la esta usando otro proceso, se saltea
-- vuelta 2 · cuenta F · faltan: 3:1 · 15:30:40
   503 en F (ni T4 ni TPU) — SIGUIENTE CUENTA ya (sin esperar)
-- vuelta 2 · cuenta E · faltan: 3:1 · 15:30:48
   503 en E (ni T4 ni TPU) — SIGUIENTE CUENTA ya (sin esperar)
-- vuelta 2 · cuenta D · faltan: 3:1 · 15:30:56
   503 en D (ni T4 ni TPU) — SIGUIENTE CUENTA ya (sin esperar)
-- vuelta 2 · cuenta C · faltan: 3:1 · 15:31:05
   503 en C (ni T4 ni TPU) — SIGUIENTE CUENTA ya (sin esperar)
-- vuelta 2 · cuenta H · faltan: 3:1 · 15:31:13
   503 en H (ni T4 ni TPU) — SIGUIENTE CUENTA ya (sin esperar)
-- vuelta 2 · cuenta G · faltan: 3:1 · 15:31:20
   503 en G (ni T4 ni TPU) — SIGUIENTE CUENTA ya (sin esperar)
-- vuelta 2 · cuenta K · faltan: 3:1 · 15:31:28
   503 en K (ni T4 ni TPU) — SIGUIENTE CUENTA ya (sin esperar)
-- vuelta 2 recorrida entera sin T4 en ninguna; descanso 10 min
-- vuelta 3 · cuenta N · faltan: 3:1 · 15:41:35
   503 en N (ni T4 ni TPU) — SIGUIENTE CUENTA ya (sin esperar)
-- I la esta usando otro proceso, se saltea
-- vuelta 3 · cuenta M · faltan: 3:1 · 15:41:41
   503 en M (ni T4 ni TPU) — SIGUIENTE CUENTA ya (sin esperar)
-- vuelta 3 · cuenta A · faltan: 3:1 · 15:41:48
   503 en A (ni T4 ni TPU) — SIGUIENTE CUENTA ya (sin esperar)
-- vuelta 3 · cuenta J · faltan: 3:1 · 15:41:54
   503 en J (ni T4 ni TPU) — SIGUIENTE CUENTA ya (sin esperar)
-- vuelta 3 · cuenta F · faltan: 3:1 · 15:42:02
   503 en F (ni T4 ni TPU) — SIGUIENTE CUENTA ya (sin esperar)
-- vuelta 3 · cuenta E · faltan: 3:1 · 15:42:10
   503 en E (ni T4 ni TPU) — SIGUIENTE CUENTA ya (sin esperar)
-- vuelta 3 · cuenta D · faltan: 3:1 · 15:42:17
   503 en D (ni T4 ni TPU) — SIGUIENTE CUENTA ya (sin esperar)
-- C la esta usando otro proceso, se saltea
-- vuelta 3 · cuenta H · faltan: 3:1 · 15:42:24
   503 en H (ni T4 ni TPU) — SIGUIENTE CUENTA ya (sin esperar)
-- G la esta usando otro proceso, se saltea
-- vuelta 3 · cuenta K · faltan: 3:1 · 15:42:30
   503 en K (ni T4 ni TPU) — SIGUIENTE CUENTA ya (sin esperar)
-- vuelta 3 recorrida entera sin T4 en ninguna; descanso 10 min
-- vuelta 4 · cuenta N · faltan: 3:1 · 15:52:37
   503 en N (ni T4 ni TPU) — SIGUIENTE CUENTA ya (sin esperar)
-- vuelta 4 · cuenta I · faltan: 3:1 · 15:52:45
   503 en I (ni T4 ni TPU) — SIGUIENTE CUENTA ya (sin esperar)
-- vuelta 4 · cuenta M · faltan: 3:1 · 15:52:52
   503 en M (ni T4 ni TPU) — SIGUIENTE CUENTA ya (sin esperar)
-- vuelta 4 · cuenta A · faltan: 3:1 · 15:53:01
   503 en A (ni T4 ni TPU) — SIGUIENTE CUENTA ya (sin esperar)
-- vuelta 4 · cuenta J · faltan: 3:1 · 15:53:07
   503 en J (ni T4 ni TPU) — SIGUIENTE CUENTA ya (sin esperar)
-- vuelta 4 · cuenta F · faltan: 3:1 · 15:53:13
   503 en F (ni T4 ni TPU) — SIGUIENTE CUENTA ya (sin esperar)
-- vuelta 4 · cuenta E · faltan: 3:1 · 15:53:19
   503 en E (ni T4 ni TPU) — SIGUIENTE CUENTA ya (sin esperar)
-- vuelta 4 · cuenta D · faltan: 3:1 · 15:53:25
   503 en D (ni T4 ni TPU) — SIGUIENTE CUENTA ya (sin esperar)
-- C la esta usando otro proceso, se saltea
-- vuelta 4 · cuenta H · faltan: 3:1 · 15:53:31
   503 en H (ni T4 ni TPU) — SIGUIENTE CUENTA ya (sin esperar)
-- vuelta 4 · cuenta G · faltan: 3:1 · 15:53:37
   503 en G (ni T4 ni TPU) — SIGUIENTE CUENTA ya (sin esperar)
-- vuelta 4 · cuenta K · faltan: 3:1 · 15:53:43
   503 en K (ni T4 ni TPU) — SIGUIENTE CUENTA ya (sin esperar)
-- vuelta 4 recorrida entera sin T4 en ninguna; descanso 10 min
-- vuelta 5 · cuenta N · faltan: 3:1 · 16:03:49
   503 en N (ni T4 ni TPU) — SIGUIENTE CUENTA ya (sin esperar)
-- vuelta 5 · cuenta I · faltan: 3:1 · 16:03:56
   503 en I (ni T4 ni TPU) — SIGUIENTE CUENTA ya (sin esperar)
-- vuelta 5 · cuenta M · faltan: 3:1 · 16:04:02
   503 en M (ni T4 ni TPU) — SIGUIENTE CUENTA ya (sin esperar)
-- vuelta 5 · cuenta A · faltan: 3:1 · 16:04:09
   503 en A (ni T4 ni TPU) — SIGUIENTE CUENTA ya (sin esperar)
-- vuelta 5 · cuenta J · faltan: 3:1 · 16:04:16
   503 en J (ni T4 ni TPU) — SIGUIENTE CUENTA ya (sin esperar)
-- vuelta 5 · cuenta F · faltan: 3:1 · 16:04:23
   503 en F (ni T4 ni TPU) — SIGUIENTE CUENTA ya (sin esperar)
-- vuelta 5 · cuenta E · faltan: 3:1 · 16:04:29
   503 en E (ni T4 ni TPU) — SIGUIENTE CUENTA ya (sin esperar)
-- vuelta 5 · cuenta D · faltan: 3:1 · 16:04:35
   503 en D (ni T4 ni TPU) — SIGUIENTE CUENTA ya (sin esperar)
-- vuelta 5 · cuenta C · faltan: 3:1 · 16:04:42
   503 en C (ni T4 ni TPU) — SIGUIENTE CUENTA ya (sin esperar)
-- vuelta 5 · cuenta H · faltan: 3:1 · 16:04:48
   503 en H (ni T4 ni TPU) — SIGUIENTE CUENTA ya (sin esperar)
-- vuelta 5 · cuenta G · faltan: 3:1 · 16:04:54
   503 en G (ni T4 ni TPU) — SIGUIENTE CUENTA ya (sin esperar)
-- vuelta 5 · cuenta K · faltan: 3:1 · 16:05:00
   503 en K (ni T4 ni TPU) — SIGUIENTE CUENTA ya (sin esperar)
-- vuelta 5 recorrida entera sin T4 en ninguna; descanso 10 min
-- vuelta 6 · cuenta N · faltan: 3:1 · 16:15:06
   503 en N (ni T4 ni TPU) — SIGUIENTE CUENTA ya (sin esperar)
-- vuelta 6 · cuenta I · faltan: 3:1 · 16:15:14
   503 en I (ni T4 ni TPU) — SIGUIENTE CUENTA ya (sin esperar)
-- vuelta 6 · cuenta M · faltan: 3:1 · 16:15:21
   503 en M (ni T4 ni TPU) — SIGUIENTE CUENTA ya (sin esperar)
-- vuelta 6 · cuenta A · faltan: 3:1 · 16:15:28
   503 en A (ni T4 ni TPU) — SIGUIENTE CUENTA ya (sin esperar)
-- vuelta 6 · cuenta J · faltan: 3:1 · 16:15:35
   503 en J (ni T4 ni TPU) — SIGUIENTE CUENTA ya (sin esperar)
-- vuelta 6 · cuenta F · faltan: 3:1 · 16:15:42
   503 en F (ni T4 ni TPU) — SIGUIENTE CUENTA ya (sin esperar)
-- vuelta 6 · cuenta E · faltan: 3:1 · 16:15:48
   503 en E (ni T4 ni TPU) — SIGUIENTE CUENTA ya (sin esperar)
-- vuelta 6 · cuenta D · faltan: 3:1 · 16:15:55
   503 en D (ni T4 ni TPU) — SIGUIENTE CUENTA ya (sin esperar)
-- vuelta 6 · cuenta C · faltan: 3:1 · 16:16:01
   503 en C (ni T4 ni TPU) — SIGUIENTE CUENTA ya (sin esperar)
-- vuelta 6 · cuenta H · faltan: 3:1 · 16:16:07
   503 en H (ni T4 ni TPU) — SIGUIENTE CUENTA ya (sin esperar)
-- vuelta 6 · cuenta G · faltan: 3:1 · 16:16:13
   503 en G (ni T4 ni TPU) — SIGUIENTE CUENTA ya (sin esperar)
-- vuelta 6 · cuenta K · faltan: 3:1 · 16:16:19
   503 en K (ni T4 ni TPU) — SIGUIENTE CUENTA ya (sin esperar)
-- vuelta 6 recorrida entera sin T4 en ninguna; descanso 10 min
-- N la esta usando otro proceso, se saltea
-- vuelta 7 · cuenta I · faltan: 3:1 · 16:26:25
   503 en I (ni T4 ni TPU) — SIGUIENTE CUENTA ya (sin esperar)
-- vuelta 7 · cuenta M · faltan: 3:1 · 16:26:32
   503 en M (ni T4 ni TPU) — SIGUIENTE CUENTA ya (sin esperar)
-- vuelta 7 · cuenta A · faltan: 3:1 · 16:26:39
   503 en A (ni T4 ni TPU) — SIGUIENTE CUENTA ya (sin esperar)
-- vuelta 7 · cuenta J · faltan: 3:1 · 16:26:46
   503 en J (ni T4 ni TPU) — SIGUIENTE CUENTA ya (sin esperar)
-- vuelta 7 · cuenta F · faltan: 3:1 · 16:26:52
   503 en F (ni T4 ni TPU) — SIGUIENTE CUENTA ya (sin esperar)
-- E la esta usando otro proceso, se saltea
-- vuelta 7 · cuenta D · faltan: 3:1 · 16:26:58
   503 en D (ni T4 ni TPU) — SIGUIENTE CUENTA ya (sin esperar)
-- vuelta 7 · cuenta C · faltan: 3:1 · 16:27:03
   503 en C (ni T4 ni TPU) — SIGUIENTE CUENTA ya (sin esperar)
-- vuelta 7 · cuenta H · faltan: 3:1 · 16:27:09
   503 en H (ni T4 ni TPU) — SIGUIENTE CUENTA ya (sin esperar)
-- G la esta usando otro proceso, se saltea
-- vuelta 7 · cuenta K · faltan: 3:1 · 16:27:15
   503 en K (ni T4 ni TPU) — SIGUIENTE CUENTA ya (sin esperar)
-- vuelta 7 recorrida entera sin T4 en ninguna; descanso 10 min
-- N la esta usando otro proceso, se saltea
-- vuelta 8 · cuenta I · faltan: 3:1 · 16:37:21
   503 en I (ni T4 ni TPU) — SIGUIENTE CUENTA ya (sin esperar)
-- M la esta usando otro proceso, se saltea
-- A la esta usando otro proceso, se saltea
-- vuelta 8 · cuenta J · faltan: 3:1 · 16:37:31
   503 en J (ni T4 ni TPU) — SIGUIENTE CUENTA ya (sin esperar)
-- vuelta 8 · cuenta F · faltan: 3:1 · 16:37:42
   503 en F (ni T4 ni TPU) — SIGUIENTE CUENTA ya (sin esperar)
-- E la esta usando otro proceso, se saltea
-- vuelta 8 · cuenta D · faltan: 3:1 · 16:37:52
   503 en D (ni T4 ni TPU) — SIGUIENTE CUENTA ya (sin esperar)
-- vuelta 8 · cuenta C · faltan: 3:1 · 16:38:01
   503 en C (ni T4 ni TPU) — SIGUIENTE CUENTA ya (sin esperar)
-- vuelta 8 · cuenta H · faltan: 3:1 · 16:38:11
   503 en H (ni T4 ni TPU) — SIGUIENTE CUENTA ya (sin esperar)
-- G la esta usando otro proceso, se saltea
-- K la esta usando otro proceso, se saltea
-- vuelta 8 recorrida entera sin T4 en ninguna; descanso 10 min
