== watchdog2 armado sobre /home/maxi/Disco_de_Guardado/Carpetas_Usuario/Documentos/Nuevo Transformer/delta-archivo/micro_lm/rot3_e0_s1.log (rotador 1850636)
== rotador2 · familia 'e0' · p_nose 0.4 · mezcla dinamica · piso 0.0 · p_vieja 0.35 · unidades 3:1 · cuentas: E D F M N C I A J K H G
-- vuelta 1 · cuenta E · faltan: 3:1 · 15:19:39
   503 en E (ni T4 ni TPU) — SIGUIENTE CUENTA ya (sin esperar)
-- D la esta usando otro proceso, se saltea
-- F la esta usando otro proceso, se saltea
-- M la esta usando otro proceso, se saltea
-- N la esta usando otro proceso, se saltea
-- C la esta usando otro proceso, se saltea
-- I la esta usando otro proceso, se saltea
-- vuelta 1 · cuenta A · faltan: 3:1 · 15:19:49
   503 en A (ni T4 ni TPU) — SIGUIENTE CUENTA ya (sin esperar)
-- J la esta usando otro proceso, se saltea
-- vuelta 1 · cuenta K · faltan: 3:1 · 15:19:58
   503 en K (ni T4 ni TPU) — SIGUIENTE CUENTA ya (sin esperar)
-- H la esta usando otro proceso, se saltea
-- vuelta 1 · cuenta G · faltan: 3:1 · 15:20:08
   503 en G (ni T4 ni TPU) — SIGUIENTE CUENTA ya (sin esperar)
-- vuelta 1 recorrida entera sin T4 en ninguna; descanso 10 min
-- E la esta usando otro proceso, se saltea
-- vuelta 2 · cuenta D · faltan: 3:1 · 15:30:17
   503 en D (ni T4 ni TPU) — SIGUIENTE CUENTA ya (sin esperar)
-- F la esta usando otro proceso, se saltea
-- vuelta 2 · cuenta M · faltan: 3:1 · 15:30:25
   503 en M (ni T4 ni TPU) — SIGUIENTE CUENTA ya (sin esperar)
-- N la esta usando otro proceso, se saltea
-- C la esta usando otro proceso, se saltea
-- vuelta 2 · cuenta I · faltan: 3:1 · 15:30:33
   503 en I (ni T4 ni TPU) — SIGUIENTE CUENTA ya (sin esperar)
-- vuelta 2 · cuenta A · faltan: 3:1 · 15:30:40
   503 en A (ni T4 ni TPU) — SIGUIENTE CUENTA ya (sin esperar)
-- vuelta 2 · cuenta J · faltan: 3:1 · 15:30:49
   503 en J (ni T4 ni TPU) — SIGUIENTE CUENTA ya (sin esperar)
-- K la esta usando otro proceso, se saltea
-- H la esta usando otro proceso, se saltea
-- vuelta 2 · cuenta G · faltan: 3:1 · 15:30:58
   503 en G (ni T4 ni TPU) — SIGUIENTE CUENTA ya (sin esperar)
-- vuelta 2 recorrida entera sin T4 en ninguna; descanso 10 min
-- vuelta 3 · cuenta E · faltan: 3:1 · 15:41:07
   503 en E (ni T4 ni TPU) — SIGUIENTE CUENTA ya (sin esperar)
-- D la esta usando otro proceso, se saltea
-- vuelta 3 · cuenta F · faltan: 3:1 · 15:41:13
   503 en F (ni T4 ni TPU) — SIGUIENTE CUENTA ya (sin esperar)
-- vuelta 3 · cuenta M · faltan: 3:1 · 15:41:20
   503 en M (ni T4 ni TPU) — SIGUIENTE CUENTA ya (sin esperar)
-- N la esta usando otro proceso, se saltea
-- vuelta 3 · cuenta C · faltan: 3:1 · 15:41:28
   503 en C (ni T4 ni TPU) — SIGUIENTE CUENTA ya (sin esperar)
-- vuelta 3 · cuenta I · faltan: 3:1 · 15:41:35
   503 en I (ni T4 ni TPU) — SIGUIENTE CUENTA ya (sin esperar)
-- A la esta usando otro proceso, se saltea
-- vuelta 3 · cuenta J · faltan: 3:1 · 15:41:42
   503 en J (ni T4 ni TPU) — SIGUIENTE CUENTA ya (sin esperar)
-- vuelta 3 · cuenta K · faltan: 3:1 · 15:41:49
   503 en K (ni T4 ni TPU) — SIGUIENTE CUENTA ya (sin esperar)
-- H la esta usando otro proceso, se saltea
-- G la esta usando otro proceso, se saltea
-- vuelta 3 recorrida entera sin T4 en ninguna; descanso 10 min
-- vuelta 4 · cuenta E · faltan: 3:1 · 15:51:56
   503 en E (ni T4 ni TPU) — SIGUIENTE CUENTA ya (sin esperar)
-- vuelta 4 · cuenta D · faltan: 3:1 · 15:52:02
   503 en D (ni T4 ni TPU) — SIGUIENTE CUENTA ya (sin esperar)
-- vuelta 4 · cuenta F · faltan: 3:1 · 15:52:08
   503 en F (ni T4 ni TPU) — SIGUIENTE CUENTA ya (sin esperar)
-- vuelta 4 · cuenta M · faltan: 3:1 · 15:52:14
   503 en M (ni T4 ni TPU) — SIGUIENTE CUENTA ya (sin esperar)
-- N la esta usando otro proceso, se saltea
-- C la esta usando otro proceso, se saltea
-- vuelta 4 · cuenta I · faltan: 3:1 · 15:52:21
   503 en I (ni T4 ni TPU) — SIGUIENTE CUENTA ya (sin esperar)
-- vuelta 4 · cuenta A · faltan: 3:1 · 15:52:27
   503 en A (ni T4 ni TPU) — SIGUIENTE CUENTA ya (sin esperar)
-- vuelta 4 · cuenta J · faltan: 3:1 · 15:52:33
   503 en J (ni T4 ni TPU) — SIGUIENTE CUENTA ya (sin esperar)
-- vuelta 4 · cuenta K · faltan: 3:1 · 15:52:40
   503 en K (ni T4 ni TPU) — SIGUIENTE CUENTA ya (sin esperar)
-- vuelta 4 · cuenta H · faltan: 3:1 · 15:52:47
   503 en H (ni T4 ni TPU) — SIGUIENTE CUENTA ya (sin esperar)
-- G la esta usando otro proceso, se saltea
-- vuelta 4 recorrida entera sin T4 en ninguna; descanso 10 min
-- E la esta usando otro proceso, se saltea
-- vuelta 5 · cuenta D · faltan: 3:1 · 16:02:54
   503 en D (ni T4 ni TPU) — SIGUIENTE CUENTA ya (sin esperar)
-- F la esta usando otro proceso, se saltea
-- vuelta 5 · cuenta M · faltan: 3:1 · 16:02:59
   503 en M (ni T4 ni TPU) — SIGUIENTE CUENTA ya (sin esperar)
-- vuelta 5 · cuenta N · faltan: 3:1 · 16:03:06
   503 en N (ni T4 ni TPU) — SIGUIENTE CUENTA ya (sin esperar)
-- vuelta 5 · cuenta C · faltan: 3:1 · 16:03:13
   503 en C (ni T4 ni TPU) — SIGUIENTE CUENTA ya (sin esperar)
-- vuelta 5 · cuenta I · faltan: 3:1 · 16:03:20
   503 en I (ni T4 ni TPU) — SIGUIENTE CUENTA ya (sin esperar)
-- A la esta usando otro proceso, se saltea
-- vuelta 5 · cuenta J · faltan: 3:1 · 16:03:29
   503 en J (ni T4 ni TPU) — SIGUIENTE CUENTA ya (sin esperar)
-- K la esta usando otro proceso, se saltea
-- vuelta 5 · cuenta H · faltan: 3:1 · 16:03:37
   503 en H (ni T4 ni TPU) — SIGUIENTE CUENTA ya (sin esperar)
-- vuelta 5 · cuenta G · faltan: 3:1 · 16:03:45
   503 en G (ni T4 ni TPU) — SIGUIENTE CUENTA ya (sin esperar)
-- vuelta 5 recorrida entera sin T4 en ninguna; descanso 10 min
-- vuelta 6 · cuenta E · faltan: 3:1 · 16:13:51
   503 en E (ni T4 ni TPU) — SIGUIENTE CUENTA ya (sin esperar)
-- vuelta 6 · cuenta D · faltan: 3:1 · 16:13:57
   503 en D (ni T4 ni TPU) — SIGUIENTE CUENTA ya (sin esperar)
-- vuelta 6 · cuenta F · faltan: 3:1 · 16:14:03
   503 en F (ni T4 ni TPU) — SIGUIENTE CUENTA ya (sin esperar)
-- vuelta 6 · cuenta M · faltan: 3:1 · 16:14:09
   503 en M (ni T4 ni TPU) — SIGUIENTE CUENTA ya (sin esperar)
-- vuelta 6 · cuenta N · faltan: 3:1 · 16:14:16
   503 en N (ni T4 ni TPU) — SIGUIENTE CUENTA ya (sin esperar)
-- vuelta 6 · cuenta C · faltan: 3:1 · 16:14:22
   503 en C (ni T4 ni TPU) — SIGUIENTE CUENTA ya (sin esperar)
-- vuelta 6 · cuenta I · faltan: 3:1 · 16:14:28
   503 en I (ni T4 ni TPU) — SIGUIENTE CUENTA ya (sin esperar)
-- vuelta 6 · cuenta A · faltan: 3:1 · 16:14:34
   503 en A (ni T4 ni TPU) — SIGUIENTE CUENTA ya (sin esperar)
-- vuelta 6 · cuenta J · faltan: 3:1 · 16:14:41
   503 en J (ni T4 ni TPU) — SIGUIENTE CUENTA ya (sin esperar)
-- vuelta 6 · cuenta K · faltan: 3:1 · 16:14:48
   503 en K (ni T4 ni TPU) — SIGUIENTE CUENTA ya (sin esperar)
-- vuelta 6 · cuenta H · faltan: 3:1 · 16:14:54
   503 en H (ni T4 ni TPU) — SIGUIENTE CUENTA ya (sin esperar)
-- vuelta 6 · cuenta G · faltan: 3:1 · 16:15:00
   503 en G (ni T4 ni TPU) — SIGUIENTE CUENTA ya (sin esperar)
-- vuelta 6 recorrida entera sin T4 en ninguna; descanso 10 min
-- vuelta 7 · cuenta E · faltan: 3:1 · 16:25:07
   503 en E (ni T4 ni TPU) — SIGUIENTE CUENTA ya (sin esperar)
-- vuelta 7 · cuenta D · faltan: 3:1 · 16:25:13
   503 en D (ni T4 ni TPU) — SIGUIENTE CUENTA ya (sin esperar)
-- vuelta 7 · cuenta F · faltan: 3:1 · 16:25:20
   503 en F (ni T4 ni TPU) — SIGUIENTE CUENTA ya (sin esperar)
-- vuelta 7 · cuenta M · faltan: 3:1 · 16:25:26
   503 en M (ni T4 ni TPU) — SIGUIENTE CUENTA ya (sin esperar)
-- N la esta usando otro proceso, se saltea
-- vuelta 7 · cuenta C · faltan: 3:1 · 16:25:32
   503 en C (ni T4 ni TPU) — SIGUIENTE CUENTA ya (sin esperar)
-- I la esta usando otro proceso, se saltea
-- vuelta 7 · cuenta A · faltan: 3:1 · 16:25:38
   503 en A (ni T4 ni TPU) — SIGUIENTE CUENTA ya (sin esperar)
-- vuelta 7 · cuenta J · faltan: 3:1 · 16:25:45
   503 en J (ni T4 ni TPU) — SIGUIENTE CUENTA ya (sin esperar)
-- K la esta usando otro proceso, se saltea
-- vuelta 7 · cuenta H · faltan: 3:1 · 16:25:52
   503 en H (ni T4 ni TPU) — SIGUIENTE CUENTA ya (sin esperar)
-- G la esta usando otro proceso, se saltea
-- vuelta 7 recorrida entera sin T4 en ninguna; descanso 10 min
-- vuelta 8 · cuenta E · faltan: 3:1 · 16:35:58
   503 en E (ni T4 ni TPU) — SIGUIENTE CUENTA ya (sin esperar)
-- vuelta 8 · cuenta D · faltan: 3:1 · 16:36:04
   503 en D (ni T4 ni TPU) — SIGUIENTE CUENTA ya (sin esperar)
-- vuelta 8 · cuenta F · faltan: 3:1 · 16:36:11
   503 en F (ni T4 ni TPU) — SIGUIENTE CUENTA ya (sin esperar)
-- M la esta usando otro proceso, se saltea
-- vuelta 8 · cuenta N · faltan: 3:1 · 16:36:17
   503 en N (ni T4 ni TPU) — SIGUIENTE CUENTA ya (sin esperar)
-- vuelta 8 · cuenta C · faltan: 3:1 · 16:36:23
   503 en C (ni T4 ni TPU) — SIGUIENTE CUENTA ya (sin esperar)
-- vuelta 8 · cuenta I · faltan: 3:1 · 16:36:29
   503 en I (ni T4 ni TPU) — SIGUIENTE CUENTA ya (sin esperar)
-- vuelta 8 · cuenta A · faltan: 3:1 · 16:36:35
   503 en A (ni T4 ni TPU) — SIGUIENTE CUENTA ya (sin esperar)
-- vuelta 8 · cuenta J · faltan: 3:1 · 16:36:42
   503 en J (ni T4 ni TPU) — SIGUIENTE CUENTA ya (sin esperar)
-- K la esta usando otro proceso, se saltea
-- vuelta 8 · cuenta H · faltan: 3:1 · 16:36:51
   503 en H (ni T4 ni TPU) — SIGUIENTE CUENTA ya (sin esperar)
-- vuelta 8 · cuenta G · faltan: 3:1 · 16:37:00
   503 en G (ni T4 ni TPU) — SIGUIENTE CUENTA ya (sin esperar)
-- vuelta 8 recorrida entera sin T4 en ninguna; descanso 10 min
-- vuelta 9 · cuenta E · faltan: 3:1 · 16:47:09
   503 en E (ni T4 ni TPU) — SIGUIENTE CUENTA ya (sin esperar)
-- vuelta 9 · cuenta D · faltan: 3:1 · 16:47:16
   503 en D (ni T4 ni TPU) — SIGUIENTE CUENTA ya (sin esperar)
-- F la esta usando otro proceso, se saltea
-- vuelta 9 · cuenta M · faltan: 3:1 · 16:47:23
   503 en M (ni T4 ni TPU) — SIGUIENTE CUENTA ya (sin esperar)
-- vuelta 9 · cuenta N · faltan: 3:1 · 16:47:29
   503 en N (ni T4 ni TPU) — SIGUIENTE CUENTA ya (sin esperar)
-- vuelta 9 · cuenta C · faltan: 3:1 · 16:47:36
   503 en C (ni T4 ni TPU) — SIGUIENTE CUENTA ya (sin esperar)
-- vuelta 9 · cuenta I · faltan: 3:1 · 16:47:43
   503 en I (ni T4 ni TPU) — SIGUIENTE CUENTA ya (sin esperar)
-- vuelta 9 · cuenta A · faltan: 3:1 · 16:47:49
   503 en A (ni T4 ni TPU) — SIGUIENTE CUENTA ya (sin esperar)
-- vuelta 9 · cuenta J · faltan: 3:1 · 16:47:55
   503 en J (ni T4 ni TPU) — SIGUIENTE CUENTA ya (sin esperar)
-- K la esta usando otro proceso, se saltea
-- vuelta 9 · cuenta H · faltan: 3:1 · 16:48:02
   503 en H (ni T4 ni TPU) — SIGUIENTE CUENTA ya (sin esperar)
-- vuelta 9 · cuenta G · faltan: 3:1 · 16:48:09
   503 en G (ni T4 ni TPU) — SIGUIENTE CUENTA ya (sin esperar)
-- vuelta 9 recorrida entera sin T4 en ninguna; descanso 10 min
