== watchdog2 armado sobre /home/maxi/Disco_de_Guardado/Carpetas_Usuario/Documentos/Nuevo Transformer/delta-archivo/micro_lm/rot_ed3_20260825.log (rotador 4066137)
== rotador2 · familia 'ed' · p_nose 0.4 · mezcla dinamica · piso 0.10 · p_vieja 0.35 · unidades 3:0,3:1,3:2 · cuentas: K N H L M I G C D E F J A
-- vuelta 1 · cuenta K · faltan: 3:0 3:1 3:2 · 16:06:31
   503 en K (ni T4 ni TPU) — SIGUIENTE CUENTA ya (sin esperar)
-- N la esta usando otro proceso, se saltea
-- vuelta 1 · cuenta H · faltan: 3:0 3:1 3:2 · 16:06:36
   >> OTORGADA en H (T4): [tr2_h_1606] gpu-t4-s-kkb-ass1c0-2zt4ogftb4jgq | Hardware: T4 | Variant: GPU | Status: IDLE
   -> tramo 3:0 en H (desde el paso 15500)
== tramo · cuenta H · sesion tr2_h_1606 · ed3_s0 · +2500 de 20000 pasos · p_nose 0.4 · abst cabeza · donde pre · mezcla dinamica · piso 0.10 · p_vieja 0.35
[colab] Uploaded '/tmp/tmp.qYVXAMDVZP/micro.tgz' to '/content/micro.tgz'
== subiendo checkpoint previo (10M)
[colab] Uploaded '/home/maxi/Documentos/Nuevo Transformer/delta-archivo/micro_lm/ckpts/ed3_s0.pkl' to '/content/ck.pkl'
jax 0.7.2 | [CudaDevice(id=0)]
compuerta de padding OK
lanzado pid 2507
== polling cada 2 min (presupuesto ~40 min)
VIVO= True ULTIMO= mezcla dinamica · piso 0.10 · alpha 0.10 · arranca en vigente 0.314 / anterior 0.218 / nose 0.468 
VIVO= True ULTIMO= mezcla -> vigente 0.318 · anterior 0.217 · nose 0.465   (p_vieja 0.406 · p_nose 0.465) 
VIVO= True ULTIMO= mezcla -> vigente 0.318 · anterior 0.217 · nose 0.465   (p_vieja 0.406 · p_nose 0.465) 
   [checkpoint parcial guardado: paso 16000]
VIVO= True ULTIMO= mezcla -> vigente 0.321 · anterior 0.216 · nose 0.463   (p_vieja 0.401 · p_nose 0.463) 
VIVO= True ULTIMO= mezcla -> vigente 0.319 · anterior 0.215 · nose 0.466   (p_vieja 0.403 · p_nose 0.466) 
VIVO= True ULTIMO= mezcla -> vigente 0.319 · anterior 0.215 · nose 0.466   (p_vieja 0.403 · p_nose 0.466) 
VIVO= True ULTIMO= mezcla -> vigente 0.321 · anterior 0.212 · nose 0.467   (p_vieja 0.398 · p_nose 0.467) 
   [checkpoint parcial guardado: paso 17500]
VIVO= True ULTIMO= mezcla -> vigente 0.321 · anterior 0.212 · nose 0.467   (p_vieja 0.398 · p_nose 0.467) 
VIVO= True ULTIMO= CONTROL fijo_promedio: --mezcla fija --p-vieja 0.4540 --p-nose 0.4134 
VIVO= True ULTIMO= CONTROL fijo_promedio: --mezcla fija --p-vieja 0.4540 --p-nose 0.4134 
VIVO= True ULTIMO= CONTROL fijo_promedio: --mezcla fija --p-vieja 0.4540 --p-nose 0.4134 
   [checkpoint parcial guardado: paso 18000]
VIVO= True ULTIMO= CONTROL fijo_promedio: --mezcla fija --p-vieja 0.4540 --p-nose 0.4134 
VIVO= True ULTIMO= CONTROL fijo_promedio: --mezcla fija --p-vieja 0.4540 --p-nose 0.4134 
VIVO= True ULTIMO= CONTROL fijo_promedio: --mezcla fija --p-vieja 0.4540 --p-nose 0.4134 
VIVO= True ULTIMO= CONTROL fijo_promedio: --mezcla fija --p-vieja 0.4540 --p-nose 0.4134 
   [checkpoint parcial guardado: paso 18000]
VIVO= True ULTIMO= CONTROL fijo_promedio: --mezcla fija --p-vieja 0.4540 --p-nose 0.4134 
VIVO= True ULTIMO= CONTROL fijo_promedio: --mezcla fija --p-vieja 0.4540 --p-nose 0.4134 
VIVO= True ULTIMO= CONTROL fijo_promedio: --mezcla fija --p-vieja 0.4540 --p-nose 0.4134 
VIVO= True ULTIMO= CONTROL fijo_promedio: --mezcla fija --p-vieja 0.4540 --p-nose 0.4134 
   [checkpoint parcial guardado: paso 18000]
VIVO= True ULTIMO= CONTROL fijo_promedio: --mezcla fija --p-vieja 0.4540 --p-nose 0.4134 
== fin del tramo (la sesion queda VIVA para el tramo siguiente; pararla con: colab stop -s tr2_h_1606)
   tramo de 3:0 cerrado en el paso 18000 de 20000
   -> tramo 3:1 en H (desde el paso 14750)
== tramo · cuenta H · sesion tr2_h_1606 · ed3_s1 · +2500 de 20000 pasos · p_nose 0.4 · abst cabeza · donde pre · mezcla dinamica · piso 0.10 · p_vieja 0.35
[colab] Uploaded '/tmp/tmp.pPjXTRI04O/micro.tgz' to '/content/micro.tgz'
== subiendo checkpoint previo (10M)
[colab] Uploaded '/home/maxi/Documentos/Nuevo Transformer/delta-archivo/micro_lm/ckpts/ed3_s1.pkl' to '/content/ck.pkl'
jax 0.7.2 | [CudaDevice(id=0)]
compuerta de padding OK
lanzado pid 13651
== polling cada 2 min (presupuesto ~40 min)
VIVO= True ULTIMO= mezcla dinamica · piso 0.10 · alpha 0.10 · arranca en vigente 0.382 / anterior 0.185 / nose 0.433 
VIVO= True ULTIMO= mezcla -> vigente 0.377 · anterior 0.183 · nose 0.440   (p_vieja 0.327 · p_nose 0.440) 
VIVO= True ULTIMO= mezcla -> vigente 0.371 · anterior 0.182 · nose 0.447   (p_vieja 0.329 · p_nose 0.447) 
   [checkpoint parcial guardado: paso 15500]
VIVO= True ULTIMO= mezcla -> vigente 0.371 · anterior 0.182 · nose 0.447   (p_vieja 0.329 · p_nose 0.447) 
VIVO= True ULTIMO= mezcla -> vigente 0.378 · anterior 0.180 · nose 0.442   (p_vieja 0.323 · p_nose 0.442) 
VIVO= True ULTIMO= mezcla -> vigente 0.382 · anterior 0.179 · nose 0.438   (p_vieja 0.320 · p_nose 0.438) 

!! sesion perdida — el checkpoint de la PC conserva el ultimo tramo bajado
== fin del tramo (la sesion queda VIVA para el tramo siguiente; pararla con: colab stop -s tr2_h_1606)
   tramo de 3:1 cerrado en el paso 16500 de 20000
   -> tramo 3:2 en H (desde el paso 7750)
== tramo · cuenta H · sesion tr2_h_1606 · ed3_s2 · +2500 de 20000 pasos · p_nose 0.4 · abst cabeza · donde pre · mezcla dinamica · piso 0.10 · p_vieja 0.35
[colab] Session 'tr2_h_1606' not found.
   tramo de 3:2 cerrado en el paso 7750 de 20000
   tr2_h_1606 parada; pendientes ahora: 3:0 3:1 3:2
-- L la esta usando otro proceso, se saltea
-- vuelta 1 · cuenta M · faltan: 3:0 3:1 3:2 · 17:07:50
   503 en M (ni T4 ni TPU) — SIGUIENTE CUENTA ya (sin esperar)
-- vuelta 1 · cuenta I · faltan: 3:0 3:1 3:2 · 17:07:59
   503 en I (ni T4 ni TPU) — SIGUIENTE CUENTA ya (sin esperar)
-- vuelta 1 · cuenta G · faltan: 3:0 3:1 3:2 · 17:08:05
   >> OTORGADA en G (T4): [tr2_g_1708] gpu-t4-s-kkb-usw1b1-2v9ijw9t42k29 | Hardware: T4 | Variant: GPU | Status: IDLE
   -> tramo 3:0 en G (desde el paso 18000)
== tramo · cuenta G · sesion tr2_g_1708 · ed3_s0 · +2500 de 20000 pasos · p_nose 0.4 · abst cabeza · donde pre · mezcla dinamica · piso 0.10 · p_vieja 0.35
[colab] Uploaded '/tmp/tmp.QS2s3hhbUU/micro.tgz' to '/content/micro.tgz'
== subiendo checkpoint previo (10M)
[colab] Uploaded '/home/maxi/Documentos/Nuevo Transformer/delta-archivo/micro_lm/ckpts/ed3_s0.pkl' to '/content/ck.pkl'
jax 0.7.2 | [CudaDevice(id=0)]
compuerta de padding OK
lanzado pid 1237
== polling cada 2 min (presupuesto ~40 min)
VIVO= True ULTIMO= mezcla dinamica · piso 0.10 · alpha 0.10 · arranca en vigente 0.323 / anterior 0.211 / nose 0.465 
VIVO= True ULTIMO= mezcla -> vigente 0.323 · anterior 0.211 · nose 0.467   (p_vieja 0.395 · p_nose 0.467) 
VIVO= True ULTIMO= mezcla -> vigente 0.323 · anterior 0.211 · nose 0.467   (p_vieja 0.395 · p_nose 0.467) 
   [checkpoint parcial guardado: paso 18500]
VIVO= True ULTIMO= mezcla -> vigente 0.325 · anterior 0.211 · nose 0.464   (p_vieja 0.394 · p_nose 0.464) 
VIVO= True ULTIMO= mezcla -> vigente 0.325 · anterior 0.211 · nose 0.464   (p_vieja 0.394 · p_nose 0.464) 
VIVO= True ULTIMO= mezcla -> vigente 0.324 · anterior 0.205 · nose 0.471   (p_vieja 0.388 · p_nose 0.471) 
VIVO= True ULTIMO= mezcla -> vigente 0.324 · anterior 0.205 · nose 0.471   (p_vieja 0.388 · p_nose 0.471) 
   [checkpoint parcial guardado: paso 19500]
VIVO= True ULTIMO= CONTROL fijo_promedio: --mezcla fija --p-vieja 0.4484 --p-nose 0.4187 
VIVO= True ULTIMO= CONTROL fijo_promedio: --mezcla fija --p-vieja 0.4484 --p-nose 0.4187 
VIVO= True ULTIMO= CONTROL fijo_promedio: --mezcla fija --p-vieja 0.4484 --p-nose 0.4187 
VIVO= True ULTIMO= CONTROL fijo_promedio: --mezcla fija --p-vieja 0.4484 --p-nose 0.4187 
   [checkpoint parcial guardado: paso 20000]
VIVO= True ULTIMO= CONTROL fijo_promedio: --mezcla fija --p-vieja 0.4484 --p-nose 0.4187 
VIVO= True ULTIMO= CONTROL fijo_promedio: --mezcla fija --p-vieja 0.4484 --p-nose 0.4187 
VIVO= True ULTIMO= CONTROL fijo_promedio: --mezcla fija --p-vieja 0.4484 --p-nose 0.4187 
VIVO= True ULTIMO= CONTROL fijo_promedio: --mezcla fija --p-vieja 0.4484 --p-nose 0.4187 
   [checkpoint parcial guardado: paso 20000]
VIVO= True ULTIMO= CONTROL fijo_promedio: --mezcla fija --p-vieja 0.4484 --p-nose 0.4187 
VIVO= True ULTIMO= CONTROL fijo_promedio: --mezcla fija --p-vieja 0.4484 --p-nose 0.4187 
VIVO= True ULTIMO= CONTROL fijo_promedio: --mezcla fija --p-vieja 0.4484 --p-nose 0.4187 
VIVO= True ULTIMO= CONTROL fijo_promedio: --mezcla fija --p-vieja 0.4484 --p-nose 0.4187 
   [checkpoint parcial guardado: paso 20000]
VIVO= True ULTIMO= CONTROL fijo_promedio: --mezcla fija --p-vieja 0.4484 --p-nose 0.4187 
== fin del tramo (la sesion queda VIVA para el tramo siguiente; pararla con: colab stop -s tr2_g_1708)
   tramo de 3:0 cerrado en el paso 20000 de 20000
   -> tramo 3:1 en G (desde el paso 16500)
== tramo · cuenta G · sesion tr2_g_1708 · ed3_s1 · +2500 de 20000 pasos · p_nose 0.4 · abst cabeza · donde pre · mezcla dinamica · piso 0.10 · p_vieja 0.35
[colab] Uploaded '/tmp/tmp.klEdY5xM7r/micro.tgz' to '/content/micro.tgz'
== subiendo checkpoint previo (10M)
[colab] Uploaded '/home/maxi/Documentos/Nuevo Transformer/delta-archivo/micro_lm/ckpts/ed3_s1.pkl' to '/content/ck.pkl'
jax 0.7.2 | [CudaDevice(id=0)]
compuerta de padding OK
lanzado pid 11601
== polling cada 2 min (presupuesto ~40 min)
VIVO= True ULTIMO= mezcla dinamica · piso 0.10 · alpha 0.10 · arranca en vigente 0.371 / anterior 0.182 / nose 0.447 
VIVO= True ULTIMO= mezcla -> vigente 0.378 · anterior 0.180 · nose 0.442   (p_vieja 0.323 · p_nose 0.442) 
VIVO= True ULTIMO= mezcla -> vigente 0.378 · anterior 0.180 · nose 0.442   (p_vieja 0.323 · p_nose 0.442) 
   [checkpoint parcial guardado: paso 16000]
VIVO= True ULTIMO= mezcla -> vigente 0.382 · anterior 0.179 · nose 0.438   (p_vieja 0.320 · p_nose 0.438) 
VIVO= True ULTIMO= mezcla -> vigente 0.382 · anterior 0.179 · nose 0.438   (p_vieja 0.320 · p_nose 0.438) 
VIVO= True ULTIMO= mezcla -> vigente 0.382 · anterior 0.177 · nose 0.441   (p_vieja 0.317 · p_nose 0.441) 
VIVO= True ULTIMO= mezcla -> vigente 0.382 · anterior 0.177 · nose 0.441   (p_vieja 0.317 · p_nose 0.441) 
   [checkpoint parcial guardado: paso 17000]
VIVO= True ULTIMO= mezcla -> vigente 0.381 · anterior 0.175 · nose 0.444   (p_vieja 0.315 · p_nose 0.444) 

!! sesion perdida — el checkpoint de la PC conserva el ultimo tramo bajado
== fin del tramo (la sesion queda VIVA para el tramo siguiente; pararla con: colab stop -s tr2_g_1708)
   tramo de 3:1 cerrado en el paso 17500 de 20000
   -> tramo 3:2 en G (desde el paso 7750)
== tramo · cuenta G · sesion tr2_g_1708 · ed3_s2 · +2500 de 20000 pasos · p_nose 0.4 · abst cabeza · donde pre · mezcla dinamica · piso 0.10 · p_vieja 0.35
[colab] Session 'tr2_g_1708' not found.
   tramo de 3:2 cerrado en el paso 7750 de 20000
   tr2_g_1708 parada; pendientes ahora: 3:1 3:2
-- vuelta 1 · cuenta C · faltan: 3:1 3:2 · 18:09:27
   >> OTORGADA en C (T4): [tr2_c_1809] gpu-t4-s-kkb-use1c1-27m5wgbr9cvas | Hardware: T4 | Variant: GPU | Status: IDLE
   -> tramo 3:1 en C (desde el paso 17500)
== tramo · cuenta C · sesion tr2_c_1809 · ed3_s1 · +2500 de 20000 pasos · p_nose 0.4 · abst cabeza · donde pre · mezcla dinamica · piso 0.10 · p_vieja 0.35
[colab] Uploaded '/tmp/tmp.Tvz3JxAJ7w/micro.tgz' to '/content/micro.tgz'
== subiendo checkpoint previo (10M)
[colab] Uploaded '/home/maxi/Documentos/Nuevo Transformer/delta-archivo/micro_lm/ckpts/ed3_s1.pkl' to '/content/ck.pkl'
jax 0.7.2 | [CudaDevice(id=0)]
compuerta de padding OK
lanzado pid 1595
== polling cada 2 min (presupuesto ~40 min)
VIVO= True ULTIMO= mezcla dinamica · piso 0.10 · alpha 0.10 · arranca en vigente 0.381 / anterior 0.175 / nose 0.444 
VIVO= True ULTIMO= mezcla -> vigente 0.386 · anterior 0.172 · nose 0.442   (p_vieja 0.309 · p_nose 0.442) 
VIVO= True ULTIMO= mezcla -> vigente 0.386 · anterior 0.172 · nose 0.442   (p_vieja 0.309 · p_nose 0.442) 
   [checkpoint parcial guardado: paso 18000]
VIVO= True ULTIMO= mezcla -> vigente 0.385 · anterior 0.170 · nose 0.445   (p_vieja 0.306 · p_nose 0.445) 
VIVO= True ULTIMO= mezcla -> vigente 0.385 · anterior 0.170 · nose 0.445   (p_vieja 0.306 · p_nose 0.445) 
VIVO= True ULTIMO= mezcla -> vigente 0.391 · anterior 0.169 · nose 0.440   (p_vieja 0.302 · p_nose 0.440) 
VIVO= True ULTIMO= mezcla -> vigente 0.391 · anterior 0.169 · nose 0.440   (p_vieja 0.302 · p_nose 0.440) 
   [checkpoint parcial guardado: paso 19000]
VIVO= True ULTIMO= mezcla -> vigente 0.391 · anterior 0.169 · nose 0.440   (p_vieja 0.302 · p_nose 0.440) 
VIVO= True ULTIMO= CONTROL fijo_promedio: --mezcla fija --p-vieja 0.3933 --p-nose 0.4028 
VIVO= True ULTIMO= CONTROL fijo_promedio: --mezcla fija --p-vieja 0.3933 --p-nose 0.4028 
VIVO= True ULTIMO= CONTROL fijo_promedio: --mezcla fija --p-vieja 0.3933 --p-nose 0.4028 
   [checkpoint parcial guardado: paso 20000]
VIVO= True ULTIMO= CONTROL fijo_promedio: --mezcla fija --p-vieja 0.3933 --p-nose 0.4028 
VIVO= True ULTIMO= CONTROL fijo_promedio: --mezcla fija --p-vieja 0.3933 --p-nose 0.4028 
VIVO= True ULTIMO= CONTROL fijo_promedio: --mezcla fija --p-vieja 0.3933 --p-nose 0.4028 
VIVO= True ULTIMO= CONTROL fijo_promedio: --mezcla fija --p-vieja 0.3933 --p-nose 0.4028 
   [checkpoint parcial guardado: paso 20000]
VIVO= True ULTIMO= CONTROL fijo_promedio: --mezcla fija --p-vieja 0.3933 --p-nose 0.4028 
VIVO= True ULTIMO= CONTROL fijo_promedio: --mezcla fija --p-vieja 0.3933 --p-nose 0.4028 
VIVO= True ULTIMO= CONTROL fijo_promedio: --mezcla fija --p-vieja 0.3933 --p-nose 0.4028 
VIVO= True ULTIMO= CONTROL fijo_promedio: --mezcla fija --p-vieja 0.3933 --p-nose 0.4028 
   [checkpoint parcial guardado: paso 20000]
VIVO= True ULTIMO= CONTROL fijo_promedio: --mezcla fija --p-vieja 0.3933 --p-nose 0.4028 
== fin del tramo (la sesion queda VIVA para el tramo siguiente; pararla con: colab stop -s tr2_c_1809)
   tramo de 3:1 cerrado en el paso 20000 de 20000
   -> tramo 3:2 en C (desde el paso 7750)
== tramo · cuenta C · sesion tr2_c_1809 · ed3_s2 · +2500 de 20000 pasos · p_nose 0.4 · abst cabeza · donde pre · mezcla dinamica · piso 0.10 · p_vieja 0.35
[colab] Uploaded '/tmp/tmp.ghK0OoANdN/micro.tgz' to '/content/micro.tgz'
== subiendo checkpoint previo (10M)
[colab] Uploaded '/home/maxi/Documentos/Nuevo Transformer/delta-archivo/micro_lm/ckpts/ed3_s2.pkl' to '/content/ck.pkl'
jax 0.7.2 | [CudaDevice(id=0)]
compuerta de padding OK
lanzado pid 12153
== polling cada 2 min (presupuesto ~40 min)
VIVO= True ULTIMO= mezcla dinamica · piso 0.10 · alpha 0.10 · arranca en vigente 0.342 / anterior 0.231 / nose 0.427 
VIVO= True ULTIMO= mezcla -> vigente 0.341 · anterior 0.228 · nose 0.431   (p_vieja 0.401 · p_nose 0.431) 
VIVO= True ULTIMO= mezcla -> vigente 0.340 · anterior 0.229 · nose 0.431   (p_vieja 0.402 · p_nose 0.431) 
   [checkpoint parcial guardado: paso 8500]
VIVO= True ULTIMO= mezcla -> vigente 0.340 · anterior 0.229 · nose 0.431   (p_vieja 0.402 · p_nose 0.431) 
VIVO= True ULTIMO= mezcla -> vigente 0.343 · anterior 0.222 · nose 0.435   (p_vieja 0.393 · p_nose 0.435) 
VIVO= True ULTIMO= mezcla -> vigente 0.343 · anterior 0.222 · nose 0.435   (p_vieja 0.393 · p_nose 0.435) 
VIVO= True ULTIMO= mezcla -> vigente 0.342 · anterior 0.220 · nose 0.438   (p_vieja 0.391 · p_nose 0.438) 
VIVO= True ULTIMO= mezcla -> vigente 0.342 · anterior 0.216 · nose 0.442   (p_vieja 0.386 · p_nose 0.442) 

!! sesion perdida — el checkpoint de la PC conserva el ultimo tramo bajado
== fin del tramo (la sesion queda VIVA para el tramo siguiente; pararla con: colab stop -s tr2_c_1809)
   tramo de 3:2 cerrado en el paso 10000 de 20000
   tr2_c_1809 parada; pendientes ahora: 3:2
-- D la esta usando otro proceso, se saltea
-- vuelta 1 · cuenta E · faltan: 3:2 · 19:11:42
   >> OTORGADA en E (T4): [tr2_e_1911] gpu-t4-s-kkb-usw4a1-1qsi68lt6mb6j | Hardware: T4 | Variant: GPU | Status: IDLE
   -> tramo 3:2 en E (desde el paso 10000)
== tramo · cuenta E · sesion tr2_e_1911 · ed3_s2 · +2500 de 20000 pasos · p_nose 0.4 · abst cabeza · donde pre · mezcla dinamica · piso 0.10 · p_vieja 0.35
[colab] Uploaded '/tmp/tmp.JuEoBul1og/micro.tgz' to '/content/micro.tgz'
== subiendo checkpoint previo (10M)
[colab] Uploaded '/home/maxi/Documentos/Nuevo Transformer/delta-archivo/micro_lm/ckpts/ed3_s2.pkl' to '/content/ck.pkl'
jax 0.7.2 | [CudaDevice(id=0)]
compuerta de padding OK
lanzado pid 779
== polling cada 2 min (presupuesto ~40 min)
VIVO= True ULTIMO= mezcla dinamica · piso 0.10 · alpha 0.10 · arranca en vigente 0.340 / anterior 0.229 / nose 0.431 
VIVO= True ULTIMO= mezcla -> vigente 0.343 · anterior 0.222 · nose 0.435   (p_vieja 0.393 · p_nose 0.435) 
VIVO= True ULTIMO= mezcla -> vigente 0.343 · anterior 0.222 · nose 0.435   (p_vieja 0.393 · p_nose 0.435) 
   [checkpoint parcial guardado: paso 9000]
VIVO= True ULTIMO= mezcla -> vigente 0.342 · anterior 0.220 · nose 0.438   (p_vieja 0.391 · p_nose 0.438) 
VIVO= True ULTIMO= mezcla -> vigente 0.342 · anterior 0.220 · nose 0.438   (p_vieja 0.391 · p_nose 0.438) 
VIVO= True ULTIMO= mezcla -> vigente 0.342 · anterior 0.216 · nose 0.442   (p_vieja 0.386 · p_nose 0.442) 
VIVO= True ULTIMO= mezcla -> vigente 0.341 · anterior 0.211 · nose 0.448   (p_vieja 0.383 · p_nose 0.448) 
   [checkpoint parcial guardado: paso 10500]
VIVO= True ULTIMO= mezcla -> vigente 0.341 · anterior 0.211 · nose 0.448   (p_vieja 0.383 · p_nose 0.448) 
VIVO= True ULTIMO= CONTROL fijo_promedio: --mezcla fija --p-vieja 0.4457 --p-nose 0.3909 
VIVO= True ULTIMO= CONTROL fijo_promedio: --mezcla fija --p-vieja 0.4457 --p-nose 0.3909 
VIVO= True ULTIMO= CONTROL fijo_promedio: --mezcla fija --p-vieja 0.4457 --p-nose 0.3909 
   [checkpoint parcial guardado: paso 11000]
VIVO= True ULTIMO= CONTROL fijo_promedio: --mezcla fija --p-vieja 0.4457 --p-nose 0.3909 
VIVO= True ULTIMO= CONTROL fijo_promedio: --mezcla fija --p-vieja 0.4457 --p-nose 0.3909 
VIVO= True ULTIMO= CONTROL fijo_promedio: --mezcla fija --p-vieja 0.4457 --p-nose 0.3909 
VIVO= True ULTIMO= CONTROL fijo_promedio: --mezcla fija --p-vieja 0.4457 --p-nose 0.3909 
   [checkpoint parcial guardado: paso 11000]
VIVO= True ULTIMO= CONTROL fijo_promedio: --mezcla fija --p-vieja 0.4457 --p-nose 0.3909 
VIVO= True ULTIMO= CONTROL fijo_promedio: --mezcla fija --p-vieja 0.4457 --p-nose 0.3909 
VIVO= True ULTIMO= CONTROL fijo_promedio: --mezcla fija --p-vieja 0.4457 --p-nose 0.3909 
VIVO= True ULTIMO= CONTROL fijo_promedio: --mezcla fija --p-vieja 0.4457 --p-nose 0.3909 
   [checkpoint parcial guardado: paso 11000]
VIVO= True ULTIMO= CONTROL fijo_promedio: --mezcla fija --p-vieja 0.4457 --p-nose 0.3909 
== fin del tramo (la sesion queda VIVA para el tramo siguiente; pararla con: colab stop -s tr2_e_1911)
   tramo de 3:2 cerrado en el paso 11000 de 20000
   tr2_e_1911 parada; pendientes ahora: 3:2
-- vuelta 1 · cuenta F · faltan: 3:2 · 19:56:34
   >> OTORGADA en F (T4): [tr2_f_1956] gpu-t4-s-kkb-usw4a1-2x4ld3dgr7hbi | Hardware: T4 | Variant: GPU | Status: IDLE
   -> tramo 3:2 en F (desde el paso 11000)
== tramo · cuenta F · sesion tr2_f_1956 · ed3_s2 · +2500 de 20000 pasos · p_nose 0.4 · abst cabeza · donde pre · mezcla dinamica · piso 0.10 · p_vieja 0.35
[colab] Uploaded '/tmp/tmp.xFB0NQATy5/micro.tgz' to '/content/micro.tgz'
== subiendo checkpoint previo (10M)
[colab] Uploaded '/home/maxi/Documentos/Nuevo Transformer/delta-archivo/micro_lm/ckpts/ed3_s2.pkl' to '/content/ck.pkl'
jax 0.7.2 | [CudaDevice(id=0)]
compuerta de padding OK
lanzado pid 1594
== polling cada 2 min (presupuesto ~40 min)
VIVO= True ULTIMO= mezcla dinamica · piso 0.10 · alpha 0.10 · arranca en vigente 0.342 / anterior 0.207 / nose 0.451 
VIVO= True ULTIMO= mezcla -> vigente 0.341 · anterior 0.203 · nose 0.456   (p_vieja 0.373 · p_nose 0.456) 
VIVO= True ULTIMO= mezcla -> vigente 0.341 · anterior 0.203 · nose 0.456   (p_vieja 0.373 · p_nose 0.456) 
   [checkpoint parcial guardado: paso 11500]
VIVO= True ULTIMO= mezcla -> vigente 0.346 · anterior 0.198 · nose 0.456   (p_vieja 0.364 · p_nose 0.456) 
VIVO= True ULTIMO= mezcla -> vigente 0.346 · anterior 0.198 · nose 0.456   (p_vieja 0.364 · p_nose 0.456) 
VIVO= True ULTIMO= mezcla -> vigente 0.345 · anterior 0.194 · nose 0.461   (p_vieja 0.359 · p_nose 0.461) 
VIVO= True ULTIMO= mezcla -> vigente 0.345 · anterior 0.194 · nose 0.461   (p_vieja 0.359 · p_nose 0.461) 
   [checkpoint parcial guardado: paso 12500]
VIVO= True ULTIMO= mezcla -> vigente 0.345 · anterior 0.191 · nose 0.464   (p_vieja 0.356 · p_nose 0.464) 
VIVO= True ULTIMO= CONTROL fijo_promedio: --mezcla fija --p-vieja 0.4323 --p-nose 0.4033 
VIVO= True ULTIMO= CONTROL fijo_promedio: --mezcla fija --p-vieja 0.4323 --p-nose 0.4033 
VIVO= True ULTIMO= CONTROL fijo_promedio: --mezcla fija --p-vieja 0.4323 --p-nose 0.4033 
   [checkpoint parcial guardado: paso 13500]
VIVO= True ULTIMO= CONTROL fijo_promedio: --mezcla fija --p-vieja 0.4323 --p-nose 0.4033 
VIVO= True ULTIMO= CONTROL fijo_promedio: --mezcla fija --p-vieja 0.4323 --p-nose 0.4033 
VIVO= True ULTIMO= CONTROL fijo_promedio: --mezcla fija --p-vieja 0.4323 --p-nose 0.4033 
VIVO= True ULTIMO= CONTROL fijo_promedio: --mezcla fija --p-vieja 0.4323 --p-nose 0.4033 
   [checkpoint parcial guardado: paso 13500]
VIVO= True ULTIMO= CONTROL fijo_promedio: --mezcla fija --p-vieja 0.4323 --p-nose 0.4033 
VIVO= True ULTIMO= CONTROL fijo_promedio: --mezcla fija --p-vieja 0.4323 --p-nose 0.4033 
VIVO= True ULTIMO= CONTROL fijo_promedio: --mezcla fija --p-vieja 0.4323 --p-nose 0.4033 
VIVO= True ULTIMO= CONTROL fijo_promedio: --mezcla fija --p-vieja 0.4323 --p-nose 0.4033 
   [checkpoint parcial guardado: paso 13500]
VIVO= True ULTIMO= CONTROL fijo_promedio: --mezcla fija --p-vieja 0.4323 --p-nose 0.4033 
== fin del tramo (la sesion queda VIVA para el tramo siguiente; pararla con: colab stop -s tr2_f_1956)
   tramo de 3:2 cerrado en el paso 13500 de 20000
   tr2_f_1956 parada; pendientes ahora: 3:2
-- vuelta 1 · cuenta J · faltan: 3:2 · 20:38:48
   >> OTORGADA en J (T4): [tr2_j_2038] gpu-t4-s-kkb-usw1b1-2pzx7iyxqgg57 | Hardware: T4 | Variant: GPU | Status: IDLE
   -> tramo 3:2 en J (desde el paso 13500)
== tramo · cuenta J · sesion tr2_j_2038 · ed3_s2 · +2500 de 20000 pasos · p_nose 0.4 · abst cabeza · donde pre · mezcla dinamica · piso 0.10 · p_vieja 0.35
[colab] Uploaded '/tmp/tmp.PFd64RzbEL/micro.tgz' to '/content/micro.tgz'
== subiendo checkpoint previo (10M)
[colab] Uploaded '/home/maxi/Documentos/Nuevo Transformer/delta-archivo/micro_lm/ckpts/ed3_s2.pkl' to '/content/ck.pkl'
jax 0.7.2 | [CudaDevice(id=0)]
compuerta de padding OK
lanzado pid 1287
== polling cada 2 min (presupuesto ~40 min)
VIVO= True ULTIMO= mezcla dinamica · piso 0.10 · alpha 0.10 · arranca en vigente 0.347 / anterior 0.188 / nose 0.465 
VIVO= True ULTIMO= mezcla -> vigente 0.347 · anterior 0.187 · nose 0.466   (p_vieja 0.349 · p_nose 0.466) 
VIVO= True ULTIMO= mezcla -> vigente 0.347 · anterior 0.187 · nose 0.466   (p_vieja 0.349 · p_nose 0.466) 
   [checkpoint parcial guardado: paso 14000]
VIVO= True ULTIMO= mezcla -> vigente 0.350 · anterior 0.185 · nose 0.465   (p_vieja 0.346 · p_nose 0.465) 
VIVO= True ULTIMO= mezcla -> vigente 0.350 · anterior 0.185 · nose 0.465   (p_vieja 0.346 · p_nose 0.465) 
VIVO= True ULTIMO= mezcla -> vigente 0.352 · anterior 0.182 · nose 0.466   (p_vieja 0.341 · p_nose 0.466) 
VIVO= True ULTIMO= mezcla -> vigente 0.352 · anterior 0.182 · nose 0.466   (p_vieja 0.341 · p_nose 0.466) 
   [checkpoint parcial guardado: paso 15000]
VIVO= True ULTIMO= mezcla -> vigente 0.349 · anterior 0.179 · nose 0.471   (p_vieja 0.339 · p_nose 0.471) 
VIVO= True ULTIMO= CONTROL fijo_promedio: --mezcla fija --p-vieja 0.4200 --p-nose 0.4132 
VIVO= True ULTIMO= CONTROL fijo_promedio: --mezcla fija --p-vieja 0.4200 --p-nose 0.4132 
VIVO= True ULTIMO= CONTROL fijo_promedio: --mezcla fija --p-vieja 0.4200 --p-nose 0.4132 
   [checkpoint parcial guardado: paso 16000]
VIVO= True ULTIMO= CONTROL fijo_promedio: --mezcla fija --p-vieja 0.4200 --p-nose 0.4132 
VIVO= True ULTIMO= CONTROL fijo_promedio: --mezcla fija --p-vieja 0.4200 --p-nose 0.4132 
VIVO= True ULTIMO= CONTROL fijo_promedio: --mezcla fija --p-vieja 0.4200 --p-nose 0.4132 
VIVO= True ULTIMO= CONTROL fijo_promedio: --mezcla fija --p-vieja 0.4200 --p-nose 0.4132 
   [checkpoint parcial guardado: paso 16000]
VIVO= True ULTIMO= CONTROL fijo_promedio: --mezcla fija --p-vieja 0.4200 --p-nose 0.4132 
VIVO= True ULTIMO= CONTROL fijo_promedio: --mezcla fija --p-vieja 0.4200 --p-nose 0.4132 
VIVO= True ULTIMO= CONTROL fijo_promedio: --mezcla fija --p-vieja 0.4200 --p-nose 0.4132 
VIVO= True ULTIMO= CONTROL fijo_promedio: --mezcla fija --p-vieja 0.4200 --p-nose 0.4132 
   [checkpoint parcial guardado: paso 16000]
VIVO= True ULTIMO= CONTROL fijo_promedio: --mezcla fija --p-vieja 0.4200 --p-nose 0.4132 
== fin del tramo (la sesion queda VIVA para el tramo siguiente; pararla con: colab stop -s tr2_j_2038)
   tramo de 3:2 cerrado en el paso 16000 de 20000
   tr2_j_2038 parada; pendientes ahora: 3:2
-- vuelta 1 · cuenta A · faltan: 3:2 · 21:20:49
   >> OTORGADA en A (T4): [tr2_a_2120] gpu-t4-s-kkb-ass1c0-20rbq0dxbe02j | Hardware: T4 | Variant: GPU | Status: IDLE
   -> tramo 3:2 en A (desde el paso 16000)
== tramo · cuenta A · sesion tr2_a_2120 · ed3_s2 · +2500 de 20000 pasos · p_nose 0.4 · abst cabeza · donde pre · mezcla dinamica · piso 0.10 · p_vieja 0.35
[colab] Uploaded '/tmp/tmp.yYGOMH2AIA/micro.tgz' to '/content/micro.tgz'
== subiendo checkpoint previo (10M)
[colab] Uploaded '/home/maxi/Documentos/Nuevo Transformer/delta-archivo/micro_lm/ckpts/ed3_s2.pkl' to '/content/ck.pkl'
jax 0.7.2 | [CudaDevice(id=0)]
compuerta de padding OK
lanzado pid 847
== polling cada 2 min (presupuesto ~40 min)
VIVO= True ULTIMO= mezcla dinamica · piso 0.10 · alpha 0.10 · arranca en vigente 0.350 / anterior 0.175 / nose 0.475 
VIVO= True ULTIMO= mezcla -> vigente 0.351 · anterior 0.174 · nose 0.475   (p_vieja 0.331 · p_nose 0.475) 
VIVO= True ULTIMO= mezcla -> vigente 0.351 · anterior 0.174 · nose 0.475   (p_vieja 0.331 · p_nose 0.475) 
   [checkpoint parcial guardado: paso 16500]
VIVO= True ULTIMO= mezcla -> vigente 0.350 · anterior 0.170 · nose 0.480   (p_vieja 0.327 · p_nose 0.480) 
VIVO= True ULTIMO= mezcla -> vigente 0.350 · anterior 0.170 · nose 0.480   (p_vieja 0.327 · p_nose 0.480) 
VIVO= True ULTIMO= mezcla -> vigente 0.350 · anterior 0.165 · nose 0.485   (p_vieja 0.321 · p_nose 0.485) 

   [checkpoint parcial guardado: paso 17500]
VIVO= True ULTIMO= CONTROL fijo_promedio: --mezcla fija --p-vieja 0.4086 --p-nose 0.4222 
VIVO= True ULTIMO= CONTROL fijo_promedio: --mezcla fija --p-vieja 0.4086 --p-nose 0.4222 
VIVO= True ULTIMO= CONTROL fijo_promedio: --mezcla fija --p-vieja 0.4086 --p-nose 0.4222 
VIVO= True ULTIMO= CONTROL fijo_promedio: --mezcla fija --p-vieja 0.4086 --p-nose 0.4222 
   [checkpoint parcial guardado: paso 18500]
VIVO= True ULTIMO= CONTROL fijo_promedio: --mezcla fija --p-vieja 0.4086 --p-nose 0.4222 
VIVO= True ULTIMO= CONTROL fijo_promedio: --mezcla fija --p-vieja 0.4086 --p-nose 0.4222 
VIVO= True ULTIMO= CONTROL fijo_promedio: --mezcla fija --p-vieja 0.4086 --p-nose 0.4222 
VIVO= True ULTIMO= CONTROL fijo_promedio: --mezcla fija --p-vieja 0.4086 --p-nose 0.4222 
   [checkpoint parcial guardado: paso 18500]
VIVO= True ULTIMO= CONTROL fijo_promedio: --mezcla fija --p-vieja 0.4086 --p-nose 0.4222 
VIVO= True ULTIMO= CONTROL fijo_promedio: --mezcla fija --p-vieja 0.4086 --p-nose 0.4222 
VIVO= True ULTIMO= CONTROL fijo_promedio: --mezcla fija --p-vieja 0.4086 --p-nose 0.4222 
VIVO= True ULTIMO= CONTROL fijo_promedio: --mezcla fija --p-vieja 0.4086 --p-nose 0.4222 
   [checkpoint parcial guardado: paso 18500]

== fin del tramo (la sesion queda VIVA para el tramo siguiente; pararla con: colab stop -s tr2_a_2120)
