== watchdog2 armado sobre /home/maxi/Disco_de_Guardado/Carpetas_Usuario/Documentos/Nuevo Transformer/delta-archivo/micro_lm/rot_q_s1.log (rotador 716718)
== rotador2 · familia 'q' · p_nose 0.4 · unidades 3:1 · cuentas: D E
-- vuelta 1 · cuenta D · faltan: 3:1 · 08:20:40
   503 en D — SIGUIENTE CUENTA ya (sin esperar)
-- vuelta 1 · cuenta E · faltan: 3:1 · 08:20:43
   >> OTORGADA en E: [tr2_e_0820] gpu-t4-s-kkb-ass1c1-1btdlw5psg40e | Hardware: T4 | Variant: GPU | Status: IDLE
   -> tramo 3:1 en E (desde el paso 0)
== tramo · cuenta E · sesion tr2_e_0820 · q3_s1 · +8000 de 26000 pasos · p_nose 0.4 · abst cabeza
[colab] Uploaded '/tmp/tmp.6Qv2ZVOg35/micro.tgz' to '/content/micro.tgz'
jax 0.7.2 | [CudaDevice(id=0)]
compuerta de padding OK
lanzado pid 4671
== polling cada 2 min (presupuesto ~100 min)
VIVO= True ULTIMO= tramo: se corre hasta el paso 8000 y se guarda para continuar despues 
VIVO= True ULTIMO= ── eval: vigente 0.1899 · anterior 0.1525 · abstencion 0.0508 · truncados 0.0000 · nose 0.0723 (ent 0.0491/rel 0.0963) · falsa_abst 0.0358 
VIVO= True ULTIMO= ── eval: vigente 0.1409 · anterior 0.1151 · abstencion 0.2617 · truncados 0.0000 · nose 0.3044 (ent 0.3359/rel 0.2723) · falsa_abst 0.2335 
   [checkpoint parcial guardado: paso 750]
VIVO= True ULTIMO= ── eval: vigente 0.1929 · anterior 0.0878 · abstencion 0.0781 · truncados 0.0000 · nose 0.0891 (ent 0.0909/rel 0.0792) · falsa_abst 0.0689 

VIVO= True ULTIMO= ── eval: vigente 0.2449 · anterior 0.1597 · abstencion 0.2285 · truncados 0.0000 · nose 0.2520 (ent 0.2766/rel 0.2362) · falsa_abst 0.2138 
VIVO= True ULTIMO= ── eval: vigente 0.2522 · anterior 0.2093 · abstencion 0.0840 · truncados 0.0000 · nose 0.1130 (ent 0.0909/rel 0.1278) · falsa_abst 0.0664 
   [checkpoint parcial guardado: paso 2500]
VIVO= True ULTIMO= ── eval: vigente 0.3108 · anterior 0.2272 · abstencion 0.0645 · truncados 0.0000 · nose 0.0674 (ent 0.0498/rel 0.0773) · falsa_abst 0.0629 
VIVO= True ULTIMO= ── eval: vigente 0.2619 · anterior 0.3152 · abstencion 0.0918 · truncados 0.0000 · nose 0.1229 (ent 0.1121/rel 0.1325) · falsa_abst 0.0726 
