== watchdog2 armado sobre /home/maxi/Documentos/Nuevo Transformer/delta-archivo/micro_lm/rot_w3_0831.log (rotador 619316)
== rotador2 · familia 'w0' · p_nose 0.4 · mezcla fija · piso 0.10 · p_vieja 0.35 · unidades 3:3 · cuentas: L K H M
-- vuelta 1 · cuenta L · faltan: 3:3 · 18:47:35
   >> OTORGADA en L (T4): [tr2_l_1847] gpu-t4-s-kkb-usw1b0-y8dn59guymyc | Hardware: T4 | Variant: GPU | Status: IDLE
   -> tramo 3:3 en L (desde el paso 0)
== tramo · cuenta L · sesion tr2_l_1847 · w03_s3 · +3000 de 3000 pasos · p_nose 0.4 · abst slot · donde pre · mezcla fija · piso 0.10 · p_vieja 0.35 · blanco error · perdida recompensa · sembrar 0 · rec L=0.0 M=0.5 F=0.2 CE=1.0 RANK=1.56
[colab] Uploaded '/tmp/tmp.eqdbHOimhP/micro.tgz' to '/content/micro.tgz'
== subiendo checkpoint previo (3,4M)
[colab] Uploaded '/home/maxi/Documentos/Nuevo Transformer/delta-archivo/micro_lm/ckpts/w03_s3.pkl' to '/content/ck.pkl'
jax 0.11.1 | [CudaDevice(id=0)]
compuerta de padding OK
lanzado pid 738
== polling cada 2 min (presupuesto ~50 min)
VIVO= True ULTIMO= REANUDA desde /content/ck.pkl: paso 0 de 3000 (0 evaluaciones ya hechas) 
VIVO= True ULTIMO= ── eval: vigente 0.4114 · anterior 0.0744 · abstencion 0.0039 · truncados 0.0000 · nose 0.0046 (ent 0.0000/rel 0.0089) · falsa_abst 0.0037 
VIVO= True ULTIMO= ── eval: vigente 0.4070 · anterior 0.0670 · abstencion 0.0020 · truncados 0.0000 · nose 0.0045 (ent 0.0096/rel 0.0000) · falsa_abst 0.0000 
   [checkpoint parcial guardado: paso 750]
VIVO= True ULTIMO= ── eval: vigente 0.4118 · anterior 0.0491 · abstencion 0.0020 · truncados 0.0000 · nose 0.0045 (ent 0.0096/rel 0.0000) · falsa_abst 0.0000 
VIVO= True ULTIMO= ── eval: vigente 0.4407 · anterior 0.0536 · abstencion 0.0020 · truncados 0.0000 · nose 0.0000 (ent 0.0000/rel 0.0000) · falsa_abst 0.0034 
VIVO= True ULTIMO= ── eval: vigente 0.3981 · anterior 0.0670 · abstencion 0.0000 · truncados 0.0000 · nose 0.0000 (ent 0.0000/rel 0.0000) · falsa_abst 0.0000 
VIVO= True ULTIMO= ── eval: vigente 0.3895 · anterior 0.0670 · abstencion 0.0000 · truncados 0.0000 · nose 0.0000 (ent 0.0000/rel 0.0000) · falsa_abst 0.0000 
   [checkpoint parcial guardado: paso 1750]
VIVO= True ULTIMO= ── eval: vigente 0.4176 · anterior 0.0699 · abstencion 0.0000 · truncados 0.0000 · nose 0.0000 (ent 0.0000/rel 0.0000) · falsa_abst 0.0000 
VIVO= True ULTIMO= ── eval: vigente 0.4375 · anterior 0.0744 · abstencion 0.0020 · truncados 0.0000 · nose 0.0046 (ent 0.0000/rel 0.0089) · falsa_abst 0.0000 
VIVO= True ULTIMO= ── eval: vigente 0.4170 · anterior 0.1012 · abstencion 0.0000 · truncados 0.0000 · nose 0.0000 (ent 0.0000/rel 0.0000) · falsa_abst 0.0000 
VIVO= False ULTIMO= listo: {'paso': 3000, 'truncados': 0.0, 'p_nose': 0.4, 'mezcla_usada': {'vigente': 0.39, 'anterior': 0.21, 'nose': 0.4}, 'mezcla_promedio': {'vigente': 0.39, 'anterior': 0.21, 'nose': 0.4}, 'p_vieja_tr': 0.35, 'p_nose_tr': 0.4, 'vigente': 0.371229832259244, 'anterior': 0.07142857142857142, 'nose': 0.0, 'nose_ent': 0.0, 'nose_rel': 0.0, 'falsa_abst': 0.0, 'abstencion': 0.0} 
== tramo terminado
== bajando checkpoint
   checkpoint en /home/maxi/Documentos/Nuevo Transformer/delta-archivo/micro_lm/ckpts/w03_s3.pkl (10M)
   ultimo paso registrado: "paso": 3000
== fin del tramo (la sesion queda VIVA para el tramo siguiente; pararla con: colab stop -s tr2_l_1847)
   tramo de 3:3 cerrado en el paso 3000 de 3000
   tr2_l_1847 parada; pendientes ahora: 
== todo completo
