== watchdog2 armado sobre /home/maxi/Disco_de_Guardado/Carpetas_Usuario/Documentos/Nuevo Transformer/delta-archivo/micro_lm/rot_w_s0.log (rotador 2317962)
== rotador2 · familia 'w' · p_nose 0.4 · unidades 3:0 · cuentas: H K G C D E F J A L M N I
-- vuelta 1 · cuenta H · faltan: 3:0 · 15:02:33
   503 en H — SIGUIENTE CUENTA ya (sin esperar)
-- vuelta 1 · cuenta K · faltan: 3:0 · 15:02:35
   >> OTORGADA en K: [tr2_k_1502] gpu-t4-s-kkb-usw1b2-2vju0zatmi3st | Hardware: T4 | Variant: GPU | Status: IDLE
   -> tramo 3:0 en K (desde el paso 0)
== tramo · cuenta K · sesion tr2_k_1502 · w3_s0 · +8000 de 26000 pasos · p_nose 0.4 · abst cabeza
[colab] Uploaded '/tmp/tmp.Aw5YBvj9LS/micro.tgz' to '/content/micro.tgz'
jax 0.7.2 | [CudaDevice(id=0)]
compuerta de padding OK
lanzado pid 4001
== polling cada 2 min (presupuesto ~100 min)
VIVO= True ULTIMO= ── eval: vigente 0.1168 · anterior 0.0491 · abstencion 0.0000 · truncados 0.0000 · nose 0.0000 (ent 0.0000/rel 0.0000) · falsa_abst 0.0000 
VIVO= True ULTIMO= ── eval: vigente 0.2233 · anterior 0.3804 · abstencion 0.0000 · truncados 0.0000 · nose 0.0000 (ent 0.0000/rel 0.0000) · falsa_abst 0.0000 
VIVO= True ULTIMO= ── eval: vigente 0.6918 · anterior 0.3206 · abstencion 0.0059 · truncados 0.0000 · nose 0.0077 (ent 0.0069/rel 0.0089) · falsa_abst 0.0028 
   [checkpoint parcial guardado: paso 750]
VIVO= True ULTIMO= ── eval: vigente 0.7315 · anterior 0.3330 · abstencion 0.0156 · truncados 0.0000 · nose 0.0211 (ent 0.0069/rel 0.0296) · falsa_abst 0.0144 
VIVO= True ULTIMO= ── eval: vigente 0.7339 · anterior 0.2995 · abstencion 0.0312 · truncados 0.0000 · nose 0.0424 (ent 0.0464/rel 0.0367) · falsa_abst 0.0187 
VIVO= True ULTIMO= ── eval: vigente 0.7693 · anterior 0.2815 · abstencion 0.0938 · truncados 0.0000 · nose 0.1521 (ent 0.2437/rel 0.0465) · falsa_abst 0.0487 
VIVO= True ULTIMO= ── eval: vigente 0.8118 · anterior 0.3197 · abstencion 0.0859 · truncados 0.0000 · nose 0.1516 (ent 0.2873/rel 0.0000) · falsa_abst 0.0373 
   [checkpoint parcial guardado: paso 1750]
VIVO= True ULTIMO= ── eval: vigente 0.7249 · anterior 0.3786 · abstencion 0.1816 · truncados 0.0000 · nose 0.3202 (ent 0.5522/rel 0.0835) · falsa_abst 0.0739 
VIVO= True ULTIMO= ── eval: vigente 0.7387 · anterior 0.4459 · abstencion 0.2402 · truncados 0.0000 · nose 0.3907 (ent 0.6547/rel 0.0957) · falsa_abst 0.1248 
VIVO= True ULTIMO= ── eval: vigente 0.7519 · anterior 0.1725 · abstencion 0.2754 · truncados 0.0000 · nose 0.4387 (ent 0.7488/rel 0.0984) · falsa_abst 0.1508 
VIVO= True ULTIMO= ── eval: vigente 0.8092 · anterior 0.3117 · abstencion 0.2246 · truncados 0.0000 · nose 0.4037 (ent 0.6890/rel 0.0966) · falsa_abst 0.0774 
   [checkpoint parcial guardado: paso 3000]
VIVO= True ULTIMO= ── eval: vigente 0.7703 · anterior 0.1352 · abstencion 0.2773 · truncados 0.0000 · nose 0.4615 (ent 0.7797/rel 0.1258) · falsa_abst 0.1415 
VIVO= True ULTIMO= ── eval: vigente 0.7699 · anterior 0.2272 · abstencion 0.2715 · truncados 0.0000 · nose 0.4786 (ent 0.7977/rel 0.1377) · falsa_abst 0.1194 
VIVO= True ULTIMO= ── eval: vigente 0.7988 · anterior 0.3703 · abstencion 0.2676 · truncados 0.0000 · nose 0.4753 (ent 0.7909/rel 0.1325) · falsa_abst 0.1109 
VIVO= True ULTIMO= ── eval: vigente 0.8612 · anterior 0.2680 · abstencion 0.1934 · truncados 0.0000 · nose 0.4069 (ent 0.7330/rel 0.0456) · falsa_abst 0.0370 
   [checkpoint parcial guardado: paso 4000]
VIVO= True ULTIMO= ── eval: vigente 0.8221 · anterior 0.2195 · abstencion 0.2305 · truncados 0.0000 · nose 0.4370 (ent 0.7782/rel 0.0491) · falsa_abst 0.0693 
VIVO= True ULTIMO= ── eval: vigente 0.8298 · anterior 0.3604 · abstencion 0.1875 · truncados 0.0000 · nose 0.4040 (ent 0.7136/rel 0.0347) · falsa_abst 0.0261 
VIVO= True ULTIMO= ── eval: vigente 0.7938 · anterior 0.3279 · abstencion 0.2598 · truncados 0.0000 · nose 0.4936 (ent 0.8588/rel 0.1001) · falsa_abst 0.0834 
VIVO= True ULTIMO= ── eval: vigente 0.8219 · anterior 0.2927 · abstencion 0.2441 · truncados 0.0000 · nose 0.4808 (ent 0.8382/rel 0.0988) · falsa_abst 0.0660 
   [checkpoint parcial guardado: paso 5250]
VIVO= True ULTIMO= ── eval: vigente 0.8581 · anterior 0.1488 · abstencion 0.2227 · truncados 0.0000 · nose 0.4692 (ent 0.8332/rel 0.0677) · falsa_abst 0.0383 
