== watchdog2 armado sobre /home/maxi/Disco_de_Guardado/Carpetas_Usuario/Documentos/Nuevo Transformer/delta-archivo/micro_lm/rot_cl_s2_0903.log (rotador 800120)
== rotador2 · familia 'cl' · p_nose 0.4 · mezcla fija · piso 0.10 · p_vieja 0.35 · unidades 3:2 · cuentas: N M L K C G I F J D E H
-- vuelta 1 · cuenta N · faltan: 3:2 · 08:04:27
   >> OTORGADA en N (T4): [tr2_n_0804] gpu-t4-s-kkb-usw1b0-svrni0xljbbp | Hardware: T4 | Variant: GPU | Status: IDLE
   -> tramo 3:2 en N (desde el paso 4500)
== tramo · cuenta N · sesion tr2_n_0804 · cl3_s2 · +6500 de 26000 pasos · p_nose 0.4 · abst cabeza · donde lat2 · mezcla fija · piso 0.10 · p_vieja 0.35 · blanco ausencia · kq 3 · formas directa,lejana · perdida bce · sembrar 0 · rec L=0.5 M=0.5 F=0.2 CE=1.0 RANK=0.0
[colab] Uploaded '/tmp/tmp.7Nuqz9eqAJ/micro.tgz' to '/content/micro.tgz'
== subiendo checkpoint previo (10M)
[colab] Uploaded '/home/maxi/Documentos/Nuevo Transformer/delta-archivo/micro_lm/ckpts/cl3_s2.pkl' to '/content/ck.pkl'
jax 0.11.1 | [CudaDevice(id=0)]
compuerta de padding OK
lanzado pid 1909
== polling cada 2 min (presupuesto ~80 min)
VIVO= True ULTIMO= tramo: se corre hasta el paso 11000 y se guarda para continuar despues 
VIVO= True ULTIMO= ── eval: vigente 0.8483 · anterior 0.2323 · abstencion 0.2363 · truncados 0.0000 · nose 0.5518 (ent 0.5700/rel 0.5073) · falsa_abst 0.0354 
VIVO= True ULTIMO= ── eval: vigente 0.8327 · anterior 0.3364 · abstencion 0.2188 · truncados 0.0000 · nose 0.5127 (ent 0.5186/rel 0.4855) · falsa_abst 0.0296 
   [checkpoint parcial guardado: paso 5000]
VIVO= True ULTIMO= ── eval: vigente 0.8461 · anterior 0.2213 · abstencion 0.2266 · truncados 0.0000 · nose 0.5408 (ent 0.5692/rel 0.5038) · falsa_abst 0.0265 
VIVO= True ULTIMO= ── eval: vigente 0.8792 · anterior 0.1482 · abstencion 0.2227 · truncados 0.0000 · nose 0.5304 (ent 0.5246/rel 0.4951) · falsa_abst 0.0245 
VIVO= True ULTIMO= ── eval: vigente 0.7977 · anterior 0.4869 · abstencion 0.2852 · truncados 0.0000 · nose 0.6171 (ent 0.6951/rel 0.5474) · falsa_abst 0.0715 
VIVO= True ULTIMO= ── eval: vigente 0.8818 · anterior 0.2196 · abstencion 0.2383 · truncados 0.0000 · nose 0.5635 (ent 0.5543/rel 0.5549) · falsa_abst 0.0288 
   [checkpoint parcial guardado: paso 6250]
VIVO= True ULTIMO= ── eval: vigente 0.8721 · anterior 0.3972 · abstencion 0.2168 · truncados 0.0000 · nose 0.5218 (ent 0.5026/rel 0.5048) · falsa_abst 0.0213 
VIVO= True ULTIMO= ── eval: vigente 0.8760 · anterior 0.4161 · abstencion 0.2109 · truncados 0.0000 · nose 0.5266 (ent 0.4997/rel 0.5090) · falsa_abst 0.0069 
VIVO= True ULTIMO= ── eval: vigente 0.9070 · anterior 0.1206 · abstencion 0.2305 · truncados 0.0000 · nose 0.5495 (ent 0.5378/rel 0.5266) · falsa_abst 0.0250 
VIVO= True ULTIMO= ── eval: vigente 0.8912 · anterior 0.3105 · abstencion 0.2246 · truncados 0.0000 · nose 0.5352 (ent 0.5593/rel 0.4846) · falsa_abst 0.0226 
   [checkpoint parcial guardado: paso 7250]
VIVO= True ULTIMO= ── eval: vigente 0.9411 · anterior 0.2067 · abstencion 0.2129 · truncados 0.0000 · nose 0.5338 (ent 0.5341/rel 0.4994) · falsa_abst 0.0064 
VIVO= True ULTIMO= ── eval: vigente 0.9013 · anterior 0.3299 · abstencion 0.2207 · truncados 0.0000 · nose 0.5331 (ent 0.5349/rel 0.5029) · falsa_abst 0.0204 
VIVO= True ULTIMO= ── eval: vigente 0.8988 · anterior 0.2147 · abstencion 0.2227 · truncados 0.0000 · nose 0.5541 (ent 0.5449/rel 0.5404) · falsa_abst 0.0087 
VIVO= True ULTIMO= ── eval: vigente 0.9361 · anterior 0.3454 · abstencion 0.2246 · truncados 0.0000 · nose 0.5370 (ent 0.5640/rel 0.4925) · falsa_abst 0.0221 
   [checkpoint parcial guardado: paso 8250]
VIVO= True ULTIMO= ── eval: vigente 0.9189 · anterior 0.6172 · abstencion 0.2109 · truncados 0.0000 · nose 0.5088 (ent 0.5079/rel 0.4824) · falsa_abst 0.0184 
VIVO= True ULTIMO= ── eval: vigente 0.9197 · anterior 0.5938 · abstencion 0.2344 · truncados 0.0000 · nose 0.5481 (ent 0.5443/rel 0.5202) · falsa_abst 0.0313 
VIVO= True ULTIMO= ── eval: vigente 0.9568 · anterior 0.7036 · abstencion 0.2324 · truncados 0.0000 · nose 0.5652 (ent 0.6134/rel 0.5133) · falsa_abst 0.0201 
