== watchdog2 armado sobre /home/maxi/Documentos/Nuevo Transformer/delta-archivo/micro_lm/rot_rk_c_0829.log (rotador 1503463)
== rotador2 · familia 'rk' · p_nose 0.4 · mezcla fija · piso 0.10 · p_vieja 0.35 · unidades 3:4,3:5 · cuentas: F
-- vuelta 1 · cuenta F · faltan: 3:4 3:5 · 16:38:19
   >> OTORGADA en F (TPU v5e1): [tr2_f_1638] tpu-v5e1-s-kkb-euw4b1-rilav8z7a219 | Hardware: V5E1 | Variant: TPU | Status: IDLE
   -> tramo 3:4 en F (desde el paso 0)
== tramo · cuenta F · sesion tr2_f_1638 · rk3_s4 · +3000 de 3000 pasos · p_nose 0.4 · abst cabeza · donde pre · mezcla fija · piso 0.10 · p_vieja 0.35 · blanco error · perdida ranking · sembrar 0
[colab] Uploaded '/tmp/tmp.FH6RKKoP3B/micro.tgz' to '/content/micro.tgz'
== sin checkpoint local: se limpia /content/ck.pkl por si quedo de otra unidad
no habia ck.pkl
jax 0.7.2 | [TpuDevice(id=0, process_index=0, coords=(0,0,0), core_on_chip=0)]
compuerta de padding OK
lanzado pid 5845
== polling cada 2 min (presupuesto ~50 min)
VIVO= True ULTIMO= ── eval: vigente 0.0000 · anterior 0.0000 · abstencion 1.0000 · truncados 0.0000 · nose 1.0000 (ent 1.0000/rel 1.0000) · falsa_abst 1.0000 
VIVO= True ULTIMO= ── eval: vigente 0.0409 · anterior 0.0250 · abstencion 0.8516 · truncados 0.0000 · nose 0.8728 (ent 0.8676/rel 0.8819) · falsa_abst 0.8388 
VIVO= True ULTIMO= listo: {'paso': 3000, 'truncados': 0.0, 'p_nose': 0.4, 'mezcla_usada': {'vigente': 0.39, 'anterior': 0.21, 'nose': 0.4}, 'mezcla_promedio': {'vigente': 0.39, 'anterior': 0.21, 'nose': 0.4}, 'p_vieja_tr': 0.35, 'p_nose_tr': 0.4, 'vigente': 0.010842727754492461, 'anterior': 0.015625, 'nose': 0.870871378560538, 'nose_ent': 0.8207410644910644, 'nose_rel': 0.9220238095238096, 'falsa_abst': 0.8563250188009495, 'abstencion': 0.861328125} 
   [checkpoint parcial guardado: paso 3000]
VIVO= True ULTIMO= listo: {'paso': 3000, 'truncados': 0.0, 'p_nose': 0.4, 'mezcla_usada': {'vigente': 0.39, 'anterior': 0.21, 'nose': 0.4}, 'mezcla_promedio': {'vigente': 0.39, 'anterior': 0.21, 'nose': 0.4}, 'p_vieja_tr': 0.35, 'p_nose_tr': 0.4, 'vigente': 0.010842727754492461, 'anterior': 0.015625, 'nose': 0.870871378560538, 'nose_ent': 0.8207410644910644, 'nose_rel': 0.9220238095238096, 'falsa_abst': 0.8563250188009495, 'abstencion': 0.861328125} 
VIVO= True ULTIMO= listo: {'paso': 3000, 'truncados': 0.0, 'p_nose': 0.4, 'mezcla_usada': {'vigente': 0.39, 'anterior': 0.21, 'nose': 0.4}, 'mezcla_promedio': {'vigente': 0.39, 'anterior': 0.21, 'nose': 0.4}, 'p_vieja_tr': 0.35, 'p_nose_tr': 0.4, 'vigente': 0.010842727754492461, 'anterior': 0.015625, 'nose': 0.870871378560538, 'nose_ent': 0.8207410644910644, 'nose_rel': 0.9220238095238096, 'falsa_abst': 0.8563250188009495, 'abstencion': 0.861328125} 
VIVO= True ULTIMO= listo: {'paso': 3000, 'truncados': 0.0, 'p_nose': 0.4, 'mezcla_usada': {'vigente': 0.39, 'anterior': 0.21, 'nose': 0.4}, 'mezcla_promedio': {'vigente': 0.39, 'anterior': 0.21, 'nose': 0.4}, 'p_vieja_tr': 0.35, 'p_nose_tr': 0.4, 'vigente': 0.010842727754492461, 'anterior': 0.015625, 'nose': 0.870871378560538, 'nose_ent': 0.8207410644910644, 'nose_rel': 0.9220238095238096, 'falsa_abst': 0.8563250188009495, 'abstencion': 0.861328125} 
VIVO= True ULTIMO= listo: {'paso': 3000, 'truncados': 0.0, 'p_nose': 0.4, 'mezcla_usada': {'vigente': 0.39, 'anterior': 0.21, 'nose': 0.4}, 'mezcla_promedio': {'vigente': 0.39, 'anterior': 0.21, 'nose': 0.4}, 'p_vieja_tr': 0.35, 'p_nose_tr': 0.4, 'vigente': 0.010842727754492461, 'anterior': 0.015625, 'nose': 0.870871378560538, 'nose_ent': 0.8207410644910644, 'nose_rel': 0.9220238095238096, 'falsa_abst': 0.8563250188009495, 'abstencion': 0.861328125} 
   [checkpoint parcial guardado: paso 3000]
VIVO= True ULTIMO= listo: {'paso': 3000, 'truncados': 0.0, 'p_nose': 0.4, 'mezcla_usada': {'vigente': 0.39, 'anterior': 0.21, 'nose': 0.4}, 'mezcla_promedio': {'vigente': 0.39, 'anterior': 0.21, 'nose': 0.4}, 'p_vieja_tr': 0.35, 'p_nose_tr': 0.4, 'vigente': 0.010842727754492461, 'anterior': 0.015625, 'nose': 0.870871378560538, 'nose_ent': 0.8207410644910644, 'nose_rel': 0.9220238095238096, 'falsa_abst': 0.8563250188009495, 'abstencion': 0.861328125} 
VIVO= True ULTIMO= listo: {'paso': 3000, 'truncados': 0.0, 'p_nose': 0.4, 'mezcla_usada': {'vigente': 0.39, 'anterior': 0.21, 'nose': 0.4}, 'mezcla_promedio': {'vigente': 0.39, 'anterior': 0.21, 'nose': 0.4}, 'p_vieja_tr': 0.35, 'p_nose_tr': 0.4, 'vigente': 0.010842727754492461, 'anterior': 0.015625, 'nose': 0.870871378560538, 'nose_ent': 0.8207410644910644, 'nose_rel': 0.9220238095238096, 'falsa_abst': 0.8563250188009495, 'abstencion': 0.861328125} 
VIVO= True ULTIMO= listo: {'paso': 3000, 'truncados': 0.0, 'p_nose': 0.4, 'mezcla_usada': {'vigente': 0.39, 'anterior': 0.21, 'nose': 0.4}, 'mezcla_promedio': {'vigente': 0.39, 'anterior': 0.21, 'nose': 0.4}, 'p_vieja_tr': 0.35, 'p_nose_tr': 0.4, 'vigente': 0.010842727754492461, 'anterior': 0.015625, 'nose': 0.870871378560538, 'nose_ent': 0.8207410644910644, 'nose_rel': 0.9220238095238096, 'falsa_abst': 0.8563250188009495, 'abstencion': 0.861328125} 
VIVO= True ULTIMO= listo: {'paso': 3000, 'truncados': 0.0, 'p_nose': 0.4, 'mezcla_usada': {'vigente': 0.39, 'anterior': 0.21, 'nose': 0.4}, 'mezcla_promedio': {'vigente': 0.39, 'anterior': 0.21, 'nose': 0.4}, 'p_vieja_tr': 0.35, 'p_nose_tr': 0.4, 'vigente': 0.010842727754492461, 'anterior': 0.015625, 'nose': 0.870871378560538, 'nose_ent': 0.8207410644910644, 'nose_rel': 0.9220238095238096, 'falsa_abst': 0.8563250188009495, 'abstencion': 0.861328125} 
   [checkpoint parcial guardado: paso 3000]
VIVO= True ULTIMO= listo: {'paso': 3000, 'truncados': 0.0, 'p_nose': 0.4, 'mezcla_usada': {'vigente': 0.39, 'anterior': 0.21, 'nose': 0.4}, 'mezcla_promedio': {'vigente': 0.39, 'anterior': 0.21, 'nose': 0.4}, 'p_vieja_tr': 0.35, 'p_nose_tr': 0.4, 'vigente': 0.010842727754492461, 'anterior': 0.015625, 'nose': 0.870871378560538, 'nose_ent': 0.8207410644910644, 'nose_rel': 0.9220238095238096, 'falsa_abst': 0.8563250188009495, 'abstencion': 0.861328125} 
VIVO= True ULTIMO= listo: {'paso': 3000, 'truncados': 0.0, 'p_nose': 0.4, 'mezcla_usada': {'vigente': 0.39, 'anterior': 0.21, 'nose': 0.4}, 'mezcla_promedio': {'vigente': 0.39, 'anterior': 0.21, 'nose': 0.4}, 'p_vieja_tr': 0.35, 'p_nose_tr': 0.4, 'vigente': 0.010842727754492461, 'anterior': 0.015625, 'nose': 0.870871378560538, 'nose_ent': 0.8207410644910644, 'nose_rel': 0.9220238095238096, 'falsa_abst': 0.8563250188009495, 'abstencion': 0.861328125} 
VIVO= True ULTIMO= listo: {'paso': 3000, 'truncados': 0.0, 'p_nose': 0.4, 'mezcla_usada': {'vigente': 0.39, 'anterior': 0.21, 'nose': 0.4}, 'mezcla_promedio': {'vigente': 0.39, 'anterior': 0.21, 'nose': 0.4}, 'p_vieja_tr': 0.35, 'p_nose_tr': 0.4, 'vigente': 0.010842727754492461, 'anterior': 0.015625, 'nose': 0.870871378560538, 'nose_ent': 0.8207410644910644, 'nose_rel': 0.9220238095238096, 'falsa_abst': 0.8563250188009495, 'abstencion': 0.861328125} 
VIVO= True ULTIMO= listo: {'paso': 3000, 'truncados': 0.0, 'p_nose': 0.4, 'mezcla_usada': {'vigente': 0.39, 'anterior': 0.21, 'nose': 0.4}, 'mezcla_promedio': {'vigente': 0.39, 'anterior': 0.21, 'nose': 0.4}, 'p_vieja_tr': 0.35, 'p_nose_tr': 0.4, 'vigente': 0.010842727754492461, 'anterior': 0.015625, 'nose': 0.870871378560538, 'nose_ent': 0.8207410644910644, 'nose_rel': 0.9220238095238096, 'falsa_abst': 0.8563250188009495, 'abstencion': 0.861328125} 
   [checkpoint parcial guardado: paso 3000]
VIVO= True ULTIMO= listo: {'paso': 3000, 'truncados': 0.0, 'p_nose': 0.4, 'mezcla_usada': {'vigente': 0.39, 'anterior': 0.21, 'nose': 0.4}, 'mezcla_promedio': {'vigente': 0.39, 'anterior': 0.21, 'nose': 0.4}, 'p_vieja_tr': 0.35, 'p_nose_tr': 0.4, 'vigente': 0.010842727754492461, 'anterior': 0.015625, 'nose': 0.870871378560538, 'nose_ent': 0.8207410644910644, 'nose_rel': 0.9220238095238096, 'falsa_abst': 0.8563250188009495, 'abstencion': 0.861328125} 
VIVO= True ULTIMO= listo: {'paso': 3000, 'truncados': 0.0, 'p_nose': 0.4, 'mezcla_usada': {'vigente': 0.39, 'anterior': 0.21, 'nose': 0.4}, 'mezcla_promedio': {'vigente': 0.39, 'anterior': 0.21, 'nose': 0.4}, 'p_vieja_tr': 0.35, 'p_nose_tr': 0.4, 'vigente': 0.010842727754492461, 'anterior': 0.015625, 'nose': 0.870871378560538, 'nose_ent': 0.8207410644910644, 'nose_rel': 0.9220238095238096, 'falsa_abst': 0.8563250188009495, 'abstencion': 0.861328125} 
VIVO= True ULTIMO= listo: {'paso': 3000, 'truncados': 0.0, 'p_nose': 0.4, 'mezcla_usada': {'vigente': 0.39, 'anterior': 0.21, 'nose': 0.4}, 'mezcla_promedio': {'vigente': 0.39, 'anterior': 0.21, 'nose': 0.4}, 'p_vieja_tr': 0.35, 'p_nose_tr': 0.4, 'vigente': 0.010842727754492461, 'anterior': 0.015625, 'nose': 0.870871378560538, 'nose_ent': 0.8207410644910644, 'nose_rel': 0.9220238095238096, 'falsa_abst': 0.8563250188009495, 'abstencion': 0.861328125} 
VIVO= True ULTIMO= listo: {'paso': 3000, 'truncados': 0.0, 'p_nose': 0.4, 'mezcla_usada': {'vigente': 0.39, 'anterior': 0.21, 'nose': 0.4}, 'mezcla_promedio': {'vigente': 0.39, 'anterior': 0.21, 'nose': 0.4}, 'p_vieja_tr': 0.35, 'p_nose_tr': 0.4, 'vigente': 0.010842727754492461, 'anterior': 0.015625, 'nose': 0.870871378560538, 'nose_ent': 0.8207410644910644, 'nose_rel': 0.9220238095238096, 'falsa_abst': 0.8563250188009495, 'abstencion': 0.861328125} 
   [checkpoint parcial guardado: paso 3000]
VIVO= True ULTIMO= listo: {'paso': 3000, 'truncados': 0.0, 'p_nose': 0.4, 'mezcla_usada': {'vigente': 0.39, 'anterior': 0.21, 'nose': 0.4}, 'mezcla_promedio': {'vigente': 0.39, 'anterior': 0.21, 'nose': 0.4}, 'p_vieja_tr': 0.35, 'p_nose_tr': 0.4, 'vigente': 0.010842727754492461, 'anterior': 0.015625, 'nose': 0.870871378560538, 'nose_ent': 0.8207410644910644, 'nose_rel': 0.9220238095238096, 'falsa_abst': 0.8563250188009495, 'abstencion': 0.861328125} 
VIVO= True ULTIMO= listo: {'paso': 3000, 'truncados': 0.0, 'p_nose': 0.4, 'mezcla_usada': {'vigente': 0.39, 'anterior': 0.21, 'nose': 0.4}, 'mezcla_promedio': {'vigente': 0.39, 'anterior': 0.21, 'nose': 0.4}, 'p_vieja_tr': 0.35, 'p_nose_tr': 0.4, 'vigente': 0.010842727754492461, 'anterior': 0.015625, 'nose': 0.870871378560538, 'nose_ent': 0.8207410644910644, 'nose_rel': 0.9220238095238096, 'falsa_abst': 0.8563250188009495, 'abstencion': 0.861328125} 
VIVO= True ULTIMO= listo: {'paso': 3000, 'truncados': 0.0, 'p_nose': 0.4, 'mezcla_usada': {'vigente': 0.39, 'anterior': 0.21, 'nose': 0.4}, 'mezcla_promedio': {'vigente': 0.39, 'anterior': 0.21, 'nose': 0.4}, 'p_vieja_tr': 0.35, 'p_nose_tr': 0.4, 'vigente': 0.010842727754492461, 'anterior': 0.015625, 'nose': 0.870871378560538, 'nose_ent': 0.8207410644910644, 'nose_rel': 0.9220238095238096, 'falsa_abst': 0.8563250188009495, 'abstencion': 0.861328125} 
VIVO= True ULTIMO= listo: {'paso': 3000, 'truncados': 0.0, 'p_nose': 0.4, 'mezcla_usada': {'vigente': 0.39, 'anterior': 0.21, 'nose': 0.4}, 'mezcla_promedio': {'vigente': 0.39, 'anterior': 0.21, 'nose': 0.4}, 'p_vieja_tr': 0.35, 'p_nose_tr': 0.4, 'vigente': 0.010842727754492461, 'anterior': 0.015625, 'nose': 0.870871378560538, 'nose_ent': 0.8207410644910644, 'nose_rel': 0.9220238095238096, 'falsa_abst': 0.8563250188009495, 'abstencion': 0.861328125} 
   [checkpoint parcial guardado: paso 3000]
VIVO= True ULTIMO= listo: {'paso': 3000, 'truncados': 0.0, 'p_nose': 0.4, 'mezcla_usada': {'vigente': 0.39, 'anterior': 0.21, 'nose': 0.4}, 'mezcla_promedio': {'vigente': 0.39, 'anterior': 0.21, 'nose': 0.4}, 'p_vieja_tr': 0.35, 'p_nose_tr': 0.4, 'vigente': 0.010842727754492461, 'anterior': 0.015625, 'nose': 0.870871378560538, 'nose_ent': 0.8207410644910644, 'nose_rel': 0.9220238095238096, 'falsa_abst': 0.8563250188009495, 'abstencion': 0.861328125} 
VIVO= True ULTIMO= listo: {'paso': 3000, 'truncados': 0.0, 'p_nose': 0.4, 'mezcla_usada': {'vigente': 0.39, 'anterior': 0.21, 'nose': 0.4}, 'mezcla_promedio': {'vigente': 0.39, 'anterior': 0.21, 'nose': 0.4}, 'p_vieja_tr': 0.35, 'p_nose_tr': 0.4, 'vigente': 0.010842727754492461, 'anterior': 0.015625, 'nose': 0.870871378560538, 'nose_ent': 0.8207410644910644, 'nose_rel': 0.9220238095238096, 'falsa_abst': 0.8563250188009495, 'abstencion': 0.861328125} 
== fin del tramo (la sesion queda VIVA para el tramo siguiente; pararla con: colab stop -s tr2_f_1638)
   tramo de 3:4 cerrado en el paso 3000 de 3000
   -> tramo 3:5 en F (desde el paso 0)
== tramo · cuenta F · sesion tr2_f_1638 · rk3_s5 · +3000 de 3000 pasos · p_nose 0.4 · abst cabeza · donde pre · mezcla fija · piso 0.10 · p_vieja 0.35 · blanco error · perdida ranking · sembrar 0
[colab] Uploaded '/tmp/tmp.OjmdFhyJ6u/micro.tgz' to '/content/micro.tgz'
== sin checkpoint local: se limpia /content/ck.pkl por si quedo de otra unidad
ck.pkl de otra unidad borrado
jax 0.7.2 | [TpuDevice(id=0, process_index=0, coords=(0,0,0), core_on_chip=0)]
compuerta de padding OK
lanzado pid 19278
== polling cada 2 min (presupuesto ~50 min)
VIVO= True ULTIMO= ── eval: vigente 0.0000 · anterior 0.0000 · abstencion 0.9922 · truncados 0.0000 · nose 0.9905 (ent 0.9922/rel 0.9904) · falsa_abst 0.9936 
VIVO= True ULTIMO= ── eval: vigente 0.0043 · anterior 0.0000 · abstencion 0.9668 · truncados 0.0000 · nose 0.9766 (ent 0.9764/rel 0.9743) · falsa_abst 0.9611 


!! sesion perdida — el checkpoint de la PC conserva el ultimo tramo bajado
== fin del tramo (la sesion queda VIVA para el tramo siguiente; pararla con: colab stop -s tr2_f_1638)
   tramo de 3:5 cerrado en el paso 2500 de 3000
   tr2_f_1638 parada; pendientes ahora: 3:5
-- vuelta 1 recorrida entera sin T4 en ninguna; descanso 10 min
-- vuelta 2 · cuenta F · faltan: 3:5 · 17:51:07
   503 en F (ni T4 ni TPU) — SIGUIENTE CUENTA ya (sin esperar)
-- vuelta 2 recorrida entera sin T4 en ninguna; descanso 10 min
-- vuelta 3 · cuenta F · faltan: 3:5 · 18:01:13
   503 en F (ni T4 ni TPU) — SIGUIENTE CUENTA ya (sin esperar)
-- vuelta 3 recorrida entera sin T4 en ninguna; descanso 10 min
-- vuelta 4 · cuenta F · faltan: 3:5 · 18:11:19
   503 en F (ni T4 ni TPU) — SIGUIENTE CUENTA ya (sin esperar)
-- vuelta 4 recorrida entera sin T4 en ninguna; descanso 10 min
-- vuelta 5 · cuenta F · faltan: 3:5 · 18:21:26
   503 en F (ni T4 ni TPU) — SIGUIENTE CUENTA ya (sin esperar)
-- vuelta 5 recorrida entera sin T4 en ninguna; descanso 10 min
-- vuelta 6 · cuenta F · faltan: 3:5 · 18:31:32
   503 en F (ni T4 ni TPU) — SIGUIENTE CUENTA ya (sin esperar)
-- vuelta 6 recorrida entera sin T4 en ninguna; descanso 10 min
-- vuelta 7 · cuenta F · faltan: 3:5 · 18:41:39
   503 en F (ni T4 ni TPU) — SIGUIENTE CUENTA ya (sin esperar)
-- vuelta 7 recorrida entera sin T4 en ninguna; descanso 10 min
-- vuelta 8 · cuenta F · faltan: 3:5 · 18:51:45
   503 en F (ni T4 ni TPU) — SIGUIENTE CUENTA ya (sin esperar)
-- vuelta 8 recorrida entera sin T4 en ninguna; descanso 10 min
== fin · pendientes: 3:5
