== watchdog2 armado sobre /home/maxi/Documentos/Nuevo Transformer/delta-archivo/micro_lm/rot_r0_0831.log (rotador 1467607)
== rotador2 · familia 'r0' · p_nose 0.4 · mezcla fija · piso 0.10 · p_vieja 0.35 · unidades 3:3,3:6 · cuentas: A J F D C L K H M N I G E
-- vuelta 1 · cuenta A · faltan: 3:3 3:6 · 12:20:15
   >> OTORGADA en A (T4): [tr2_a_1220] gpu-t4-s-kkb-usw4a2-ve3n6rxlsc3z | Hardware: T4 | Variant: GPU | Status: IDLE
   -> tramo 3:3 en A (desde el paso 0)
== tramo · cuenta A · sesion tr2_a_1220 · r03_s3 · +3000 de 3000 pasos · p_nose 0.4 · abst token · donde pre · mezcla fija · piso 0.10 · p_vieja 0.35 · blanco error · perdida recompensa · sembrar 0 · rec L=0.0 M=0.5 F=0.2 CE=1.0 RANK=0.008
[colab] Uploaded '/tmp/tmp.XJ38Acn02b/micro.tgz' to '/content/micro.tgz'
== subiendo checkpoint previo (3,4M)
[colab] Uploaded '/home/maxi/Documentos/Nuevo Transformer/delta-archivo/micro_lm/ckpts/r03_s3.pkl' to '/content/ck.pkl'
jax 0.11.1 | [CudaDevice(id=0)]
compuerta de padding OK
lanzado pid 676
== polling cada 2 min (presupuesto ~50 min)
VIVO= True ULTIMO= W0831 15:21:02.713684     700 cuda_timer.cc:88] Delay kernel timed out: measured time has sub-optimal accuracy. There may be a missing warmup execution, please investigate in Nsight Systems. 
VIVO= True ULTIMO= ── eval: vigente 0.4510 · anterior 0.0878 · abstencion 0.0000 · truncados 0.0000 · nose 0.0000 (ent 0.0000/rel 0.0000) · falsa_abst 0.0000 
VIVO= True ULTIMO= ── eval: vigente 0.4137 · anterior 0.0878 · abstencion 0.0000 · truncados 0.0000 · nose 0.0000 (ent 0.0000/rel 0.0000) · falsa_abst 0.0000 
   [checkpoint parcial guardado: paso 750]
VIVO= True ULTIMO= ── eval: vigente 0.4287 · anterior 0.0387 · abstencion 0.0000 · truncados 0.0000 · nose 0.0000 (ent 0.0000/rel 0.0000) · falsa_abst 0.0000 
VIVO= True ULTIMO= ── eval: vigente 0.4556 · anterior 0.0848 · abstencion 0.0000 · truncados 0.0000 · nose 0.0000 (ent 0.0000/rel 0.0000) · falsa_abst 0.0000 
VIVO= True ULTIMO= ── eval: vigente 0.3852 · anterior 0.0565 · abstencion 0.0000 · truncados 0.0000 · nose 0.0000 (ent 0.0000/rel 0.0000) · falsa_abst 0.0000 
VIVO= True ULTIMO= ── eval: vigente 0.3670 · anterior 0.1057 · abstencion 0.0000 · truncados 0.0000 · nose 0.0000 (ent 0.0000/rel 0.0000) · falsa_abst 0.0000 
   [checkpoint parcial guardado: paso 1750]
VIVO= True ULTIMO= ── eval: vigente 0.3796 · anterior 0.0312 · abstencion 0.0000 · truncados 0.0000 · nose 0.0000 (ent 0.0000/rel 0.0000) · falsa_abst 0.0000 
VIVO= True ULTIMO= ── eval: vigente 0.4368 · anterior 0.0491 · abstencion 0.0000 · truncados 0.0000 · nose 0.0000 (ent 0.0000/rel 0.0000) · falsa_abst 0.0000 
VIVO= True ULTIMO= ── eval: vigente 0.3969 · anterior 0.0565 · abstencion 0.0000 · truncados 0.0000 · nose 0.0000 (ent 0.0000/rel 0.0000) · falsa_abst 0.0000 
VIVO= True ULTIMO= ── eval: vigente 0.4389 · anterior 0.0908 · abstencion 0.0000 · truncados 0.0000 · nose 0.0000 (ent 0.0000/rel 0.0000) · falsa_abst 0.0000 
   [checkpoint parcial guardado: paso 2750]
VIVO= False ULTIMO= listo: {'paso': 3000, 'truncados': 0.0, 'p_nose': 0.4, 'mezcla_usada': {'vigente': 0.39, 'anterior': 0.21, 'nose': 0.4}, 'mezcla_promedio': {'vigente': 0.39, 'anterior': 0.21, 'nose': 0.4}, 'p_vieja_tr': 0.35, 'p_nose_tr': 0.4, 'vigente': 0.4008270868564986, 'anterior': 0.05357142857142857, 'nose': 0.0, 'nose_ent': 0.0, 'nose_rel': 0.0, 'falsa_abst': 0.0, 'abstencion': 0.0} 
== tramo terminado
== bajando checkpoint
   checkpoint en /home/maxi/Documentos/Nuevo Transformer/delta-archivo/micro_lm/ckpts/r03_s3.pkl (10M)
   ultimo paso registrado: "paso": 3000
== fin del tramo (la sesion queda VIVA para el tramo siguiente; pararla con: colab stop -s tr2_a_1220)
   tramo de 3:3 cerrado en el paso 3000 de 3000
   -> tramo 3:6 en A (desde el paso 0)
== tramo · cuenta A · sesion tr2_a_1220 · r03_s6 · +3000 de 3000 pasos · p_nose 0.4 · abst token · donde pre · mezcla fija · piso 0.10 · p_vieja 0.35 · blanco error · perdida recompensa · sembrar 0 · rec L=0.0 M=0.5 F=0.2 CE=1.0 RANK=0.008
[colab] Uploaded '/tmp/tmp.cKKtXubh5B/micro.tgz' to '/content/micro.tgz'
== subiendo checkpoint previo (3,4M)
[colab] Uploaded '/home/maxi/Documentos/Nuevo Transformer/delta-archivo/micro_lm/ckpts/r03_s6.pkl' to '/content/ck.pkl'
jax 0.11.1 | [CudaDevice(id=0)]
compuerta de padding OK
lanzado pid 7430
== polling cada 2 min (presupuesto ~50 min)
VIVO= True ULTIMO= REANUDA desde /content/ck.pkl: paso 0 de 3000 (0 evaluaciones ya hechas) 
VIVO= True ULTIMO= ── eval: vigente 0.4859 · anterior 0.0156 · abstencion 0.0000 · truncados 0.0000 · nose 0.0000 (ent 0.0000/rel 0.0000) · falsa_abst 0.0000 
VIVO= True ULTIMO= ── eval: vigente 0.4209 · anterior 0.0521 · abstencion 0.0000 · truncados 0.0000 · nose 0.0000 (ent 0.0000/rel 0.0000) · falsa_abst 0.0000 
   [checkpoint parcial guardado: paso 500]
VIVO= True ULTIMO= ── eval: vigente 0.4574 · anterior 0.0677 · abstencion 0.0000 · truncados 0.0000 · nose 0.0000 (ent 0.0000/rel 0.0000) · falsa_abst 0.0000 
VIVO= True ULTIMO= ── eval: vigente 0.4624 · anterior 0.0312 · abstencion 0.0000 · truncados 0.0000 · nose 0.0000 (ent 0.0000/rel 0.0000) · falsa_abst 0.0000 
VIVO= True ULTIMO= ── eval: vigente 0.4624 · anterior 0.0771 · abstencion 0.0000 · truncados 0.0000 · nose 0.0000 (ent 0.0000/rel 0.0000) · falsa_abst 0.0000 
VIVO= True ULTIMO= ── eval: vigente 0.3864 · anterior 0.0312 · abstencion 0.0000 · truncados 0.0000 · nose 0.0000 (ent 0.0000/rel 0.0000) · falsa_abst 0.0000 
   [checkpoint parcial guardado: paso 1750]
VIVO= True ULTIMO= ── eval: vigente 0.3214 · anterior 0.1031 · abstencion 0.0000 · truncados 0.0000 · nose 0.0000 (ent 0.0000/rel 0.0000) · falsa_abst 0.0000 
VIVO= True ULTIMO= ── eval: vigente 0.4157 · anterior 0.0875 · abstencion 0.0000 · truncados 0.0000 · nose 0.0000 (ent 0.0000/rel 0.0000) · falsa_abst 0.0000 
VIVO= True ULTIMO= ── eval: vigente 0.3852 · anterior 0.0521 · abstencion 0.0000 · truncados 0.0000 · nose 0.0000 (ent 0.0000/rel 0.0000) · falsa_abst 0.0000 
VIVO= True ULTIMO= ── eval: vigente 0.4147 · anterior 0.0312 · abstencion 0.0000 · truncados 0.0000 · nose 0.0000 (ent 0.0000/rel 0.0000) · falsa_abst 0.0000 
   [checkpoint parcial guardado: paso 2750]
VIVO= False ULTIMO= listo: {'paso': 3000, 'truncados': 0.0, 'p_nose': 0.4, 'mezcla_usada': {'vigente': 0.39, 'anterior': 0.21, 'nose': 0.4}, 'mezcla_promedio': {'vigente': 0.39, 'anterior': 0.21, 'nose': 0.4}, 'p_vieja_tr': 0.35, 'p_nose_tr': 0.4, 'vigente': 0.40958555333555335, 'anterior': 0.015625, 'nose': 0.0, 'nose_ent': 0.0, 'nose_rel': 0.0, 'falsa_abst': 0.0, 'abstencion': 0.0} 
== tramo terminado
== bajando checkpoint
   checkpoint en /home/maxi/Documentos/Nuevo Transformer/delta-archivo/micro_lm/ckpts/r03_s6.pkl (10M)
   ultimo paso registrado: "paso": 3000
== fin del tramo (la sesion queda VIVA para el tramo siguiente; pararla con: colab stop -s tr2_a_1220)
   tramo de 3:6 cerrado en el paso 3000 de 3000
   tr2_a_1220 parada; pendientes ahora: 
== todo completo
