== watchdog2 armado sobre /home/maxi/Disco_de_Guardado/Carpetas_Usuario/Documentos/Nuevo Transformer/delta-archivo/micro_lm/rot_ef3_20260825.log (rotador 4067409)
== rotador2 · familia 'ef' · p_nose 0.4 · mezcla fija · piso 0.10 · p_vieja 0.35 · unidades 3:0,3:1,3:2 · cuentas: N K M L H I G C D E F J A
-- vuelta 1 · cuenta N · faltan: 3:0 3:1 3:2 · 16:06:34
   503 en N (ni T4 ni TPU) — SIGUIENTE CUENTA ya (sin esperar)
-- vuelta 1 · cuenta K · faltan: 3:0 3:1 3:2 · 16:06:40
   503 en K (ni T4 ni TPU) — SIGUIENTE CUENTA ya (sin esperar)
-- vuelta 1 · cuenta M · faltan: 3:0 3:1 3:2 · 16:06:45
   >> OTORGADA en M (T4): [tr2_m_1606] gpu-t4-s-kkb-ass1c1-jpy3a3jdbs8v | Hardware: T4 | Variant: GPU | Status: IDLE
   -> tramo 3:0 en M (desde el paso 20000)
== tramo · cuenta M · sesion tr2_m_1606 · ef3_s0 · +2500 de 20000 pasos · p_nose 0.4 · abst cabeza · donde pre · mezcla fija · piso 0.10 · p_vieja 0.35
[colab] Uploaded '/tmp/tmp.jHZHsewCfb/micro.tgz' to '/content/micro.tgz'
== subiendo checkpoint previo (10M)
[colab] Uploaded '/home/maxi/Disco_de_Guardado/Carpetas_Usuario/Documentos/Nuevo Transformer/delta-archivo/micro_lm/ckpts/ef3_s0.pkl' to '/content/ck.pkl'
jax 0.7.2 | [CudaDevice(id=0)]
compuerta de padding OK
lanzado pid 2690
== polling cada 2 min (presupuesto ~40 min)
VIVO= True ULTIMO= el checkpoint ya esta completo; nada que hacer 
VIVO= True ULTIMO= el checkpoint ya esta completo; nada que hacer 
VIVO= True ULTIMO= el checkpoint ya esta completo; nada que hacer 
   [checkpoint parcial guardado: paso ]
VIVO= True ULTIMO= el checkpoint ya esta completo; nada que hacer 
VIVO= True ULTIMO= el checkpoint ya esta completo; nada que hacer 
VIVO= True ULTIMO= el checkpoint ya esta completo; nada que hacer 
VIVO= True ULTIMO= el checkpoint ya esta completo; nada que hacer 
   [checkpoint parcial guardado: paso ]
VIVO= True ULTIMO= el checkpoint ya esta completo; nada que hacer 
VIVO= True ULTIMO= el checkpoint ya esta completo; nada que hacer 
VIVO= True ULTIMO= el checkpoint ya esta completo; nada que hacer 
VIVO= True ULTIMO= el checkpoint ya esta completo; nada que hacer 
   [checkpoint parcial guardado: paso ]
VIVO= True ULTIMO= el checkpoint ya esta completo; nada que hacer 
VIVO= True ULTIMO= el checkpoint ya esta completo; nada que hacer 
VIVO= True ULTIMO= el checkpoint ya esta completo; nada que hacer 
VIVO= True ULTIMO= el checkpoint ya esta completo; nada que hacer 
   [checkpoint parcial guardado: paso ]
VIVO= True ULTIMO= el checkpoint ya esta completo; nada que hacer 
VIVO= True ULTIMO= el checkpoint ya esta completo; nada que hacer 
VIVO= True ULTIMO= el checkpoint ya esta completo; nada que hacer 
VIVO= True ULTIMO= el checkpoint ya esta completo; nada que hacer 
   [checkpoint parcial guardado: paso ]
VIVO= True ULTIMO= el checkpoint ya esta completo; nada que hacer 
== fin del tramo (la sesion queda VIVA para el tramo siguiente; pararla con: colab stop -s tr2_m_1606)
   tramo de 3:0 cerrado en el paso 20000 de 20000
   -> tramo 3:1 en M (desde el paso 7750)
== tramo · cuenta M · sesion tr2_m_1606 · ef3_s1 · +2500 de 20000 pasos · p_nose 0.4 · abst cabeza · donde pre · mezcla fija · piso 0.10 · p_vieja 0.35
[colab] Uploaded '/tmp/tmp.pK1uVDdhQI/micro.tgz' to '/content/micro.tgz'
== subiendo checkpoint previo (10M)
[colab] Uploaded '/home/maxi/Disco_de_Guardado/Carpetas_Usuario/Documentos/Nuevo Transformer/delta-archivo/micro_lm/ckpts/ef3_s1.pkl' to '/content/ck.pkl'
jax 0.7.2 | [CudaDevice(id=0)]
compuerta de padding OK
lanzado pid 13305
== polling cada 2 min (presupuesto ~40 min)
VIVO= True ULTIMO= tramo: se corre hasta el paso 10250 y se guarda para continuar despues 
VIVO= True ULTIMO= ── eval: vigente 0.7655 · anterior 0.8514 · abstencion 0.1973 · truncados 0.0000 · nose 0.4878 (ent 0.4469/rel 0.5193) · falsa_abst 0.0000 
VIVO= True ULTIMO= ── eval: vigente 0.7706 · anterior 0.8328 · abstencion 0.2246 · truncados 0.0000 · nose 0.5338 (ent 0.4825/rel 0.5713) · falsa_abst 0.0156 
   [checkpoint parcial guardado: paso 8500]
VIVO= True ULTIMO= ── eval: vigente 0.7706 · anterior 0.8328 · abstencion 0.2246 · truncados 0.0000 · nose 0.5338 (ent 0.4825/rel 0.5713) · falsa_abst 0.0156 
VIVO= True ULTIMO= ── eval: vigente 0.7192 · anterior 0.7773 · abstencion 0.2109 · truncados 0.0000 · nose 0.4975 (ent 0.4469/rel 0.5366) · falsa_abst 0.0156 
VIVO= True ULTIMO= ── eval: vigente 0.7557 · anterior 0.8872 · abstencion 0.2090 · truncados 0.0000 · nose 0.5018 (ent 0.4469/rel 0.5436) · falsa_abst 0.0102 

!! sesion perdida — el checkpoint de la PC conserva el ultimo tramo bajado
== fin del tramo (la sesion queda VIVA para el tramo siguiente; pararla con: colab stop -s tr2_m_1606)
   tramo de 3:1 cerrado en el paso 9500 de 20000
   -> tramo 3:2 en M (desde el paso 15750)
== tramo · cuenta M · sesion tr2_m_1606 · ef3_s2 · +2500 de 20000 pasos · p_nose 0.4 · abst cabeza · donde pre · mezcla fija · piso 0.10 · p_vieja 0.35
[colab] Session 'tr2_m_1606' not found.
   tramo de 3:2 cerrado en el paso 15750 de 20000
   tr2_m_1606 parada; pendientes ahora: 3:0 3:1 3:2
-- vuelta 1 · cuenta L · faltan: 3:0 3:1 3:2 · 17:06:56
   >> OTORGADA en L (T4): [tr2_l_1706] gpu-t4-s-kkb-ass1c0-2mr6cldv4n5cw | Hardware: T4 | Variant: GPU | Status: IDLE
   -> tramo 3:0 en L (desde el paso 20000)
== tramo · cuenta L · sesion tr2_l_1706 · ef3_s0 · +2500 de 20000 pasos · p_nose 0.4 · abst cabeza · donde pre · mezcla fija · piso 0.10 · p_vieja 0.35
[colab] Uploaded '/tmp/tmp.fxClYveABi/micro.tgz' to '/content/micro.tgz'
== subiendo checkpoint previo (10M)
[colab] Uploaded '/home/maxi/Disco_de_Guardado/Carpetas_Usuario/Documentos/Nuevo Transformer/delta-archivo/micro_lm/ckpts/ef3_s0.pkl' to '/content/ck.pkl'
jax 0.7.2 | [CudaDevice(id=0)]
compuerta de padding OK
lanzado pid 4720
== polling cada 2 min (presupuesto ~40 min)
VIVO= True ULTIMO= el checkpoint ya esta completo; nada que hacer 
VIVO= True ULTIMO= el checkpoint ya esta completo; nada que hacer 
VIVO= True ULTIMO= el checkpoint ya esta completo; nada que hacer 
   [checkpoint parcial guardado: paso ]
VIVO= True ULTIMO= el checkpoint ya esta completo; nada que hacer 
VIVO= True ULTIMO= el checkpoint ya esta completo; nada que hacer 
VIVO= True ULTIMO= el checkpoint ya esta completo; nada que hacer 
VIVO= True ULTIMO= el checkpoint ya esta completo; nada que hacer 
   [checkpoint parcial guardado: paso ]
VIVO= True ULTIMO= el checkpoint ya esta completo; nada que hacer 
VIVO= True ULTIMO= el checkpoint ya esta completo; nada que hacer 
VIVO= True ULTIMO= el checkpoint ya esta completo; nada que hacer 
VIVO= True ULTIMO= el checkpoint ya esta completo; nada que hacer 
   [checkpoint parcial guardado: paso ]
VIVO= True ULTIMO= el checkpoint ya esta completo; nada que hacer 
VIVO= True ULTIMO= el checkpoint ya esta completo; nada que hacer 
VIVO= True ULTIMO= el checkpoint ya esta completo; nada que hacer 
VIVO= True ULTIMO= el checkpoint ya esta completo; nada que hacer 
   [checkpoint parcial guardado: paso ]
VIVO= True ULTIMO= el checkpoint ya esta completo; nada que hacer 
VIVO= True ULTIMO= el checkpoint ya esta completo; nada que hacer 
VIVO= True ULTIMO= el checkpoint ya esta completo; nada que hacer 
VIVO= True ULTIMO= el checkpoint ya esta completo; nada que hacer 
   [checkpoint parcial guardado: paso ]
VIVO= True ULTIMO= el checkpoint ya esta completo; nada que hacer 
== fin del tramo (la sesion queda VIVA para el tramo siguiente; pararla con: colab stop -s tr2_l_1706)
   tramo de 3:0 cerrado en el paso 20000 de 20000
   -> tramo 3:1 en L (desde el paso 9500)
== tramo · cuenta L · sesion tr2_l_1706 · ef3_s1 · +2500 de 20000 pasos · p_nose 0.4 · abst cabeza · donde pre · mezcla fija · piso 0.10 · p_vieja 0.35
[colab] Uploaded '/tmp/tmp.b04HLYNiTn/micro.tgz' to '/content/micro.tgz'
== subiendo checkpoint previo (10M)
[colab] Uploaded '/home/maxi/Disco_de_Guardado/Carpetas_Usuario/Documentos/Nuevo Transformer/delta-archivo/micro_lm/ckpts/ef3_s1.pkl' to '/content/ck.pkl'
jax 0.7.2 | [CudaDevice(id=0)]
compuerta de padding OK
lanzado pid 15534
== polling cada 2 min (presupuesto ~40 min)
VIVO= True ULTIMO= tramo: se corre hasta el paso 11000 y se guarda para continuar despues 
VIVO= True ULTIMO= ── eval: vigente 0.7192 · anterior 0.7773 · abstencion 0.2109 · truncados 0.0000 · nose 0.4975 (ent 0.4469/rel 0.5366) · falsa_abst 0.0156 
VIVO= True ULTIMO= ── eval: vigente 0.7192 · anterior 0.7773 · abstencion 0.2109 · truncados 0.0000 · nose 0.4975 (ent 0.4469/rel 0.5366) · falsa_abst 0.0156 
   [checkpoint parcial guardado: paso 9000]
VIVO= True ULTIMO= ── eval: vigente 0.7557 · anterior 0.8872 · abstencion 0.2090 · truncados 0.0000 · nose 0.5018 (ent 0.4469/rel 0.5436) · falsa_abst 0.0102 
VIVO= True ULTIMO= ── eval: vigente 0.7557 · anterior 0.8872 · abstencion 0.2090 · truncados 0.0000 · nose 0.5018 (ent 0.4469/rel 0.5436) · falsa_abst 0.0102 
VIVO= True ULTIMO= ── eval: vigente 0.7509 · anterior 0.9278 · abstencion 0.2266 · truncados 0.0000 · nose 0.5314 (ent 0.4888/rel 0.5619) · falsa_abst 0.0200 
VIVO= True ULTIMO= ── eval: vigente 0.7536 · anterior 0.8276 · abstencion 0.2090 · truncados 0.0000 · nose 0.4982 (ent 0.4499/rel 0.5391) · falsa_abst 0.0131 

!! sesion perdida — el checkpoint de la PC conserva el ultimo tramo bajado
== fin del tramo (la sesion queda VIVA para el tramo siguiente; pararla con: colab stop -s tr2_l_1706)
   tramo de 3:1 cerrado en el paso 10500 de 20000
   -> tramo 3:2 en L (desde el paso 15750)
== tramo · cuenta L · sesion tr2_l_1706 · ef3_s2 · +2500 de 20000 pasos · p_nose 0.4 · abst cabeza · donde pre · mezcla fija · piso 0.10 · p_vieja 0.35
[colab] Session 'tr2_l_1706' not found.
   tramo de 3:2 cerrado en el paso 15750 de 20000
   tr2_l_1706 parada; pendientes ahora: 3:0 3:1 3:2
-- vuelta 1 · cuenta H · faltan: 3:0 3:1 3:2 · 18:09:04
   >> OTORGADA en H (T4): [tr2_h_1809] gpu-t4-s-kkb-usw4b1-1a3t574fuqpae | Hardware: T4 | Variant: GPU | Status: IDLE
   -> tramo 3:0 en H (desde el paso 20000)
== tramo · cuenta H · sesion tr2_h_1809 · ef3_s0 · +2500 de 20000 pasos · p_nose 0.4 · abst cabeza · donde pre · mezcla fija · piso 0.10 · p_vieja 0.35
[colab] Uploaded '/tmp/tmp.bOmAv6xp9Q/micro.tgz' to '/content/micro.tgz'
== subiendo checkpoint previo (10M)
[colab] Uploaded '/home/maxi/Disco_de_Guardado/Carpetas_Usuario/Documentos/Nuevo Transformer/delta-archivo/micro_lm/ckpts/ef3_s0.pkl' to '/content/ck.pkl'
jax 0.7.2 | [CudaDevice(id=0)]
compuerta de padding OK
lanzado pid 2503
== polling cada 2 min (presupuesto ~40 min)
VIVO= True ULTIMO= el checkpoint ya esta completo; nada que hacer 
VIVO= True ULTIMO= el checkpoint ya esta completo; nada que hacer 
VIVO= True ULTIMO= el checkpoint ya esta completo; nada que hacer 
   [checkpoint parcial guardado: paso ]
VIVO= True ULTIMO= el checkpoint ya esta completo; nada que hacer 
VIVO= True ULTIMO= el checkpoint ya esta completo; nada que hacer 
VIVO= True ULTIMO= el checkpoint ya esta completo; nada que hacer 
VIVO= True ULTIMO= el checkpoint ya esta completo; nada que hacer 
   [checkpoint parcial guardado: paso ]
VIVO= True ULTIMO= el checkpoint ya esta completo; nada que hacer 
VIVO= True ULTIMO= el checkpoint ya esta completo; nada que hacer 
VIVO= True ULTIMO= el checkpoint ya esta completo; nada que hacer 
VIVO= True ULTIMO= el checkpoint ya esta completo; nada que hacer 
   [checkpoint parcial guardado: paso ]
VIVO= True ULTIMO= el checkpoint ya esta completo; nada que hacer 
VIVO= True ULTIMO= el checkpoint ya esta completo; nada que hacer 
VIVO= True ULTIMO= el checkpoint ya esta completo; nada que hacer 
VIVO= True ULTIMO= el checkpoint ya esta completo; nada que hacer 
   [checkpoint parcial guardado: paso ]
VIVO= True ULTIMO= el checkpoint ya esta completo; nada que hacer 
VIVO= True ULTIMO= el checkpoint ya esta completo; nada que hacer 
VIVO= True ULTIMO= el checkpoint ya esta completo; nada que hacer 
VIVO= True ULTIMO= el checkpoint ya esta completo; nada que hacer 
   [checkpoint parcial guardado: paso ]
VIVO= True ULTIMO= el checkpoint ya esta completo; nada que hacer 
== fin del tramo (la sesion queda VIVA para el tramo siguiente; pararla con: colab stop -s tr2_h_1809)
   tramo de 3:0 cerrado en el paso 20000 de 20000
   -> tramo 3:1 en H (desde el paso 10500)
== tramo · cuenta H · sesion tr2_h_1809 · ef3_s1 · +2500 de 20000 pasos · p_nose 0.4 · abst cabeza · donde pre · mezcla fija · piso 0.10 · p_vieja 0.35
[colab] Uploaded '/tmp/tmp.5LkvUTJVSJ/micro.tgz' to '/content/micro.tgz'
== subiendo checkpoint previo (10M)
[colab] Uploaded '/home/maxi/Disco_de_Guardado/Carpetas_Usuario/Documentos/Nuevo Transformer/delta-archivo/micro_lm/ckpts/ef3_s1.pkl' to '/content/ck.pkl'
jax 0.7.2 | [CudaDevice(id=0)]
compuerta de padding OK
lanzado pid 13049
== polling cada 2 min (presupuesto ~40 min)
VIVO= True ULTIMO= tramo: se corre hasta el paso 12000 y se guarda para continuar despues 
VIVO= True ULTIMO= ── eval: vigente 0.7509 · anterior 0.9278 · abstencion 0.2266 · truncados 0.0000 · nose 0.5314 (ent 0.4888/rel 0.5619) · falsa_abst 0.0200 
VIVO= True ULTIMO= ── eval: vigente 0.7509 · anterior 0.9278 · abstencion 0.2266 · truncados 0.0000 · nose 0.5314 (ent 0.4888/rel 0.5619) · falsa_abst 0.0200 
   [checkpoint parcial guardado: paso 10000]
VIVO= True ULTIMO= ── eval: vigente 0.7536 · anterior 0.8276 · abstencion 0.2090 · truncados 0.0000 · nose 0.4982 (ent 0.4499/rel 0.5391) · falsa_abst 0.0131 
VIVO= True ULTIMO= ── eval: vigente 0.7536 · anterior 0.8276 · abstencion 0.2090 · truncados 0.0000 · nose 0.4982 (ent 0.4499/rel 0.5391) · falsa_abst 0.0131 
VIVO= True ULTIMO= ── eval: vigente 0.7510 · anterior 0.7981 · abstencion 0.2480 · truncados 0.0000 · nose 0.5593 (ent 0.5038/rel 0.6063) · falsa_abst 0.0358 
VIVO= True ULTIMO= ── eval: vigente 0.7510 · anterior 0.7981 · abstencion 0.2480 · truncados 0.0000 · nose 0.5593 (ent 0.5038/rel 0.6063) · falsa_abst 0.0358 

!! sesion perdida — el checkpoint de la PC conserva el ultimo tramo bajado
== fin del tramo (la sesion queda VIVA para el tramo siguiente; pararla con: colab stop -s tr2_h_1809)
   tramo de 3:1 cerrado en el paso 11000 de 20000
   -> tramo 3:2 en H (desde el paso 15750)
== tramo · cuenta H · sesion tr2_h_1809 · ef3_s2 · +2500 de 20000 pasos · p_nose 0.4 · abst cabeza · donde pre · mezcla fija · piso 0.10 · p_vieja 0.35
[colab] Session 'tr2_h_1809' not found.
   tramo de 3:2 cerrado en el paso 15750 de 20000
   tr2_h_1809 parada; pendientes ahora: 3:0 3:1 3:2
-- vuelta 1 · cuenta I · faltan: 3:0 3:1 3:2 · 19:09:13
   503 en I (ni T4 ni TPU) — SIGUIENTE CUENTA ya (sin esperar)
-- vuelta 1 · cuenta G · faltan: 3:0 3:1 3:2 · 19:09:22
   503 en G (ni T4 ni TPU) — SIGUIENTE CUENTA ya (sin esperar)
-- C la esta usando otro proceso, se saltea
-- vuelta 1 · cuenta D · faltan: 3:0 3:1 3:2 · 19:09:32
   >> OTORGADA en D (T4): [tr2_d_1909] gpu-t4-s-kkb-usw4a0-12vwpkzye8chb | Hardware: T4 | Variant: GPU | Status: IDLE
   -> tramo 3:0 en D (desde el paso 20000)
== tramo · cuenta D · sesion tr2_d_1909 · ef3_s0 · +2500 de 20000 pasos · p_nose 0.4 · abst cabeza · donde pre · mezcla fija · piso 0.10 · p_vieja 0.35
[colab] Uploaded '/tmp/tmp.OvoitqgzMt/micro.tgz' to '/content/micro.tgz'
== subiendo checkpoint previo (10M)
[colab] Uploaded '/home/maxi/Disco_de_Guardado/Carpetas_Usuario/Documentos/Nuevo Transformer/delta-archivo/micro_lm/ckpts/ef3_s0.pkl' to '/content/ck.pkl'
jax 0.7.2 | [CudaDevice(id=0)]
compuerta de padding OK
lanzado pid 1179
== polling cada 2 min (presupuesto ~40 min)
VIVO= True ULTIMO= el checkpoint ya esta completo; nada que hacer 
VIVO= True ULTIMO= el checkpoint ya esta completo; nada que hacer 
VIVO= True ULTIMO= el checkpoint ya esta completo; nada que hacer 
   [checkpoint parcial guardado: paso ]
VIVO= True ULTIMO= el checkpoint ya esta completo; nada que hacer 
VIVO= True ULTIMO= el checkpoint ya esta completo; nada que hacer 
VIVO= True ULTIMO= el checkpoint ya esta completo; nada que hacer 
VIVO= True ULTIMO= el checkpoint ya esta completo; nada que hacer 
   [checkpoint parcial guardado: paso ]
VIVO= True ULTIMO= el checkpoint ya esta completo; nada que hacer 
VIVO= True ULTIMO= el checkpoint ya esta completo; nada que hacer 
VIVO= True ULTIMO= el checkpoint ya esta completo; nada que hacer 
VIVO= True ULTIMO= el checkpoint ya esta completo; nada que hacer 
   [checkpoint parcial guardado: paso ]
VIVO= True ULTIMO= el checkpoint ya esta completo; nada que hacer 
VIVO= True ULTIMO= el checkpoint ya esta completo; nada que hacer 
VIVO= True ULTIMO= el checkpoint ya esta completo; nada que hacer 
VIVO= True ULTIMO= el checkpoint ya esta completo; nada que hacer 
   [checkpoint parcial guardado: paso ]
VIVO= True ULTIMO= el checkpoint ya esta completo; nada que hacer 
VIVO= True ULTIMO= el checkpoint ya esta completo; nada que hacer 
VIVO= True ULTIMO= el checkpoint ya esta completo; nada que hacer 
VIVO= True ULTIMO= el checkpoint ya esta completo; nada que hacer 
   [checkpoint parcial guardado: paso ]
VIVO= True ULTIMO= el checkpoint ya esta completo; nada que hacer 
== fin del tramo (la sesion queda VIVA para el tramo siguiente; pararla con: colab stop -s tr2_d_1909)
