== watchdog2 armado sobre /home/maxi/Disco_de_Guardado/Carpetas_Usuario/Documentos/Nuevo Transformer/delta-archivo/micro_lm/rot_w_s2.log (rotador 2320595)
== rotador2 · familia 'w' · p_nose 0.4 · unidades 3:2 · cuentas: H K G C D E F J A L M N I
-- vuelta 1 · cuenta H · faltan: 3:2 · 15:02:39
   503 en H — SIGUIENTE CUENTA ya (sin esperar)
-- K la esta usando otro proceso, se saltea
-- vuelta 1 · cuenta G · faltan: 3:2 · 15:02:41
   503 en G — SIGUIENTE CUENTA ya (sin esperar)
-- C la esta usando otro proceso, se saltea
-- vuelta 1 · cuenta D · faltan: 3:2 · 15:02:44
   503 en D — SIGUIENTE CUENTA ya (sin esperar)
-- vuelta 1 · cuenta E · faltan: 3:2 · 15:02:47
   503 en E — SIGUIENTE CUENTA ya (sin esperar)
-- vuelta 1 · cuenta F · faltan: 3:2 · 15:02:51
   503 en F — SIGUIENTE CUENTA ya (sin esperar)
-- J la esta usando otro proceso, se saltea
-- vuelta 1 · cuenta A · faltan: 3:2 · 15:02:54
   >> OTORGADA en A: [tr2_a_1502] gpu-t4-s-kkb-ass1c1-2a8bovn4qgxkj | Hardware: T4 | Variant: GPU | Status: IDLE
   -> tramo 3:2 en A (desde el paso 0)
== tramo · cuenta A · sesion tr2_a_1502 · w3_s2 · +8000 de 26000 pasos · p_nose 0.4 · abst cabeza
[colab] Uploaded '/tmp/tmp.C6uAqzysoe/micro.tgz' to '/content/micro.tgz'
jax 0.7.2 | [CudaDevice(id=0)]
compuerta de padding OK
lanzado pid 1314
== polling cada 2 min (presupuesto ~100 min)
VIVO= True ULTIMO= tramo: se corre hasta el paso 8000 y se guarda para continuar despues 
VIVO= True ULTIMO= ── eval: vigente 0.2077 · anterior 0.1937 · abstencion 0.0020 · truncados 0.0000 · nose 0.0000 (ent 0.0000/rel 0.0000) · falsa_abst 0.0028 
VIVO= True ULTIMO= ── eval: vigente 0.6784 · anterior 0.3821 · abstencion 0.0059 · truncados 0.0000 · nose 0.0000 (ent 0.0000/rel 0.0000) · falsa_abst 0.0090 
   [checkpoint parcial guardado: paso 750]
VIVO= True ULTIMO= ── eval: vigente 0.8585 · anterior 0.1951 · abstencion 0.0000 · truncados 0.0000 · nose 0.0000 (ent 0.0000/rel 0.0000) · falsa_abst 0.0000 
VIVO= True ULTIMO= ── eval: vigente 0.7443 · anterior 0.2951 · abstencion 0.0605 · truncados 0.0000 · nose 0.0489 (ent 0.0537/rel 0.0474) · falsa_abst 0.0685 
