== watchdog2 armado sobre /home/maxi/Documentos/Nuevo Transformer/delta-archivo/micro_lm/rot_k0_0831.log (rotador 619315)
== rotador2 · familia 'k0' · p_nose 0.4 · mezcla fija · piso 0.10 · p_vieja 0.35 · unidades 3:3,3:6 · cuentas: A J F D C
-- vuelta 1 · cuenta A · faltan: 3:3 3:6 · 18:47:35
   >> OTORGADA en A (T4): [tr2_a_1847] gpu-t4-s-kkb-euw4c1-8mmmgi0uigui | Hardware: T4 | Variant: GPU | Status: IDLE
   -> tramo 3:3 en A (desde el paso 0)
== tramo · cuenta A · sesion tr2_a_1847 · k03_s3 · +3000 de 3000 pasos · p_nose 0.4 · abst slot · donde pre · mezcla fija · piso 0.10 · p_vieja 0.35 · blanco error · perdida recompensa · sembrar 0 · rec L=0.0 M=0.5 F=0.2 CE=1.0 RANK=0.0
[colab] Uploaded '/tmp/tmp.LWjrvqr6VA/micro.tgz' to '/content/micro.tgz'
== subiendo checkpoint previo (3,4M)
[colab] Uploaded '/home/maxi/Documentos/Nuevo Transformer/delta-archivo/micro_lm/ckpts/k03_s3.pkl' to '/content/ck.pkl'
jax 0.11.1 | [CudaDevice(id=0)]
compuerta de padding OK
lanzado pid 3160
== polling cada 2 min (presupuesto ~50 min)
VIVO= True ULTIMO= W0831 21:48:38.524843    3183 cuda_timer.cc:88] Delay kernel timed out: measured time has sub-optimal accuracy. There may be a missing warmup execution, please investigate in Nsight Systems. 
VIVO= True ULTIMO= ── eval: vigente 0.4280 · anterior 0.0179 · abstencion 0.0117 · truncados 0.0000 · nose 0.0148 (ent 0.0324/rel 0.0000) · falsa_abst 0.0098 
VIVO= True ULTIMO= ── eval: vigente 0.0394 · anterior 0.0000 · abstencion 0.8867 · truncados 0.0000 · nose 0.8612 (ent 0.8553/rel 0.8721) · falsa_abst 0.9051 
   [checkpoint parcial guardado: paso 750]
VIVO= True ULTIMO= ── eval: vigente 0.0114 · anterior 0.0000 · abstencion 0.9434 · truncados 0.0000 · nose 0.9292 (ent 0.9045/rel 0.9531) · falsa_abst 0.9522 
VIVO= True ULTIMO= ── eval: vigente 0.0735 · anterior 0.0595 · abstencion 0.8594 · truncados 0.0000 · nose 0.8450 (ent 0.8378/rel 0.8556) · falsa_abst 0.8697 
VIVO= True ULTIMO= ── eval: vigente 0.0000 · anterior 0.0000 · abstencion 0.9941 · truncados 0.0000 · nose 0.9904 (ent 0.9822/rel 1.0000) · falsa_abst 0.9968 
VIVO= True ULTIMO= ── eval: vigente 0.0084 · anterior 0.0000 · abstencion 0.9648 · truncados 0.0000 · nose 0.9389 (ent 0.9326/rel 0.9505) · falsa_abst 0.9828 
   [checkpoint parcial guardado: paso 1750]
VIVO= True ULTIMO= ── eval: vigente 0.0000 · anterior 0.0000 · abstencion 1.0000 · truncados 0.0000 · nose 1.0000 (ent 1.0000/rel 1.0000) · falsa_abst 1.0000 
VIVO= True ULTIMO= ── eval: vigente 0.0278 · anterior 0.0179 · abstencion 0.8965 · truncados 0.0000 · nose 0.9212 (ent 0.8978/rel 0.9522) · falsa_abst 0.8793 
VIVO= True ULTIMO= ── eval: vigente 0.0432 · anterior 0.0387 · abstencion 0.8164 · truncados 0.0000 · nose 0.8641 (ent 0.8485/rel 0.8839) · falsa_abst 0.7807 
VIVO= False ULTIMO= listo: {'paso': 3000, 'truncados': 0.0, 'p_nose': 0.4, 'mezcla_usada': {'vigente': 0.39, 'anterior': 0.21, 'nose': 0.4}, 'mezcla_promedio': {'vigente': 0.39, 'anterior': 0.21, 'nose': 0.4}, 'p_vieja_tr': 0.35, 'p_nose_tr': 0.4, 'vigente': 0.0, 'anterior': 0.0, 'nose': 0.995, 'nose_ent': 0.9910714285714286, 'nose_rel': 1.0, 'falsa_abst': 1.0, 'abstencion': 0.998046875} 
== tramo terminado
== bajando checkpoint
   checkpoint en /home/maxi/Documentos/Nuevo Transformer/delta-archivo/micro_lm/ckpts/k03_s3.pkl (10M)
   ultimo paso registrado: "paso": 3000
== fin del tramo (la sesion queda VIVA para el tramo siguiente; pararla con: colab stop -s tr2_a_1847)
   tramo de 3:3 cerrado en el paso 3000 de 3000
   -> tramo 3:6 en A (desde el paso 0)
== tramo · cuenta A · sesion tr2_a_1847 · k03_s6 · +3000 de 3000 pasos · p_nose 0.4 · abst slot · donde pre · mezcla fija · piso 0.10 · p_vieja 0.35 · blanco error · perdida recompensa · sembrar 0 · rec L=0.0 M=0.5 F=0.2 CE=1.0 RANK=0.0
[colab] Uploaded '/tmp/tmp.aGc8fT3Fiz/micro.tgz' to '/content/micro.tgz'
== subiendo checkpoint previo (3,4M)
[colab] Uploaded '/home/maxi/Documentos/Nuevo Transformer/delta-archivo/micro_lm/ckpts/k03_s6.pkl' to '/content/ck.pkl'
jax 0.11.1 | [CudaDevice(id=0)]
compuerta de padding OK
lanzado pid 9892
== polling cada 2 min (presupuesto ~50 min)
VIVO= True ULTIMO= W0831 22:13:37.057235    9915 cuda_timer.cc:88] Delay kernel timed out: measured time has sub-optimal accuracy. There may be a missing warmup execution, please investigate in Nsight Systems. 
VIVO= True ULTIMO= ── eval: vigente 0.4195 · anterior 0.0521 · abstencion 0.0195 · truncados 0.0000 · nose 0.0370 (ent 0.0668/rel 0.0096) · falsa_abst 0.0061 
VIVO= True ULTIMO= ── eval: vigente 0.4444 · anterior 0.0365 · abstencion 0.0000 · truncados 0.0000 · nose 0.0000 (ent 0.0000/rel 0.0000) · falsa_abst 0.0000 
   [checkpoint parcial guardado: paso 750]
VIVO= True ULTIMO= ── eval: vigente 0.4103 · anterior 0.0406 · abstencion 0.1172 · truncados 0.0000 · nose 0.1540 (ent 0.1588/rel 0.1458) · falsa_abst 0.0956 
VIVO= True ULTIMO= ── eval: vigente 0.4405 · anterior 0.0563 · abstencion 0.0156 · truncados 0.0000 · nose 0.0226 (ent 0.0159/rel 0.0287) · falsa_abst 0.0098 
VIVO= True ULTIMO= ── eval: vigente 0.3667 · anterior 0.0677 · abstencion 0.0957 · truncados 0.0000 · nose 0.0998 (ent 0.0704/rel 0.1181) · falsa_abst 0.0848 
VIVO= True ULTIMO= ── eval: vigente 0.3738 · anterior 0.0625 · abstencion 0.0156 · truncados 0.0000 · nose 0.0136 (ent 0.0266/rel 0.0000) · falsa_abst 0.0165 
   [checkpoint parcial guardado: paso 1750]
VIVO= True ULTIMO= ── eval: vigente 0.3745 · anterior 0.1031 · abstencion 0.0508 · truncados 0.0000 · nose 0.0569 (ent 0.0446/rel 0.0741) · falsa_abst 0.0474 
VIVO= True ULTIMO= ── eval: vigente 0.2982 · anterior 0.0677 · abstencion 0.0293 · truncados 0.0000 · nose 0.0381 (ent 0.0179/rel 0.0609) · falsa_abst 0.0226 
VIVO= True ULTIMO= ── eval: vigente 0.3662 · anterior 0.0781 · abstencion 0.0117 · truncados 0.0000 · nose 0.0034 (ent 0.0069/rel 0.0000) · falsa_abst 0.0168 
VIVO= False ULTIMO= listo: {'paso': 3000, 'truncados': 0.0, 'p_nose': 0.4, 'mezcla_usada': {'vigente': 0.39, 'anterior': 0.21, 'nose': 0.4}, 'mezcla_promedio': {'vigente': 0.39, 'anterior': 0.21, 'nose': 0.4}, 'p_vieja_tr': 0.35, 'p_nose_tr': 0.4, 'vigente': 0.3806575369075369, 'anterior': 0.03125, 'nose': 0.004464285714285714, 'nose_ent': 0.0, 'nose_rel': 0.0078125, 'falsa_abst': 0.0, 'abstencion': 0.001953125} 
== tramo terminado
== bajando checkpoint
   checkpoint en /home/maxi/Documentos/Nuevo Transformer/delta-archivo/micro_lm/ckpts/k03_s6.pkl (10M)
   ultimo paso registrado: "paso": 3000
== fin del tramo (la sesion queda VIVA para el tramo siguiente; pararla con: colab stop -s tr2_a_1847)
   tramo de 3:6 cerrado en el paso 3000 de 3000
   tr2_a_1847 parada; pendientes ahora: 
== todo completo
