== watchdog2 armado sobre /home/maxi/Disco_de_Guardado/Carpetas_Usuario/Documentos/Nuevo Transformer/delta-archivo/micro_lm/rot_ef_s0.log (rotador 1170059)
== rotador2 · familia 'ef' · p_nose 0.4 · mezcla fija · p_vieja 0.35 · unidades 3:0 · cuentas: N I M L A J F E D C K
-- vuelta 1 · cuenta N · faltan: 3:0 · 09:19:28
   >> OTORGADA en N: [tr2_n_0919] gpu-t4-s-kkb-ass1c1-2uscycw8ppsy3 | Hardware: T4 | Variant: GPU | Status: IDLE
   -> tramo 3:0 en N (desde el paso 0)
== tramo · cuenta N · sesion tr2_n_0919 · ef3_s0 · +8000 de 20000 pasos · p_nose 0.4 · abst cabeza · mezcla fija · p_vieja 0.35
[colab] Uploaded '/tmp/tmp.JyB6Q1hjK6/micro.tgz' to '/content/micro.tgz'
jax 0.7.2 | [CudaDevice(id=0)]
compuerta de padding OK
lanzado pid 1575
== polling cada 2 min (presupuesto ~100 min)
VIVO= True ULTIMO= tramo: se corre hasta el paso 8000 y se guarda para continuar despues 
VIVO= True ULTIMO= ── eval: vigente 0.1017 · anterior 0.1486 · abstencion 0.0000 · truncados 0.0000 · nose 0.0000 (ent 0.0000/rel 0.0000) · falsa_abst 0.0000 
VIVO= True ULTIMO= ── eval: vigente 0.1954 · anterior 0.1335 · abstencion 0.0000 · truncados 0.0000 · nose 0.0000 (ent 0.0000/rel 0.0000) · falsa_abst 0.0000 
   [checkpoint parcial guardado: paso 750]
VIVO= True ULTIMO= ── eval: vigente 0.1865 · anterior 0.1719 · abstencion 0.0000 · truncados 0.0000 · nose 0.0000 (ent 0.0000/rel 0.0000) · falsa_abst 0.0000 
VIVO= True ULTIMO= ── eval: vigente 0.3194 · anterior 0.1052 · abstencion 0.0195 · truncados 0.0000 · nose 0.0255 (ent 0.0304/rel 0.0283) · falsa_abst 0.0162 
VIVO= True ULTIMO= ── eval: vigente 0.2908 · anterior 0.2173 · abstencion 0.0000 · truncados 0.0000 · nose 0.0000 (ent 0.0000/rel 0.0000) · falsa_abst 0.0000 
VIVO= True ULTIMO= ── eval: vigente 0.3545 · anterior 0.2546 · abstencion 0.0020 · truncados 0.0000 · nose 0.0046 (ent 0.0089/rel 0.0000) · falsa_abst 0.0000 
   [checkpoint parcial guardado: paso 1750]
VIVO= True ULTIMO= ── eval: vigente 0.4894 · anterior 0.4545 · abstencion 0.0312 · truncados 0.0000 · nose 0.0424 (ent 0.0478/rel 0.0473) · falsa_abst 0.0228 
VIVO= True ULTIMO= ── eval: vigente 0.5129 · anterior 0.4457 · abstencion 0.1172 · truncados 0.0000 · nose 0.1417 (ent 0.1396/rel 0.1460) · falsa_abst 0.0922 
VIVO= True ULTIMO= ── eval: vigente 0.6213 · anterior 0.3780 · abstencion 0.0879 · truncados 0.0000 · nose 0.1674 (ent 0.1608/rel 0.1715) · falsa_abst 0.0395 
VIVO= True ULTIMO= ── eval: vigente 0.5644 · anterior 0.5611 · abstencion 0.2578 · truncados 0.0000 · nose 0.4068 (ent 0.3923/rel 0.4194) · falsa_abst 0.1520 
   [checkpoint parcial guardado: paso 3000]
VIVO= True ULTIMO= ── eval: vigente 0.6097 · anterior 0.5751 · abstencion 0.3301 · truncados 0.0000 · nose 0.5522 (ent 0.5402/rel 0.5245) · falsa_abst 0.1674 
VIVO= True ULTIMO= ── eval: vigente 0.6077 · anterior 0.6345 · abstencion 0.3359 · truncados 0.0000 · nose 0.5545 (ent 0.4870/rel 0.6195) · falsa_abst 0.1696 
VIVO= True ULTIMO= ── eval: vigente 0.6431 · anterior 0.5685 · abstencion 0.2578 · truncados 0.0000 · nose 0.4896 (ent 0.4807/rel 0.5060) · falsa_abst 0.0913 
VIVO= True ULTIMO= ── eval: vigente 0.6380 · anterior 0.6827 · abstencion 0.3320 · truncados 0.0000 · nose 0.5785 (ent 0.5482/rel 0.6087) · falsa_abst 0.1402 
   [checkpoint parcial guardado: paso 4250]
VIVO= True ULTIMO= ── eval: vigente 0.7614 · anterior 0.6867 · abstencion 0.2129 · truncados 0.0000 · nose 0.4636 (ent 0.4326/rel 0.4722) · falsa_abst 0.0294 
VIVO= True ULTIMO= ── eval: vigente 0.6625 · anterior 0.8090 · abstencion 0.2383 · truncados 0.0000 · nose 0.4853 (ent 0.4657/rel 0.4857) · falsa_abst 0.0577 
VIVO= True ULTIMO= ── eval: vigente 0.6819 · anterior 0.7733 · abstencion 0.2695 · truncados 0.0000 · nose 0.4956 (ent 0.4590/rel 0.5082) · falsa_abst 0.1067 
VIVO= True ULTIMO= ── eval: vigente 0.6862 · anterior 0.7228 · abstencion 0.2441 · truncados 0.0000 · nose 0.4922 (ent 0.4613/rel 0.5232) · falsa_abst 0.0685 
   [checkpoint parcial guardado: paso 5500]

VIVO= True ULTIMO= ── eval: vigente 0.6923 · anterior 0.7408 · abstencion 0.2891 · truncados 0.0000 · nose 0.5468 (ent 0.5204/rel 0.5634) · falsa_abst 0.1000 
VIVO= True ULTIMO= ── eval: vigente 0.7605 · anterior 0.7622 · abstencion 0.2383 · truncados 0.0000 · nose 0.5145 (ent 0.4943/rel 0.5303) · falsa_abst 0.0391 
VIVO= True ULTIMO= ── eval: vigente 0.7636 · anterior 0.7249 · abstencion 0.2148 · truncados 0.0000 · nose 0.4819 (ent 0.4526/rel 0.4917) · falsa_abst 0.0209 
   [checkpoint parcial guardado: paso 7250]
VIVO= True ULTIMO= ── eval: vigente 0.7558 · anterior 0.8620 · abstencion 0.2227 · truncados 0.0000 · nose 0.4838 (ent 0.4526/rel 0.5024) · falsa_abst 0.0326 
VIVO= True ULTIMO= ── eval: vigente 0.7128 · anterior 0.8047 · abstencion 0.2363 · truncados 0.0000 · nose 0.4889 (ent 0.4654/rel 0.4917) · falsa_abst 0.0546 

!! sesion perdida — el checkpoint de la PC conserva el ultimo tramo bajado
== fin del tramo (la sesion queda VIVA para el tramo siguiente; pararla con: colab stop -s tr2_n_0919)
   tr2_n_0919 parada; pendientes ahora: 3:0
-- vuelta 1 · cuenta I · faltan: 3:0 · 10:20:41
   503 en I — SIGUIENTE CUENTA ya (sin esperar)
-- M la esta usando otro proceso, se saltea
-- vuelta 1 · cuenta L · faltan: 3:0 · 10:20:43
   503 en L — SIGUIENTE CUENTA ya (sin esperar)
-- A la esta usando otro proceso, se saltea
-- J la esta usando otro proceso, se saltea
-- vuelta 1 · cuenta F · faltan: 3:0 · 10:20:46
   503 en F — SIGUIENTE CUENTA ya (sin esperar)
-- E la esta usando otro proceso, se saltea
-- vuelta 1 · cuenta D · faltan: 3:0 · 10:20:49
   503 en D — SIGUIENTE CUENTA ya (sin esperar)
-- C la esta usando otro proceso, se saltea
-- vuelta 1 · cuenta K · faltan: 3:0 · 10:20:52
   503 en K — SIGUIENTE CUENTA ya (sin esperar)
-- vuelta 1 recorrida entera sin T4 en ninguna; descanso 10 min
-- vuelta 2 · cuenta N · faltan: 3:0 · 10:30:55
   503 en N — SIGUIENTE CUENTA ya (sin esperar)
-- I la esta usando otro proceso, se saltea
-- vuelta 2 · cuenta M · faltan: 3:0 · 10:30:57
   503 en M — SIGUIENTE CUENTA ya (sin esperar)
-- vuelta 2 · cuenta L · faltan: 3:0 · 10:31:00
   503 en L — SIGUIENTE CUENTA ya (sin esperar)
-- A la esta usando otro proceso, se saltea
-- J la esta usando otro proceso, se saltea
-- vuelta 2 · cuenta F · faltan: 3:0 · 10:31:03
   503 en F — SIGUIENTE CUENTA ya (sin esperar)
-- vuelta 2 · cuenta E · faltan: 3:0 · 10:31:06
   503 en E — SIGUIENTE CUENTA ya (sin esperar)
-- vuelta 2 · cuenta D · faltan: 3:0 · 10:31:09
   503 en D — SIGUIENTE CUENTA ya (sin esperar)
-- C la esta usando otro proceso, se saltea
-- vuelta 2 · cuenta K · faltan: 3:0 · 10:31:12
   503 en K — SIGUIENTE CUENTA ya (sin esperar)
-- vuelta 2 recorrida entera sin T4 en ninguna; descanso 10 min
-- vuelta 3 · cuenta N · faltan: 3:0 · 10:41:15
   503 en N — SIGUIENTE CUENTA ya (sin esperar)
-- I la esta usando otro proceso, se saltea
-- M la esta usando otro proceso, se saltea
-- vuelta 3 · cuenta L · faltan: 3:0 · 10:41:18
   503 en L — SIGUIENTE CUENTA ya (sin esperar)
-- A la esta usando otro proceso, se saltea
-- J la esta usando otro proceso, se saltea
-- vuelta 3 · cuenta F · faltan: 3:0 · 10:41:21
   503 en F — SIGUIENTE CUENTA ya (sin esperar)
-- E la esta usando otro proceso, se saltea
-- vuelta 3 · cuenta D · faltan: 3:0 · 10:41:23
   503 en D — SIGUIENTE CUENTA ya (sin esperar)
-- C la esta usando otro proceso, se saltea
-- vuelta 3 · cuenta K · faltan: 3:0 · 10:41:26
   503 en K — SIGUIENTE CUENTA ya (sin esperar)
-- vuelta 3 recorrida entera sin T4 en ninguna; descanso 10 min
-- vuelta 4 · cuenta N · faltan: 3:0 · 10:51:29
   503 en N — SIGUIENTE CUENTA ya (sin esperar)
-- I la esta usando otro proceso, se saltea
-- M la esta usando otro proceso, se saltea
-- vuelta 4 · cuenta L · faltan: 3:0 · 10:51:32
   503 en L — SIGUIENTE CUENTA ya (sin esperar)
-- A la esta usando otro proceso, se saltea
-- J la esta usando otro proceso, se saltea
-- vuelta 4 · cuenta F · faltan: 3:0 · 10:51:34
   503 en F — SIGUIENTE CUENTA ya (sin esperar)
-- E la esta usando otro proceso, se saltea
-- vuelta 4 · cuenta D · faltan: 3:0 · 10:51:38
   503 en D — SIGUIENTE CUENTA ya (sin esperar)
-- C la esta usando otro proceso, se saltea
-- vuelta 4 · cuenta K · faltan: 3:0 · 10:51:40
   503 en K — SIGUIENTE CUENTA ya (sin esperar)
-- vuelta 4 recorrida entera sin T4 en ninguna; descanso 10 min
-- vuelta 5 · cuenta N · faltan: 3:0 · 11:01:43
   503 en N — SIGUIENTE CUENTA ya (sin esperar)
-- I la esta usando otro proceso, se saltea
-- M la esta usando otro proceso, se saltea
-- vuelta 5 · cuenta L · faltan: 3:0 · 11:01:46
   503 en L — SIGUIENTE CUENTA ya (sin esperar)
-- A la esta usando otro proceso, se saltea
-- J la esta usando otro proceso, se saltea
-- vuelta 5 · cuenta F · faltan: 3:0 · 11:01:49
   503 en F — SIGUIENTE CUENTA ya (sin esperar)
-- E la esta usando otro proceso, se saltea
-- vuelta 5 · cuenta D · faltan: 3:0 · 11:01:52
   503 en D — SIGUIENTE CUENTA ya (sin esperar)
-- C la esta usando otro proceso, se saltea
-- vuelta 5 · cuenta K · faltan: 3:0 · 11:01:55
   503 en K — SIGUIENTE CUENTA ya (sin esperar)
-- vuelta 5 recorrida entera sin T4 en ninguna; descanso 10 min
