== watchdog2 armado sobre /home/maxi/Disco_de_Guardado/Carpetas_Usuario/Documentos/Nuevo Transformer/delta-archivo/micro_lm/rot_e0_s2.log (rotador 3998958)
== rotador2 · familia 'e0' · p_nose 0.4 · mezcla dinamica · piso 0.0 · p_vieja 0.35 · unidades 3:2 · cuentas: H K G D F L N C E I J A M
-- H la esta usando otro proceso, se saltea
-- vuelta 1 · cuenta K · faltan: 3:2 · 11:06:13
   503 en K — SIGUIENTE CUENTA ya (sin esperar)
-- G la esta usando otro proceso, se saltea
-- D la esta usando otro proceso, se saltea
-- vuelta 1 · cuenta F · faltan: 3:2 · 11:06:16
   503 en F — SIGUIENTE CUENTA ya (sin esperar)
-- L la esta usando otro proceso, se saltea
-- N la esta usando otro proceso, se saltea
-- C la esta usando otro proceso, se saltea
-- E la esta usando otro proceso, se saltea
-- I la esta usando otro proceso, se saltea
-- vuelta 1 · cuenta J · faltan: 3:2 · 11:06:20
   503 en J — SIGUIENTE CUENTA ya (sin esperar)
-- A la esta usando otro proceso, se saltea
-- M la esta usando otro proceso, se saltea
-- vuelta 1 recorrida entera sin T4 en ninguna; descanso 10 min
-- vuelta 2 · cuenta H · faltan: 3:2 · 11:16:23
   503 en H — SIGUIENTE CUENTA ya (sin esperar)
-- vuelta 2 · cuenta K · faltan: 3:2 · 11:16:27
   503 en K — SIGUIENTE CUENTA ya (sin esperar)
-- vuelta 2 · cuenta G · faltan: 3:2 · 11:16:31
   503 en G — SIGUIENTE CUENTA ya (sin esperar)
-- vuelta 2 · cuenta D · faltan: 3:2 · 11:16:34
   503 en D — SIGUIENTE CUENTA ya (sin esperar)
-- vuelta 2 · cuenta F · faltan: 3:2 · 11:16:37
   503 en F — SIGUIENTE CUENTA ya (sin esperar)
-- vuelta 2 · cuenta L · faltan: 3:2 · 11:16:40
   503 en L — SIGUIENTE CUENTA ya (sin esperar)
-- vuelta 2 · cuenta N · faltan: 3:2 · 11:16:42
   503 en N — SIGUIENTE CUENTA ya (sin esperar)
-- vuelta 2 · cuenta C · faltan: 3:2 · 11:16:45
   503 en C — SIGUIENTE CUENTA ya (sin esperar)
-- E la esta usando otro proceso, se saltea
-- I la esta usando otro proceso, se saltea
-- J la esta usando otro proceso, se saltea
-- A la esta usando otro proceso, se saltea
-- M la esta usando otro proceso, se saltea
-- vuelta 2 recorrida entera sin T4 en ninguna; descanso 10 min
-- vuelta 3 · cuenta H · faltan: 3:2 · 11:26:48
   503 en H — SIGUIENTE CUENTA ya (sin esperar)
-- vuelta 3 · cuenta K · faltan: 3:2 · 11:26:52
   503 en K — SIGUIENTE CUENTA ya (sin esperar)
-- vuelta 3 · cuenta G · faltan: 3:2 · 11:26:54
   503 en G — SIGUIENTE CUENTA ya (sin esperar)
-- vuelta 3 · cuenta D · faltan: 3:2 · 11:26:57
   503 en D — SIGUIENTE CUENTA ya (sin esperar)
-- vuelta 3 · cuenta F · faltan: 3:2 · 11:27:00
   503 en F — SIGUIENTE CUENTA ya (sin esperar)
-- vuelta 3 · cuenta L · faltan: 3:2 · 11:27:03
   503 en L — SIGUIENTE CUENTA ya (sin esperar)
-- vuelta 3 · cuenta N · faltan: 3:2 · 11:27:06
   503 en N — SIGUIENTE CUENTA ya (sin esperar)
-- vuelta 3 · cuenta C · faltan: 3:2 · 11:27:08
   503 en C — SIGUIENTE CUENTA ya (sin esperar)
-- E la esta usando otro proceso, se saltea
-- I la esta usando otro proceso, se saltea
-- J la esta usando otro proceso, se saltea
-- A la esta usando otro proceso, se saltea
-- M la esta usando otro proceso, se saltea
-- vuelta 3 recorrida entera sin T4 en ninguna; descanso 10 min
-- vuelta 4 · cuenta H · faltan: 3:2 · 11:37:11
   503 en H — SIGUIENTE CUENTA ya (sin esperar)
-- vuelta 4 · cuenta K · faltan: 3:2 · 11:37:14
   503 en K — SIGUIENTE CUENTA ya (sin esperar)
-- vuelta 4 · cuenta G · faltan: 3:2 · 11:37:17
   503 en G — SIGUIENTE CUENTA ya (sin esperar)
-- vuelta 4 · cuenta D · faltan: 3:2 · 11:37:20
   503 en D — SIGUIENTE CUENTA ya (sin esperar)
-- vuelta 4 · cuenta F · faltan: 3:2 · 11:37:22
   503 en F — SIGUIENTE CUENTA ya (sin esperar)
-- vuelta 4 · cuenta L · faltan: 3:2 · 11:37:25
   503 en L — SIGUIENTE CUENTA ya (sin esperar)
-- vuelta 4 · cuenta N · faltan: 3:2 · 11:37:28
   503 en N — SIGUIENTE CUENTA ya (sin esperar)
-- vuelta 4 · cuenta C · faltan: 3:2 · 11:37:31
   503 en C — SIGUIENTE CUENTA ya (sin esperar)
-- vuelta 4 · cuenta E · faltan: 3:2 · 11:37:34
   503 en E — SIGUIENTE CUENTA ya (sin esperar)
-- vuelta 4 · cuenta I · faltan: 3:2 · 11:37:36
   503 en I — SIGUIENTE CUENTA ya (sin esperar)
-- J la esta usando otro proceso, se saltea
-- A la esta usando otro proceso, se saltea
-- vuelta 4 · cuenta M · faltan: 3:2 · 11:37:39
   503 en M — SIGUIENTE CUENTA ya (sin esperar)
-- vuelta 4 recorrida entera sin T4 en ninguna; descanso 10 min
-- vuelta 5 · cuenta H · faltan: 3:2 · 11:47:42
   503 en H — SIGUIENTE CUENTA ya (sin esperar)
-- vuelta 5 · cuenta K · faltan: 3:2 · 11:47:45
   503 en K — SIGUIENTE CUENTA ya (sin esperar)
-- vuelta 5 · cuenta G · faltan: 3:2 · 11:47:48
   503 en G — SIGUIENTE CUENTA ya (sin esperar)
-- vuelta 5 · cuenta D · faltan: 3:2 · 11:47:50
   503 en D — SIGUIENTE CUENTA ya (sin esperar)
-- vuelta 5 · cuenta F · faltan: 3:2 · 11:47:53
   503 en F — SIGUIENTE CUENTA ya (sin esperar)
-- vuelta 5 · cuenta L · faltan: 3:2 · 11:47:56
   503 en L — SIGUIENTE CUENTA ya (sin esperar)
-- vuelta 5 · cuenta N · faltan: 3:2 · 11:47:59
   503 en N — SIGUIENTE CUENTA ya (sin esperar)
-- vuelta 5 · cuenta C · faltan: 3:2 · 11:48:02
   503 en C — SIGUIENTE CUENTA ya (sin esperar)
-- vuelta 5 · cuenta E · faltan: 3:2 · 11:48:05
   503 en E — SIGUIENTE CUENTA ya (sin esperar)
-- vuelta 5 · cuenta I · faltan: 3:2 · 11:48:08
   503 en I — SIGUIENTE CUENTA ya (sin esperar)
-- J la esta usando otro proceso, se saltea
-- A la esta usando otro proceso, se saltea
-- vuelta 5 · cuenta M · faltan: 3:2 · 11:48:10
   503 en M — SIGUIENTE CUENTA ya (sin esperar)
-- vuelta 5 recorrida entera sin T4 en ninguna; descanso 10 min
-- vuelta 6 · cuenta H · faltan: 3:2 · 11:58:13
   503 en H — SIGUIENTE CUENTA ya (sin esperar)
-- vuelta 6 · cuenta K · faltan: 3:2 · 11:58:16
   503 en K — SIGUIENTE CUENTA ya (sin esperar)
-- vuelta 6 · cuenta G · faltan: 3:2 · 11:58:18
   503 en G — SIGUIENTE CUENTA ya (sin esperar)
-- vuelta 6 · cuenta D · faltan: 3:2 · 11:58:21
   503 en D — SIGUIENTE CUENTA ya (sin esperar)
-- vuelta 6 · cuenta F · faltan: 3:2 · 11:58:24
   503 en F — SIGUIENTE CUENTA ya (sin esperar)
-- vuelta 6 · cuenta L · faltan: 3:2 · 11:58:27
   503 en L — SIGUIENTE CUENTA ya (sin esperar)
-- vuelta 6 · cuenta N · faltan: 3:2 · 11:58:30
   503 en N — SIGUIENTE CUENTA ya (sin esperar)
-- vuelta 6 · cuenta C · faltan: 3:2 · 11:58:32
   503 en C — SIGUIENTE CUENTA ya (sin esperar)
-- vuelta 6 · cuenta E · faltan: 3:2 · 11:58:35
   503 en E — SIGUIENTE CUENTA ya (sin esperar)
-- vuelta 6 · cuenta I · faltan: 3:2 · 11:58:38
   503 en I — SIGUIENTE CUENTA ya (sin esperar)
-- J la esta usando otro proceso, se saltea
-- A la esta usando otro proceso, se saltea
-- vuelta 6 · cuenta M · faltan: 3:2 · 11:58:41
   503 en M — SIGUIENTE CUENTA ya (sin esperar)
-- vuelta 6 recorrida entera sin T4 en ninguna; descanso 10 min
-- vuelta 7 · cuenta H · faltan: 3:2 · 12:08:44
   503 en H — SIGUIENTE CUENTA ya (sin esperar)
-- vuelta 7 · cuenta K · faltan: 3:2 · 12:08:46
   503 en K — SIGUIENTE CUENTA ya (sin esperar)
-- vuelta 7 · cuenta G · faltan: 3:2 · 12:08:49
   503 en G — SIGUIENTE CUENTA ya (sin esperar)
-- vuelta 7 · cuenta D · faltan: 3:2 · 12:08:52
   503 en D — SIGUIENTE CUENTA ya (sin esperar)
-- vuelta 7 · cuenta F · faltan: 3:2 · 12:08:55
   503 en F — SIGUIENTE CUENTA ya (sin esperar)
-- vuelta 7 · cuenta L · faltan: 3:2 · 12:08:57
   503 en L — SIGUIENTE CUENTA ya (sin esperar)
-- vuelta 7 · cuenta N · faltan: 3:2 · 12:09:00
   503 en N — SIGUIENTE CUENTA ya (sin esperar)
-- vuelta 7 · cuenta C · faltan: 3:2 · 12:09:03
   503 en C — SIGUIENTE CUENTA ya (sin esperar)
-- vuelta 7 · cuenta E · faltan: 3:2 · 12:09:06
   503 en E — SIGUIENTE CUENTA ya (sin esperar)
-- vuelta 7 · cuenta I · faltan: 3:2 · 12:09:08
   503 en I — SIGUIENTE CUENTA ya (sin esperar)
-- J la esta usando otro proceso, se saltea
-- A la esta usando otro proceso, se saltea
-- vuelta 7 · cuenta M · faltan: 3:2 · 12:09:11
   503 en M — SIGUIENTE CUENTA ya (sin esperar)
-- vuelta 7 recorrida entera sin T4 en ninguna; descanso 10 min
-- vuelta 8 · cuenta H · faltan: 3:2 · 12:19:14
   503 en H — SIGUIENTE CUENTA ya (sin esperar)
-- vuelta 8 · cuenta K · faltan: 3:2 · 12:19:17
   503 en K — SIGUIENTE CUENTA ya (sin esperar)
-- vuelta 8 · cuenta G · faltan: 3:2 · 12:19:19
   503 en G — SIGUIENTE CUENTA ya (sin esperar)
-- vuelta 8 · cuenta D · faltan: 3:2 · 12:19:22
   503 en D — SIGUIENTE CUENTA ya (sin esperar)
-- vuelta 8 · cuenta F · faltan: 3:2 · 12:19:25
   503 en F — SIGUIENTE CUENTA ya (sin esperar)
-- vuelta 8 · cuenta L · faltan: 3:2 · 12:19:27
   503 en L — SIGUIENTE CUENTA ya (sin esperar)
-- vuelta 8 · cuenta N · faltan: 3:2 · 12:19:30
   503 en N — SIGUIENTE CUENTA ya (sin esperar)
-- vuelta 8 · cuenta C · faltan: 3:2 · 12:19:33
   503 en C — SIGUIENTE CUENTA ya (sin esperar)
-- vuelta 8 · cuenta E · faltan: 3:2 · 12:19:36
   503 en E — SIGUIENTE CUENTA ya (sin esperar)
-- vuelta 8 · cuenta I · faltan: 3:2 · 12:19:38
   503 en I — SIGUIENTE CUENTA ya (sin esperar)
-- vuelta 8 · cuenta J · faltan: 3:2 · 12:19:41
   503 en J — SIGUIENTE CUENTA ya (sin esperar)
-- vuelta 8 · cuenta A · faltan: 3:2 · 12:19:44
   503 en A — SIGUIENTE CUENTA ya (sin esperar)
-- vuelta 8 · cuenta M · faltan: 3:2 · 12:19:47
   503 en M — SIGUIENTE CUENTA ya (sin esperar)
-- vuelta 8 recorrida entera sin T4 en ninguna; descanso 10 min
== fin · pendientes: 3:2
