== watchdog2 armado sobre /home/maxi/Disco_de_Guardado/Carpetas_Usuario/Documentos/Nuevo Transformer/delta-archivo/micro_lm/rot_ef_s1.log (rotador 1171757)
== rotador2 · familia 'ef' · p_nose 0.4 · mezcla fija · p_vieja 0.35 · unidades 3:1 · cuentas: N I M L A J F E D C K
-- N la esta usando otro proceso, se saltea
-- vuelta 1 · cuenta I · faltan: 3:1 · 09:19:32
   >> OTORGADA en I: [tr2_i_0919] gpu-t4-s-kkb-usw1b1-29duyjjbl4wci | Hardware: T4 | Variant: GPU | Status: IDLE
   -> tramo 3:1 en I (desde el paso 0)
== tramo · cuenta I · sesion tr2_i_0919 · ef3_s1 · +8000 de 20000 pasos · p_nose 0.4 · abst cabeza · mezcla fija · p_vieja 0.35
[colab] Uploaded '/tmp/tmp.XM1yDPhTbe/micro.tgz' to '/content/micro.tgz'
jax 0.7.2 | [CudaDevice(id=0)]
compuerta de padding OK
lanzado pid 2571
== polling cada 2 min (presupuesto ~100 min)
VIVO= True ULTIMO= tramo: se corre hasta el paso 8000 y se guarda para continuar despues 
VIVO= True ULTIMO= ── eval: vigente 0.1035 · anterior 0.0312 · abstencion 0.0020 · truncados 0.0000 · nose 0.0000 (ent 0.0000/rel 0.0000) · falsa_abst 0.0035 
VIVO= True ULTIMO= ── eval: vigente 0.1656 · anterior 0.1868 · abstencion 0.0000 · truncados 0.0000 · nose 0.0000 (ent 0.0000/rel 0.0000) · falsa_abst 0.0000 
   [checkpoint parcial guardado: paso 750]
VIVO= True ULTIMO= ── eval: vigente 0.2546 · anterior 0.3021 · abstencion 0.0000 · truncados 0.0000 · nose 0.0000 (ent 0.0000/rel 0.0000) · falsa_abst 0.0000 
VIVO= True ULTIMO= ── eval: vigente 0.2980 · anterior 0.1776 · abstencion 0.0000 · truncados 0.0000 · nose 0.0000 (ent 0.0000/rel 0.0000) · falsa_abst 0.0000 
VIVO= True ULTIMO= ── eval: vigente 0.3339 · anterior 0.2465 · abstencion 0.0820 · truncados 0.0000 · nose 0.1173 (ent 0.1022/rel 0.1320) · falsa_abst 0.0613 
VIVO= True ULTIMO= ── eval: vigente 0.4338 · anterior 0.4286 · abstencion 0.0195 · truncados 0.0000 · nose 0.0366 (ent 0.0630/rel 0.0218) · falsa_abst 0.0094 
   [checkpoint parcial guardado: paso 1750]
VIVO= True ULTIMO= ── eval: vigente 0.4316 · anterior 0.4958 · abstencion 0.1055 · truncados 0.0000 · nose 0.1270 (ent 0.1507/rel 0.1198) · falsa_abst 0.0933 
VIVO= True ULTIMO= ── eval: vigente 0.3901 · anterior 0.6317 · abstencion 0.3164 · truncados 0.0000 · nose 0.4882 (ent 0.5047/rel 0.4842) · falsa_abst 0.2027 
VIVO= True ULTIMO= ── eval: vigente 0.5006 · anterior 0.5575 · abstencion 0.2520 · truncados 0.0000 · nose 0.4620 (ent 0.4641/rel 0.4616) · falsa_abst 0.1082 
VIVO= True ULTIMO= ── eval: vigente 0.3786 · anterior 0.6870 · abstencion 0.3730 · truncados 0.0000 · nose 0.5771 (ent 0.5304/rel 0.6193) · falsa_abst 0.2309 
   [checkpoint parcial guardado: paso 3000]
VIVO= True ULTIMO= ── eval: vigente 0.5161 · anterior 0.7555 · abstencion 0.2480 · truncados 0.0000 · nose 0.4587 (ent 0.4010/rel 0.5144) · falsa_abst 0.1045 
VIVO= True ULTIMO= ── eval: vigente 0.5688 · anterior 0.7671 · abstencion 0.2168 · truncados 0.0000 · nose 0.4704 (ent 0.4211/rel 0.5144) · falsa_abst 0.0458 
VIVO= True ULTIMO= ── eval: vigente 0.5602 · anterior 0.7733 · abstencion 0.2754 · truncados 0.0000 · nose 0.5557 (ent 0.5078/rel 0.5956) · falsa_abst 0.0853 
VIVO= True ULTIMO= ── eval: vigente 0.5868 · anterior 0.7634 · abstencion 0.2773 · truncados 0.0000 · nose 0.5433 (ent 0.4907/rel 0.5826) · falsa_abst 0.0927 
   [checkpoint parcial guardado: paso 4000]
VIVO= True ULTIMO= ── eval: vigente 0.5842 · anterior 0.7178 · abstencion 0.2793 · truncados 0.0000 · nose 0.5316 (ent 0.4577/rel 0.5866) · falsa_abst 0.1089 
VIVO= True ULTIMO= ── eval: vigente 0.6184 · anterior 0.7634 · abstencion 0.2695 · truncados 0.0000 · nose 0.5317 (ent 0.4312/rel 0.6221) · falsa_abst 0.0902 
VIVO= True ULTIMO= ── eval: vigente 0.6507 · anterior 0.7681 · abstencion 0.2695 · truncados 0.0000 · nose 0.5333 (ent 0.4892/rel 0.5709) · falsa_abst 0.0937 
VIVO= True ULTIMO= ── eval: vigente 0.6534 · anterior 0.7386 · abstencion 0.2832 · truncados 0.0000 · nose 0.5941 (ent 0.5473/rel 0.6323) · falsa_abst 0.0730 
   [checkpoint parcial guardado: paso 5250]
VIVO= True ULTIMO= ── eval: vigente 0.6129 · anterior 0.7552 · abstencion 0.2812 · truncados 0.0000 · nose 0.5477 (ent 0.4784/rel 0.5996) · falsa_abst 0.0990 
VIVO= True ULTIMO= ── eval: vigente 0.6653 · anterior 0.8041 · abstencion 0.2188 · truncados 0.0000 · nose 0.4856 (ent 0.4603/rel 0.5044) · falsa_abst 0.0345 
VIVO= True ULTIMO= ── eval: vigente 0.6727 · anterior 0.8368 · abstencion 0.2363 · truncados 0.0000 · nose 0.5115 (ent 0.4595/rel 0.5574) · falsa_abst 0.0466 
VIVO= True ULTIMO= ── eval: vigente 0.7485 · anterior 0.7200 · abstencion 0.2051 · truncados 0.0000 · nose 0.4863 (ent 0.4499/rel 0.5139) · falsa_abst 0.0130 
   [checkpoint parcial guardado: paso 6250]
VIVO= True ULTIMO= ── eval: vigente 0.7250 · anterior 0.8767 · abstencion 0.2168 · truncados 0.0000 · nose 0.5094 (ent 0.4917/rel 0.5253) · falsa_abst 0.0160 
VIVO= True ULTIMO= ── eval: vigente 0.7622 · anterior 0.7502 · abstencion 0.2168 · truncados 0.0000 · nose 0.5081 (ent 0.4707/rel 0.5401) · falsa_abst 0.0202 
VIVO= True ULTIMO= ── eval: vigente 0.7504 · anterior 0.8328 · abstencion 0.2109 · truncados 0.0000 · nose 0.5069 (ent 0.4565/rel 0.5449) · falsa_abst 0.0101 
VIVO= True ULTIMO= ── eval: vigente 0.7331 · anterior 0.8167 · abstencion 0.2324 · truncados 0.0000 · nose 0.5218 (ent 0.4826/rel 0.5480) · falsa_abst 0.0358 
   [checkpoint parcial guardado: paso 7500]
VIVO= True ULTIMO= ── eval: vigente 0.7647 · anterior 0.8276 · abstencion 0.2031 · truncados 0.0000 · nose 0.4871 (ent 0.4375/rel 0.5262) · falsa_abst 0.0103 

!! sesion perdida — el checkpoint de la PC conserva el ultimo tramo bajado
== fin del tramo (la sesion queda VIVA para el tramo siguiente; pararla con: colab stop -s tr2_i_0919)
   tr2_i_0919 parada; pendientes ahora: 3:1
-- M la esta usando otro proceso, se saltea
-- vuelta 1 · cuenta L · faltan: 3:1 · 10:19:55
   503 en L — SIGUIENTE CUENTA ya (sin esperar)
-- A la esta usando otro proceso, se saltea
-- J la esta usando otro proceso, se saltea
-- F la esta usando otro proceso, se saltea
-- E la esta usando otro proceso, se saltea
-- vuelta 1 · cuenta D · faltan: 3:1 · 10:19:58
   503 en D — SIGUIENTE CUENTA ya (sin esperar)
-- C la esta usando otro proceso, se saltea
-- vuelta 1 · cuenta K · faltan: 3:1 · 10:20:00
   503 en K — SIGUIENTE CUENTA ya (sin esperar)
-- vuelta 1 recorrida entera sin T4 en ninguna; descanso 10 min
-- vuelta 2 · cuenta N · faltan: 3:1 · 10:30:03
   503 en N — SIGUIENTE CUENTA ya (sin esperar)
-- vuelta 2 · cuenta I · faltan: 3:1 · 10:30:06
   503 en I — SIGUIENTE CUENTA ya (sin esperar)
-- vuelta 2 · cuenta M · faltan: 3:1 · 10:30:09
   503 en M — SIGUIENTE CUENTA ya (sin esperar)
-- L la esta usando otro proceso, se saltea
-- A la esta usando otro proceso, se saltea
-- J la esta usando otro proceso, se saltea
-- vuelta 2 · cuenta F · faltan: 3:1 · 10:30:12
   503 en F — SIGUIENTE CUENTA ya (sin esperar)
-- vuelta 2 · cuenta E · faltan: 3:1 · 10:30:15
   503 en E — SIGUIENTE CUENTA ya (sin esperar)
-- vuelta 2 · cuenta D · faltan: 3:1 · 10:30:18
   503 en D — SIGUIENTE CUENTA ya (sin esperar)
-- C la esta usando otro proceso, se saltea
-- vuelta 2 · cuenta K · faltan: 3:1 · 10:30:21
   503 en K — SIGUIENTE CUENTA ya (sin esperar)
-- vuelta 2 recorrida entera sin T4 en ninguna; descanso 10 min
-- vuelta 3 · cuenta N · faltan: 3:1 · 10:40:24
   503 en N — SIGUIENTE CUENTA ya (sin esperar)
-- I la esta usando otro proceso, se saltea
-- M la esta usando otro proceso, se saltea
-- vuelta 3 · cuenta L · faltan: 3:1 · 10:40:27
   503 en L — SIGUIENTE CUENTA ya (sin esperar)
-- A la esta usando otro proceso, se saltea
-- J la esta usando otro proceso, se saltea
-- vuelta 3 · cuenta F · faltan: 3:1 · 10:40:30
   503 en F — SIGUIENTE CUENTA ya (sin esperar)
-- E la esta usando otro proceso, se saltea
-- D la esta usando otro proceso, se saltea
-- C la esta usando otro proceso, se saltea
-- vuelta 3 · cuenta K · faltan: 3:1 · 10:40:33
   503 en K — SIGUIENTE CUENTA ya (sin esperar)
-- vuelta 3 recorrida entera sin T4 en ninguna; descanso 10 min
-- vuelta 4 · cuenta N · faltan: 3:1 · 10:50:36
   503 en N — SIGUIENTE CUENTA ya (sin esperar)
-- I la esta usando otro proceso, se saltea
-- M la esta usando otro proceso, se saltea
-- vuelta 4 · cuenta L · faltan: 3:1 · 10:50:39
   503 en L — SIGUIENTE CUENTA ya (sin esperar)
-- A la esta usando otro proceso, se saltea
-- J la esta usando otro proceso, se saltea
-- vuelta 4 · cuenta F · faltan: 3:1 · 10:50:42
   503 en F — SIGUIENTE CUENTA ya (sin esperar)
-- E la esta usando otro proceso, se saltea
-- vuelta 4 · cuenta D · faltan: 3:1 · 10:50:45
   503 en D — SIGUIENTE CUENTA ya (sin esperar)
-- C la esta usando otro proceso, se saltea
-- vuelta 4 · cuenta K · faltan: 3:1 · 10:50:48
   503 en K — SIGUIENTE CUENTA ya (sin esperar)
-- vuelta 4 recorrida entera sin T4 en ninguna; descanso 10 min
-- vuelta 5 · cuenta N · faltan: 3:1 · 11:00:51
   503 en N — SIGUIENTE CUENTA ya (sin esperar)
-- I la esta usando otro proceso, se saltea
-- M la esta usando otro proceso, se saltea
-- vuelta 5 · cuenta L · faltan: 3:1 · 11:00:54
   503 en L — SIGUIENTE CUENTA ya (sin esperar)
-- A la esta usando otro proceso, se saltea
-- J la esta usando otro proceso, se saltea
-- vuelta 5 · cuenta F · faltan: 3:1 · 11:00:57
   503 en F — SIGUIENTE CUENTA ya (sin esperar)
-- E la esta usando otro proceso, se saltea
-- D la esta usando otro proceso, se saltea
-- C la esta usando otro proceso, se saltea
-- vuelta 5 · cuenta K · faltan: 3:1 · 11:01:00
   503 en K — SIGUIENTE CUENTA ya (sin esperar)
-- vuelta 5 recorrida entera sin T4 en ninguna; descanso 10 min
-- vuelta 6 · cuenta N · faltan: 3:1 · 11:11:03
   503 en N — SIGUIENTE CUENTA ya (sin esperar)
-- I la esta usando otro proceso, se saltea
-- M la esta usando otro proceso, se saltea
-- vuelta 6 · cuenta L · faltan: 3:1 · 11:11:06
   503 en L — SIGUIENTE CUENTA ya (sin esperar)
-- vuelta 6 · cuenta A · faltan: 3:1 · 11:11:09
   503 en A — SIGUIENTE CUENTA ya (sin esperar)
-- vuelta 6 · cuenta J · faltan: 3:1 · 11:11:12
   503 en J — SIGUIENTE CUENTA ya (sin esperar)
-- vuelta 6 · cuenta F · faltan: 3:1 · 11:11:15
   503 en F — SIGUIENTE CUENTA ya (sin esperar)
-- E la esta usando otro proceso, se saltea
-- vuelta 6 · cuenta D · faltan: 3:1 · 11:11:18
   503 en D — SIGUIENTE CUENTA ya (sin esperar)
-- C la esta usando otro proceso, se saltea
-- vuelta 6 · cuenta K · faltan: 3:1 · 11:11:21
   503 en K — SIGUIENTE CUENTA ya (sin esperar)
-- vuelta 6 recorrida entera sin T4 en ninguna; descanso 10 min
