== watchdog2 armado sobre /home/maxi/Documentos/Nuevo Transformer/delta-archivo/micro_lm/rot_bl_c_0829.log (rotador 1502651)
== rotador2 · familia 'bl' · p_nose 0.4 · mezcla fija · piso 0.10 · p_vieja 0.35 · unidades 3:4,3:5 · cuentas: G
-- vuelta 1 · cuenta G · faltan: 3:4 3:5 · 16:38:16
   >> OTORGADA en G (T4): [tr2_g_1638] gpu-t4-s-kkb-usw4a1-2xyim5lbvxl57 | Hardware: T4 | Variant: GPU | Status: IDLE
   -> tramo 3:4 en G (desde el paso 0)
== tramo · cuenta G · sesion tr2_g_1638 · bl3_s4 · +3000 de 3000 pasos · p_nose 0.4 · abst cabeza · donde pre · mezcla fija · piso 0.10 · p_vieja 0.35 · blanco error · perdida balance · sembrar 0
[colab] Uploaded '/tmp/tmp.zAA0qWyaG5/micro.tgz' to '/content/micro.tgz'
== sin checkpoint local: se limpia /content/ck.pkl por si quedo de otra unidad
no habia ck.pkl
jax 0.11.1 | [CudaDevice(id=0)]
compuerta de padding OK
lanzado pid 1097
== polling cada 2 min (presupuesto ~50 min)
VIVO= True ULTIMO= W0829 19:39:16.272566    1117 cuda_timer.cc:88] Delay kernel timed out: measured time has sub-optimal accuracy. There may be a missing warmup execution, please investigate in Nsight Systems. 
VIVO= True ULTIMO= ── eval: vigente 0.0409 · anterior 0.0156 · abstencion 0.6602 · truncados 0.0000 · nose 0.6597 (ent 0.6703/rel 0.6458) · falsa_abst 0.6610 
VIVO= True ULTIMO= ── eval: vigente 0.0284 · anterior 0.0156 · abstencion 0.7070 · truncados 0.0000 · nose 0.7234 (ent 0.7353/rel 0.7206) · falsa_abst 0.6956 
   [checkpoint parcial guardado: paso 500]
VIVO= True ULTIMO= ── eval: vigente 0.0889 · anterior 0.0563 · abstencion 0.5938 · truncados 0.0000 · nose 0.6095 (ent 0.5584/rel 0.6567) · falsa_abst 0.5823 
VIVO= True ULTIMO= ── eval: vigente 0.0567 · anterior 0.0647 · abstencion 0.5723 · truncados 0.0000 · nose 0.5783 (ent 0.5429/rel 0.6055) · falsa_abst 0.5684 
VIVO= True ULTIMO= ── eval: vigente 0.0472 · anterior 0.1054 · abstencion 0.6953 · truncados 0.0000 · nose 0.7254 (ent 0.7291/rel 0.7289) · falsa_abst 0.6748 
VIVO= True ULTIMO= ── eval: vigente 0.0677 · anterior 0.0585 · abstencion 0.6367 · truncados 0.0000 · nose 0.6780 (ent 0.6727/rel 0.6948) · falsa_abst 0.6062 
   [checkpoint parcial guardado: paso 1750]
VIVO= True ULTIMO= ── eval: vigente 0.0499 · anterior 0.0156 · abstencion 0.6211 · truncados 0.0000 · nose 0.6231 (ent 0.6420/rel 0.5969) · falsa_abst 0.6172 
VIVO= True ULTIMO= ── eval: vigente 0.0685 · anterior 0.1125 · abstencion 0.5273 · truncados 0.0000 · nose 0.6137 (ent 0.6467/rel 0.5785) · falsa_abst 0.4720 
VIVO= True ULTIMO= ── eval: vigente 0.0970 · anterior 0.0563 · abstencion 0.5020 · truncados 0.0000 · nose 0.5943 (ent 0.6138/rel 0.5688) · falsa_abst 0.4439 
VIVO= True ULTIMO= ── eval: vigente 0.1118 · anterior 0.1500 · abstencion 0.5059 · truncados 0.0000 · nose 0.5887 (ent 0.6537/rel 0.5324) · falsa_abst 0.4563 
   [checkpoint parcial guardado: paso 2750]
VIVO= True ULTIMO= listo: {'paso': 3000, 'truncados': 0.0, 'p_nose': 0.4, 'mezcla_usada': {'vigente': 0.39, 'anterior': 0.21, 'nose': 0.4}, 'mezcla_promedio': {'vigente': 0.39, 'anterior': 0.21, 'nose': 0.4}, 'p_vieja_tr': 0.35, 'p_nose_tr': 0.4, 'vigente': 0.10768395579976463, 'anterior': 0.0, 'nose': 0.6612424882393628, 'nose_ent': 0.6728535353535354, 'nose_rel': 0.6387265512265512, 'falsa_abst': 0.5573781099695734, 'abstencion': 0.595703125} 
VIVO= True ULTIMO= listo: {'paso': 3000, 'truncados': 0.0, 'p_nose': 0.4, 'mezcla_usada': {'vigente': 0.39, 'anterior': 0.21, 'nose': 0.4}, 'mezcla_promedio': {'vigente': 0.39, 'anterior': 0.21, 'nose': 0.4}, 'p_vieja_tr': 0.35, 'p_nose_tr': 0.4, 'vigente': 0.10768395579976463, 'anterior': 0.0, 'nose': 0.6612424882393628, 'nose_ent': 0.6728535353535354, 'nose_rel': 0.6387265512265512, 'falsa_abst': 0.5573781099695734, 'abstencion': 0.595703125} 
VIVO= True ULTIMO= listo: {'paso': 3000, 'truncados': 0.0, 'p_nose': 0.4, 'mezcla_usada': {'vigente': 0.39, 'anterior': 0.21, 'nose': 0.4}, 'mezcla_promedio': {'vigente': 0.39, 'anterior': 0.21, 'nose': 0.4}, 'p_vieja_tr': 0.35, 'p_nose_tr': 0.4, 'vigente': 0.10768395579976463, 'anterior': 0.0, 'nose': 0.6612424882393628, 'nose_ent': 0.6728535353535354, 'nose_rel': 0.6387265512265512, 'falsa_abst': 0.5573781099695734, 'abstencion': 0.595703125} 
VIVO= True ULTIMO= listo: {'paso': 3000, 'truncados': 0.0, 'p_nose': 0.4, 'mezcla_usada': {'vigente': 0.39, 'anterior': 0.21, 'nose': 0.4}, 'mezcla_promedio': {'vigente': 0.39, 'anterior': 0.21, 'nose': 0.4}, 'p_vieja_tr': 0.35, 'p_nose_tr': 0.4, 'vigente': 0.10768395579976463, 'anterior': 0.0, 'nose': 0.6612424882393628, 'nose_ent': 0.6728535353535354, 'nose_rel': 0.6387265512265512, 'falsa_abst': 0.5573781099695734, 'abstencion': 0.595703125} 
   [checkpoint parcial guardado: paso 3000]
VIVO= True ULTIMO= listo: {'paso': 3000, 'truncados': 0.0, 'p_nose': 0.4, 'mezcla_usada': {'vigente': 0.39, 'anterior': 0.21, 'nose': 0.4}, 'mezcla_promedio': {'vigente': 0.39, 'anterior': 0.21, 'nose': 0.4}, 'p_vieja_tr': 0.35, 'p_nose_tr': 0.4, 'vigente': 0.10768395579976463, 'anterior': 0.0, 'nose': 0.6612424882393628, 'nose_ent': 0.6728535353535354, 'nose_rel': 0.6387265512265512, 'falsa_abst': 0.5573781099695734, 'abstencion': 0.595703125} 
VIVO= True ULTIMO= listo: {'paso': 3000, 'truncados': 0.0, 'p_nose': 0.4, 'mezcla_usada': {'vigente': 0.39, 'anterior': 0.21, 'nose': 0.4}, 'mezcla_promedio': {'vigente': 0.39, 'anterior': 0.21, 'nose': 0.4}, 'p_vieja_tr': 0.35, 'p_nose_tr': 0.4, 'vigente': 0.10768395579976463, 'anterior': 0.0, 'nose': 0.6612424882393628, 'nose_ent': 0.6728535353535354, 'nose_rel': 0.6387265512265512, 'falsa_abst': 0.5573781099695734, 'abstencion': 0.595703125} 
VIVO= True ULTIMO= listo: {'paso': 3000, 'truncados': 0.0, 'p_nose': 0.4, 'mezcla_usada': {'vigente': 0.39, 'anterior': 0.21, 'nose': 0.4}, 'mezcla_promedio': {'vigente': 0.39, 'anterior': 0.21, 'nose': 0.4}, 'p_vieja_tr': 0.35, 'p_nose_tr': 0.4, 'vigente': 0.10768395579976463, 'anterior': 0.0, 'nose': 0.6612424882393628, 'nose_ent': 0.6728535353535354, 'nose_rel': 0.6387265512265512, 'falsa_abst': 0.5573781099695734, 'abstencion': 0.595703125} 
VIVO= True ULTIMO= listo: {'paso': 3000, 'truncados': 0.0, 'p_nose': 0.4, 'mezcla_usada': {'vigente': 0.39, 'anterior': 0.21, 'nose': 0.4}, 'mezcla_promedio': {'vigente': 0.39, 'anterior': 0.21, 'nose': 0.4}, 'p_vieja_tr': 0.35, 'p_nose_tr': 0.4, 'vigente': 0.10768395579976463, 'anterior': 0.0, 'nose': 0.6612424882393628, 'nose_ent': 0.6728535353535354, 'nose_rel': 0.6387265512265512, 'falsa_abst': 0.5573781099695734, 'abstencion': 0.595703125} 
   [checkpoint parcial guardado: paso 3000]
VIVO= True ULTIMO= listo: {'paso': 3000, 'truncados': 0.0, 'p_nose': 0.4, 'mezcla_usada': {'vigente': 0.39, 'anterior': 0.21, 'nose': 0.4}, 'mezcla_promedio': {'vigente': 0.39, 'anterior': 0.21, 'nose': 0.4}, 'p_vieja_tr': 0.35, 'p_nose_tr': 0.4, 'vigente': 0.10768395579976463, 'anterior': 0.0, 'nose': 0.6612424882393628, 'nose_ent': 0.6728535353535354, 'nose_rel': 0.6387265512265512, 'falsa_abst': 0.5573781099695734, 'abstencion': 0.595703125} 
VIVO= True ULTIMO= listo: {'paso': 3000, 'truncados': 0.0, 'p_nose': 0.4, 'mezcla_usada': {'vigente': 0.39, 'anterior': 0.21, 'nose': 0.4}, 'mezcla_promedio': {'vigente': 0.39, 'anterior': 0.21, 'nose': 0.4}, 'p_vieja_tr': 0.35, 'p_nose_tr': 0.4, 'vigente': 0.10768395579976463, 'anterior': 0.0, 'nose': 0.6612424882393628, 'nose_ent': 0.6728535353535354, 'nose_rel': 0.6387265512265512, 'falsa_abst': 0.5573781099695734, 'abstencion': 0.595703125} 
VIVO= True ULTIMO= listo: {'paso': 3000, 'truncados': 0.0, 'p_nose': 0.4, 'mezcla_usada': {'vigente': 0.39, 'anterior': 0.21, 'nose': 0.4}, 'mezcla_promedio': {'vigente': 0.39, 'anterior': 0.21, 'nose': 0.4}, 'p_vieja_tr': 0.35, 'p_nose_tr': 0.4, 'vigente': 0.10768395579976463, 'anterior': 0.0, 'nose': 0.6612424882393628, 'nose_ent': 0.6728535353535354, 'nose_rel': 0.6387265512265512, 'falsa_abst': 0.5573781099695734, 'abstencion': 0.595703125} 
VIVO= True ULTIMO= listo: {'paso': 3000, 'truncados': 0.0, 'p_nose': 0.4, 'mezcla_usada': {'vigente': 0.39, 'anterior': 0.21, 'nose': 0.4}, 'mezcla_promedio': {'vigente': 0.39, 'anterior': 0.21, 'nose': 0.4}, 'p_vieja_tr': 0.35, 'p_nose_tr': 0.4, 'vigente': 0.10768395579976463, 'anterior': 0.0, 'nose': 0.6612424882393628, 'nose_ent': 0.6728535353535354, 'nose_rel': 0.6387265512265512, 'falsa_abst': 0.5573781099695734, 'abstencion': 0.595703125} 
   [checkpoint parcial guardado: paso 3000]
VIVO= True ULTIMO= listo: {'paso': 3000, 'truncados': 0.0, 'p_nose': 0.4, 'mezcla_usada': {'vigente': 0.39, 'anterior': 0.21, 'nose': 0.4}, 'mezcla_promedio': {'vigente': 0.39, 'anterior': 0.21, 'nose': 0.4}, 'p_vieja_tr': 0.35, 'p_nose_tr': 0.4, 'vigente': 0.10768395579976463, 'anterior': 0.0, 'nose': 0.6612424882393628, 'nose_ent': 0.6728535353535354, 'nose_rel': 0.6387265512265512, 'falsa_abst': 0.5573781099695734, 'abstencion': 0.595703125} 
VIVO= True ULTIMO= listo: {'paso': 3000, 'truncados': 0.0, 'p_nose': 0.4, 'mezcla_usada': {'vigente': 0.39, 'anterior': 0.21, 'nose': 0.4}, 'mezcla_promedio': {'vigente': 0.39, 'anterior': 0.21, 'nose': 0.4}, 'p_vieja_tr': 0.35, 'p_nose_tr': 0.4, 'vigente': 0.10768395579976463, 'anterior': 0.0, 'nose': 0.6612424882393628, 'nose_ent': 0.6728535353535354, 'nose_rel': 0.6387265512265512, 'falsa_abst': 0.5573781099695734, 'abstencion': 0.595703125} 
== fin del tramo (la sesion queda VIVA para el tramo siguiente; pararla con: colab stop -s tr2_g_1638)
   tramo de 3:4 cerrado en el paso 3000 de 3000
   -> tramo 3:5 en G (desde el paso 0)
== tramo · cuenta G · sesion tr2_g_1638 · bl3_s5 · +3000 de 3000 pasos · p_nose 0.4 · abst cabeza · donde pre · mezcla fija · piso 0.10 · p_vieja 0.35 · blanco error · perdida balance · sembrar 0
[colab] Uploaded '/tmp/tmp.Uyu8z7B20Y/micro.tgz' to '/content/micro.tgz'
== sin checkpoint local: se limpia /content/ck.pkl por si quedo de otra unidad
ck.pkl de otra unidad borrado
jax 0.11.1 | [CudaDevice(id=0)]
compuerta de padding OK
lanzado pid 14286
== polling cada 2 min (presupuesto ~50 min)
VIVO= True ULTIMO= parametros: 865,651 (3.5 MB en fp32) 
VIVO= True ULTIMO= ── eval: vigente 0.0530 · anterior 0.0563 · abstencion 0.6992 · truncados 0.0000 · nose 0.6666 (ent 0.7030/rel 0.6494) · falsa_abst 0.7253 
VIVO= True ULTIMO= ── eval: vigente 0.0654 · anterior 0.0781 · abstencion 0.4980 · truncados 0.0000 · nose 0.4988 (ent 0.5225/rel 0.4985) · falsa_abst 0.4956 

!! sesion perdida — el checkpoint de la PC conserva el ultimo tramo bajado
== fin del tramo (la sesion queda VIVA para el tramo siguiente; pararla con: colab stop -s tr2_g_1638)
   tramo de 3:5 cerrado en el paso 500 de 3000
   tr2_g_1638 parada; pendientes ahora: 3:5
-- vuelta 1 recorrida entera sin T4 en ninguna; descanso 10 min
-- vuelta 2 · cuenta G · faltan: 3:5 · 17:48:44
   (sin T4 en G, pero SI hubo TPU v5e1)
   >> OTORGADA en G (TPU v5e1): [tr2_g_1748] tpu-v5e1-s-kkb-usw1c1-12k1j61ojxekq | Hardware: V5E1 | Variant: TPU | Status: IDLE
   -> tramo 3:5 en G (desde el paso 500)
== tramo · cuenta G · sesion tr2_g_1748 · bl3_s5 · +3000 de 3000 pasos · p_nose 0.4 · abst cabeza · donde pre · mezcla fija · piso 0.10 · p_vieja 0.35 · blanco error · perdida balance · sembrar 0
[colab] Uploaded '/tmp/tmp.Fzwno3pZLn/micro.tgz' to '/content/micro.tgz'
== sin checkpoint local: se limpia /content/ck.pkl por si quedo de otra unidad
no habia ck.pkl
jax 0.7.2 | [TpuDevice(id=0, process_index=0, coords=(0,0,0), core_on_chip=0)]
compuerta de padding OK
lanzado pid 905
== polling cada 2 min (presupuesto ~50 min)
VIVO= True ULTIMO= ── eval: vigente 0.0539 · anterior 0.0563 · abstencion 0.7773 · truncados 0.0000 · nose 0.8031 (ent 0.8036/rel 0.8065) · falsa_abst 0.7570 
VIVO= True ULTIMO= ── eval: vigente 0.0158 · anterior 0.0250 · abstencion 0.8359 · truncados 0.0000 · nose 0.8592 (ent 0.8804/rel 0.8274) · falsa_abst 0.8216 
VIVO= True ULTIMO= listo: {'paso': 3000, 'truncados': 0.0, 'p_nose': 0.4, 'mezcla_usada': {'vigente': 0.39, 'anterior': 0.21, 'nose': 0.4}, 'mezcla_promedio': {'vigente': 0.39, 'anterior': 0.21, 'nose': 0.4}, 'p_vieja_tr': 0.35, 'p_nose_tr': 0.4, 'vigente': 0.10931344747517882, 'anterior': 0.020833333333333332, 'nose': 0.6722704554094807, 'nose_ent': 0.7022702991452991, 'nose_rel': 0.634014423076923, 'falsa_abst': 0.5101962026705287, 'abstencion': 0.578125} 
   [checkpoint parcial guardado: paso 3000]
VIVO= True ULTIMO= listo: {'paso': 3000, 'truncados': 0.0, 'p_nose': 0.4, 'mezcla_usada': {'vigente': 0.39, 'anterior': 0.21, 'nose': 0.4}, 'mezcla_promedio': {'vigente': 0.39, 'anterior': 0.21, 'nose': 0.4}, 'p_vieja_tr': 0.35, 'p_nose_tr': 0.4, 'vigente': 0.10931344747517882, 'anterior': 0.020833333333333332, 'nose': 0.6722704554094807, 'nose_ent': 0.7022702991452991, 'nose_rel': 0.634014423076923, 'falsa_abst': 0.5101962026705287, 'abstencion': 0.578125} 
VIVO= True ULTIMO= listo: {'paso': 3000, 'truncados': 0.0, 'p_nose': 0.4, 'mezcla_usada': {'vigente': 0.39, 'anterior': 0.21, 'nose': 0.4}, 'mezcla_promedio': {'vigente': 0.39, 'anterior': 0.21, 'nose': 0.4}, 'p_vieja_tr': 0.35, 'p_nose_tr': 0.4, 'vigente': 0.10931344747517882, 'anterior': 0.020833333333333332, 'nose': 0.6722704554094807, 'nose_ent': 0.7022702991452991, 'nose_rel': 0.634014423076923, 'falsa_abst': 0.5101962026705287, 'abstencion': 0.578125} 
VIVO= True ULTIMO= listo: {'paso': 3000, 'truncados': 0.0, 'p_nose': 0.4, 'mezcla_usada': {'vigente': 0.39, 'anterior': 0.21, 'nose': 0.4}, 'mezcla_promedio': {'vigente': 0.39, 'anterior': 0.21, 'nose': 0.4}, 'p_vieja_tr': 0.35, 'p_nose_tr': 0.4, 'vigente': 0.10931344747517882, 'anterior': 0.020833333333333332, 'nose': 0.6722704554094807, 'nose_ent': 0.7022702991452991, 'nose_rel': 0.634014423076923, 'falsa_abst': 0.5101962026705287, 'abstencion': 0.578125} 
VIVO= True ULTIMO= listo: {'paso': 3000, 'truncados': 0.0, 'p_nose': 0.4, 'mezcla_usada': {'vigente': 0.39, 'anterior': 0.21, 'nose': 0.4}, 'mezcla_promedio': {'vigente': 0.39, 'anterior': 0.21, 'nose': 0.4}, 'p_vieja_tr': 0.35, 'p_nose_tr': 0.4, 'vigente': 0.10931344747517882, 'anterior': 0.020833333333333332, 'nose': 0.6722704554094807, 'nose_ent': 0.7022702991452991, 'nose_rel': 0.634014423076923, 'falsa_abst': 0.5101962026705287, 'abstencion': 0.578125} 
   [checkpoint parcial guardado: paso 3000]
VIVO= True ULTIMO= listo: {'paso': 3000, 'truncados': 0.0, 'p_nose': 0.4, 'mezcla_usada': {'vigente': 0.39, 'anterior': 0.21, 'nose': 0.4}, 'mezcla_promedio': {'vigente': 0.39, 'anterior': 0.21, 'nose': 0.4}, 'p_vieja_tr': 0.35, 'p_nose_tr': 0.4, 'vigente': 0.10931344747517882, 'anterior': 0.020833333333333332, 'nose': 0.6722704554094807, 'nose_ent': 0.7022702991452991, 'nose_rel': 0.634014423076923, 'falsa_abst': 0.5101962026705287, 'abstencion': 0.578125} 
VIVO= True ULTIMO= listo: {'paso': 3000, 'truncados': 0.0, 'p_nose': 0.4, 'mezcla_usada': {'vigente': 0.39, 'anterior': 0.21, 'nose': 0.4}, 'mezcla_promedio': {'vigente': 0.39, 'anterior': 0.21, 'nose': 0.4}, 'p_vieja_tr': 0.35, 'p_nose_tr': 0.4, 'vigente': 0.10931344747517882, 'anterior': 0.020833333333333332, 'nose': 0.6722704554094807, 'nose_ent': 0.7022702991452991, 'nose_rel': 0.634014423076923, 'falsa_abst': 0.5101962026705287, 'abstencion': 0.578125} 
VIVO= True ULTIMO= listo: {'paso': 3000, 'truncados': 0.0, 'p_nose': 0.4, 'mezcla_usada': {'vigente': 0.39, 'anterior': 0.21, 'nose': 0.4}, 'mezcla_promedio': {'vigente': 0.39, 'anterior': 0.21, 'nose': 0.4}, 'p_vieja_tr': 0.35, 'p_nose_tr': 0.4, 'vigente': 0.10931344747517882, 'anterior': 0.020833333333333332, 'nose': 0.6722704554094807, 'nose_ent': 0.7022702991452991, 'nose_rel': 0.634014423076923, 'falsa_abst': 0.5101962026705287, 'abstencion': 0.578125} 
VIVO= True ULTIMO= listo: {'paso': 3000, 'truncados': 0.0, 'p_nose': 0.4, 'mezcla_usada': {'vigente': 0.39, 'anterior': 0.21, 'nose': 0.4}, 'mezcla_promedio': {'vigente': 0.39, 'anterior': 0.21, 'nose': 0.4}, 'p_vieja_tr': 0.35, 'p_nose_tr': 0.4, 'vigente': 0.10931344747517882, 'anterior': 0.020833333333333332, 'nose': 0.6722704554094807, 'nose_ent': 0.7022702991452991, 'nose_rel': 0.634014423076923, 'falsa_abst': 0.5101962026705287, 'abstencion': 0.578125} 
   [checkpoint parcial guardado: paso 3000]
VIVO= True ULTIMO= listo: {'paso': 3000, 'truncados': 0.0, 'p_nose': 0.4, 'mezcla_usada': {'vigente': 0.39, 'anterior': 0.21, 'nose': 0.4}, 'mezcla_promedio': {'vigente': 0.39, 'anterior': 0.21, 'nose': 0.4}, 'p_vieja_tr': 0.35, 'p_nose_tr': 0.4, 'vigente': 0.10931344747517882, 'anterior': 0.020833333333333332, 'nose': 0.6722704554094807, 'nose_ent': 0.7022702991452991, 'nose_rel': 0.634014423076923, 'falsa_abst': 0.5101962026705287, 'abstencion': 0.578125} 
VIVO= True ULTIMO= listo: {'paso': 3000, 'truncados': 0.0, 'p_nose': 0.4, 'mezcla_usada': {'vigente': 0.39, 'anterior': 0.21, 'nose': 0.4}, 'mezcla_promedio': {'vigente': 0.39, 'anterior': 0.21, 'nose': 0.4}, 'p_vieja_tr': 0.35, 'p_nose_tr': 0.4, 'vigente': 0.10931344747517882, 'anterior': 0.020833333333333332, 'nose': 0.6722704554094807, 'nose_ent': 0.7022702991452991, 'nose_rel': 0.634014423076923, 'falsa_abst': 0.5101962026705287, 'abstencion': 0.578125} 
VIVO= True ULTIMO= listo: {'paso': 3000, 'truncados': 0.0, 'p_nose': 0.4, 'mezcla_usada': {'vigente': 0.39, 'anterior': 0.21, 'nose': 0.4}, 'mezcla_promedio': {'vigente': 0.39, 'anterior': 0.21, 'nose': 0.4}, 'p_vieja_tr': 0.35, 'p_nose_tr': 0.4, 'vigente': 0.10931344747517882, 'anterior': 0.020833333333333332, 'nose': 0.6722704554094807, 'nose_ent': 0.7022702991452991, 'nose_rel': 0.634014423076923, 'falsa_abst': 0.5101962026705287, 'abstencion': 0.578125} 
VIVO= True ULTIMO= listo: {'paso': 3000, 'truncados': 0.0, 'p_nose': 0.4, 'mezcla_usada': {'vigente': 0.39, 'anterior': 0.21, 'nose': 0.4}, 'mezcla_promedio': {'vigente': 0.39, 'anterior': 0.21, 'nose': 0.4}, 'p_vieja_tr': 0.35, 'p_nose_tr': 0.4, 'vigente': 0.10931344747517882, 'anterior': 0.020833333333333332, 'nose': 0.6722704554094807, 'nose_ent': 0.7022702991452991, 'nose_rel': 0.634014423076923, 'falsa_abst': 0.5101962026705287, 'abstencion': 0.578125} 
   [checkpoint parcial guardado: paso 3000]
VIVO= True ULTIMO= listo: {'paso': 3000, 'truncados': 0.0, 'p_nose': 0.4, 'mezcla_usada': {'vigente': 0.39, 'anterior': 0.21, 'nose': 0.4}, 'mezcla_promedio': {'vigente': 0.39, 'anterior': 0.21, 'nose': 0.4}, 'p_vieja_tr': 0.35, 'p_nose_tr': 0.4, 'vigente': 0.10931344747517882, 'anterior': 0.020833333333333332, 'nose': 0.6722704554094807, 'nose_ent': 0.7022702991452991, 'nose_rel': 0.634014423076923, 'falsa_abst': 0.5101962026705287, 'abstencion': 0.578125} 
VIVO= True ULTIMO= listo: {'paso': 3000, 'truncados': 0.0, 'p_nose': 0.4, 'mezcla_usada': {'vigente': 0.39, 'anterior': 0.21, 'nose': 0.4}, 'mezcla_promedio': {'vigente': 0.39, 'anterior': 0.21, 'nose': 0.4}, 'p_vieja_tr': 0.35, 'p_nose_tr': 0.4, 'vigente': 0.10931344747517882, 'anterior': 0.020833333333333332, 'nose': 0.6722704554094807, 'nose_ent': 0.7022702991452991, 'nose_rel': 0.634014423076923, 'falsa_abst': 0.5101962026705287, 'abstencion': 0.578125} 
VIVO= True ULTIMO= listo: {'paso': 3000, 'truncados': 0.0, 'p_nose': 0.4, 'mezcla_usada': {'vigente': 0.39, 'anterior': 0.21, 'nose': 0.4}, 'mezcla_promedio': {'vigente': 0.39, 'anterior': 0.21, 'nose': 0.4}, 'p_vieja_tr': 0.35, 'p_nose_tr': 0.4, 'vigente': 0.10931344747517882, 'anterior': 0.020833333333333332, 'nose': 0.6722704554094807, 'nose_ent': 0.7022702991452991, 'nose_rel': 0.634014423076923, 'falsa_abst': 0.5101962026705287, 'abstencion': 0.578125} 
VIVO= True ULTIMO= listo: {'paso': 3000, 'truncados': 0.0, 'p_nose': 0.4, 'mezcla_usada': {'vigente': 0.39, 'anterior': 0.21, 'nose': 0.4}, 'mezcla_promedio': {'vigente': 0.39, 'anterior': 0.21, 'nose': 0.4}, 'p_vieja_tr': 0.35, 'p_nose_tr': 0.4, 'vigente': 0.10931344747517882, 'anterior': 0.020833333333333332, 'nose': 0.6722704554094807, 'nose_ent': 0.7022702991452991, 'nose_rel': 0.634014423076923, 'falsa_abst': 0.5101962026705287, 'abstencion': 0.578125} 
   [checkpoint parcial guardado: paso 3000]
VIVO= True ULTIMO= listo: {'paso': 3000, 'truncados': 0.0, 'p_nose': 0.4, 'mezcla_usada': {'vigente': 0.39, 'anterior': 0.21, 'nose': 0.4}, 'mezcla_promedio': {'vigente': 0.39, 'anterior': 0.21, 'nose': 0.4}, 'p_vieja_tr': 0.35, 'p_nose_tr': 0.4, 'vigente': 0.10931344747517882, 'anterior': 0.020833333333333332, 'nose': 0.6722704554094807, 'nose_ent': 0.7022702991452991, 'nose_rel': 0.634014423076923, 'falsa_abst': 0.5101962026705287, 'abstencion': 0.578125} 
VIVO= True ULTIMO= listo: {'paso': 3000, 'truncados': 0.0, 'p_nose': 0.4, 'mezcla_usada': {'vigente': 0.39, 'anterior': 0.21, 'nose': 0.4}, 'mezcla_promedio': {'vigente': 0.39, 'anterior': 0.21, 'nose': 0.4}, 'p_vieja_tr': 0.35, 'p_nose_tr': 0.4, 'vigente': 0.10931344747517882, 'anterior': 0.020833333333333332, 'nose': 0.6722704554094807, 'nose_ent': 0.7022702991452991, 'nose_rel': 0.634014423076923, 'falsa_abst': 0.5101962026705287, 'abstencion': 0.578125} 
VIVO= True ULTIMO= listo: {'paso': 3000, 'truncados': 0.0, 'p_nose': 0.4, 'mezcla_usada': {'vigente': 0.39, 'anterior': 0.21, 'nose': 0.4}, 'mezcla_promedio': {'vigente': 0.39, 'anterior': 0.21, 'nose': 0.4}, 'p_vieja_tr': 0.35, 'p_nose_tr': 0.4, 'vigente': 0.10931344747517882, 'anterior': 0.020833333333333332, 'nose': 0.6722704554094807, 'nose_ent': 0.7022702991452991, 'nose_rel': 0.634014423076923, 'falsa_abst': 0.5101962026705287, 'abstencion': 0.578125} 
VIVO= True ULTIMO= listo: {'paso': 3000, 'truncados': 0.0, 'p_nose': 0.4, 'mezcla_usada': {'vigente': 0.39, 'anterior': 0.21, 'nose': 0.4}, 'mezcla_promedio': {'vigente': 0.39, 'anterior': 0.21, 'nose': 0.4}, 'p_vieja_tr': 0.35, 'p_nose_tr': 0.4, 'vigente': 0.10931344747517882, 'anterior': 0.020833333333333332, 'nose': 0.6722704554094807, 'nose_ent': 0.7022702991452991, 'nose_rel': 0.634014423076923, 'falsa_abst': 0.5101962026705287, 'abstencion': 0.578125} 
   [checkpoint parcial guardado: paso 3000]
VIVO= True ULTIMO= listo: {'paso': 3000, 'truncados': 0.0, 'p_nose': 0.4, 'mezcla_usada': {'vigente': 0.39, 'anterior': 0.21, 'nose': 0.4}, 'mezcla_promedio': {'vigente': 0.39, 'anterior': 0.21, 'nose': 0.4}, 'p_vieja_tr': 0.35, 'p_nose_tr': 0.4, 'vigente': 0.10931344747517882, 'anterior': 0.020833333333333332, 'nose': 0.6722704554094807, 'nose_ent': 0.7022702991452991, 'nose_rel': 0.634014423076923, 'falsa_abst': 0.5101962026705287, 'abstencion': 0.578125} 
VIVO= True ULTIMO= listo: {'paso': 3000, 'truncados': 0.0, 'p_nose': 0.4, 'mezcla_usada': {'vigente': 0.39, 'anterior': 0.21, 'nose': 0.4}, 'mezcla_promedio': {'vigente': 0.39, 'anterior': 0.21, 'nose': 0.4}, 'p_vieja_tr': 0.35, 'p_nose_tr': 0.4, 'vigente': 0.10931344747517882, 'anterior': 0.020833333333333332, 'nose': 0.6722704554094807, 'nose_ent': 0.7022702991452991, 'nose_rel': 0.634014423076923, 'falsa_abst': 0.5101962026705287, 'abstencion': 0.578125} 
== fin del tramo (la sesion queda VIVA para el tramo siguiente; pararla con: colab stop -s tr2_g_1748)
   tramo de 3:5 cerrado en el paso 3000 de 3000
   tr2_g_1748 parada; pendientes ahora: 
-- vuelta 2 recorrida entera sin T4 en ninguna; descanso 10 min
== todo completo
