== watchdog2 armado sobre /home/maxi/Disco_de_Guardado/Carpetas_Usuario/Documentos/Nuevo Transformer/delta-archivo/micro_lm/rot_cl_0902.log (rotador 2055935)
== rotador2 · familia 'cl' · p_nose 0.4 · mezcla fija · piso 0.10 · p_vieja 0.35 · unidades 3:0,3:1,3:2 · cuentas: N M L K O C G I F J D E H
-- vuelta 1 · cuenta N · faltan: 3:0 3:1 3:2 · 11:31:29
   >> OTORGADA en N (T4): [tr2_n_1131] gpu-t4-s-kkb-usw4a0-pr6nq4t05f0a | Hardware: T4 | Variant: GPU | Status: IDLE
   -> tramo 3:0 en N (desde el paso 0)
== tramo · cuenta N · sesion tr2_n_1131 · cl3_s0 · +6500 de 26000 pasos · p_nose 0.4 · abst cabeza · donde lat2 · mezcla fija · piso 0.10 · p_vieja 0.35 · blanco ausencia · kq 3 · formas directa,lejana · perdida bce · sembrar 0 · rec L=0.5 M=0.5 F=0.2 CE=1.0 RANK=0.0
[colab] Uploaded '/tmp/tmp.YZynyaoZVn/micro.tgz' to '/content/micro.tgz'
== sin checkpoint local: se limpia /content/ck.pkl por si quedo de otra unidad
no habia ck.pkl
jax 0.11.1 | [CudaDevice(id=0)]
compuerta de padding OK
lanzado pid 3793
== polling cada 2 min (presupuesto ~80 min)
VIVO= True ULTIMO= tramo: se corre hasta el paso 6500 y se guarda para continuar despues 
VIVO= True ULTIMO= tramo: se corre hasta el paso 6500 y se guarda para continuar despues 
VIVO= True ULTIMO= ── eval: vigente 0.1043 · anterior 0.0708 · abstencion 0.0000 · truncados 0.0000 · nose 0.0000 (ent 0.0000/rel 0.0000) · falsa_abst 0.0000 
   [checkpoint parcial guardado: paso 500]
VIVO= True ULTIMO= ── eval: vigente 0.1380 · anterior 0.1639 · abstencion 0.0000 · truncados 0.0000 · nose 0.0000 (ent 0.0000/rel 0.0000) · falsa_abst 0.0000 
VIVO= True ULTIMO= ── eval: vigente 0.1380 · anterior 0.1639 · abstencion 0.0000 · truncados 0.0000 · nose 0.0000 (ent 0.0000/rel 0.0000) · falsa_abst 0.0000 
VIVO= True ULTIMO= ── eval: vigente 0.3048 · anterior 0.1972 · abstencion 0.0000 · truncados 0.0000 · nose 0.0000 (ent 0.0000/rel 0.0000) · falsa_abst 0.0000 
VIVO= True ULTIMO= ── eval: vigente 0.3048 · anterior 0.1972 · abstencion 0.0000 · truncados 0.0000 · nose 0.0000 (ent 0.0000/rel 0.0000) · falsa_abst 0.0000 
   [checkpoint parcial guardado: paso 1500]
VIVO= True ULTIMO= ── eval: vigente 0.7284 · anterior 0.2542 · abstencion 0.0938 · truncados 0.0000 · nose 0.1850 (ent 0.2060/rel 0.1712) · falsa_abst 0.0341 
VIVO= True ULTIMO= ── eval: vigente 0.7284 · anterior 0.2542 · abstencion 0.0938 · truncados 0.0000 · nose 0.1850 (ent 0.2060/rel 0.1712) · falsa_abst 0.0341 
VIVO= True ULTIMO= ── eval: vigente 0.7773 · anterior 0.3319 · abstencion 0.2461 · truncados 0.0000 · nose 0.5485 (ent 0.5795/rel 0.5243) · falsa_abst 0.0436 
VIVO= True ULTIMO= ── eval: vigente 0.7773 · anterior 0.3319 · abstencion 0.2461 · truncados 0.0000 · nose 0.5485 (ent 0.5795/rel 0.5243) · falsa_abst 0.0436 
   [checkpoint parcial guardado: paso 2500]
VIVO= True ULTIMO= ── eval: vigente 0.8628 · anterior 0.2347 · abstencion 0.2207 · truncados 0.0000 · nose 0.5213 (ent 0.5146/rel 0.5282) · falsa_abst 0.0164 
VIVO= True ULTIMO= ── eval: vigente 0.8628 · anterior 0.2347 · abstencion 0.2207 · truncados 0.0000 · nose 0.5213 (ent 0.5146/rel 0.5282) · falsa_abst 0.0164 
VIVO= True ULTIMO= ── eval: vigente 0.8252 · anterior 0.3472 · abstencion 0.2598 · truncados 0.0000 · nose 0.5788 (ent 0.6161/rel 0.5439) · falsa_abst 0.0453 
VIVO= True ULTIMO= ── eval: vigente 0.8645 · anterior 0.0000 · abstencion 0.2539 · truncados 0.0000 · nose 0.5662 (ent 0.6104/rel 0.5367) · falsa_abst 0.0442 
   [checkpoint parcial guardado: paso 4000]
VIVO= True ULTIMO= ── eval: vigente 0.8645 · anterior 0.0000 · abstencion 0.2539 · truncados 0.0000 · nose 0.5662 (ent 0.6104/rel 0.5367) · falsa_abst 0.0442 
VIVO= True ULTIMO= ── eval: vigente 0.8355 · anterior 0.3514 · abstencion 0.2832 · truncados 0.0000 · nose 0.6220 (ent 0.6807/rel 0.5779) · falsa_abst 0.0539 
VIVO= True ULTIMO= ── eval: vigente 0.8355 · anterior 0.3514 · abstencion 0.2832 · truncados 0.0000 · nose 0.6220 (ent 0.6807/rel 0.5779) · falsa_abst 0.0539 
VIVO= True ULTIMO= ── eval: vigente 0.8805 · anterior 0.2403 · abstencion 0.2441 · truncados 0.0000 · nose 0.5557 (ent 0.6082/rel 0.5095) · falsa_abst 0.0294 
   [checkpoint parcial guardado: paso 5000]
VIVO= True ULTIMO= ── eval: vigente 0.8805 · anterior 0.2403 · abstencion 0.2441 · truncados 0.0000 · nose 0.5557 (ent 0.6082/rel 0.5095) · falsa_abst 0.0294 
VIVO= True ULTIMO= ── eval: vigente 0.7896 · anterior 0.3208 · abstencion 0.2812 · truncados 0.0000 · nose 0.6092 (ent 0.6603/rel 0.5670) · falsa_abst 0.0582 
VIVO= True ULTIMO= ── eval: vigente 0.7896 · anterior 0.3208 · abstencion 0.2812 · truncados 0.0000 · nose 0.6092 (ent 0.6603/rel 0.5670) · falsa_abst 0.0582 
VIVO= True ULTIMO= ── eval: vigente 0.8767 · anterior 0.5319 · abstencion 0.2520 · truncados 0.0000 · nose 0.5728 (ent 0.6154/rel 0.5480) · falsa_abst 0.0351 
   [checkpoint parcial guardado: paso 6000]
VIVO= False ULTIMO= listo: {'paso': 6500, 'truncados': 0.0, 'p_nose': 0.4, 'mezcla_usada': {'vigente': 0.39, 'anterior': 0.21, 'nose': 0.4}, 'mezcla_promedio': {'vigente': 0.39, 'anterior': 0.21, 'nose': 0.4}, 'p_vieja_tr': 0.35, 'p_nose_tr': 0.4, 'vigente': 0.956498701834921, 'anterior': 0.5458333333333333, 'nose': 0.5927263171023782, 'nose_ent': 0.6373667998667998, 'nose_rel': 0.5435506588999237, 'falsa_abst': 0.020111457611457613, 'abstencion': 0.251953125, 'por_forma': {'directa': {'vigente': 0.9357988851748527, 'anterior': 0.71875, 'nose': 0.5512536075036075, 'nose_ent': 0.5952380952380952, 'nose_rel': 0.5023809523809524, 'falsa_abst': 0.02790032679738562, 'abstencion': 0.22596800678002013}, 'lejana': {'vigente': nan, 'anterior': nan, 'nose': nan, 'nose_ent': nan, 'nose_rel': nan, 'falsa_abst': nan, 'abstencion': nan}}} 
== tramo terminado
== bajando checkpoint
   checkpoint en /home/maxi/Documentos/Nuevo Transformer/delta-archivo/micro_lm/ckpts/cl3_s0.pkl (10M)
   ultimo paso registrado: "paso": 6500
== fin del tramo (la sesion queda VIVA para el tramo siguiente; pararla con: colab stop -s tr2_n_1131)
   tramo de 3:0 cerrado en el paso 6500 de 26000
   -> tramo 3:1 en N (desde el paso 0)
== tramo · cuenta N · sesion tr2_n_1131 · cl3_s1 · +6500 de 26000 pasos · p_nose 0.4 · abst cabeza · donde lat2 · mezcla fija · piso 0.10 · p_vieja 0.35 · blanco ausencia · kq 3 · formas directa,lejana · perdida bce · sembrar 0 · rec L=0.5 M=0.5 F=0.2 CE=1.0 RANK=0.0
[colab] Uploaded '/tmp/tmp.V46bqyNj7t/micro.tgz' to '/content/micro.tgz'
== sin checkpoint local: se limpia /content/ck.pkl por si quedo de otra unidad
ck.pkl de otra unidad borrado
jax 0.11.1 | [CudaDevice(id=0)]
compuerta de padding OK
lanzado pid 16758
== polling cada 2 min (presupuesto ~80 min)
VIVO= True ULTIMO= tramo: se corre hasta el paso 6500 y se guarda para continuar despues 
VIVO= True ULTIMO= ── eval: vigente 0.0866 · anterior 0.0815 · abstencion 0.0000 · truncados 0.0000 · nose 0.0000 (ent 0.0000/rel 0.0000) · falsa_abst 0.0000 
VIVO= True ULTIMO= ── eval: vigente 0.0866 · anterior 0.0815 · abstencion 0.0000 · truncados 0.0000 · nose 0.0000 (ent 0.0000/rel 0.0000) · falsa_abst 0.0000 
   [checkpoint parcial guardado: paso 500]
VIVO= True ULTIMO= ── eval: vigente 0.2018 · anterior 0.1567 · abstencion 0.0020 · truncados 0.0000 · nose 0.0000 (ent 0.0000/rel 0.0000) · falsa_abst 0.0030 

!! sesion perdida — el checkpoint de la PC conserva el ultimo tramo bajado
== fin del tramo (la sesion queda VIVA para el tramo siguiente; pararla con: colab stop -s tr2_n_1131)
   tramo de 3:1 cerrado en el paso 1000 de 26000
   -> tramo 3:2 en N (desde el paso 0)
== tramo · cuenta N · sesion tr2_n_1131 · cl3_s2 · +6500 de 26000 pasos · p_nose 0.4 · abst cabeza · donde lat2 · mezcla fija · piso 0.10 · p_vieja 0.35 · blanco ausencia · kq 3 · formas directa,lejana · perdida bce · sembrar 0 · rec L=0.5 M=0.5 F=0.2 CE=1.0 RANK=0.0
[colab] Session 'tr2_n_1131' not found.
   tramo de 3:2 cerrado en el paso 0 de 26000
   tr2_n_1131 parada; pendientes ahora: 3:0 3:1 3:2
-- M la esta usando otro proceso, se saltea
-- vuelta 1 · cuenta L · faltan: 3:0 3:1 3:2 · 12:33:21
   503 en L (ni T4 ni TPU) — SIGUIENTE CUENTA ya (sin esperar)
-- vuelta 1 · cuenta K · faltan: 3:0 3:1 3:2 · 12:33:31
   >> OTORGADA en K (T4): [tr2_k_1233] gpu-t4-s-kkb-ass1c2-fljzwnw72ryy | Hardware: T4 | Variant: GPU | Status: IDLE
   -> tramo 3:0 en K (desde el paso 6500)
== tramo · cuenta K · sesion tr2_k_1233 · cl3_s0 · +6500 de 26000 pasos · p_nose 0.4 · abst cabeza · donde lat2 · mezcla fija · piso 0.10 · p_vieja 0.35 · blanco ausencia · kq 3 · formas directa,lejana · perdida bce · sembrar 0 · rec L=0.5 M=0.5 F=0.2 CE=1.0 RANK=0.0
[colab] Uploaded '/tmp/tmp.hoVok12LWC/micro.tgz' to '/content/micro.tgz'
== subiendo checkpoint previo (10M)
[colab] Uploaded '/home/maxi/Documentos/Nuevo Transformer/delta-archivo/micro_lm/ckpts/cl3_s0.pkl' to '/content/ck.pkl'
jax 0.11.1 | [CudaDevice(id=0)]
compuerta de padding OK
lanzado pid 1262
== polling cada 2 min (presupuesto ~80 min)
VIVO= True ULTIMO= tramo: se corre hasta el paso 13000 y se guarda para continuar despues 

VIVO= True ULTIMO= ── eval: vigente 0.9424 · anterior 0.8736 · abstencion 0.2500 · truncados 0.0000 · nose 0.6032 (ent 0.7097/rel 0.5169) · falsa_abst 0.0100 
   [checkpoint parcial guardado: paso 7500]
VIVO= True ULTIMO= ── eval: vigente 0.9609 · anterior 0.8319 · abstencion 0.2793 · truncados 0.0000 · nose 0.6459 (ent 0.7622/rel 0.5440) · falsa_abst 0.0297 
VIVO= True ULTIMO= ── eval: vigente 0.9609 · anterior 0.8319 · abstencion 0.2793 · truncados 0.0000 · nose 0.6459 (ent 0.7622/rel 0.5440) · falsa_abst 0.0297 
VIVO= True ULTIMO= ── eval: vigente 0.9332 · anterior 1.0000 · abstencion 0.3086 · truncados 0.0000 · nose 0.7036 (ent 0.8871/rel 0.5529) · falsa_abst 0.0399 
VIVO= True ULTIMO= ── eval: vigente 0.9332 · anterior 1.0000 · abstencion 0.3086 · truncados 0.0000 · nose 0.7036 (ent 0.8871/rel 0.5529) · falsa_abst 0.0399 
   [checkpoint parcial guardado: paso 8500]
VIVO= True ULTIMO= ── eval: vigente 0.9954 · anterior 0.9653 · abstencion 0.2734 · truncados 0.0000 · nose 0.6690 (ent 0.8220/rel 0.5440) · falsa_abst 0.0038 
VIVO= True ULTIMO= ── eval: vigente 0.9954 · anterior 0.9653 · abstencion 0.2734 · truncados 0.0000 · nose 0.6690 (ent 0.8220/rel 0.5440) · falsa_abst 0.0038 
VIVO= True ULTIMO= ── eval: vigente 0.9924 · anterior 0.9792 · abstencion 0.2773 · truncados 0.0000 · nose 0.6796 (ent 0.8483/rel 0.5440) · falsa_abst 0.0035 
VIVO= True ULTIMO= ── eval: vigente 0.9707 · anterior 1.0000 · abstencion 0.3008 · truncados 0.0000 · nose 0.7124 (ent 0.9182/rel 0.5440) · falsa_abst 0.0212 
   [checkpoint parcial guardado: paso 10000]
VIVO= True ULTIMO= ── eval: vigente 0.9707 · anterior 1.0000 · abstencion 0.3008 · truncados 0.0000 · nose 0.7124 (ent 0.9182/rel 0.5440) · falsa_abst 0.0212 
VIVO= True ULTIMO= ── eval: vigente 0.9685 · anterior 1.0000 · abstencion 0.2949 · truncados 0.0000 · nose 0.6937 (ent 0.8692/rel 0.5514) · falsa_abst 0.0228 

VIVO= True ULTIMO= ── eval: vigente 0.9929 · anterior 0.9792 · abstencion 0.2910 · truncados 0.0000 · nose 0.7101 (ent 0.9129/rel 0.5440) · falsa_abst 0.0060 
   [checkpoint parcial guardado: paso 11500]
VIVO= True ULTIMO= ── eval: vigente 0.9929 · anterior 0.9792 · abstencion 0.2910 · truncados 0.0000 · nose 0.7101 (ent 0.9129/rel 0.5440) · falsa_abst 0.0060 
VIVO= True ULTIMO= ── eval: vigente 0.9915 · anterior 1.0000 · abstencion 0.2910 · truncados 0.0000 · nose 0.7074 (ent 0.9015/rel 0.5440) · falsa_abst 0.0072 
VIVO= True ULTIMO= ── eval: vigente 0.9880 · anterior 1.0000 · abstencion 0.3027 · truncados 0.0000 · nose 0.7311 (ent 0.9510/rel 0.5544) · falsa_abst 0.0102 
VIVO= True ULTIMO= ── eval: vigente 0.9880 · anterior 1.0000 · abstencion 0.3027 · truncados 0.0000 · nose 0.7311 (ent 0.9510/rel 0.5544) · falsa_abst 0.0102 
   [checkpoint parcial guardado: paso 12500]
VIVO= False ULTIMO= listo: {'paso': 13000, 'truncados': 0.0, 'p_nose': 0.4, 'mezcla_usada': {'vigente': 0.39, 'anterior': 0.21, 'nose': 0.4}, 'mezcla_promedio': {'vigente': 0.39, 'anterior': 0.21, 'nose': 0.4}, 'p_vieja_tr': 0.35, 'p_nose_tr': 0.4, 'vigente': 0.9919270833333333, 'anterior': 1.0, 'nose': 0.7130427409162553, 'nose_ent': 0.9212121212121211, 'nose_rel': 0.544010217723453, 'falsa_abst': 0.006850600600600601, 'abstencion': 0.29296875, 'por_forma': {'directa': {'vigente': 0.9921875, 'anterior': 1.0, 'nose': 0.687274531024531, 'nose_ent': 0.9226190476190477, 'nose_rel': 0.5023809523809524, 'falsa_abst': 0.007352941176470588, 'abstencion': 0.26455287621166373}, 'lejana': {'vigente': nan, 'anterior': nan, 'nose': nan, 'nose_ent': nan, 'nose_rel': nan, 'falsa_abst': nan, 'abstencion': nan}}} 
== tramo terminado
== bajando checkpoint
   checkpoint en /home/maxi/Documentos/Nuevo Transformer/delta-archivo/micro_lm/ckpts/cl3_s0.pkl (10M)
   ultimo paso registrado: "paso": 13000
== fin del tramo (la sesion queda VIVA para el tramo siguiente; pararla con: colab stop -s tr2_k_1233)
   tramo de 3:0 cerrado en el paso 13000 de 26000
   -> tramo 3:1 en K (desde el paso 1000)
== tramo · cuenta K · sesion tr2_k_1233 · cl3_s1 · +6500 de 26000 pasos · p_nose 0.4 · abst cabeza · donde lat2 · mezcla fija · piso 0.10 · p_vieja 0.35 · blanco ausencia · kq 3 · formas directa,lejana · perdida bce · sembrar 0 · rec L=0.5 M=0.5 F=0.2 CE=1.0 RANK=0.0
[colab] Uploaded '/tmp/tmp.SYwsLqKnrY/micro.tgz' to '/content/micro.tgz'
== subiendo checkpoint previo (10M)
[colab] Uploaded '/home/maxi/Documentos/Nuevo Transformer/delta-archivo/micro_lm/ckpts/cl3_s1.pkl' to '/content/ck.pkl'
jax 0.11.1 | [CudaDevice(id=0)]
compuerta de padding OK
lanzado pid 14374
== polling cada 2 min (presupuesto ~80 min)
VIVO= True ULTIMO= tramo: se corre hasta el paso 7500 y se guarda para continuar despues 
VIVO= True ULTIMO= paso   1500  loss 2.1013  acc 0.3594  (243s) 
VIVO= True ULTIMO= ── eval: vigente 0.6280 · anterior 0.1762 · abstencion 0.0176 · truncados 0.0000 · nose 0.0263 (ent 0.0385/rel 0.0078) · falsa_abst 0.0144 

!! sesion perdida — el checkpoint de la PC conserva el ultimo tramo bajado
== fin del tramo (la sesion queda VIVA para el tramo siguiente; pararla con: colab stop -s tr2_k_1233)
   tramo de 3:1 cerrado en el paso 1500 de 26000
   -> tramo 3:2 en K (desde el paso 0)
== tramo · cuenta K · sesion tr2_k_1233 · cl3_s2 · +6500 de 26000 pasos · p_nose 0.4 · abst cabeza · donde lat2 · mezcla fija · piso 0.10 · p_vieja 0.35 · blanco ausencia · kq 3 · formas directa,lejana · perdida bce · sembrar 0 · rec L=0.5 M=0.5 F=0.2 CE=1.0 RANK=0.0
[colab] Session 'tr2_k_1233' not found.
   tramo de 3:2 cerrado en el paso 0 de 26000
   tr2_k_1233 parada; pendientes ahora: 3:0 3:1 3:2
-- O la esta usando otro proceso, se saltea
-- C la esta usando otro proceso, se saltea
-- vuelta 1 · cuenta G · faltan: 3:0 3:1 3:2 · 13:35:07
   >> OTORGADA en G (T4): [tr2_g_1335] gpu-t4-s-kkb-usw4b2-2ucedd3ve1p1y | Hardware: T4 | Variant: GPU | Status: IDLE
   -> tramo 3:0 en G (desde el paso 13000)
== tramo · cuenta G · sesion tr2_g_1335 · cl3_s0 · +6500 de 26000 pasos · p_nose 0.4 · abst cabeza · donde lat2 · mezcla fija · piso 0.10 · p_vieja 0.35 · blanco ausencia · kq 3 · formas directa,lejana · perdida bce · sembrar 0 · rec L=0.5 M=0.5 F=0.2 CE=1.0 RANK=0.0
[colab] Uploaded '/tmp/tmp.qRmmkcbvQV/micro.tgz' to '/content/micro.tgz'
== subiendo checkpoint previo (10M)
[colab] Uploaded '/home/maxi/Documentos/Nuevo Transformer/delta-archivo/micro_lm/ckpts/cl3_s0.pkl' to '/content/ck.pkl'
jax 0.11.1 | [CudaDevice(id=0)]
compuerta de padding OK
lanzado pid 975
== polling cada 2 min (presupuesto ~80 min)
VIVO= True ULTIMO= tramo: se corre hasta el paso 19500 y se guarda para continuar despues 
VIVO= True ULTIMO= tramo: se corre hasta el paso 19500 y se guarda para continuar despues 
VIVO= True ULTIMO= ── eval: vigente 0.9850 · anterior 0.9750 · abstencion 0.2930 · truncados 0.0000 · nose 0.7024 (ent 0.8972/rel 0.5440) · falsa_abst 0.0127 
   [checkpoint parcial guardado: paso 13500]
VIVO= True ULTIMO= ── eval: vigente 1.0000 · anterior 1.0000 · abstencion 0.2891 · truncados 0.0000 · nose 0.7128 (ent 0.9212/rel 0.5440) · falsa_abst 0.0000 
VIVO= True ULTIMO= ── eval: vigente 1.0000 · anterior 1.0000 · abstencion 0.2891 · truncados 0.0000 · nose 0.7128 (ent 0.9212/rel 0.5440) · falsa_abst 0.0000 
VIVO= True ULTIMO= ── eval: vigente 1.0000 · anterior 0.9792 · abstencion 0.2988 · truncados 0.0000 · nose 0.7354 (ent 0.9689/rel 0.5440) · falsa_abst 0.0000 
VIVO= True ULTIMO= ── eval: vigente 1.0000 · anterior 0.9792 · abstencion 0.2988 · truncados 0.0000 · nose 0.7354 (ent 0.9689/rel 0.5440) · falsa_abst 0.0000 
   [checkpoint parcial guardado: paso 14500]
VIVO= True ULTIMO= ── eval: vigente 0.9907 · anterior 1.0000 · abstencion 0.2930 · truncados 0.0000 · nose 0.7120 (ent 0.9140/rel 0.5440) · falsa_abst 0.0076 
VIVO= True ULTIMO= ── eval: vigente 0.9907 · anterior 1.0000 · abstencion 0.2930 · truncados 0.0000 · nose 0.7120 (ent 0.9140/rel 0.5440) · falsa_abst 0.0076 
VIVO= True ULTIMO= ── eval: vigente 0.9875 · anterior 0.9792 · abstencion 0.3008 · truncados 0.0000 · nose 0.7266 (ent 0.9492/rel 0.5440) · falsa_abst 0.0105 
VIVO= True ULTIMO= ── eval: vigente 0.9875 · anterior 0.9792 · abstencion 0.3008 · truncados 0.0000 · nose 0.7266 (ent 0.9492/rel 0.5440) · falsa_abst 0.0105 
   [checkpoint parcial guardado: paso 15500]
VIVO= True ULTIMO= ── eval: vigente 0.9960 · anterior 1.0000 · abstencion 0.2930 · truncados 0.0000 · nose 0.7175 (ent 0.9235/rel 0.5440) · falsa_abst 0.0035 
VIVO= True ULTIMO= ── eval: vigente 0.9960 · anterior 1.0000 · abstencion 0.2930 · truncados 0.0000 · nose 0.7175 (ent 0.9235/rel 0.5440) · falsa_abst 0.0035 
VIVO= True ULTIMO= ── eval: vigente 0.9726 · anterior 1.0000 · abstencion 0.3086 · truncados 0.0000 · nose 0.7256 (ent 0.9379/rel 0.5514) · falsa_abst 0.0231 
VIVO= True ULTIMO= ── eval: vigente 0.9954 · anterior 1.0000 · abstencion 0.2969 · truncados 0.0000 · nose 0.7270 (ent 0.9462/rel 0.5440) · falsa_abst 0.0038 
   [checkpoint parcial guardado: paso 17000]
VIVO= True ULTIMO= ── eval: vigente 0.9954 · anterior 1.0000 · abstencion 0.2969 · truncados 0.0000 · nose 0.7270 (ent 0.9462/rel 0.5440) · falsa_abst 0.0038 
VIVO= True ULTIMO= ── eval: vigente 0.9954 · anterior 1.0000 · abstencion 0.2969 · truncados 0.0000 · nose 0.7270 (ent 0.9462/rel 0.5440) · falsa_abst 0.0038 
VIVO= True ULTIMO= ── eval: vigente 0.9954 · anterior 1.0000 · abstencion 0.2969 · truncados 0.0000 · nose 0.7270 (ent 0.9462/rel 0.5440) · falsa_abst 0.0038 
VIVO= True ULTIMO= ── eval: vigente 0.9929 · anterior 1.0000 · abstencion 0.2988 · truncados 0.0000 · nose 0.7269 (ent 0.9492/rel 0.5440) · falsa_abst 0.0060 
   [checkpoint parcial guardado: paso 18000]
VIVO= True ULTIMO= ── eval: vigente 0.9929 · anterior 1.0000 · abstencion 0.2988 · truncados 0.0000 · nose 0.7269 (ent 0.9492/rel 0.5440) · falsa_abst 0.0060 
VIVO= True ULTIMO= ── eval: vigente 1.0000 · anterior 1.0000 · abstencion 0.2988 · truncados 0.0000 · nose 0.7359 (ent 0.9689/rel 0.5440) · falsa_abst 0.0000 
VIVO= True ULTIMO= ── eval: vigente 1.0000 · anterior 1.0000 · abstencion 0.2988 · truncados 0.0000 · nose 0.7359 (ent 0.9689/rel 0.5440) · falsa_abst 0.0000 
VIVO= True ULTIMO= ── eval: vigente 0.9919 · anterior 1.0000 · abstencion 0.3027 · truncados 0.0000 · nose 0.7359 (ent 0.9689/rel 0.5440) · falsa_abst 0.0066 
   [checkpoint parcial guardado: paso 19000]
VIVO= True ULTIMO= ── eval: vigente 0.9919 · anterior 1.0000 · abstencion 0.3027 · truncados 0.0000 · nose 0.7359 (ent 0.9689/rel 0.5440) · falsa_abst 0.0066 
VIVO= False ULTIMO= listo: {'paso': 19500, 'truncados': 0.0, 'p_nose': 0.4, 'mezcla_usada': {'vigente': 0.39, 'anterior': 0.21, 'nose': 0.4}, 'mezcla_promedio': {'vigente': 0.39, 'anterior': 0.21, 'nose': 0.4}, 'p_vieja_tr': 0.35, 'p_nose_tr': 0.4, 'vigente': 1.0, 'anterior': 1.0, 'nose': 0.7403792350672657, 'nose_ent': 0.9803030303030303, 'nose_rel': 0.544010217723453, 'falsa_abst': 0.0, 'abstencion': 0.30078125, 'por_forma': {'directa': {'vigente': 1.0, 'anterior': 1.0, 'nose': 0.7253697691197691, 'nose_ent': 1.0, 'nose_rel': 0.5023809523809524, 'falsa_abst': 0.0, 'abstencion': 0.2760256104666561}, 'lejana': {'vigente': nan, 'anterior': nan, 'nose': nan, 'nose_ent': nan, 'nose_rel': nan, 'falsa_abst': nan, 'abstencion': nan}}} 
== tramo terminado
== bajando checkpoint
   checkpoint en /home/maxi/Documentos/Nuevo Transformer/delta-archivo/micro_lm/ckpts/cl3_s0.pkl (10M)
   ultimo paso registrado: "paso": 19500
== fin del tramo (la sesion queda VIVA para el tramo siguiente; pararla con: colab stop -s tr2_g_1335)
   tramo de 3:0 cerrado en el paso 19500 de 26000
   -> tramo 3:1 en G (desde el paso 1500)
== tramo · cuenta G · sesion tr2_g_1335 · cl3_s1 · +6500 de 26000 pasos · p_nose 0.4 · abst cabeza · donde lat2 · mezcla fija · piso 0.10 · p_vieja 0.35 · blanco ausencia · kq 3 · formas directa,lejana · perdida bce · sembrar 0 · rec L=0.5 M=0.5 F=0.2 CE=1.0 RANK=0.0
[colab] Uploaded '/tmp/tmp.eJZROZ2UAy/micro.tgz' to '/content/micro.tgz'
== subiendo checkpoint previo (10M)
[colab] Uploaded '/home/maxi/Documentos/Nuevo Transformer/delta-archivo/micro_lm/ckpts/cl3_s1.pkl' to '/content/ck.pkl'
jax 0.11.1 | [CudaDevice(id=0)]
compuerta de padding OK
lanzado pid 14234
== polling cada 2 min (presupuesto ~80 min)
VIVO= True ULTIMO= W0902 17:27:36.495412   14257 cuda_timer.cc:88] Delay kernel timed out: measured time has sub-optimal accuracy. There may be a missing warmup execution, please investigate in Nsight Systems. 
VIVO= True ULTIMO= W0902 17:27:36.495412   14257 cuda_timer.cc:88] Delay kernel timed out: measured time has sub-optimal accuracy. There may be a missing warmup execution, please investigate in Nsight Systems. 
VIVO= True ULTIMO= ── eval: vigente 0.6280 · anterior 0.1762 · abstencion 0.0176 · truncados 0.0000 · nose 0.0263 (ent 0.0385/rel 0.0078) · falsa_abst 0.0144 

!! sesion perdida — el checkpoint de la PC conserva el ultimo tramo bajado
== fin del tramo (la sesion queda VIVA para el tramo siguiente; pararla con: colab stop -s tr2_g_1335)
   tramo de 3:1 cerrado en el paso 1500 de 26000
   -> tramo 3:2 en G (desde el paso 0)
== tramo · cuenta G · sesion tr2_g_1335 · cl3_s2 · +6500 de 26000 pasos · p_nose 0.4 · abst cabeza · donde lat2 · mezcla fija · piso 0.10 · p_vieja 0.35 · blanco ausencia · kq 3 · formas directa,lejana · perdida bce · sembrar 0 · rec L=0.5 M=0.5 F=0.2 CE=1.0 RANK=0.0
[colab] Session 'tr2_g_1335' not found.
   tramo de 3:2 cerrado en el paso 0 de 26000
   tr2_g_1335 parada; pendientes ahora: 3:0 3:1 3:2
-- vuelta 1 · cuenta I · faltan: 3:0 3:1 3:2 · 14:35:41
   503 en I (ni T4 ni TPU) — SIGUIENTE CUENTA ya (sin esperar)
-- vuelta 1 · cuenta F · faltan: 3:0 3:1 3:2 · 14:35:48
   >> OTORGADA en F (T4): [tr2_f_1435] gpu-t4-s-kkb-usw1b2-2m2nsx9izowzh | Hardware: T4 | Variant: GPU | Status: IDLE
   -> tramo 3:0 en F (desde el paso 19500)
== tramo · cuenta F · sesion tr2_f_1435 · cl3_s0 · +6500 de 26000 pasos · p_nose 0.4 · abst cabeza · donde lat2 · mezcla fija · piso 0.10 · p_vieja 0.35 · blanco ausencia · kq 3 · formas directa,lejana · perdida bce · sembrar 0 · rec L=0.5 M=0.5 F=0.2 CE=1.0 RANK=0.0
[colab] Uploaded '/tmp/tmp.YkR9ksVDG8/micro.tgz' to '/content/micro.tgz'
== subiendo checkpoint previo (10M)
[colab] Uploaded '/home/maxi/Documentos/Nuevo Transformer/delta-archivo/micro_lm/ckpts/cl3_s0.pkl' to '/content/ck.pkl'
jax 0.11.1 | [CudaDevice(id=0)]
compuerta de padding OK
lanzado pid 1041
== polling cada 2 min (presupuesto ~80 min)
VIVO= True ULTIMO= REANUDA desde /content/ck.pkl: paso 19500 de 26000 (39 evaluaciones ya hechas) 
VIVO= True ULTIMO= REANUDA desde /content/ck.pkl: paso 19500 de 26000 (39 evaluaciones ya hechas) 
VIVO= True ULTIMO= ── eval: vigente 1.0000 · anterior 1.0000 · abstencion 0.2988 · truncados 0.0000 · nose 0.7359 (ent 0.9689/rel 0.5440) · falsa_abst 0.0000 
   [checkpoint parcial guardado: paso 20000]
VIVO= True ULTIMO= ── eval: vigente 0.9954 · anterior 1.0000 · abstencion 0.3027 · truncados 0.0000 · nose 0.7404 (ent 0.9803/rel 0.5440) · falsa_abst 0.0038 
VIVO= True ULTIMO= ── eval: vigente 0.9954 · anterior 1.0000 · abstencion 0.3027 · truncados 0.0000 · nose 0.7404 (ent 0.9803/rel 0.5440) · falsa_abst 0.0038 
VIVO= True ULTIMO= ── eval: vigente 1.0000 · anterior 1.0000 · abstencion 0.2969 · truncados 0.0000 · nose 0.7315 (ent 0.9576/rel 0.5440) · falsa_abst 0.0000 
VIVO= True ULTIMO= ── eval: vigente 1.0000 · anterior 1.0000 · abstencion 0.2969 · truncados 0.0000 · nose 0.7315 (ent 0.9576/rel 0.5440) · falsa_abst 0.0000 
   [checkpoint parcial guardado: paso 21000]
VIVO= True ULTIMO= ── eval: vigente 0.9965 · anterior 1.0000 · abstencion 0.3008 · truncados 0.0000 · nose 0.7359 (ent 0.9689/rel 0.5440) · falsa_abst 0.0028 
VIVO= True ULTIMO= ── eval: vigente 0.9965 · anterior 1.0000 · abstencion 0.3008 · truncados 0.0000 · nose 0.7359 (ent 0.9689/rel 0.5440) · falsa_abst 0.0028 
VIVO= True ULTIMO= ── eval: vigente 1.0000 · anterior 1.0000 · abstencion 0.2969 · truncados 0.0000 · nose 0.7315 (ent 0.9576/rel 0.5440) · falsa_abst 0.0000 
VIVO= True ULTIMO= ── eval: vigente 1.0000 · anterior 1.0000 · abstencion 0.2969 · truncados 0.0000 · nose 0.7315 (ent 0.9576/rel 0.5440) · falsa_abst 0.0000 
   [checkpoint parcial guardado: paso 22000]
VIVO= True ULTIMO= ── eval: vigente 1.0000 · anterior 1.0000 · abstencion 0.2988 · truncados 0.0000 · nose 0.7356 (ent 0.9720/rel 0.5440) · falsa_abst 0.0000 
VIVO= True ULTIMO= paso  23000  loss 0.2442  acc 0.9219  (1605s) 
VIVO= True ULTIMO= ── eval: vigente 1.0000 · anterior 1.0000 · abstencion 0.3008 · truncados 0.0000 · nose 0.7404 (ent 0.9803/rel 0.5440) · falsa_abst 0.0000 
VIVO= True ULTIMO= ── eval: vigente 1.0000 · anterior 1.0000 · abstencion 0.2988 · truncados 0.0000 · nose 0.7359 (ent 0.9689/rel 0.5440) · falsa_abst 0.0000 
   [checkpoint parcial guardado: paso 23500]
VIVO= True ULTIMO= ── eval: vigente 1.0000 · anterior 1.0000 · abstencion 0.2988 · truncados 0.0000 · nose 0.7359 (ent 0.9689/rel 0.5440) · falsa_abst 0.0000 
VIVO= True ULTIMO= ── eval: vigente 1.0000 · anterior 1.0000 · abstencion 0.2969 · truncados 0.0000 · nose 0.7315 (ent 0.9576/rel 0.5440) · falsa_abst 0.0000 
VIVO= True ULTIMO= ── eval: vigente 1.0000 · anterior 1.0000 · abstencion 0.2969 · truncados 0.0000 · nose 0.7315 (ent 0.9576/rel 0.5440) · falsa_abst 0.0000 
VIVO= True ULTIMO= ── eval: vigente 1.0000 · anterior 1.0000 · abstencion 0.2988 · truncados 0.0000 · nose 0.7359 (ent 0.9689/rel 0.5440) · falsa_abst 0.0000 
   [checkpoint parcial guardado: paso 24500]
VIVO= True ULTIMO= ── eval: vigente 1.0000 · anterior 1.0000 · abstencion 0.2988 · truncados 0.0000 · nose 0.7359 (ent 0.9689/rel 0.5440) · falsa_abst 0.0000 
VIVO= True ULTIMO= ── eval: vigente 1.0000 · anterior 1.0000 · abstencion 0.2969 · truncados 0.0000 · nose 0.7319 (ent 0.9606/rel 0.5440) · falsa_abst 0.0000 
VIVO= True ULTIMO= ── eval: vigente 1.0000 · anterior 1.0000 · abstencion 0.2969 · truncados 0.0000 · nose 0.7319 (ent 0.9606/rel 0.5440) · falsa_abst 0.0000 
VIVO= True ULTIMO= ── eval: vigente 1.0000 · anterior 1.0000 · abstencion 0.2988 · truncados 0.0000 · nose 0.7359 (ent 0.9689/rel 0.5440) · falsa_abst 0.0000 
   [checkpoint parcial guardado: paso 25500]
VIVO= True ULTIMO= ── eval: vigente 1.0000 · anterior 1.0000 · abstencion 0.2988 · truncados 0.0000 · nose 0.7359 (ent 0.9689/rel 0.5440) · falsa_abst 0.0000 
VIVO= False ULTIMO= listo: {'paso': 26000, 'truncados': 0.0, 'p_nose': 0.4, 'mezcla_usada': {'vigente': 0.39, 'anterior': 0.21, 'nose': 0.4}, 'mezcla_promedio': {'vigente': 0.39, 'anterior': 0.21, 'nose': 0.4}, 'p_vieja_tr': 0.35, 'p_nose_tr': 0.4, 'vigente': 1.0, 'anterior': 1.0, 'nose': 0.7403792350672657, 'nose_ent': 0.9803030303030303, 'nose_rel': 0.544010217723453, 'falsa_abst': 0.0, 'abstencion': 0.30078125, 'por_forma': {'directa': {'vigente': 1.0, 'anterior': 1.0, 'nose': 0.7253697691197691, 'nose_ent': 1.0, 'nose_rel': 0.5023809523809524, 'falsa_abst': 0.0, 'abstencion': 0.2760256104666561}, 'lejana': {'vigente': nan, 'anterior': nan, 'nose': nan, 'nose_ent': nan, 'nose_rel': nan, 'falsa_abst': nan, 'abstencion': nan}}} 
== tramo terminado
== bajando checkpoint
   checkpoint en /home/maxi/Documentos/Nuevo Transformer/delta-archivo/micro_lm/ckpts/cl3_s0.pkl (10M)
   ultimo paso registrado: "paso": 26000
== fin del tramo (la sesion queda VIVA para el tramo siguiente; pararla con: colab stop -s tr2_f_1435)
   tramo de 3:0 cerrado en el paso 26000 de 26000
   -> tramo 3:1 en F (desde el paso 1500)
== tramo · cuenta F · sesion tr2_f_1435 · cl3_s1 · +6500 de 26000 pasos · p_nose 0.4 · abst cabeza · donde lat2 · mezcla fija · piso 0.10 · p_vieja 0.35 · blanco ausencia · kq 3 · formas directa,lejana · perdida bce · sembrar 0 · rec L=0.5 M=0.5 F=0.2 CE=1.0 RANK=0.0
[colab] Uploaded '/tmp/tmp.IeRN1VT82c/micro.tgz' to '/content/micro.tgz'
== subiendo checkpoint previo (10M)
[colab] Uploaded '/home/maxi/Documentos/Nuevo Transformer/delta-archivo/micro_lm/ckpts/cl3_s1.pkl' to '/content/ck.pkl'
jax 0.11.1 | [CudaDevice(id=0)]
compuerta de padding OK
lanzado pid 14263
== polling cada 2 min (presupuesto ~80 min)
VIVO= True ULTIMO= tramo: se corre hasta el paso 7500 y se guarda para continuar despues 
VIVO= True ULTIMO= tramo: se corre hasta el paso 7500 y se guarda para continuar despues 
VIVO= True ULTIMO= ── eval: vigente 0.6280 · anterior 0.1762 · abstencion 0.0176 · truncados 0.0000 · nose 0.0263 (ent 0.0385/rel 0.0078) · falsa_abst 0.0144 

!! sesion perdida — el checkpoint de la PC conserva el ultimo tramo bajado
== fin del tramo (la sesion queda VIVA para el tramo siguiente; pararla con: colab stop -s tr2_f_1435)
   tramo de 3:1 cerrado en el paso 1500 de 26000
   -> tramo 3:2 en F (desde el paso 0)
== tramo · cuenta F · sesion tr2_f_1435 · cl3_s2 · +6500 de 26000 pasos · p_nose 0.4 · abst cabeza · donde lat2 · mezcla fija · piso 0.10 · p_vieja 0.35 · blanco ausencia · kq 3 · formas directa,lejana · perdida bce · sembrar 0 · rec L=0.5 M=0.5 F=0.2 CE=1.0 RANK=0.0
[colab] Session 'tr2_f_1435' not found.
   tramo de 3:2 cerrado en el paso 0 de 26000
   tr2_f_1435 parada; pendientes ahora: 3:1 3:2
-- vuelta 1 · cuenta J · faltan: 3:1 3:2 · 15:36:38
   >> OTORGADA en J (T4): [tr2_j_1536] gpu-t4-s-kkb-usw4a1-u7439wm8n0hw | Hardware: T4 | Variant: GPU | Status: IDLE
   -> tramo 3:1 en J (desde el paso 1500)
== tramo · cuenta J · sesion tr2_j_1536 · cl3_s1 · +6500 de 26000 pasos · p_nose 0.4 · abst cabeza · donde lat2 · mezcla fija · piso 0.10 · p_vieja 0.35 · blanco ausencia · kq 3 · formas directa,lejana · perdida bce · sembrar 0 · rec L=0.5 M=0.5 F=0.2 CE=1.0 RANK=0.0
[colab] Uploaded '/tmp/tmp.Fr7h1o6gKU/micro.tgz' to '/content/micro.tgz'
== subiendo checkpoint previo (10M)
[colab] Uploaded '/home/maxi/Documentos/Nuevo Transformer/delta-archivo/micro_lm/ckpts/cl3_s1.pkl' to '/content/ck.pkl'
jax 0.11.1 | [CudaDevice(id=0)]
compuerta de padding OK
lanzado pid 4097
== polling cada 2 min (presupuesto ~80 min)
VIVO= True ULTIMO= tramo: se corre hasta el paso 7500 y se guarda para continuar despues 
VIVO= True ULTIMO= tramo: se corre hasta el paso 7500 y se guarda para continuar despues 
VIVO= True ULTIMO= ── eval: vigente 0.6280 · anterior 0.1762 · abstencion 0.0176 · truncados 0.0000 · nose 0.0263 (ent 0.0385/rel 0.0078) · falsa_abst 0.0144 
   [checkpoint parcial guardado: paso 1500]
VIVO= True ULTIMO= ── eval: vigente 0.6346 · anterior 0.3797 · abstencion 0.2852 · truncados 0.0000 · nose 0.5046 (ent 0.3993/rel 0.6063) · falsa_abst 0.1320 
VIVO= True ULTIMO= ── eval: vigente 0.6346 · anterior 0.3797 · abstencion 0.2852 · truncados 0.0000 · nose 0.5046 (ent 0.3993/rel 0.6063) · falsa_abst 0.1320 
VIVO= True ULTIMO= ── eval: vigente 0.7781 · anterior 0.4384 · abstencion 0.2402 · truncados 0.0000 · nose 0.5181 (ent 0.4013/rel 0.6122) · falsa_abst 0.0478 
VIVO= True ULTIMO= ── eval: vigente 0.7781 · anterior 0.4384 · abstencion 0.2402 · truncados 0.0000 · nose 0.5181 (ent 0.4013/rel 0.6122) · falsa_abst 0.0478 
   [checkpoint parcial guardado: paso 2500]
VIVO= True ULTIMO= ── eval: vigente 0.8108 · anterior 0.2387 · abstencion 0.2559 · truncados 0.0000 · nose 0.5650 (ent 0.5034/rel 0.6302) · falsa_abst 0.0435 
VIVO= True ULTIMO= ── eval: vigente 0.8108 · anterior 0.2387 · abstencion 0.2559 · truncados 0.0000 · nose 0.5650 (ent 0.5034/rel 0.6302) · falsa_abst 0.0435 
VIVO= True ULTIMO= ── eval: vigente 0.8925 · anterior 0.1202 · abstencion 0.2461 · truncados 0.0000 · nose 0.5533 (ent 0.4474/rel 0.6616) · falsa_abst 0.0347 
VIVO= True ULTIMO= ── eval: vigente 0.8925 · anterior 0.1202 · abstencion 0.2461 · truncados 0.0000 · nose 0.5533 (ent 0.4474/rel 0.6616) · falsa_abst 0.0347 
   [checkpoint parcial guardado: paso 3500]
VIVO= True ULTIMO= ── eval: vigente 0.8988 · anterior 0.2471 · abstencion 0.2266 · truncados 0.0000 · nose 0.5179 (ent 0.4071/rel 0.6140) · falsa_abst 0.0273 
VIVO= True ULTIMO= ── eval: vigente 0.8988 · anterior 0.2471 · abstencion 0.2266 · truncados 0.0000 · nose 0.5179 (ent 0.4071/rel 0.6140) · falsa_abst 0.0273 
VIVO= True ULTIMO= ── eval: vigente 0.8627 · anterior 0.3324 · abstencion 0.2715 · truncados 0.0000 · nose 0.5626 (ent 0.4595/rel 0.6699) · falsa_abst 0.0714 
VIVO= True ULTIMO= ── eval: vigente 0.8627 · anterior 0.3324 · abstencion 0.2715 · truncados 0.0000 · nose 0.5626 (ent 0.4595/rel 0.6699) · falsa_abst 0.0714 
   [checkpoint parcial guardado: paso 4500]
VIVO= True ULTIMO= ── eval: vigente 0.8902 · anterior 0.3693 · abstencion 0.2578 · truncados 0.0000 · nose 0.5721 (ent 0.5284/rel 0.6405) · falsa_abst 0.0415 
VIVO= True ULTIMO= ── eval: vigente 0.9424 · anterior 0.4858 · abstencion 0.2383 · truncados 0.0000 · nose 0.5506 (ent 0.4818/rel 0.6325) · falsa_abst 0.0219 
VIVO= True ULTIMO= ── eval: vigente 0.9424 · anterior 0.4858 · abstencion 0.2383 · truncados 0.0000 · nose 0.5506 (ent 0.4818/rel 0.6325) · falsa_abst 0.0219 
VIVO= True ULTIMO= ── eval: vigente 0.8688 · anterior 0.5766 · abstencion 0.3008 · truncados 0.0000 · nose 0.6272 (ent 0.6017/rel 0.6718) · falsa_abst 0.0777 
   [checkpoint parcial guardado: paso 6000]
VIVO= True ULTIMO= ── eval: vigente 0.8688 · anterior 0.5766 · abstencion 0.3008 · truncados 0.0000 · nose 0.6272 (ent 0.6017/rel 0.6718) · falsa_abst 0.0777 
VIVO= True ULTIMO= ── eval: vigente 0.9370 · anterior 0.7837 · abstencion 0.2598 · truncados 0.0000 · nose 0.6045 (ent 0.5863/rel 0.6282) · falsa_abst 0.0236 
VIVO= True ULTIMO= ── eval: vigente 0.9370 · anterior 0.7837 · abstencion 0.2598 · truncados 0.0000 · nose 0.6045 (ent 0.5863/rel 0.6282) · falsa_abst 0.0236 
VIVO= True ULTIMO= ── eval: vigente 0.9504 · anterior 0.8486 · abstencion 0.2617 · truncados 0.0000 · nose 0.6143 (ent 0.5668/rel 0.6787) · falsa_abst 0.0200 
   [checkpoint parcial guardado: paso 7000]
VIVO= True ULTIMO= ── eval: vigente 0.9504 · anterior 0.8486 · abstencion 0.2617 · truncados 0.0000 · nose 0.6143 (ent 0.5668/rel 0.6787) · falsa_abst 0.0200 
VIVO= False ULTIMO= listo: {'paso': 7500, 'truncados': 0.0, 'p_nose': 0.4, 'mezcla_usada': {'vigente': 0.39, 'anterior': 0.21, 'nose': 0.4}, 'mezcla_promedio': {'vigente': 0.39, 'anterior': 0.21, 'nose': 0.4}, 'p_vieja_tr': 0.35, 'p_nose_tr': 0.4, 'vigente': 0.9511246727633705, 'anterior': 0.7626352813852814, 'nose': 0.6208878757112453, 'nose_ent': 0.5891953441295547, 'nose_rel': 0.6620473459289249, 'falsa_abst': 0.028961210483996105, 'abstencion': 0.26953125, 'por_forma': {'directa': {'vigente': 0.9321189227439227, 'anterior': 0.78125, 'nose': 0.5792249417249418, 'nose_ent': 0.5350694444444444, 'nose_rel': 0.6309433621933622, 'falsa_abst': 0.032575976654924024, 'abstencion': 0.2615871397121397}, 'lejana': {'vigente': nan, 'anterior': nan, 'nose': nan, 'nose_ent': nan, 'nose_rel': nan, 'falsa_abst': nan, 'abstencion': nan}}} 
== tramo terminado
== bajando checkpoint
   checkpoint en /home/maxi/Documentos/Nuevo Transformer/delta-archivo/micro_lm/ckpts/cl3_s1.pkl (10M)
   ultimo paso registrado: "paso": 7500
== fin del tramo (la sesion queda VIVA para el tramo siguiente; pararla con: colab stop -s tr2_j_1536)
   tramo de 3:1 cerrado en el paso 7500 de 26000
   -> tramo 3:2 en J (desde el paso 0)
== tramo · cuenta J · sesion tr2_j_1536 · cl3_s2 · +6500 de 26000 pasos · p_nose 0.4 · abst cabeza · donde lat2 · mezcla fija · piso 0.10 · p_vieja 0.35 · blanco ausencia · kq 3 · formas directa,lejana · perdida bce · sembrar 0 · rec L=0.5 M=0.5 F=0.2 CE=1.0 RANK=0.0
[colab] Uploaded '/tmp/tmp.YEfKJvXY5l/micro.tgz' to '/content/micro.tgz'
== sin checkpoint local: se limpia /content/ck.pkl por si quedo de otra unidad
ck.pkl de otra unidad borrado
jax 0.11.1 | [CudaDevice(id=0)]
compuerta de padding OK
lanzado pid 17458
== polling cada 2 min (presupuesto ~80 min)
VIVO= True ULTIMO= tramo: se corre hasta el paso 6500 y se guarda para continuar despues 
VIVO= True ULTIMO= tramo: se corre hasta el paso 6500 y se guarda para continuar despues 
VIVO= True ULTIMO= ── eval: vigente 0.0900 · anterior 0.0656 · abstencion 0.0000 · truncados 0.0000 · nose 0.0000 (ent 0.0000/rel 0.0000) · falsa_abst 0.0000 

!! sesion perdida — el checkpoint de la PC conserva el ultimo tramo bajado
== fin del tramo (la sesion queda VIVA para el tramo siguiente; pararla con: colab stop -s tr2_j_1536)
   tramo de 3:2 cerrado en el paso 500 de 26000
   tr2_j_1536 parada; pendientes ahora: 3:1 3:2
-- vuelta 1 · cuenta D · faltan: 3:1 3:2 · 16:37:40
   503 en D (ni T4 ni TPU) — SIGUIENTE CUENTA ya (sin esperar)
-- vuelta 1 · cuenta E · faltan: 3:1 3:2 · 16:37:47
   503 en E (ni T4 ni TPU) — SIGUIENTE CUENTA ya (sin esperar)
-- vuelta 1 · cuenta H · faltan: 3:1 3:2 · 16:37:54
   >> OTORGADA en H (T4): [tr2_h_1637] gpu-t4-s-kkb-ass1c0-ra5rfr7lbuhs | Hardware: T4 | Variant: GPU | Status: IDLE
   -> tramo 3:1 en H (desde el paso 7500)
== tramo · cuenta H · sesion tr2_h_1637 · cl3_s1 · +6500 de 26000 pasos · p_nose 0.4 · abst cabeza · donde lat2 · mezcla fija · piso 0.10 · p_vieja 0.35 · blanco ausencia · kq 3 · formas directa,lejana · perdida bce · sembrar 0 · rec L=0.5 M=0.5 F=0.2 CE=1.0 RANK=0.0
[colab] Uploaded '/tmp/tmp.OqaFwzWWWO/micro.tgz' to '/content/micro.tgz'
== subiendo checkpoint previo (10M)
[colab] Uploaded '/home/maxi/Documentos/Nuevo Transformer/delta-archivo/micro_lm/ckpts/cl3_s1.pkl' to '/content/ck.pkl'
jax 0.11.1 | [CudaDevice(id=0)]
compuerta de padding OK
lanzado pid 1244
== polling cada 2 min (presupuesto ~80 min)
VIVO= True ULTIMO= tramo: se corre hasta el paso 14000 y se guarda para continuar despues 
VIVO= True ULTIMO= ── eval: vigente 0.9502 · anterior 0.8622 · abstencion 0.2656 · truncados 0.0000 · nose 0.6233 (ent 0.5797/rel 0.6602) · falsa_abst 0.0234 
VIVO= True ULTIMO= ── eval: vigente 0.9502 · anterior 0.8622 · abstencion 0.2656 · truncados 0.0000 · nose 0.6233 (ent 0.5797/rel 0.6602) · falsa_abst 0.0234 
   [checkpoint parcial guardado: paso 8000]
VIVO= True ULTIMO= ── eval: vigente 0.9582 · anterior 0.8804 · abstencion 0.2930 · truncados 0.0000 · nose 0.6795 (ent 0.7233/rel 0.6704) · falsa_abst 0.0299 
VIVO= True ULTIMO= ── eval: vigente 0.9582 · anterior 0.8804 · abstencion 0.2930 · truncados 0.0000 · nose 0.6795 (ent 0.7233/rel 0.6704) · falsa_abst 0.0299 
VIVO= True ULTIMO= ── eval: vigente 0.9455 · anterior 0.9012 · abstencion 0.3105 · truncados 0.0000 · nose 0.7086 (ent 0.7344/rel 0.7063) · falsa_abst 0.0403 
VIVO= True ULTIMO= ── eval: vigente 0.9455 · anterior 0.9012 · abstencion 0.3105 · truncados 0.0000 · nose 0.7086 (ent 0.7344/rel 0.7063) · falsa_abst 0.0403 
   [checkpoint parcial guardado: paso 9000]
VIVO= True ULTIMO= ── eval: vigente 0.9658 · anterior 0.9323 · abstencion 0.3086 · truncados 0.0000 · nose 0.7217 (ent 0.7761/rel 0.6916) · falsa_abst 0.0249 
VIVO= True ULTIMO= ── eval: vigente 0.9766 · anterior 0.9479 · abstencion 0.2988 · truncados 0.0000 · nose 0.7077 (ent 0.7645/rel 0.6777) · falsa_abst 0.0192 
VIVO= True ULTIMO= ── eval: vigente 0.9766 · anterior 0.9479 · abstencion 0.2988 · truncados 0.0000 · nose 0.7077 (ent 0.7645/rel 0.6777) · falsa_abst 0.0192 
VIVO= True ULTIMO= ── eval: vigente 0.9682 · anterior 1.0000 · abstencion 0.3105 · truncados 0.0000 · nose 0.7277 (ent 0.7910/rel 0.6855) · falsa_abst 0.0269 
   [checkpoint parcial guardado: paso 10500]
VIVO= True ULTIMO= ── eval: vigente 0.9682 · anterior 1.0000 · abstencion 0.3105 · truncados 0.0000 · nose 0.7277 (ent 0.7910/rel 0.6855) · falsa_abst 0.0269 
VIVO= True ULTIMO= ── eval: vigente 0.9727 · anterior 0.9457 · abstencion 0.3027 · truncados 0.0000 · nose 0.7187 (ent 0.7812/rel 0.6777) · falsa_abst 0.0194 
VIVO= True ULTIMO= paso  11500  loss 0.3172  acc 0.8750  (1855s) 
VIVO= True ULTIMO= ── eval: vigente 0.9828 · anterior 0.9688 · abstencion 0.2832 · truncados 0.0000 · nose 0.6835 (ent 0.7152/rel 0.6777) · falsa_abst 0.0104 
   [checkpoint parcial guardado: paso 11500]
VIVO= True ULTIMO= ── eval: vigente 0.9759 · anterior 1.0000 · abstencion 0.3027 · truncados 0.0000 · nose 0.7185 (ent 0.7741/rel 0.6861) · falsa_abst 0.0169 
VIVO= True ULTIMO= ── eval: vigente 0.9759 · anterior 1.0000 · abstencion 0.3027 · truncados 0.0000 · nose 0.7185 (ent 0.7741/rel 0.6861) · falsa_abst 0.0169 
VIVO= True ULTIMO= ── eval: vigente 0.9924 · anterior 0.9688 · abstencion 0.3047 · truncados 0.0000 · nose 0.7417 (ent 0.8235/rel 0.6777) · falsa_abst 0.0062 
VIVO= True ULTIMO= ── eval: vigente 0.9924 · anterior 0.9688 · abstencion 0.3047 · truncados 0.0000 · nose 0.7417 (ent 0.8235/rel 0.6777) · falsa_abst 0.0062 
   [checkpoint parcial guardado: paso 12500]
VIVO= True ULTIMO= ── eval: vigente 0.9867 · anterior 0.9792 · abstencion 0.3145 · truncados 0.0000 · nose 0.7605 (ent 0.8658/rel 0.6902) · falsa_abst 0.0104 
VIVO= True ULTIMO= ── eval: vigente 0.9904 · anterior 1.0000 · abstencion 0.3027 · truncados 0.0000 · nose 0.7348 (ent 0.8198/rel 0.6777) · falsa_abst 0.0074 
VIVO= True ULTIMO= ── eval: vigente 0.9904 · anterior 1.0000 · abstencion 0.3027 · truncados 0.0000 · nose 0.7348 (ent 0.8198/rel 0.6777) · falsa_abst 0.0074 
VIVO= False ULTIMO= listo: {'paso': 14000, 'truncados': 0.0, 'p_nose': 0.4, 'mezcla_usada': {'vigente': 0.39, 'anterior': 0.21, 'nose': 0.4}, 'mezcla_promedio': {'vigente': 0.39, 'anterior': 0.21, 'nose': 0.4}, 'p_vieja_tr': 0.35, 'p_nose_tr': 0.4, 'vigente': 0.9875578703703703, 'anterior': 1.0, 'nose': 0.7454950755765973, 'nose_ent': 0.8411352901484481, 'nose_rel': 0.6776723459289249, 'falsa_abst': 0.010850694444444444, 'abstencion': 0.30859375, 'por_forma': {'directa': {'vigente': 0.9910714285714286, 'anterior': 1.0, 'nose': 0.692016317016317, 'nose_ent': 0.7722222222222221, 'nose_rel': 0.5996933621933622, 'falsa_abst': 0.007352941176470588, 'abstencion': 0.2933134573759574}, 'lejana': {'vigente': 0.9833333333333334, 'anterior': 1.0, 'nose': 0.8018074654104066, 'nose_ent': 0.8844065656565656, 'nose_rel': 0.7615575396825397, 'falsa_abst': 0.013888888888888888, 'abstencion': 0.3339567955484425}}} 
== tramo terminado
== bajando checkpoint
   checkpoint en /home/maxi/Documentos/Nuevo Transformer/delta-archivo/micro_lm/ckpts/cl3_s1.pkl (10M)
   ultimo paso registrado: "paso": 14000
== fin del tramo (la sesion queda VIVA para el tramo siguiente; pararla con: colab stop -s tr2_h_1637)
   tramo de 3:1 cerrado en el paso 14000 de 26000
   -> tramo 3:2 en H (desde el paso 500)
== tramo · cuenta H · sesion tr2_h_1637 · cl3_s2 · +6500 de 26000 pasos · p_nose 0.4 · abst cabeza · donde lat2 · mezcla fija · piso 0.10 · p_vieja 0.35 · blanco ausencia · kq 3 · formas directa,lejana · perdida bce · sembrar 0 · rec L=0.5 M=0.5 F=0.2 CE=1.0 RANK=0.0
[colab] Uploaded '/tmp/tmp.vneHs5yBjV/micro.tgz' to '/content/micro.tgz'
== sin checkpoint local: se limpia /content/ck.pkl por si quedo de otra unidad
ck.pkl de otra unidad borrado
jax 0.11.1 | [CudaDevice(id=0)]
compuerta de padding OK
lanzado pid 14598
== polling cada 2 min (presupuesto ~80 min)
VIVO= True ULTIMO= tramo: se corre hasta el paso 6500 y se guarda para continuar despues 
VIVO= True ULTIMO= tramo: se corre hasta el paso 6500 y se guarda para continuar despues 
VIVO= True ULTIMO= ── eval: vigente 0.0900 · anterior 0.0656 · abstencion 0.0000 · truncados 0.0000 · nose 0.0000 (ent 0.0000/rel 0.0000) · falsa_abst 0.0000 

!! sesion perdida — el checkpoint de la PC conserva el ultimo tramo bajado
== fin del tramo (la sesion queda VIVA para el tramo siguiente; pararla con: colab stop -s tr2_h_1637)
   tramo de 3:2 cerrado en el paso 500 de 26000
   tr2_h_1637 parada; pendientes ahora: 3:1 3:2
-- vuelta 1 recorrida entera sin T4 en ninguna; descanso 10 min
-- vuelta 2 · cuenta N · faltan: 3:1 3:2 · 17:49:06
   >> OTORGADA en N (T4): [tr2_n_1749] gpu-t4-s-kkb-usw4b0-3n5cfpqz8g4ys | Hardware: T4 | Variant: GPU | Status: IDLE
   -> tramo 3:1 en N (desde el paso 14000)
== tramo · cuenta N · sesion tr2_n_1749 · cl3_s1 · +6500 de 26000 pasos · p_nose 0.4 · abst cabeza · donde lat2 · mezcla fija · piso 0.10 · p_vieja 0.35 · blanco ausencia · kq 3 · formas directa,lejana · perdida bce · sembrar 0 · rec L=0.5 M=0.5 F=0.2 CE=1.0 RANK=0.0
[colab] Uploaded '/tmp/tmp.efkvX2jEQQ/micro.tgz' to '/content/micro.tgz'
== subiendo checkpoint previo (10M)
[colab] Uploaded '/home/maxi/Documentos/Nuevo Transformer/delta-archivo/micro_lm/ckpts/cl3_s1.pkl' to '/content/ck.pkl'
jax 0.11.1 | [CudaDevice(id=0)]
compuerta de padding OK
lanzado pid 710
== polling cada 2 min (presupuesto ~80 min)
VIVO= True ULTIMO= tramo: se corre hasta el paso 20500 y se guarda para continuar despues 
VIVO= True ULTIMO= tramo: se corre hasta el paso 20500 y se guarda para continuar despues 
VIVO= True ULTIMO= ── eval: vigente 0.9925 · anterior 0.9688 · abstencion 0.3125 · truncados 0.0000 · nose 0.7594 (ent 0.8647/rel 0.6777) · falsa_abst 0.0063 
   [checkpoint parcial guardado: paso 14500]
VIVO= True ULTIMO= ── eval: vigente 0.9679 · anterior 1.0000 · abstencion 0.3262 · truncados 0.0000 · nose 0.7650 (ent 0.8685/rel 0.6873) · falsa_abst 0.0259 
VIVO= True ULTIMO= ── eval: vigente 0.9679 · anterior 1.0000 · abstencion 0.3262 · truncados 0.0000 · nose 0.7650 (ent 0.8685/rel 0.6873) · falsa_abst 0.0259 
VIVO= True ULTIMO= ── eval: vigente 0.9763 · anterior 0.9688 · abstencion 0.3125 · truncados 0.0000 · nose 0.7413 (ent 0.8302/rel 0.6777) · falsa_abst 0.0195 
VIVO= True ULTIMO= ── eval: vigente 0.9763 · anterior 0.9688 · abstencion 0.3125 · truncados 0.0000 · nose 0.7413 (ent 0.8302/rel 0.6777) · falsa_abst 0.0195 
   [checkpoint parcial guardado: paso 15500]
VIVO= True ULTIMO= ── eval: vigente 0.9954 · anterior 0.9688 · abstencion 0.3066 · truncados 0.0000 · nose 0.7511 (ent 0.8485/rel 0.6777) · falsa_abst 0.0039 
VIVO= True ULTIMO= ── eval: vigente 0.9954 · anterior 0.9688 · abstencion 0.3066 · truncados 0.0000 · nose 0.7511 (ent 0.8485/rel 0.6777) · falsa_abst 0.0039 
VIVO= True ULTIMO= ── eval: vigente 0.9692 · anterior 1.0000 · abstencion 0.3203 · truncados 0.0000 · nose 0.7550 (ent 0.8581/rel 0.6777) · falsa_abst 0.0242 
VIVO= True ULTIMO= ── eval: vigente 0.9692 · anterior 1.0000 · abstencion 0.3203 · truncados 0.0000 · nose 0.7550 (ent 0.8581/rel 0.6777) · falsa_abst 0.0242 
   [checkpoint parcial guardado: paso 16500]
VIVO= True ULTIMO= ── eval: vigente 0.9638 · anterior 1.0000 · abstencion 0.3281 · truncados 0.0000 · nose 0.7637 (ent 0.8685/rel 0.6860) · falsa_abst 0.0300 
VIVO= True ULTIMO= ── eval: vigente 0.9638 · anterior 1.0000 · abstencion 0.3281 · truncados 0.0000 · nose 0.7637 (ent 0.8685/rel 0.6860) · falsa_abst 0.0300 
VIVO= True ULTIMO= ── eval: vigente 0.9915 · anterior 1.0000 · abstencion 0.3184 · truncados 0.0000 · nose 0.7743 (ent 0.8847/rel 0.6902) · falsa_abst 0.0074 
VIVO= True ULTIMO= ── eval: vigente 0.9915 · anterior 1.0000 · abstencion 0.3184 · truncados 0.0000 · nose 0.7743 (ent 0.8847/rel 0.6902) · falsa_abst 0.0074 
   [checkpoint parcial guardado: paso 17500]
VIVO= True ULTIMO= ── eval: vigente 0.9910 · anterior 1.0000 · abstencion 0.3145 · truncados 0.0000 · nose 0.7644 (ent 0.8782/rel 0.6777) · falsa_abst 0.0068 
VIVO= True ULTIMO= ── eval: vigente 0.9965 · anterior 1.0000 · abstencion 0.3105 · truncados 0.0000 · nose 0.7617 (ent 0.8716/rel 0.6777) · falsa_abst 0.0030 
VIVO= True ULTIMO= ── eval: vigente 0.9965 · anterior 1.0000 · abstencion 0.3105 · truncados 0.0000 · nose 0.7617 (ent 0.8716/rel 0.6777) · falsa_abst 0.0030 
VIVO= True ULTIMO= ── eval: vigente 1.0000 · anterior 1.0000 · abstencion 0.3066 · truncados 0.0000 · nose 0.7557 (ent 0.8560/rel 0.6777) · falsa_abst 0.0000 
   [checkpoint parcial guardado: paso 19000]
VIVO= True ULTIMO= ── eval: vigente 1.0000 · anterior 1.0000 · abstencion 0.3066 · truncados 0.0000 · nose 0.7557 (ent 0.8560/rel 0.6777) · falsa_abst 0.0000 
VIVO= True ULTIMO= ── eval: vigente 1.0000 · anterior 1.0000 · abstencion 0.3164 · truncados 0.0000 · nose 0.7790 (ent 0.9009/rel 0.6777) · falsa_abst 0.0000 
VIVO= True ULTIMO= ── eval: vigente 1.0000 · anterior 1.0000 · abstencion 0.3164 · truncados 0.0000 · nose 0.7790 (ent 0.9009/rel 0.6777) · falsa_abst 0.0000 
VIVO= True ULTIMO= ── eval: vigente 0.9711 · anterior 1.0000 · abstencion 0.3223 · truncados 0.0000 · nose 0.7602 (ent 0.8695/rel 0.6777) · falsa_abst 0.0242 
   [checkpoint parcial guardado: paso 20000]
VIVO= True ULTIMO= ── eval: vigente 0.9711 · anterior 1.0000 · abstencion 0.3223 · truncados 0.0000 · nose 0.7602 (ent 0.8695/rel 0.6777) · falsa_abst 0.0242 
VIVO= False ULTIMO= listo: {'paso': 20500, 'truncados': 0.0, 'p_nose': 0.4, 'mezcla_usada': {'vigente': 0.39, 'anterior': 0.21, 'nose': 0.4}, 'mezcla_promedio': {'vigente': 0.39, 'anterior': 0.21, 'nose': 0.4}, 'p_vieja_tr': 0.35, 'p_nose_tr': 0.4, 'vigente': 0.9866938997821351, 'anterior': 1.0, 'nose': 0.7745697509012727, 'nose_ent': 0.8943572874493928, 'nose_rel': 0.6776723459289249, 'falsa_abst': 0.010354662698412698, 'abstencion': 0.3203125, 'por_forma': {'directa': {'vigente': 0.9910714285714286, 'anterior': 1.0, 'nose': 0.7202901265401266, 'nose_ent': 0.8378472222222222, 'nose_rel': 0.5996933621933622, 'falsa_abst': 0.007352941176470588, 'abstencion': 0.3050558816183816}, 'lejana': {'vigente': 0.9806763285024155, 'anterior': 1.0, 'nose': 0.8318421876326287, 'nose_ent': 0.952020202020202, 'nose_rel': 0.7615575396825397, 'falsa_abst': 0.013392857142857142, 'abstencion': 0.3456577713721364}}} 
VIVO= False ULTIMO= listo: {'paso': 20500, 'truncados': 0.0, 'p_nose': 0.4, 'mezcla_usada': {'vigente': 0.39, 'anterior': 0.21, 'nose': 0.4}, 'mezcla_promedio': {'vigente': 0.39, 'anterior': 0.21, 'nose': 0.4}, 'p_vieja_tr': 0.35, 'p_nose_tr': 0.4, 'vigente': 0.9866938997821351, 'anterior': 1.0, 'nose': 0.7745697509012727, 'nose_ent': 0.8943572874493928, 'nose_rel': 0.6776723459289249, 'falsa_abst': 0.010354662698412698, 'abstencion': 0.3203125, 'por_forma': {'directa': {'vigente': 0.9910714285714286, 'anterior': 1.0, 'nose': 0.7202901265401266, 'nose_ent': 0.8378472222222222, 'nose_rel': 0.5996933621933622, 'falsa_abst': 0.007352941176470588, 'abstencion': 0.3050558816183816}, 'lejana': {'vigente': 0.9806763285024155, 'anterior': 1.0, 'nose': 0.8318421876326287, 'nose_ent': 0.952020202020202, 'nose_rel': 0.7615575396825397, 'falsa_abst': 0.013392857142857142, 'abstencion': 0.3456577713721364}}} 
== tramo terminado
== bajando checkpoint
   checkpoint en /home/maxi/Documentos/Nuevo Transformer/delta-archivo/micro_lm/ckpts/cl3_s1.pkl (10M)
   ultimo paso registrado: "paso": 20500
== fin del tramo (la sesion queda VIVA para el tramo siguiente; pararla con: colab stop -s tr2_n_1749)
   tramo de 3:1 cerrado en el paso 20500 de 26000
   -> tramo 3:2 en N (desde el paso 500)
== tramo · cuenta N · sesion tr2_n_1749 · cl3_s2 · +6500 de 26000 pasos · p_nose 0.4 · abst cabeza · donde lat2 · mezcla fija · piso 0.10 · p_vieja 0.35 · blanco ausencia · kq 3 · formas directa,lejana · perdida bce · sembrar 0 · rec L=0.5 M=0.5 F=0.2 CE=1.0 RANK=0.0
[colab] Uploaded '/tmp/tmp.dtZF3uUHC8/micro.tgz' to '/content/micro.tgz'
== sin checkpoint local: se limpia /content/ck.pkl por si quedo de otra unidad
ck.pkl de otra unidad borrado
jax 0.11.1 | [CudaDevice(id=0)]
compuerta de padding OK
lanzado pid 14596
== polling cada 2 min (presupuesto ~80 min)
VIVO= True ULTIMO= tramo: se corre hasta el paso 6500 y se guarda para continuar despues 
VIVO= True ULTIMO= ── eval: vigente 0.0900 · anterior 0.0656 · abstencion 0.0000 · truncados 0.0000 · nose 0.0000 (ent 0.0000/rel 0.0000) · falsa_abst 0.0000 

!! sesion perdida — el checkpoint de la PC conserva el ultimo tramo bajado
== fin del tramo (la sesion queda VIVA para el tramo siguiente; pararla con: colab stop -s tr2_n_1749)
   tramo de 3:2 cerrado en el paso 500 de 26000
   tr2_n_1749 parada; pendientes ahora: 3:1 3:2
-- vuelta 2 · cuenta M · faltan: 3:1 3:2 · 18:50:31
   >> OTORGADA en M (T4): [tr2_m_1850] gpu-t4-s-kkb-ass1a0-2n3tjnbzcf0ue | Hardware: T4 | Variant: GPU | Status: IDLE
   -> tramo 3:1 en M (desde el paso 20500)
== tramo · cuenta M · sesion tr2_m_1850 · cl3_s1 · +6500 de 26000 pasos · p_nose 0.4 · abst cabeza · donde lat2 · mezcla fija · piso 0.10 · p_vieja 0.35 · blanco ausencia · kq 3 · formas directa,lejana · perdida bce · sembrar 0 · rec L=0.5 M=0.5 F=0.2 CE=1.0 RANK=0.0
[colab] Uploaded '/tmp/tmp.XlTvT9O4Q8/micro.tgz' to '/content/micro.tgz'
== subiendo checkpoint previo (10M)
[colab] Uploaded '/home/maxi/Documentos/Nuevo Transformer/delta-archivo/micro_lm/ckpts/cl3_s1.pkl' to '/content/ck.pkl'
jax 0.11.1 | [CudaDevice(id=0)]
compuerta de padding OK
lanzado pid 1114
== polling cada 2 min (presupuesto ~80 min)
VIVO= True ULTIMO= REANUDA desde /content/ck.pkl: paso 20500 de 26000 (41 evaluaciones ya hechas) 
VIVO= True ULTIMO= ── eval: vigente 1.0000 · anterior 1.0000 · abstencion 0.3105 · truncados 0.0000 · nose 0.7647 (ent 0.8782/rel 0.6777) · falsa_abst 0.0000 
VIVO= True ULTIMO= ── eval: vigente 1.0000 · anterior 1.0000 · abstencion 0.3105 · truncados 0.0000 · nose 0.7647 (ent 0.8782/rel 0.6777) · falsa_abst 0.0000 
   [checkpoint parcial guardado: paso 21000]
VIVO= True ULTIMO= ── eval: vigente 0.9917 · anterior 1.0000 · abstencion 0.3184 · truncados 0.0000 · nose 0.7758 (ent 0.8974/rel 0.6777) · falsa_abst 0.0069 
VIVO= True ULTIMO= ── eval: vigente 0.9917 · anterior 1.0000 · abstencion 0.3184 · truncados 0.0000 · nose 0.7758 (ent 0.8974/rel 0.6777) · falsa_abst 0.0069 
VIVO= True ULTIMO= ── eval: vigente 0.9915 · anterior 1.0000 · abstencion 0.3184 · truncados 0.0000 · nose 0.7743 (ent 0.8847/rel 0.6902) · falsa_abst 0.0074 
VIVO= True ULTIMO= ── eval: vigente 0.9915 · anterior 1.0000 · abstencion 0.3184 · truncados 0.0000 · nose 0.7743 (ent 0.8847/rel 0.6902) · falsa_abst 0.0074 
   [checkpoint parcial guardado: paso 22000]
VIVO= True ULTIMO= ── eval: vigente 0.9958 · anterior 1.0000 · abstencion 0.3164 · truncados 0.0000 · nose 0.7763 (ent 0.8944/rel 0.6777) · falsa_abst 0.0032 
VIVO= True ULTIMO= ── eval: vigente 0.9963 · anterior 1.0000 · abstencion 0.3203 · truncados 0.0000 · nose 0.7848 (ent 0.9083/rel 0.6777) · falsa_abst 0.0030 
VIVO= True ULTIMO= ── eval: vigente 0.9963 · anterior 1.0000 · abstencion 0.3203 · truncados 0.0000 · nose 0.7848 (ent 0.9083/rel 0.6777) · falsa_abst 0.0030 
VIVO= True ULTIMO= ── eval: vigente 0.9954 · anterior 1.0000 · abstencion 0.3223 · truncados 0.0000 · nose 0.7903 (ent 0.9179/rel 0.6777) · falsa_abst 0.0039 
   [checkpoint parcial guardado: paso 23500]
VIVO= True ULTIMO= ── eval: vigente 0.9954 · anterior 1.0000 · abstencion 0.3223 · truncados 0.0000 · nose 0.7903 (ent 0.9179/rel 0.6777) · falsa_abst 0.0039 
VIVO= True ULTIMO= ── eval: vigente 1.0000 · anterior 1.0000 · abstencion 0.3203 · truncados 0.0000 · nose 0.7903 (ent 0.9179/rel 0.6777) · falsa_abst 0.0000 
VIVO= True ULTIMO= ── eval: vigente 1.0000 · anterior 1.0000 · abstencion 0.3203 · truncados 0.0000 · nose 0.7903 (ent 0.9179/rel 0.6777) · falsa_abst 0.0000 
VIVO= True ULTIMO= ── eval: vigente 0.9841 · anterior 1.0000 · abstencion 0.3301 · truncados 0.0000 · nose 0.7960 (ent 0.9388/rel 0.6777) · falsa_abst 0.0134 
   [checkpoint parcial guardado: paso 24500]
VIVO= True ULTIMO= ── eval: vigente 0.9950 · anterior 1.0000 · abstencion 0.3242 · truncados 0.0000 · nose 0.7960 (ent 0.9388/rel 0.6777) · falsa_abst 0.0035 
VIVO= True ULTIMO= ── eval: vigente 0.9950 · anterior 1.0000 · abstencion 0.3242 · truncados 0.0000 · nose 0.7960 (ent 0.9388/rel 0.6777) · falsa_abst 0.0035 
VIVO= True ULTIMO= ── eval: vigente 1.0000 · anterior 1.0000 · abstencion 0.3203 · truncados 0.0000 · nose 0.7915 (ent 0.9322/rel 0.6777) · falsa_abst 0.0000 
VIVO= True ULTIMO= ── eval: vigente 1.0000 · anterior 1.0000 · abstencion 0.3203 · truncados 0.0000 · nose 0.7915 (ent 0.9322/rel 0.6777) · falsa_abst 0.0000 
   [checkpoint parcial guardado: paso 25500]
VIVO= False ULTIMO= listo: {'paso': 26000, 'truncados': 0.0, 'p_nose': 0.4, 'mezcla_usada': {'vigente': 0.39, 'anterior': 0.21, 'nose': 0.4}, 'mezcla_promedio': {'vigente': 0.39, 'anterior': 0.21, 'nose': 0.4}, 'p_vieja_tr': 0.35, 'p_nose_tr': 0.4, 'vigente': 0.995, 'anterior': 1.0, 'nose': 0.7959557086934805, 'nose_ent': 0.9387651821862348, 'nose_rel': 0.6776723459289249, 'falsa_abst': 0.003472222222222222, 'abstencion': 0.32421875, 'por_forma': {'directa': {'vigente': 0.9921875, 'anterior': 1.0, 'nose': 0.7430007492507493, 'nose_ent': 0.9079861111111112, 'nose_rel': 0.5996933621933622, 'falsa_abst': 0.005681818181818182, 'abstencion': 0.3127045408295408}, 'lejana': {'vigente': 1.0, 'anterior': 1.0, 'nose': 0.8474671876326287, 'nose_ent': 0.9747474747474747, 'nose_rel': 0.7615575396825397, 'falsa_abst': 0.0, 'abstencion': 0.34532198934264235}}} 
== tramo terminado
== bajando checkpoint
   checkpoint en /home/maxi/Documentos/Nuevo Transformer/delta-archivo/micro_lm/ckpts/cl3_s1.pkl (10M)
   ultimo paso registrado: "paso": 26000
== fin del tramo (la sesion queda VIVA para el tramo siguiente; pararla con: colab stop -s tr2_m_1850)
   tramo de 3:1 cerrado en el paso 26000 de 26000
   -> tramo 3:2 en M (desde el paso 500)
== tramo · cuenta M · sesion tr2_m_1850 · cl3_s2 · +6500 de 26000 pasos · p_nose 0.4 · abst cabeza · donde lat2 · mezcla fija · piso 0.10 · p_vieja 0.35 · blanco ausencia · kq 3 · formas directa,lejana · perdida bce · sembrar 0 · rec L=0.5 M=0.5 F=0.2 CE=1.0 RANK=0.0
[colab] Uploaded '/tmp/tmp.zBC4DVPdQi/micro.tgz' to '/content/micro.tgz'
== sin checkpoint local: se limpia /content/ck.pkl por si quedo de otra unidad
ck.pkl de otra unidad borrado
jax 0.11.1 | [CudaDevice(id=0)]
compuerta de padding OK
lanzado pid 12572
== polling cada 2 min (presupuesto ~80 min)
VIVO= True ULTIMO= tramo: se corre hasta el paso 6500 y se guarda para continuar despues 
VIVO= True ULTIMO= paso    500  loss 5.0802  acc 0.0781  (243s) 
VIVO= True ULTIMO= ── eval: vigente 0.0900 · anterior 0.0656 · abstencion 0.0000 · truncados 0.0000 · nose 0.0000 (ent 0.0000/rel 0.0000) · falsa_abst 0.0000 
   [checkpoint parcial guardado: paso 500]
VIVO= True ULTIMO= ── eval: vigente 0.1490 · anterior 0.1655 · abstencion 0.0000 · truncados 0.0000 · nose 0.0000 (ent 0.0000/rel 0.0000) · falsa_abst 0.0000 
VIVO= True ULTIMO= ── eval: vigente 0.1490 · anterior 0.1655 · abstencion 0.0000 · truncados 0.0000 · nose 0.0000 (ent 0.0000/rel 0.0000) · falsa_abst 0.0000 
VIVO= True ULTIMO= ── eval: vigente 0.4810 · anterior 0.3178 · abstencion 0.0039 · truncados 0.0000 · nose 0.0057 (ent 0.0000/rel 0.0156) · falsa_abst 0.0030 

!! sesion perdida — el checkpoint de la PC conserva el ultimo tramo bajado
== fin del tramo (la sesion queda VIVA para el tramo siguiente; pararla con: colab stop -s tr2_m_1850)
   tramo de 3:2 cerrado en el paso 1500 de 26000
   tr2_m_1850 parada; pendientes ahora: 3:2
-- vuelta 2 · cuenta L · faltan: 3:2 · 19:51:03
   >> OTORGADA en L (T4): [tr2_l_1951] gpu-t4-s-kkb-ass1b1-3p2edqrbj93cm | Hardware: T4 | Variant: GPU | Status: IDLE
   -> tramo 3:2 en L (desde el paso 1500)
== tramo · cuenta L · sesion tr2_l_1951 · cl3_s2 · +6500 de 26000 pasos · p_nose 0.4 · abst cabeza · donde lat2 · mezcla fija · piso 0.10 · p_vieja 0.35 · blanco ausencia · kq 3 · formas directa,lejana · perdida bce · sembrar 0 · rec L=0.5 M=0.5 F=0.2 CE=1.0 RANK=0.0
[colab] Uploaded '/tmp/tmp.SQFmlpUvsC/micro.tgz' to '/content/micro.tgz'
== subiendo checkpoint previo (10M)
[colab] Uploaded '/home/maxi/Documentos/Nuevo Transformer/delta-archivo/micro_lm/ckpts/cl3_s2.pkl' to '/content/ck.pkl'
jax 0.11.1 | [CudaDevice(id=0)]
compuerta de padding OK
lanzado pid 9947
== polling cada 2 min (presupuesto ~80 min)
VIVO= True ULTIMO= tramo: se corre hasta el paso 7500 y se guarda para continuar despues 
VIVO= True ULTIMO= ── eval: vigente 0.4810 · anterior 0.3178 · abstencion 0.0039 · truncados 0.0000 · nose 0.0057 (ent 0.0000/rel 0.0156) · falsa_abst 0.0030 
VIVO= True ULTIMO= ── eval: vigente 0.4810 · anterior 0.3178 · abstencion 0.0039 · truncados 0.0000 · nose 0.0057 (ent 0.0000/rel 0.0156) · falsa_abst 0.0030 
   [checkpoint parcial guardado: paso 1500]
VIVO= True ULTIMO= ── eval: vigente 0.6709 · anterior 0.3476 · abstencion 0.1348 · truncados 0.0000 · nose 0.2603 (ent 0.2926/rel 0.2065) · falsa_abst 0.0498 
VIVO= True ULTIMO= ── eval: vigente 0.7165 · anterior 0.2527 · abstencion 0.2461 · truncados 0.0000 · nose 0.5118 (ent 0.5250/rel 0.4709) · falsa_abst 0.0757 
VIVO= True ULTIMO= ── eval: vigente 0.7165 · anterior 0.2527 · abstencion 0.2461 · truncados 0.0000 · nose 0.5118 (ent 0.5250/rel 0.4709) · falsa_abst 0.0757 
VIVO= True ULTIMO= ── eval: vigente 0.8074 · anterior 0.3446 · abstencion 0.1992 · truncados 0.0000 · nose 0.4698 (ent 0.4404/rel 0.4674) · falsa_abst 0.0260 
   [checkpoint parcial guardado: paso 3000]
VIVO= True ULTIMO= ── eval: vigente 0.8074 · anterior 0.3446 · abstencion 0.1992 · truncados 0.0000 · nose 0.4698 (ent 0.4404/rel 0.4674) · falsa_abst 0.0260 
VIVO= True ULTIMO= ── eval: vigente 0.8009 · anterior 0.2229 · abstencion 0.2363 · truncados 0.0000 · nose 0.5134 (ent 0.5634/rel 0.4560) · falsa_abst 0.0598 
VIVO= True ULTIMO= ── eval: vigente 0.8009 · anterior 0.2229 · abstencion 0.2363 · truncados 0.0000 · nose 0.5134 (ent 0.5634/rel 0.4560) · falsa_abst 0.0598 
VIVO= True ULTIMO= ── eval: vigente 0.8471 · anterior 0.2980 · abstencion 0.2070 · truncados 0.0000 · nose 0.4998 (ent 0.5175/rel 0.4562) · falsa_abst 0.0201 
   [checkpoint parcial guardado: paso 4000]
VIVO= True ULTIMO= ── eval: vigente 0.8588 · anterior 0.3750 · abstencion 0.2188 · truncados 0.0000 · nose 0.5229 (ent 0.5512/rel 0.4930) · falsa_abst 0.0261 
VIVO= True ULTIMO= ── eval: vigente 0.8588 · anterior 0.3750 · abstencion 0.2188 · truncados 0.0000 · nose 0.5229 (ent 0.5512/rel 0.4930) · falsa_abst 0.0261 

!! sesion perdida — el checkpoint de la PC conserva el ultimo tramo bajado
== fin del tramo (la sesion queda VIVA para el tramo siguiente; pararla con: colab stop -s tr2_l_1951)
