== watchdog2 armado sobre /home/maxi/Documentos/Nuevo Transformer/delta-archivo/micro_lm/rotM_ef_s1.log (rotador 147960)
== rotador2 · familia 'ef' · p_nose 0.4 · mezcla fija · piso 0.10 · p_vieja 0.35 · unidades 3:1 · cuentas: N I M A J F E D C H G K L
-- vuelta 1 · cuenta N · faltan: 3:1 · 07:12:28
   503 en N (ni T4 ni TPU) — SIGUIENTE CUENTA ya (sin esperar)
-- I la esta usando otro proceso, se saltea
-- vuelta 1 · cuenta M · faltan: 3:1 · 07:12:35
   503 en M (ni T4 ni TPU) — SIGUIENTE CUENTA ya (sin esperar)
-- vuelta 1 · cuenta A · faltan: 3:1 · 07:12:43
   503 en A (ni T4 ni TPU) — SIGUIENTE CUENTA ya (sin esperar)
-- J la esta usando otro proceso, se saltea
-- F la esta usando otro proceso, se saltea
-- E la esta usando otro proceso, se saltea
-- vuelta 1 · cuenta D · faltan: 3:1 · 07:12:51
   503 en D (ni T4 ni TPU) — SIGUIENTE CUENTA ya (sin esperar)
-- C la esta usando otro proceso, se saltea
-- vuelta 1 · cuenta H · faltan: 3:1 · 07:12:59
   503 en H (ni T4 ni TPU) — SIGUIENTE CUENTA ya (sin esperar)
-- vuelta 1 · cuenta G · faltan: 3:1 · 07:13:06
   503 en G (ni T4 ni TPU) — SIGUIENTE CUENTA ya (sin esperar)
-- vuelta 1 · cuenta K · faltan: 3:1 · 07:13:12
   503 en K (ni T4 ni TPU) — SIGUIENTE CUENTA ya (sin esperar)
-- L la esta usando otro proceso, se saltea
-- vuelta 1 recorrida entera sin T4 en ninguna; descanso 7 min
-- vuelta 2 · cuenta N · faltan: 3:1 · 07:20:20
   503 en N (ni T4 ni TPU) — SIGUIENTE CUENTA ya (sin esperar)
-- vuelta 2 · cuenta I · faltan: 3:1 · 07:20:29
   503 en I (ni T4 ni TPU) — SIGUIENTE CUENTA ya (sin esperar)
-- vuelta 2 · cuenta M · faltan: 3:1 · 07:20:38
   503 en M (ni T4 ni TPU) — SIGUIENTE CUENTA ya (sin esperar)
-- vuelta 2 · cuenta A · faltan: 3:1 · 07:20:47
   503 en A (ni T4 ni TPU) — SIGUIENTE CUENTA ya (sin esperar)
-- J la esta usando otro proceso, se saltea
-- vuelta 2 · cuenta F · faltan: 3:1 · 07:20:57
   503 en F (ni T4 ni TPU) — SIGUIENTE CUENTA ya (sin esperar)
-- E la esta usando otro proceso, se saltea
-- D la esta usando otro proceso, se saltea
-- C la esta usando otro proceso, se saltea
-- vuelta 2 · cuenta H · faltan: 3:1 · 07:21:08
   503 en H (ni T4 ni TPU) — SIGUIENTE CUENTA ya (sin esperar)
-- vuelta 2 · cuenta G · faltan: 3:1 · 07:21:18
   503 en G (ni T4 ni TPU) — SIGUIENTE CUENTA ya (sin esperar)
-- vuelta 2 · cuenta K · faltan: 3:1 · 07:21:28
   503 en K (ni T4 ni TPU) — SIGUIENTE CUENTA ya (sin esperar)
-- vuelta 2 · cuenta L · faltan: 3:1 · 07:21:38
   503 en L (ni T4 ni TPU) — SIGUIENTE CUENTA ya (sin esperar)
-- vuelta 2 recorrida entera sin T4 en ninguna; descanso 7 min
-- vuelta 3 · cuenta N · faltan: 3:1 · 07:28:47
   503 en N (ni T4 ni TPU) — SIGUIENTE CUENTA ya (sin esperar)
-- vuelta 3 · cuenta I · faltan: 3:1 · 07:28:53
   503 en I (ni T4 ni TPU) — SIGUIENTE CUENTA ya (sin esperar)
-- vuelta 3 · cuenta M · faltan: 3:1 · 07:28:59
   503 en M (ni T4 ni TPU) — SIGUIENTE CUENTA ya (sin esperar)
-- vuelta 3 · cuenta A · faltan: 3:1 · 07:29:04
   503 en A (ni T4 ni TPU) — SIGUIENTE CUENTA ya (sin esperar)
-- vuelta 3 · cuenta J · faltan: 3:1 · 07:29:12
   503 en J (ni T4 ni TPU) — SIGUIENTE CUENTA ya (sin esperar)
-- vuelta 3 · cuenta F · faltan: 3:1 · 07:29:21
   503 en F (ni T4 ni TPU) — SIGUIENTE CUENTA ya (sin esperar)
-- vuelta 3 · cuenta E · faltan: 3:1 · 07:29:30
   503 en E (ni T4 ni TPU) — SIGUIENTE CUENTA ya (sin esperar)
-- D la esta usando otro proceso, se saltea
-- vuelta 3 · cuenta C · faltan: 3:1 · 07:29:40
   503 en C (ni T4 ni TPU) — SIGUIENTE CUENTA ya (sin esperar)
-- H la esta usando otro proceso, se saltea
-- vuelta 3 · cuenta G · faltan: 3:1 · 07:29:52
   503 en G (ni T4 ni TPU) — SIGUIENTE CUENTA ya (sin esperar)
-- vuelta 3 · cuenta K · faltan: 3:1 · 07:30:02
   503 en K (ni T4 ni TPU) — SIGUIENTE CUENTA ya (sin esperar)
-- L la esta usando otro proceso, se saltea
-- vuelta 3 recorrida entera sin T4 en ninguna; descanso 7 min
-- vuelta 4 · cuenta N · faltan: 3:1 · 07:37:11
   503 en N (ni T4 ni TPU) — SIGUIENTE CUENTA ya (sin esperar)
-- vuelta 4 · cuenta I · faltan: 3:1 · 07:37:19
   503 en I (ni T4 ni TPU) — SIGUIENTE CUENTA ya (sin esperar)
-- vuelta 4 · cuenta M · faltan: 3:1 · 07:37:28
   503 en M (ni T4 ni TPU) — SIGUIENTE CUENTA ya (sin esperar)
-- vuelta 4 · cuenta A · faltan: 3:1 · 07:37:37
   503 en A (ni T4 ni TPU) — SIGUIENTE CUENTA ya (sin esperar)
-- vuelta 4 · cuenta J · faltan: 3:1 · 07:37:45
   503 en J (ni T4 ni TPU) — SIGUIENTE CUENTA ya (sin esperar)
-- F la esta usando otro proceso, se saltea
-- vuelta 4 · cuenta E · faltan: 3:1 · 07:37:55
   503 en E (ni T4 ni TPU) — SIGUIENTE CUENTA ya (sin esperar)
-- D la esta usando otro proceso, se saltea
-- vuelta 4 · cuenta C · faltan: 3:1 · 07:38:04
   503 en C (ni T4 ni TPU) — SIGUIENTE CUENTA ya (sin esperar)
-- vuelta 4 · cuenta H · faltan: 3:1 · 07:38:12
   503 en H (ni T4 ni TPU) — SIGUIENTE CUENTA ya (sin esperar)
-- vuelta 4 · cuenta G · faltan: 3:1 · 07:38:22
   503 en G (ni T4 ni TPU) — SIGUIENTE CUENTA ya (sin esperar)
-- vuelta 4 · cuenta K · faltan: 3:1 · 07:38:32
   503 en K (ni T4 ni TPU) — SIGUIENTE CUENTA ya (sin esperar)
-- vuelta 4 · cuenta L · faltan: 3:1 · 07:38:43
   503 en L (ni T4 ni TPU) — SIGUIENTE CUENTA ya (sin esperar)
-- vuelta 4 recorrida entera sin T4 en ninguna; descanso 7 min
