== watchdog2 armado sobre /home/maxi/Documentos/Nuevo Transformer/delta-archivo/micro_lm/rotM_ed_s1.log (rotador 146175)
== rotador2 · familia 'ed' · p_nose 0.4 · mezcla dinamica · piso 0.10 · p_vieja 0.35 · unidades 3:1 · cuentas: G H K D E F C J M N I A L
-- vuelta 1 · cuenta G · faltan: 3:1 · 07:12:24
   503 en G (ni T4 ni TPU) — SIGUIENTE CUENTA ya (sin esperar)
-- H la esta usando otro proceso, se saltea
-- K la esta usando otro proceso, se saltea
-- vuelta 1 · cuenta D · faltan: 3:1 · 07:12:30
   503 en D (ni T4 ni TPU) — SIGUIENTE CUENTA ya (sin esperar)
-- vuelta 1 · cuenta E · faltan: 3:1 · 07:12:39
   503 en E (ni T4 ni TPU) — SIGUIENTE CUENTA ya (sin esperar)
-- vuelta 1 · cuenta F · faltan: 3:1 · 07:12:46
   503 en F (ni T4 ni TPU) — SIGUIENTE CUENTA ya (sin esperar)
-- C la esta usando otro proceso, se saltea
-- vuelta 1 · cuenta J · faltan: 3:1 · 07:12:54
   503 en J (ni T4 ni TPU) — SIGUIENTE CUENTA ya (sin esperar)
-- vuelta 1 · cuenta M · faltan: 3:1 · 07:13:01
   503 en M (ni T4 ni TPU) — SIGUIENTE CUENTA ya (sin esperar)
-- N la esta usando otro proceso, se saltea
-- vuelta 1 · cuenta I · faltan: 3:1 · 07:13:08
   503 en I (ni T4 ni TPU) — SIGUIENTE CUENTA ya (sin esperar)
-- A la esta usando otro proceso, se saltea
-- vuelta 1 · cuenta L · faltan: 3:1 · 07:13:16
   503 en L (ni T4 ni TPU) — SIGUIENTE CUENTA ya (sin esperar)
-- vuelta 1 recorrida entera sin T4 en ninguna; descanso 7 min
-- vuelta 2 · cuenta G · faltan: 3:1 · 07:20:23
   503 en G (ni T4 ni TPU) — SIGUIENTE CUENTA ya (sin esperar)
-- vuelta 2 · cuenta H · faltan: 3:1 · 07:20:32
   503 en H (ni T4 ni TPU) — SIGUIENTE CUENTA ya (sin esperar)
-- vuelta 2 · cuenta K · faltan: 3:1 · 07:20:41
   503 en K (ni T4 ni TPU) — SIGUIENTE CUENTA ya (sin esperar)
-- vuelta 2 · cuenta D · faltan: 3:1 · 07:20:51
   503 en D (ni T4 ni TPU) — SIGUIENTE CUENTA ya (sin esperar)
-- vuelta 2 · cuenta E · faltan: 3:1 · 07:21:01
   503 en E (ni T4 ni TPU) — SIGUIENTE CUENTA ya (sin esperar)
-- vuelta 2 · cuenta F · faltan: 3:1 · 07:21:11
   503 en F (ni T4 ni TPU) — SIGUIENTE CUENTA ya (sin esperar)
-- vuelta 2 · cuenta C · faltan: 3:1 · 07:21:21
   503 en C (ni T4 ni TPU) — SIGUIENTE CUENTA ya (sin esperar)
-- J la esta usando otro proceso, se saltea
-- vuelta 2 · cuenta M · faltan: 3:1 · 07:21:31
   503 en M (ni T4 ni TPU) — SIGUIENTE CUENTA ya (sin esperar)
-- vuelta 2 · cuenta N · faltan: 3:1 · 07:21:40
   503 en N (ni T4 ni TPU) — SIGUIENTE CUENTA ya (sin esperar)
-- vuelta 2 · cuenta I · faltan: 3:1 · 07:21:50
   503 en I (ni T4 ni TPU) — SIGUIENTE CUENTA ya (sin esperar)
-- vuelta 2 · cuenta A · faltan: 3:1 · 07:21:59
   503 en A (ni T4 ni TPU) — SIGUIENTE CUENTA ya (sin esperar)
-- vuelta 2 · cuenta L · faltan: 3:1 · 07:22:08
   503 en L (ni T4 ni TPU) — SIGUIENTE CUENTA ya (sin esperar)
-- vuelta 2 recorrida entera sin T4 en ninguna; descanso 7 min
