== watchdog2 armado sobre /home/maxi/Disco_de_Guardado/Carpetas_Usuario/Documentos/Nuevo Transformer/delta-archivo/micro_lm/rotN_ef_s1.log (rotador 1493667)
== rotador2 · familia 'ef' · p_nose 0.4 · mezcla fija · piso 0.10 · p_vieja 0.35 · unidades 3:1 · cuentas: N I M A J F E D C H G K L
-- vuelta 1 · cuenta N · faltan: 3:1 · 20:25:20
   503 en N (ni T4 ni TPU) — SIGUIENTE CUENTA ya (sin esperar)
-- I la esta usando otro proceso, se saltea
-- vuelta 1 · cuenta M · faltan: 3:1 · 20:25:29
   503 en M (ni T4 ni TPU) — SIGUIENTE CUENTA ya (sin esperar)
-- A la esta usando otro proceso, se saltea
-- J la esta usando otro proceso, se saltea
-- F la esta usando otro proceso, se saltea
-- E la esta usando otro proceso, se saltea
-- vuelta 1 · cuenta D · faltan: 3:1 · 20:25:41
   503 en D (ni T4 ni TPU) — SIGUIENTE CUENTA ya (sin esperar)
-- C la esta usando otro proceso, se saltea
-- vuelta 1 · cuenta H · faltan: 3:1 · 20:25:53
   503 en H (ni T4 ni TPU) — SIGUIENTE CUENTA ya (sin esperar)
-- G la esta usando otro proceso, se saltea
-- K la esta usando otro proceso, se saltea
-- L la esta usando otro proceso, se saltea
-- vuelta 1 recorrida entera sin T4 en ninguna; descanso 7 min
