== watchdog2 armado sobre /home/maxi/Disco_de_Guardado/Carpetas_Usuario/Documentos/Nuevo Transformer/delta-archivo/micro_lm/rotN_ef_s2.log (rotador 1494480)
== rotador2 · familia 'ef' · p_nose 0.4 · mezcla fija · piso 0.10 · p_vieja 0.35 · unidades 3:2 · cuentas: I M N J A E F C D G K H L
-- vuelta 1 · cuenta I · faltan: 3:2 · 20:25:22
   503 en I (ni T4 ni TPU) — SIGUIENTE CUENTA ya (sin esperar)
-- M la esta usando otro proceso, se saltea
-- vuelta 1 · cuenta N · faltan: 3:2 · 20:25:32
   503 en N (ni T4 ni TPU) — SIGUIENTE CUENTA ya (sin esperar)
-- vuelta 1 · cuenta J · faltan: 3:2 · 20:25:44
   503 en J (ni T4 ni TPU) — SIGUIENTE CUENTA ya (sin esperar)
-- vuelta 1 · cuenta A · faltan: 3:2 · 20:25:56
   503 en A (ni T4 ni TPU) — SIGUIENTE CUENTA ya (sin esperar)
-- vuelta 1 · cuenta E · faltan: 3:2 · 20:26:08
   503 en E (ni T4 ni TPU) — SIGUIENTE CUENTA ya (sin esperar)
-- vuelta 1 · cuenta F · faltan: 3:2 · 20:26:17
   503 en F (ni T4 ni TPU) — SIGUIENTE CUENTA ya (sin esperar)
-- C la esta usando otro proceso, se saltea
-- vuelta 1 · cuenta D · faltan: 3:2 · 20:26:24
   503 en D (ni T4 ni TPU) — SIGUIENTE CUENTA ya (sin esperar)
-- vuelta 1 · cuenta G · faltan: 3:2 · 20:26:31
   503 en G (ni T4 ni TPU) — SIGUIENTE CUENTA ya (sin esperar)
-- vuelta 1 · cuenta K · faltan: 3:2 · 20:26:39
   503 en K (ni T4 ni TPU) — SIGUIENTE CUENTA ya (sin esperar)
-- vuelta 1 · cuenta H · faltan: 3:2 · 20:26:46
   503 en H (ni T4 ni TPU) — SIGUIENTE CUENTA ya (sin esperar)
-- vuelta 1 · cuenta L · faltan: 3:2 · 20:26:53
   503 en L (ni T4 ni TPU) — SIGUIENTE CUENTA ya (sin esperar)
-- vuelta 1 recorrida entera sin T4 en ninguna; descanso 7 min
