== watchdog2 armado sobre /home/maxi/Disco_de_Guardado/Carpetas_Usuario/Documentos/Nuevo Transformer/delta-archivo/micro_lm/rotN_ed_s1.log (rotador 1492226)
== rotador2 · familia 'ed' · p_nose 0.4 · mezcla dinamica · piso 0.10 · p_vieja 0.35 · unidades 3:1 · cuentas: G H K D E F C J M N I A L
-- vuelta 1 · cuenta G · faltan: 3:1 · 20:25:16
   503 en G (ni T4 ni TPU) — SIGUIENTE CUENTA ya (sin esperar)
-- H la esta usando otro proceso, se saltea
-- vuelta 1 · cuenta K · faltan: 3:1 · 20:25:23
   503 en K (ni T4 ni TPU) — SIGUIENTE CUENTA ya (sin esperar)
-- D la esta usando otro proceso, se saltea
-- E la esta usando otro proceso, se saltea
-- vuelta 1 · cuenta F · faltan: 3:1 · 20:25:35
   503 en F (ni T4 ni TPU) — SIGUIENTE CUENTA ya (sin esperar)
-- vuelta 1 · cuenta C · faltan: 3:1 · 20:25:48
   503 en C (ni T4 ni TPU) — SIGUIENTE CUENTA ya (sin esperar)
-- vuelta 1 · cuenta J · faltan: 3:1 · 20:26:01
   503 en J (ni T4 ni TPU) — SIGUIENTE CUENTA ya (sin esperar)
-- vuelta 1 · cuenta M · faltan: 3:1 · 20:26:12
   503 en M (ni T4 ni TPU) — SIGUIENTE CUENTA ya (sin esperar)
-- vuelta 1 · cuenta N · faltan: 3:1 · 20:26:20
   503 en N (ni T4 ni TPU) — SIGUIENTE CUENTA ya (sin esperar)
-- vuelta 1 · cuenta I · faltan: 3:1 · 20:26:27
   503 en I (ni T4 ni TPU) — SIGUIENTE CUENTA ya (sin esperar)
-- vuelta 1 · cuenta A · faltan: 3:1 · 20:26:34
   503 en A (ni T4 ni TPU) — SIGUIENTE CUENTA ya (sin esperar)
-- vuelta 1 · cuenta L · faltan: 3:1 · 20:26:41
   503 en L (ni T4 ni TPU) — SIGUIENTE CUENTA ya (sin esperar)
-- vuelta 1 recorrida entera sin T4 en ninguna; descanso 7 min
