== watchdog2 armado sobre /home/maxi/Disco_de_Guardado/Carpetas_Usuario/Documentos/Nuevo Transformer/delta-archivo/micro_lm/rotN_e0_s1.log (rotador 1495644)
== rotador2 · familia 'e0' · p_nose 0.4 · mezcla dinamica · piso 0.0 · p_vieja 0.35 · unidades 3:1 · cuentas: E D F M N C I A J K H G L
-- vuelta 1 · cuenta E · faltan: 3:1 · 20:25:26
   503 en E (ni T4 ni TPU) — SIGUIENTE CUENTA ya (sin esperar)
-- D la esta usando otro proceso, se saltea
-- F la esta usando otro proceso, se saltea
-- M la esta usando otro proceso, se saltea
-- N la esta usando otro proceso, se saltea
-- C la esta usando otro proceso, se saltea
-- vuelta 1 · cuenta I · faltan: 3:1 · 20:25:36
   503 en I (ni T4 ni TPU) — SIGUIENTE CUENTA ya (sin esperar)
-- A la esta usando otro proceso, se saltea
-- J la esta usando otro proceso, se saltea
-- vuelta 1 · cuenta K · faltan: 3:1 · 20:25:48
   503 en K (ni T4 ni TPU) — SIGUIENTE CUENTA ya (sin esperar)
-- H la esta usando otro proceso, se saltea
-- G la esta usando otro proceso, se saltea
-- vuelta 1 · cuenta L · faltan: 3:1 · 20:26:01
   503 en L (ni T4 ni TPU) — SIGUIENTE CUENTA ya (sin esperar)
-- vuelta 1 recorrida entera sin T4 en ninguna; descanso 7 min
