== watchdog2 armado sobre /home/maxi/Disco_de_Guardado/Carpetas_Usuario/Documentos/Nuevo Transformer/delta-archivo/micro_lm/rotN_ed_s0.log (rotador 1491274)
== rotador2 · familia 'ed' · p_nose 0.4 · mezcla dinamica · piso 0.10 · p_vieja 0.35 · unidades 3:0 · cuentas: K G H C D E F J A M N I L
-- vuelta 1 · cuenta K · faltan: 3:0 · 20:25:14
   503 en K (ni T4 ni TPU) — SIGUIENTE CUENTA ya (sin esperar)
-- G la esta usando otro proceso, se saltea
-- H la esta usando otro proceso, se saltea
-- vuelta 1 · cuenta C · faltan: 3:0 · 20:25:21
   503 en C (ni T4 ni TPU) — SIGUIENTE CUENTA ya (sin esperar)
-- D la esta usando otro proceso, se saltea
-- E la esta usando otro proceso, se saltea
-- F la esta usando otro proceso, se saltea
-- vuelta 1 · cuenta J · faltan: 3:0 · 20:25:32
   503 en J (ni T4 ni TPU) — SIGUIENTE CUENTA ya (sin esperar)
-- A la esta usando otro proceso, se saltea
-- vuelta 1 · cuenta M · faltan: 3:0 · 20:25:42
   503 en M (ni T4 ni TPU) — SIGUIENTE CUENTA ya (sin esperar)
-- N la esta usando otro proceso, se saltea
-- vuelta 1 · cuenta I · faltan: 3:0 · 20:25:55
   503 en I (ni T4 ni TPU) — SIGUIENTE CUENTA ya (sin esperar)
-- L la esta usando otro proceso, se saltea
-- vuelta 1 recorrida entera sin T4 en ninguna; descanso 7 min
Terminado
