== watchdog2 armado sobre /home/maxi/Disco_de_Guardado/Carpetas_Usuario/Documentos/Nuevo Transformer/delta-archivo/micro_lm/rotN_e0_s0.log (rotador 1495230)
== rotador2 · familia 'e0' · p_nose 0.4 · mezcla dinamica · piso 0.0 · p_vieja 0.35 · unidades 3:0 · cuentas: F E D C M N I J A G H K L
-- vuelta 1 · cuenta F · faltan: 3:0 · 20:25:24
   503 en F (ni T4 ni TPU) — SIGUIENTE CUENTA ya (sin esperar)
-- E la esta usando otro proceso, se saltea
-- D la esta usando otro proceso, se saltea
-- vuelta 1 · cuenta C · faltan: 3:0 · 20:25:35
   503 en C (ni T4 ni TPU) — SIGUIENTE CUENTA ya (sin esperar)
-- M la esta usando otro proceso, se saltea
-- vuelta 1 · cuenta N · faltan: 3:0 · 20:25:48
   503 en N (ni T4 ni TPU) — SIGUIENTE CUENTA ya (sin esperar)
-- I la esta usando otro proceso, se saltea
-- J la esta usando otro proceso, se saltea
-- A la esta usando otro proceso, se saltea
-- G la esta usando otro proceso, se saltea
-- H la esta usando otro proceso, se saltea
-- vuelta 1 · cuenta K · faltan: 3:0 · 20:26:02
   503 en K (ni T4 ni TPU) — SIGUIENTE CUENTA ya (sin esperar)
-- L la esta usando otro proceso, se saltea
-- vuelta 1 recorrida entera sin T4 en ninguna; descanso 7 min
